
> stacklens-ai-platform@1.0.0 test:api
> playwright test tests/api

[dotenv@17.2.3] injecting env (14) from .env -- tip: 🗂️ backup and recover secrets: https://dotenvx.com/ops
[2m[WebServer] [22m{"level":"WARN","timestamp":"2025-11-25T19:01:22.798Z","logger":"kafkajs","message":"KafkaJS v2.0.0 switched default partitioner. To retain the same partitioning behavior as in previous versions, create the producer with the option \"createPartitioner: Partitioners.LegacyPartitioner\". See the migration guide at https://kafka.js.org/docs/migration-guide-v2.0.0#producer-new-default-partitioner for details. Silence this warning by setting the environment variable \"KAFKAJS_NO_PARTITIONER_WARNING=1\""}
[2m[WebServer] [22m⚠️ Vector DB not initialized, storing patterns locally
[2m[WebServer] [22m⚠️ Enhanced vector service not found, using fallback similarity search

Running 102 tests using 5 workers

[dotenv@17.2.3] injecting env (0) from .env -- tip: 🔄 add secrets lifecycle management: https://dotenvx.com/ops
[dotenv@17.2.3] injecting env (0) from .env -- tip: ⚙️  suppress all logs with { quiet: true }
✓ Auth state file verified
Starting authentication setup...
  ✓    2 [setup] › tests/auth.setup.ts:135:1 › verify auth state (442ms)
Using TEST_FIREBASE_TOKEN for authentication...
[2m[WebServer] [22m⚠️ Token verification failed - likely expired. Attempting to decode without verification for development mode...
✓ Token exchange successful
✓ Authentication successful with session token
✓ Authentication state saved to /Users/deepak/Downloads/Projects/StackLens-AI-Deploy/tests/.auth/user.json
  ✓    1 [setup] › tests/auth.setup.ts:15:1 › authenticate user (2.0s)
[dotenv@17.2.3] injecting env (0) from .env -- tip: ✅ audit secrets and track compliance: https://dotenvx.com/ops
[dotenv@17.2.3] injecting env (0) from .env -- tip: 🔐 prevent building .env in docker: https://dotenvx.com/prebuild
[dotenv@17.2.3] injecting env (0) from .env -- tip: 🔄 add secrets lifecycle management: https://dotenvx.com/ops
[dotenv@17.2.3] injecting env (0) from .env -- tip: 📡 add observability to secrets: https://dotenvx.com/ops
[dotenv@17.2.3] injecting env (0) from .env -- tip: 🔄 add secrets lifecycle management: https://dotenvx.com/ops
  ✘    4 [api-tests] › tests/api/auth-upload.test.ts:11:5 › Authentication API › POST /api/auth/firebase-signin - should authenticate user (121ms)
  ✘    6 [api-tests] › tests/api/auth-upload.test.ts:27:5 › Authentication API › POST /api/auth/firebase-verify - should verify token (78ms)
  ✓    5 [api-tests] › tests/api/auth-upload.test.ts:68:5 › Authentication API › GET /api/auth/me - should reject unauthenticated request (97ms)
  ✘    7 [api-tests] › tests/api/auth-upload.test.ts:54:5 › Authentication API › POST /api/auth/firebase-signin - should reject invalid token (70ms)
  ✓    3 [api-tests] › tests/api/auth-upload.test.ts:42:5 › Authentication API › GET /api/auth/me - should return current user (221ms)
  ✘    8 [api-tests] › tests/api/auth-upload.test.ts:119:5 › File Upload API › POST /api/upload - should reject invalid file type (28ms)
  ✘    9 [api-tests] › tests/api/auth-upload.test.ts:154:5 › File Upload API › GET /api/files/:id - should get file details (79ms)
[dotenv@17.2.3] injecting env (0) from .env -- tip: ⚙️  load multiple .env files with { path: ['.env.local', '.env'] }
[dotenv@17.2.3] injecting env (0) from .env -- tip: 🗂️ backup and recover secrets: https://dotenvx.com/ops
[dotenv@17.2.3] injecting env (0) from .env -- tip: ⚙️  override existing env vars with { override: true }
[dotenv@17.2.3] injecting env (0) from .env -- tip: 🔑 add access controls to secrets: https://dotenvx.com/ops
[dotenv@17.2.3] injecting env (0) from .env -- tip: 🔐 prevent building .env in docker: https://dotenvx.com/prebuild
  ✘   10 [api-tests] › tests/api/auth-upload.test.ts:84:5 › File Upload API › POST /api/upload - should upload Excel file (60ms)
  ✘   11 [api-tests] › tests/api/auth-upload.test.ts:104:5 › File Upload API › POST /api/upload - should upload CSV file (56ms)
  ✘   12 [api-tests] › tests/api/auth-upload.test.ts:138:5 › File Upload API › GET /api/files - should list uploaded files (68ms)
  ✘   13 [api-tests] › tests/api/auth-upload.test.ts:179:5 › File Upload API › DELETE /api/files/:id - should delete file (58ms)
[2m[WebServer] [22mGet errors failed: SqliteError: no such column: error_logs.notes
[2m[WebServer] [22m    at Database.prepare [90m(/Users/deepak/Downloads/Projects/StackLens-AI-Deploy/[39mnode_modules/[4mbetter-sqlite3[24m/lib/methods/wrappers.js:5:21[90m)[39m
[2m[WebServer] [22m    at BetterSQLiteSession.prepareQuery [90m(/Users/deepak/Downloads/Projects/StackLens-AI-Deploy/[39mnode_modules/[4msrc[24m/better-sqlite3/session.ts:50:28[90m)[39m
[2m[WebServer] [22m    at BetterSQLiteSession.prepareOneTimeQuery [90m(/Users/deepak/Downloads/Projects/StackLens-AI-Deploy/[39mnode_modules/[4msrc[24m/sqlite-core/session.ts:135:15[90m)[39m
[2m[WebServer] [22m    at SQLiteSelectBase._prepare [90m(/Users/deepak/Downloads/Projects/StackLens-AI-Deploy/[39mnode_modules/[4msrc[24m/sqlite-core/query-builders/select.ts:865:85[90m)[39m
[2m[WebServer] [22m    at SQLiteSelectBase.all [90m(/Users/deepak/Downloads/Projects/StackLens-AI-Deploy/[39mnode_modules/[4msrc[24m/sqlite-core/query-builders/select.ts:884:15[90m)[39m
[2m[WebServer] [22m    at SQLiteSelectBase.execute [90m(/Users/deepak/Downloads/Projects/StackLens-AI-Deploy/[39mnode_modules/[4msrc[24m/sqlite-core/query-builders/select.ts:896:15[90m)[39m
[2m[WebServer] [22m    at SQLiteSelectBase.then [90m(/Users/deepak/Downloads/Projects/StackLens-AI-Deploy/[39mnode_modules/[4msrc[24m/query-promise.ts:31:15[90m)[39m
[2m[WebServer] [22m[90m    at process.processTicksAndRejections (node:internal/process/task_queues:105:5)[39m {
[2m[WebServer] [22m  code: [32m'SQLITE_ERROR'[39m
[2m[WebServer] [22m}
  ✘   14 [api-tests] › tests/api/comprehensive.test.ts:5:9 › API Tests - Error Management Endpoints › GET /api/errors › should retrieve all errors (57ms)
[dotenv@17.2.3] injecting env (0) from .env -- tip: 📡 add observability to secrets: https://dotenvx.com/ops
[dotenv@17.2.3] injecting env (0) from .env -- tip: 🗂️ backup and recover secrets: https://dotenvx.com/ops
[dotenv@17.2.3] injecting env (0) from .env -- tip: ⚙️  suppress all logs with { quiet: true }
[dotenv@17.2.3] injecting env (0) from .env -- tip: 👥 sync secrets across teammates & machines: https://dotenvx.com/ops
[dotenv@17.2.3] injecting env (0) from .env -- tip: ⚙️  suppress all logs with { quiet: true }
[2m[WebServer] [22mGet errors failed: SqliteError: no such column: error_logs.notes
[2m[WebServer] [22m    at Database.prepare [90m(/Users/deepak/Downloads/Projects/StackLens-AI-Deploy/[39mnode_modules/[4mbetter-sqlite3[24m/lib/methods/wrappers.js:5:21[90m)[39m
[2m[WebServer] [22m    at BetterSQLiteSession.prepareQuery [90m(/Users/deepak/Downloads/Projects/StackLens-AI-Deploy/[39mnode_modules/[4msrc[24m/better-sqlite3/session.ts:50:28[90m)[39m
[2m[WebServer] [22m    at BetterSQLiteSession.prepareOneTimeQuery [90m(/Users/deepak/Downloads/Projects/StackLens-AI-Deploy/[39mnode_modules/[4msrc[24m/sqlite-core/session.ts:135:15[90m)[39m
[2m[WebServer] [22m    at SQLiteSelectBase._prepare [90m(/Users/deepak/Downloads/Projects/StackLens-AI-Deploy/[39mnode_modules/[4msrc[24m/sqlite-core/query-builders/select.ts:865:85[90m)[39m
[2m[WebServer] [22m    at SQLiteSelectBase.all [90m(/Users/deepak/Downloads/Projects/StackLens-AI-Deploy/[39mnode_modules/[4msrc[24m/sqlite-core/query-builders/select.ts:884:15[90m)[39m
[2m[WebServer] [22m    at SQLiteSelectBase.execute [90m(/Users/deepak/Downloads/Projects/StackLens-AI-Deploy/[39mnode_modules/[4msrc[24m/sqlite-core/query-builders/select.ts:896:15[90m)[39m
[2m[WebServer] [22m    at SQLiteSelectBase.then [90m(/Users/deepak/Downloads/Projects/StackLens-AI-Deploy/[39mnode_modules/[4msrc[24m/query-promise.ts:31:15[90m)[39m
[2m[WebServer] [22m[90m    at process.processTicksAndRejections (node:internal/process/task_queues:105:5)[39m {
[2m[WebServer] [22m  code: [32m'SQLITE_ERROR'[39m
[2m[WebServer] [22m}
[2m[WebServer] [22mGet errors failed: SqliteError: no such column: error_logs.notes
[2m[WebServer] [22m    at Database.prepare [90m(/Users/deepak/Downloads/Projects/StackLens-AI-Deploy/[39mnode_modules/[4mbetter-sqlite3[24m/lib/methods/wrappers.js:5:21[90m)[39m
[2m[WebServer] [22m    at BetterSQLiteSession.prepareQuery [90m(/Users/deepak/Downloads/Projects/StackLens-AI-Deploy/[39mnode_modules/[4msrc[24m/better-sqlite3/session.ts:50:28[90m)[39m
[2m[WebServer] [22m    at BetterSQLiteSession.prepareOneTimeQuery [90m(/Users/deepak/Downloads/Projects/StackLens-AI-Deploy/[39mnode_modules/[4msrc[24m/sqlite-core/session.ts:135:15[90m)[39m
[2m[WebServer] [22m    at SQLiteSelectBase._prepare [90m(/Users/deepak/Downloads/Projects/StackLens-AI-Deploy/[39mnode_modules/[4msrc[24m/sqlite-core/query-builders/select.ts:865:85[90m)[39m
[2m[WebServer] [22m    at SQLiteSelectBase.all [90m(/Users/deepak/Downloads/Projects/StackLens-AI-Deploy/[39mnode_modules/[4msrc[24m/sqlite-core/query-builders/select.ts:884:15[90m)[39m
[2m[WebServer] [22m    at SQLiteSelectBase.execute [90m(/Users/deepak/Downloads/Projects/StackLens-AI-Deploy/[39mnode_modules/[4msrc[24m/sqlite-core/query-builders/select.ts:896:15[90m)[39m
[2m[WebServer] [22m    at SQLiteSelectBase.then [90m(/Users/deepak/Downloads/Projects/StackLens-AI-Deploy/[39mnode_modules/[4msrc[24m/query-promise.ts:31:15[90m)[39m
[2m[WebServer] [22m[90m    at process.processTicksAndRejections (node:internal/process/task_queues:105:5)[39m {
[2m[WebServer] [22m  code: [32m'SQLITE_ERROR'[39m
[2m[WebServer] [22m}
  ✘   15 [api-tests] › tests/api/comprehensive.test.ts:13:9 › API Tests - Error Management Endpoints › GET /api/errors › should support pagination (96ms)
  ✘   16 [api-tests] › tests/api/comprehensive.test.ts:25:9 › API Tests - Error Management Endpoints › GET /api/errors › should filter by severity (94ms)
[2m[WebServer] [22mGet errors failed: SqliteError: no such column: error_logs.notes
[2m[WebServer] [22m    at Database.prepare [90m(/Users/deepak/Downloads/Projects/StackLens-AI-Deploy/[39mnode_modules/[4mbetter-sqlite3[24m/lib/methods/wrappers.js:5:21[90m)[39m
[2m[WebServer] [22m    at BetterSQLiteSession.prepareQuery [90m(/Users/deepak/Downloads/Projects/StackLens-AI-Deploy/[39mnode_modules/[4msrc[24m/better-sqlite3/session.ts:50:28[90m)[39m
[2m[WebServer] [22m    at BetterSQLiteSession.prepareOneTimeQuery [90m(/Users/deepak/Downloads/Projects/StackLens-AI-Deploy/[39mnode_modules/[4msrc[24m/sqlite-core/session.ts:135:15[90m)[39m
[2m[WebServer] [22m    at SQLiteSelectBase._prepare [90m(/Users/deepak/Downloads/Projects/StackLens-AI-Deploy/[39mnode_modules/[4msrc[24m/sqlite-core/query-builders/select.ts:865:85[90m)[39m
[2m[WebServer] [22m    at SQLiteSelectBase.all [90m(/Users/deepak/Downloads/Projects/StackLens-AI-Deploy/[39mnode_modules/[4msrc[24m/sqlite-core/query-builders/select.ts:884:15[90m)[39m
[2m[WebServer] [22m    at SQLiteSelectBase.execute [90m(/Users/deepak/Downloads/Projects/StackLens-AI-Deploy/[39mnode_modules/[4msrc[24m/sqlite-core/query-builders/select.ts:896:15[90m)[39m
[2m[WebServer] [22m    at SQLiteSelectBase.then [90m(/Users/deepak/Downloads/Projects/StackLens-AI-Deploy/[39mnode_modules/[4msrc[24m/query-promise.ts:31:15[90m)[39m
[2m[WebServer] [22m[90m    at process.processTicksAndRejections (node:internal/process/task_queues:105:5)[39m {
[2m[WebServer] [22m  code: [32m'SQLITE_ERROR'[39m
[2m[WebServer] [22m}
  ✘   17 [api-tests] › tests/api/comprehensive.test.ts:36:9 › API Tests - Error Management Endpoints › GET /api/errors › should filter by error type (68ms)
[2m[WebServer] [22mGet errors failed: SqliteError: no such column: error_logs.notes
[2m[WebServer] [22m    at Database.prepare [90m(/Users/deepak/Downloads/Projects/StackLens-AI-Deploy/[39mnode_modules/[4mbetter-sqlite3[24m/lib/methods/wrappers.js:5:21[90m)[39m
[2m[WebServer] [22m    at BetterSQLiteSession.prepareQuery [90m(/Users/deepak/Downloads/Projects/StackLens-AI-Deploy/[39mnode_modules/[4msrc[24m/better-sqlite3/session.ts:50:28[90m)[39m
[2m[WebServer] [22m    at BetterSQLiteSession.prepareOneTimeQuery [90m(/Users/deepak/Downloads/Projects/StackLens-AI-Deploy/[39mnode_modules/[4msrc[24m/sqlite-core/session.ts:135:15[90m)[39m
[2m[WebServer] [22m    at SQLiteSelectBase._prepare [90m(/Users/deepak/Downloads/Projects/StackLens-AI-Deploy/[39mnode_modules/[4msrc[24m/sqlite-core/query-builders/select.ts:865:85[90m)[39m
[2m[WebServer] [22m    at SQLiteSelectBase.all [90m(/Users/deepak/Downloads/Projects/StackLens-AI-Deploy/[39mnode_modules/[4msrc[24m/sqlite-core/query-builders/select.ts:884:15[90m)[39m
[2m[WebServer] [22m    at SQLiteSelectBase.execute [90m(/Users/deepak/Downloads/Projects/StackLens-AI-Deploy/[39mnode_modules/[4msrc[24m/sqlite-core/query-builders/select.ts:896:15[90m)[39m
[2m[WebServer] [22m    at SQLiteSelectBase.then [90m(/Users/deepak/Downloads/Projects/StackLens-AI-Deploy/[39mnode_modules/[4msrc[24m/query-promise.ts:31:15[90m)[39m
[2m[WebServer] [22m[90m    at process.processTicksAndRejections (node:internal/process/task_queues:105:5)[39m {
[2m[WebServer] [22m  code: [32m'SQLITE_ERROR'[39m
[2m[WebServer] [22m}
  ✘   18 [api-tests] › tests/api/comprehensive.test.ts:47:9 › API Tests - Error Management Endpoints › GET /api/errors › should filter by date range (62ms)
[2m[WebServer] [22mGet errors failed: SqliteError: no such column: error_logs.notes
[2m[WebServer] [22m    at Database.prepare [90m(/Users/deepak/Downloads/Projects/StackLens-AI-Deploy/[39mnode_modules/[4mbetter-sqlite3[24m/lib/methods/wrappers.js:5:21[90m)[39m
[2m[WebServer] [22m    at BetterSQLiteSession.prepareQuery [90m(/Users/deepak/Downloads/Projects/StackLens-AI-Deploy/[39mnode_modules/[4msrc[24m/better-sqlite3/session.ts:50:28[90m)[39m
[2m[WebServer] [22m    at BetterSQLiteSession.prepareOneTimeQuery [90m(/Users/deepak/Downloads/Projects/StackLens-AI-Deploy/[39mnode_modules/[4msrc[24m/sqlite-core/session.ts:135:15[90m)[39m
[2m[WebServer] [22m    at SQLiteSelectBase._prepare [90m(/Users/deepak/Downloads/Projects/StackLens-AI-Deploy/[39mnode_modules/[4msrc[24m/sqlite-core/query-builders/select.ts:865:85[90m)[39m
[2m[WebServer] [22m    at SQLiteSelectBase.all [90m(/Users/deepak/Downloads/Projects/StackLens-AI-Deploy/[39mnode_modules/[4msrc[24m/sqlite-core/query-builders/select.ts:884:15[90m)[39m
[2m[WebServer] [22m    at SQLiteSelectBase.execute [90m(/Users/deepak/Downloads/Projects/StackLens-AI-Deploy/[39mnode_modules/[4msrc[24m/sqlite-core/query-builders/select.ts:896:15[90m)[39m
[2m[WebServer] [22m    at SQLiteSelectBase.then [90m(/Users/deepak/Downloads/Projects/StackLens-AI-Deploy/[39mnode_modules/[4msrc[24m/query-promise.ts:31:15[90m)[39m
[2m[WebServer] [22m[90m    at process.processTicksAndRejections (node:internal/process/task_queues:105:5)[39m {
[2m[WebServer] [22m  code: [32m'SQLITE_ERROR'[39m
[2m[WebServer] [22m}
  ✘   19 [api-tests] › tests/api/comprehensive.test.ts:58:9 › API Tests - Error Management Endpoints › GET /api/errors › should search by message (58ms)
[dotenv@17.2.3] injecting env (0) from .env -- tip: ⚙️  write to custom object with { processEnv: myObject }
[dotenv@17.2.3] injecting env (0) from .env -- tip: ⚙️  override existing env vars with { override: true }
[dotenv@17.2.3] injecting env (0) from .env -- tip: ✅ audit secrets and track compliance: https://dotenvx.com/ops
[dotenv@17.2.3] injecting env (0) from .env -- tip: ⚙️  suppress all logs with { quiet: true }
[dotenv@17.2.3] injecting env (0) from .env -- tip: ⚙️  load multiple .env files with { path: ['.env.local', '.env'] }
[2m[WebServer] [22mGet errors failed: SqliteError: no such column: error_logs.notes
[2m[WebServer] [22m    at Database.prepare [90m(/Users/deepak/Downloads/Projects/StackLens-AI-Deploy/[39mnode_modules/[4mbetter-sqlite3[24m/lib/methods/wrappers.js:5:21[90m)[39m
[2m[WebServer] [22m    at BetterSQLiteSession.prepareQuery [90m(/Users/deepak/Downloads/Projects/StackLens-AI-Deploy/[39mnode_modules/[4msrc[24m/better-sqlite3/session.ts:50:28[90m)[39m
[2m[WebServer] [22m    at BetterSQLiteSession.prepareOneTimeQuery [90m(/Users/deepak/Downloads/Projects/StackLens-AI-Deploy/[39mnode_modules/[4msrc[24m/sqlite-core/session.ts:135:15[90m)[39m
[2m[WebServer] [22m    at SQLiteSelectBase._prepare [90m(/Users/deepak/Downloads/Projects/StackLens-AI-Deploy/[39mnode_modules/[4msrc[24m/sqlite-core/query-builders/select.ts:865:85[90m)[39m
[2m[WebServer] [22m    at SQLiteSelectBase.all [90m(/Users/deepak/Downloads/Projects/StackLens-AI-Deploy/[39mnode_modules/[4msrc[24m/sqlite-core/query-builders/select.ts:884:15[90m)[39m
[2m[WebServer] [22m    at SQLiteSelectBase.execute [90m(/Users/deepak/Downloads/Projects/StackLens-AI-Deploy/[39mnode_modules/[4msrc[24m/sqlite-core/query-builders/select.ts:896:15[90m)[39m
[2m[WebServer] [22m    at SQLiteSelectBase.then [90m(/Users/deepak/Downloads/Projects/StackLens-AI-Deploy/[39mnode_modules/[4msrc[24m/query-promise.ts:31:15[90m)[39m
[2m[WebServer] [22m[90m    at process.processTicksAndRejections (node:internal/process/task_queues:105:5)[39m {
[2m[WebServer] [22m  code: [32m'SQLITE_ERROR'[39m
[2m[WebServer] [22m}
[2m[WebServer] [22mGet errors failed: SqliteError: no such column: error_logs.notes
[2m[WebServer] [22m    at Database.prepare [90m(/Users/deepak/Downloads/Projects/StackLens-AI-Deploy/[39mnode_modules/[4mbetter-sqlite3[24m/lib/methods/wrappers.js:5:21[90m)[39m
[2m[WebServer] [22m    at BetterSQLiteSession.prepareQuery [90m(/Users/deepak/Downloads/Projects/StackLens-AI-Deploy/[39mnode_modules/[4msrc[24m/better-sqlite3/session.ts:50:28[90m)[39m
[2m[WebServer] [22m    at BetterSQLiteSession.prepareOneTimeQuery [90m(/Users/deepak/Downloads/Projects/StackLens-AI-Deploy/[39mnode_modules/[4msrc[24m/sqlite-core/session.ts:135:15[90m)[39m
[2m[WebServer] [22m    at SQLiteSelectBase._prepare [90m(/Users/deepak/Downloads/Projects/StackLens-AI-Deploy/[39mnode_modules/[4msrc[24m/sqlite-core/query-builders/select.ts:865:85[90m)[39m
[2m[WebServer] [22m    at SQLiteSelectBase.all [90m(/Users/deepak/Downloads/Projects/StackLens-AI-Deploy/[39mnode_modules/[4msrc[24m/sqlite-core/query-builders/select.ts:884:15[90m)[39m
[2m[WebServer] [22m    at SQLiteSelectBase.execute [90m(/Users/deepak/Downloads/Projects/StackLens-AI-Deploy/[39mnode_modules/[4msrc[24m/sqlite-core/query-builders/select.ts:896:15[90m)[39m
[2m[WebServer] [22m    at SQLiteSelectBase.then [90m(/Users/deepak/Downloads/Projects/StackLens-AI-Deploy/[39mnode_modules/[4msrc[24m/query-promise.ts:31:15[90m)[39m
[2m[WebServer] [22m[90m    at process.processTicksAndRejections (node:internal/process/task_queues:105:5)[39m {
[2m[WebServer] [22m  code: [32m'SQLITE_ERROR'[39m
[2m[WebServer] [22m}
  ✘   20 [api-tests] › tests/api/comprehensive.test.ts:69:9 › API Tests - Error Management Endpoints › GET /api/errors › should filter by resolved status (67ms)
  ✘   21 [api-tests] › tests/api/comprehensive.test.ts:80:9 › API Tests - Error Management Endpoints › GET /api/errors › should filter by store (62ms)
[2m[WebServer] [22mGet errors failed: SqliteError: no such column: error_logs.notes
[2m[WebServer] [22m    at Database.prepare [90m(/Users/deepak/Downloads/Projects/StackLens-AI-Deploy/[39mnode_modules/[4mbetter-sqlite3[24m/lib/methods/wrappers.js:5:21[90m)[39m
[2m[WebServer] [22m    at BetterSQLiteSession.prepareQuery [90m(/Users/deepak/Downloads/Projects/StackLens-AI-Deploy/[39mnode_modules/[4msrc[24m/better-sqlite3/session.ts:50:28[90m)[39m
[2m[WebServer] [22m    at BetterSQLiteSession.prepareOneTimeQuery [90m(/Users/deepak/Downloads/Projects/StackLens-AI-Deploy/[39mnode_modules/[4msrc[24m/sqlite-core/session.ts:135:15[90m)[39m
[2m[WebServer] [22m    at SQLiteSelectBase._prepare [90m(/Users/deepak/Downloads/Projects/StackLens-AI-Deploy/[39mnode_modules/[4msrc[24m/sqlite-core/query-builders/select.ts:865:85[90m)[39m
[2m[WebServer] [22m    at SQLiteSelectBase.all [90m(/Users/deepak/Downloads/Projects/StackLens-AI-Deploy/[39mnode_modules/[4msrc[24m/sqlite-core/query-builders/select.ts:884:15[90m)[39m
[2m[WebServer] [22m    at SQLiteSelectBase.execute [90m(/Users/deepak/Downloads/Projects/StackLens-AI-Deploy/[39mnode_modules/[4msrc[24m/sqlite-core/query-builders/select.ts:896:15[90m)[39m
[2m[WebServer] [22m    at SQLiteSelectBase.then [90m(/Users/deepak/Downloads/Projects/StackLens-AI-Deploy/[39mnode_modules/[4msrc[24m/query-promise.ts:31:15[90m)[39m
[2m[WebServer] [22m[90m    at process.processTicksAndRejections (node:internal/process/task_queues:105:5)[39m {
[2m[WebServer] [22m  code: [32m'SQLITE_ERROR'[39m
[2m[WebServer] [22m}
  ✘   22 [api-tests] › tests/api/comprehensive.test.ts:91:9 › API Tests - Error Management Endpoints › GET /api/errors › should support sorting (55ms)
[2m[WebServer] [22mError creating error: SqliteError: table error_logs has no column named notes
[2m[WebServer] [22m    at Database.prepare [90m(/Users/deepak/Downloads/Projects/StackLens-AI-Deploy/[39mnode_modules/[4mbetter-sqlite3[24m/lib/methods/wrappers.js:5:21[90m)[39m
[2m[WebServer] [22m    at BetterSQLiteSession.prepareQuery [90m(/Users/deepak/Downloads/Projects/StackLens-AI-Deploy/[39mnode_modules/[4msrc[24m/better-sqlite3/session.ts:50:28[90m)[39m
[2m[WebServer] [22m    at BetterSQLiteSession.prepareOneTimeQuery [90m(/Users/deepak/Downloads/Projects/StackLens-AI-Deploy/[39mnode_modules/[4msrc[24m/sqlite-core/session.ts:135:15[90m)[39m
[2m[WebServer] [22m    at QueryPromise._prepare [90m(/Users/deepak/Downloads/Projects/StackLens-AI-Deploy/[39mnode_modules/[4msrc[24m/sqlite-core/query-builders/insert.ts:379:78[90m)[39m
[2m[WebServer] [22m    at QueryPromise.all [90m(/Users/deepak/Downloads/Projects/StackLens-AI-Deploy/[39mnode_modules/[4msrc[24m/sqlite-core/query-builders/insert.ts:396:15[90m)[39m
[2m[WebServer] [22m    at QueryPromise.execute [90m(/Users/deepak/Downloads/Projects/StackLens-AI-Deploy/[39mnode_modules/[4msrc[24m/sqlite-core/query-builders/insert.ts:408:40[90m)[39m
[2m[WebServer] [22m    at QueryPromise.then [90m(/Users/deepak/Downloads/Projects/StackLens-AI-Deploy/[39mnode_modules/[4msrc[24m/query-promise.ts:31:15[90m)[39m
[2m[WebServer] [22m[90m    at process.processTicksAndRejections (node:internal/process/task_queues:105:5)[39m {
[2m[WebServer] [22m  code: [32m'SQLITE_ERROR'[39m
[2m[WebServer] [22m}
  ✓   23 [api-tests] › tests/api/comprehensive.test.ts:105:9 › API Tests - Error Management Endpoints › GET /api/errors › should handle invalid query parameters gracefully (59ms)
  ✘   24 [api-tests] › tests/api/comprehensive.test.ts:115:9 › API Tests - Error Management Endpoints › POST /api/errors › should create new error (56ms)
[2m[WebServer] [22mError creating error: SqliteError: table error_logs has no column named notes
[2m[WebServer] [22m    at Database.prepare [90m(/Users/deepak/Downloads/Projects/StackLens-AI-Deploy/[39mnode_modules/[4mbetter-sqlite3[24m/lib/methods/wrappers.js:5:21[90m)[39m
[2m[WebServer] [22m    at BetterSQLiteSession.prepareQuery [90m(/Users/deepak/Downloads/Projects/StackLens-AI-Deploy/[39mnode_modules/[4msrc[24m/better-sqlite3/session.ts:50:28[90m)[39m
[2m[WebServer] [22m    at BetterSQLiteSession.prepareOneTimeQuery [90m(/Users/deepak/Downloads/Projects/StackLens-AI-Deploy/[39mnode_modules/[4msrc[24m/sqlite-core/session.ts:135:15[90m)[39m
[2m[WebServer] [22m    at QueryPromise._prepare [90m(/Users/deepak/Downloads/Projects/StackLens-AI-Deploy/[39mnode_modules/[4msrc[24m/sqlite-core/query-builders/insert.ts:379:78[90m)[39m
[2m[WebServer] [22m    at QueryPromise.all [90m(/Users/deepak/Downloads/Projects/StackLens-AI-Deploy/[39mnode_modules/[4msrc[24m/sqlite-core/query-builders/insert.ts:396:15[90m)[39m
[2m[WebServer] [22m    at QueryPromise.execute [90m(/Users/deepak/Downloads/Projects/StackLens-AI-Deploy/[39mnode_modules/[4msrc[24m/sqlite-core/query-builders/insert.ts:408:40[90m)[39m
[2m[WebServer] [22m    at QueryPromise.then [90m(/Users/deepak/Downloads/Projects/StackLens-AI-Deploy/[39mnode_modules/[4msrc[24m/query-promise.ts:31:15[90m)[39m
[2m[WebServer] [22m[90m    at process.processTicksAndRejections (node:internal/process/task_queues:105:5)[39m {
[2m[WebServer] [22m  code: [32m'SQLITE_ERROR'[39m
[2m[WebServer] [22m}
  ✘   25 [api-tests] › tests/api/comprehensive.test.ts:185:9 › API Tests - Error Management Endpoints › GET /api/errors/:id › should retrieve specific error by ID (32ms)
[dotenv@17.2.3] injecting env (0) from .env -- tip: 🗂️ backup and recover secrets: https://dotenvx.com/ops
[dotenv@17.2.3] injecting env (0) from .env -- tip: 🔐 encrypt with Dotenvx: https://dotenvx.com
[dotenv@17.2.3] injecting env (0) from .env -- tip: ⚙️  specify custom .env file path with { path: '/custom/path/.env' }
[dotenv@17.2.3] injecting env (0) from .env -- tip: 🔐 prevent committing .env to code: https://dotenvx.com/precommit
[dotenv@17.2.3] injecting env (0) from .env -- tip: 🛠️  run anywhere with `dotenvx run -- yourcommand`
  ✓   26 [api-tests] › tests/api/comprehensive.test.ts:136:9 › API Tests - Error Management Endpoints › POST /api/errors › should validate required fields (66ms)
  ✓   27 [api-tests] › tests/api/comprehensive.test.ts:151:9 › API Tests - Error Management Endpoints › POST /api/errors › should validate severity values (70ms)
[2m[WebServer] [22mError creating error: SqliteError: table error_logs has no column named notes
[2m[WebServer] [22m    at Database.prepare [90m(/Users/deepak/Downloads/Projects/StackLens-AI-Deploy/[39mnode_modules/[4mbetter-sqlite3[24m/lib/methods/wrappers.js:5:21[90m)[39m
[2m[WebServer] [22m    at BetterSQLiteSession.prepareQuery [90m(/Users/deepak/Downloads/Projects/StackLens-AI-Deploy/[39mnode_modules/[4msrc[24m/better-sqlite3/session.ts:50:28[90m)[39m
[2m[WebServer] [22m    at BetterSQLiteSession.prepareOneTimeQuery [90m(/Users/deepak/Downloads/Projects/StackLens-AI-Deploy/[39mnode_modules/[4msrc[24m/sqlite-core/session.ts:135:15[90m)[39m
[2m[WebServer] [22m    at QueryPromise._prepare [90m(/Users/deepak/Downloads/Projects/StackLens-AI-Deploy/[39mnode_modules/[4msrc[24m/sqlite-core/query-builders/insert.ts:379:78[90m)[39m
[2m[WebServer] [22m    at QueryPromise.all [90m(/Users/deepak/Downloads/Projects/StackLens-AI-Deploy/[39mnode_modules/[4msrc[24m/sqlite-core/query-builders/insert.ts:396:15[90m)[39m
[2m[WebServer] [22m    at QueryPromise.execute [90m(/Users/deepak/Downloads/Projects/StackLens-AI-Deploy/[39mnode_modules/[4msrc[24m/sqlite-core/query-builders/insert.ts:408:40[90m)[39m
[2m[WebServer] [22m    at QueryPromise.then [90m(/Users/deepak/Downloads/Projects/StackLens-AI-Deploy/[39mnode_modules/[4msrc[24m/query-promise.ts:31:15[90m)[39m
[2m[WebServer] [22m[90m    at process.processTicksAndRejections (node:internal/process/task_queues:105:5)[39m {
[2m[WebServer] [22m  code: [32m'SQLITE_ERROR'[39m
[2m[WebServer] [22m}
[2m[WebServer] [22mError creating error: SqliteError: table error_logs has no column named notes
[2m[WebServer] [22m    at Database.prepare [90m(/Users/deepak/Downloads/Projects/StackLens-AI-Deploy/[39mnode_modules/[4mbetter-sqlite3[24m/lib/methods/wrappers.js:5:21[90m)[39m
[2m[WebServer] [22m    at BetterSQLiteSession.prepareQuery [90m(/Users/deepak/Downloads/Projects/StackLens-AI-Deploy/[39mnode_modules/[4msrc[24m/better-sqlite3/session.ts:50:28[90m)[39m
[2m[WebServer] [22m    at BetterSQLiteSession.prepareOneTimeQuery [90m(/Users/deepak/Downloads/Projects/StackLens-AI-Deploy/[39mnode_modules/[4msrc[24m/sqlite-core/session.ts:135:15[90m)[39m
[2m[WebServer] [22m    at QueryPromise._prepare [90m(/Users/deepak/Downloads/Projects/StackLens-AI-Deploy/[39mnode_modules/[4msrc[24m/sqlite-core/query-builders/insert.ts:379:78[90m)[39m
[2m[WebServer] [22m    at QueryPromise.all [90m(/Users/deepak/Downloads/Projects/StackLens-AI-Deploy/[39mnode_modules/[4msrc[24m/sqlite-core/query-builders/insert.ts:396:15[90m)[39m
[2m[WebServer] [22m    at QueryPromise.execute [90m(/Users/deepak/Downloads/Projects/StackLens-AI-Deploy/[39mnode_modules/[4msrc[24m/sqlite-core/query-builders/insert.ts:408:40[90m)[39m
[2m[WebServer] [22m    at QueryPromise.then [90m(/Users/deepak/Downloads/Projects/StackLens-AI-Deploy/[39mnode_modules/[4msrc[24m/query-promise.ts:31:15[90m)[39m
[2m[WebServer] [22m[90m    at process.processTicksAndRejections (node:internal/process/task_queues:105:5)[39m {
[2m[WebServer] [22m  code: [32m'SQLITE_ERROR'[39m
[2m[WebServer] [22m}
  ✘   30 [api-tests] › tests/api/comprehensive.test.ts:220:9 › API Tests - Error Management Endpoints › PATCH /api/errors/:id › should update error fields (20ms)
[2m[WebServer] [22mError creating error: SqliteError: table error_logs has no column named notes
[2m[WebServer] [22m    at Database.prepare [90m(/Users/deepak/Downloads/Projects/StackLens-AI-Deploy/[39mnode_modules/[4mbetter-sqlite3[24m/lib/methods/wrappers.js:5:21[90m)[39m
[2m[WebServer] [22m    at BetterSQLiteSession.prepareQuery [90m(/Users/deepak/Downloads/Projects/StackLens-AI-Deploy/[39mnode_modules/[4msrc[24m/better-sqlite3/session.ts:50:28[90m)[39m
[2m[WebServer] [22m    at BetterSQLiteSession.prepareOneTimeQuery [90m(/Users/deepak/Downloads/Projects/StackLens-AI-Deploy/[39mnode_modules/[4msrc[24m/sqlite-core/session.ts:135:15[90m)[39m
[2m[WebServer] [22m    at QueryPromise._prepare [90m(/Users/deepak/Downloads/Projects/StackLens-AI-Deploy/[39mnode_modules/[4msrc[24m/sqlite-core/query-builders/insert.ts:379:78[90m)[39m
[2m[WebServer] [22m    at QueryPromise.all [90m(/Users/deepak/Downloads/Projects/StackLens-AI-Deploy/[39mnode_modules/[4msrc[24m/sqlite-core/query-builders/insert.ts:396:15[90m)[39m
[2m[WebServer] [22m    at QueryPromise.execute [90m(/Users/deepak/Downloads/Projects/StackLens-AI-Deploy/[39mnode_modules/[4msrc[24m/sqlite-core/query-builders/insert.ts:408:40[90m)[39m
[2m[WebServer] [22m    at QueryPromise.then [90m(/Users/deepak/Downloads/Projects/StackLens-AI-Deploy/[39mnode_modules/[4msrc[24m/query-promise.ts:31:15[90m)[39m
[2m[WebServer] [22m[90m    at process.processTicksAndRejections (node:internal/process/task_queues:105:5)[39m {
[2m[WebServer] [22m  code: [32m'SQLITE_ERROR'[39m
[2m[WebServer] [22m}
  ✓   31 [api-tests] › tests/api/comprehensive.test.ts:253:9 › API Tests - Error Management Endpoints › PATCH /api/errors/:id › should validate updated field values (23ms)
  ✘   28 [api-tests] › tests/api/comprehensive.test.ts:165:9 › API Tests - Error Management Endpoints › POST /api/errors › should set default values for optional fields (68ms)
[2m[WebServer] [22mGet error failed: SqliteError: no such column: "notes" - should this be a string literal in single-quotes?
[2m[WebServer] [22m    at Database.prepare [90m(/Users/deepak/Downloads/Projects/StackLens-AI-Deploy/[39mnode_modules/[4mbetter-sqlite3[24m/lib/methods/wrappers.js:5:21[90m)[39m
[2m[WebServer] [22m    at BetterSQLiteSession.prepareQuery [90m(/Users/deepak/Downloads/Projects/StackLens-AI-Deploy/[39mnode_modules/[4msrc[24m/better-sqlite3/session.ts:50:28[90m)[39m
[2m[WebServer] [22m    at BetterSQLiteSession.prepareOneTimeQuery [90m(/Users/deepak/Downloads/Projects/StackLens-AI-Deploy/[39mnode_modules/[4msrc[24m/sqlite-core/session.ts:135:15[90m)[39m
[2m[WebServer] [22m    at SQLiteSelectBase._prepare [90m(/Users/deepak/Downloads/Projects/StackLens-AI-Deploy/[39mnode_modules/[4msrc[24m/sqlite-core/query-builders/select.ts:865:85[90m)[39m
[2m[WebServer] [22m    at SQLiteSelectBase.all [90m(/Users/deepak/Downloads/Projects/StackLens-AI-Deploy/[39mnode_modules/[4msrc[24m/sqlite-core/query-builders/select.ts:884:15[90m)[39m
[2m[WebServer] [22m    at SQLiteSelectBase.execute [90m(/Users/deepak/Downloads/Projects/StackLens-AI-Deploy/[39mnode_modules/[4msrc[24m/sqlite-core/query-builders/select.ts:896:15[90m)[39m
[2m[WebServer] [22m    at SQLiteSelectBase.then [90m(/Users/deepak/Downloads/Projects/StackLens-AI-Deploy/[39mnode_modules/[4msrc[24m/query-promise.ts:31:15[90m)[39m
[2m[WebServer] [22m[90m    at process.processTicksAndRejections (node:internal/process/task_queues:105:5)[39m {
[2m[WebServer] [22m  code: [32m'SQLITE_ERROR'[39m
[2m[WebServer] [22m}
[2m[WebServer] [22mError creating error: SqliteError: table error_logs has no column named notes
[2m[WebServer] [22m    at Database.prepare [90m(/Users/deepak/Downloads/Projects/StackLens-AI-Deploy/[39mnode_modules/[4mbetter-sqlite3[24m/lib/methods/wrappers.js:5:21[90m)[39m
[2m[WebServer] [22m    at BetterSQLiteSession.prepareQuery [90m(/Users/deepak/Downloads/Projects/StackLens-AI-Deploy/[39mnode_modules/[4msrc[24m/better-sqlite3/session.ts:50:28[90m)[39m
[2m[WebServer] [22m    at BetterSQLiteSession.prepareOneTimeQuery [90m(/Users/deepak/Downloads/Projects/StackLens-AI-Deploy/[39mnode_modules/[4msrc[24m/sqlite-core/session.ts:135:15[90m)[39m
[2m[WebServer] [22m    at QueryPromise._prepare [90m(/Users/deepak/Downloads/Projects/StackLens-AI-Deploy/[39mnode_modules/[4msrc[24m/sqlite-core/query-builders/insert.ts:379:78[90m)[39m
[2m[WebServer] [22m    at QueryPromise.all [90m(/Users/deepak/Downloads/Projects/StackLens-AI-Deploy/[39mnode_modules/[4msrc[24m/sqlite-core/query-builders/insert.ts:396:15[90m)[39m
[2m[WebServer] [22m    at QueryPromise.execute [90m(/Users/deepak/Downloads/Projects/StackLens-AI-Deploy/[39mnode_modules/[4msrc[24m/sqlite-core/query-builders/insert.ts:408:40[90m)[39m
[2m[WebServer] [22m    at QueryPromise.then [90m(/Users/deepak/Downloads/Projects/StackLens-AI-Deploy/[39mnode_modules/[4msrc[24m/query-promise.ts:31:15[90m)[39m
[2m[WebServer] [22m[90m    at process.processTicksAndRejections (node:internal/process/task_queues:105:5)[39m {
[2m[WebServer] [22m  code: [32m'SQLITE_ERROR'[39m
[2m[WebServer] [22m}
  ✘   33 [api-tests] › tests/api/comprehensive.test.ts:281:9 › API Tests - Error Management Endpoints › DELETE /api/errors/:id › should delete error (21ms)
  ✘   29 [api-tests] › tests/api/comprehensive.test.ts:208:9 › API Tests - Error Management Endpoints › GET /api/errors/:id › should return 404 for non-existent error (63ms)
  ✓   32 [api-tests] › tests/api/comprehensive.test.ts:213:9 › API Tests - Error Management Endpoints › GET /api/errors/:id › should return 400 for invalid ID format (58ms)
  ✘   34 [api-tests] › tests/api/comprehensive.test.ts:347:9 › API Tests - Error Management Endpoints › GET /api/errors/stats › should retrieve error statistics (18ms)
[dotenv@17.2.3] injecting env (0) from .env -- tip: 🔐 encrypt with Dotenvx: https://dotenvx.com
[dotenv@17.2.3] injecting env (0) from .env -- tip: 📡 add observability to secrets: https://dotenvx.com/ops
[dotenv@17.2.3] injecting env (0) from .env -- tip: ⚙️  override existing env vars with { override: true }
[dotenv@17.2.3] injecting env (0) from .env -- tip: 🔐 prevent building .env in docker: https://dotenvx.com/prebuild
[dotenv@17.2.3] injecting env (0) from .env -- tip: ⚙️  suppress all logs with { quiet: true }
[2m[WebServer] [22mError updating error: SqliteError: no such column: "notes" - should this be a string literal in single-quotes?
[2m[WebServer] [22m    at Database.prepare [90m(/Users/deepak/Downloads/Projects/StackLens-AI-Deploy/[39mnode_modules/[4mbetter-sqlite3[24m/lib/methods/wrappers.js:5:21[90m)[39m
[2m[WebServer] [22m    at BetterSQLiteSession.prepareQuery [90m(/Users/deepak/Downloads/Projects/StackLens-AI-Deploy/[39mnode_modules/[4msrc[24m/better-sqlite3/session.ts:50:28[90m)[39m
[2m[WebServer] [22m    at BetterSQLiteSession.prepareOneTimeQuery [90m(/Users/deepak/Downloads/Projects/StackLens-AI-Deploy/[39mnode_modules/[4msrc[24m/sqlite-core/session.ts:135:15[90m)[39m
[2m[WebServer] [22m    at QueryPromise._prepare [90m(/Users/deepak/Downloads/Projects/StackLens-AI-Deploy/[39mnode_modules/[4msrc[24m/sqlite-core/query-builders/update.ts:424:78[90m)[39m
[2m[WebServer] [22m    at QueryPromise.all [90m(/Users/deepak/Downloads/Projects/StackLens-AI-Deploy/[39mnode_modules/[4msrc[24m/sqlite-core/query-builders/update.ts:441:15[90m)[39m
[2m[WebServer] [22m    at QueryPromise.execute [90m(/Users/deepak/Downloads/Projects/StackLens-AI-Deploy/[39mnode_modules/[4msrc[24m/sqlite-core/query-builders/update.ts:453:40[90m)[39m
[2m[WebServer] [22m    at QueryPromise.then [90m(/Users/deepak/Downloads/Projects/StackLens-AI-Deploy/[39mnode_modules/[4msrc[24m/query-promise.ts:31:15[90m)[39m
[2m[WebServer] [22m[90m    at process.processTicksAndRejections (node:internal/process/task_queues:105:5)[39m {
[2m[WebServer] [22m  code: [32m'SQLITE_ERROR'[39m
[2m[WebServer] [22m}
  ✘   35 [api-tests] › tests/api/comprehensive.test.ts:271:9 › API Tests - Error Management Endpoints › PATCH /api/errors/:id › should return 404 when updating non-existent error (86ms)
  ✓   36 [api-tests] › tests/api/comprehensive.test.ts:304:9 › API Tests - Error Management Endpoints › DELETE /api/errors/:id › should return 404 when deleting non-existent error (80ms)
[2m[WebServer] [22mError bulk creating: SqliteError: table error_logs has no column named notes
[2m[WebServer] [22m    at Database.prepare [90m(/Users/deepak/Downloads/Projects/StackLens-AI-Deploy/[39mnode_modules/[4mbetter-sqlite3[24m/lib/methods/wrappers.js:5:21[90m)[39m
[2m[WebServer] [22m    at BetterSQLiteSession.prepareQuery [90m(/Users/deepak/Downloads/Projects/StackLens-AI-Deploy/[39mnode_modules/[4msrc[24m/better-sqlite3/session.ts:50:28[90m)[39m
[2m[WebServer] [22m    at BetterSQLiteSession.prepareOneTimeQuery [90m(/Users/deepak/Downloads/Projects/StackLens-AI-Deploy/[39mnode_modules/[4msrc[24m/sqlite-core/session.ts:135:15[90m)[39m
[2m[WebServer] [22m    at QueryPromise._prepare [90m(/Users/deepak/Downloads/Projects/StackLens-AI-Deploy/[39mnode_modules/[4msrc[24m/sqlite-core/query-builders/insert.ts:379:78[90m)[39m
[2m[WebServer] [22m    at QueryPromise.all [90m(/Users/deepak/Downloads/Projects/StackLens-AI-Deploy/[39mnode_modules/[4msrc[24m/sqlite-core/query-builders/insert.ts:396:15[90m)[39m
[2m[WebServer] [22m    at QueryPromise.execute [90m(/Users/deepak/Downloads/Projects/StackLens-AI-Deploy/[39mnode_modules/[4msrc[24m/sqlite-core/query-builders/insert.ts:408:40[90m)[39m
[2m[WebServer] [22m    at QueryPromise.then [90m(/Users/deepak/Downloads/Projects/StackLens-AI-Deploy/[39mnode_modules/[4msrc[24m/query-promise.ts:31:15[90m)[39m
[2m[WebServer] [22m[90m    at process.processTicksAndRejections (node:internal/process/task_queues:105:5)[39m {
[2m[WebServer] [22m  code: [32m'SQLITE_ERROR'[39m
[2m[WebServer] [22m}
[2m[WebServer] [22mError bulk creating: SqliteError: table error_logs has no column named notes
[2m[WebServer] [22m    at Database.prepare [90m(/Users/deepak/Downloads/Projects/StackLens-AI-Deploy/[39mnode_modules/[4mbetter-sqlite3[24m/lib/methods/wrappers.js:5:21[90m)[39m
[2m[WebServer] [22m    at BetterSQLiteSession.prepareQuery [90m(/Users/deepak/Downloads/Projects/StackLens-AI-Deploy/[39mnode_modules/[4msrc[24m/better-sqlite3/session.ts:50:28[90m)[39m
[2m[WebServer] [22m    at BetterSQLiteSession.prepareOneTimeQuery [90m(/Users/deepak/Downloads/Projects/StackLens-AI-Deploy/[39mnode_modules/[4msrc[24m/sqlite-core/session.ts:135:15[90m)[39m
[2m[WebServer] [22m    at QueryPromise._prepare [90m(/Users/deepak/Downloads/Projects/StackLens-AI-Deploy/[39mnode_modules/[4msrc[24m/sqlite-core/query-builders/insert.ts:379:78[90m)[39m
[2m[WebServer] [22m    at QueryPromise.all [90m(/Users/deepak/Downloads/Projects/StackLens-AI-Deploy/[39mnode_modules/[4msrc[24m/sqlite-core/query-builders/insert.ts:396:15[90m)[39m
[2m[WebServer] [22m    at QueryPromise.execute [90m(/Users/deepak/Downloads/Projects/StackLens-AI-Deploy/[39mnode_modules/[4msrc[24m/sqlite-core/query-builders/insert.ts:408:40[90m)[39m
[2m[WebServer] [22m    at QueryPromise.then [90m(/Users/deepak/Downloads/Projects/StackLens-AI-Deploy/[39mnode_modules/[4msrc[24m/query-promise.ts:31:15[90m)[39m
[2m[WebServer] [22m[90m    at process.processTicksAndRejections (node:internal/process/task_queues:105:5)[39m {
[2m[WebServer] [22m  code: [32m'SQLITE_ERROR'[39m
[2m[WebServer] [22m}
  ✘   38 [api-tests] › tests/api/comprehensive.test.ts:311:9 › API Tests - Error Management Endpoints › POST /api/errors/bulk › should create multiple errors in bulk (67ms)
  ✓   40 [api-tests] › tests/api/comprehensive.test.ts:379:9 › API Tests - Error Management Endpoints › POST /api/errors/export › should export errors as CSV (21ms)
  ✘   37 [api-tests] › tests/api/comprehensive.test.ts:330:9 › API Tests - Error Management Endpoints › POST /api/errors/bulk › should handle validation errors in bulk creation (83ms)
  ✓   41 [api-tests] › tests/api/comprehensive.test.ts:405:9 › API Tests - Error Management Endpoints › POST /api/errors/export › should export errors as Excel (18ms)
  ✓   42 [api-tests] › tests/api/comprehensive.test.ts:430:9 › API Tests - Store & Kiosk Management › GET /api/stores › should support pagination for stores (15ms)
  ✘   39 [api-tests] › tests/api/comprehensive.test.ts:359:9 › API Tests - Error Management Endpoints › GET /api/errors/stats › should filter statistics by date range (74ms)
  ✓   43 [api-tests] › tests/api/comprehensive.test.ts:438:9 › API Tests - Store & Kiosk Management › GET /api/stores › should search stores by name (11ms)
[2m[WebServer] [22mError creating store: SqliteError: UNIQUE constraint failed: stores.store_number
[2m[WebServer] [22m    at PreparedQuery.values [90m(/Users/deepak/Downloads/Projects/StackLens-AI-Deploy/[39mnode_modules/[4msrc[24m/better-sqlite3/session.ts:156:26[90m)[39m
[2m[WebServer] [22m    at PreparedQuery.all [90m(/Users/deepak/Downloads/Projects/StackLens-AI-Deploy/[39mnode_modules/[4msrc[24m/better-sqlite3/session.ts:124:21[90m)[39m
[2m[WebServer] [22m    at QueryPromise.all [90m(/Users/deepak/Downloads/Projects/StackLens-AI-Deploy/[39mnode_modules/[4msrc[24m/sqlite-core/query-builders/insert.ts:396:26[90m)[39m
[2m[WebServer] [22m    at QueryPromise.execute [90m(/Users/deepak/Downloads/Projects/StackLens-AI-Deploy/[39mnode_modules/[4msrc[24m/sqlite-core/query-builders/insert.ts:408:40[90m)[39m
[2m[WebServer] [22m    at QueryPromise.then [90m(/Users/deepak/Downloads/Projects/StackLens-AI-Deploy/[39mnode_modules/[4msrc[24m/query-promise.ts:31:15[90m)[39m
[2m[WebServer] [22m[90m    at process.processTicksAndRejections (node:internal/process/task_queues:105:5)[39m {
[2m[WebServer] [22m  code: [32m'SQLITE_CONSTRAINT_UNIQUE'[39m
[2m[WebServer] [22m}
  ✓   44 [api-tests] › tests/api/comprehensive.test.ts:463:9 › API Tests - Store & Kiosk Management › POST /api/stores › should prevent duplicate store numbers (15ms)
  ✓   45 [api-tests] › tests/api/comprehensive.test.ts:481:9 › API Tests - Store & Kiosk Management › GET /api/kiosks › should retrieve all kiosks (20ms)
  ✓   46 [api-tests] › tests/api/comprehensive.test.ts:489:9 › API Tests - Store & Kiosk Management › GET /api/kiosks › should filter kiosks by store (13ms)
  ✘   47 [api-tests] › tests/api/comprehensive.test.ts:501:9 › API Tests - Store & Kiosk Management › POST /api/kiosks › should create new kiosk (13ms)
[dotenv@17.2.3] injecting env (0) from .env -- tip: ⚙️  suppress all logs with { quiet: true }
[dotenv@17.2.3] injecting env (0) from .env -- tip: 🔄 add secrets lifecycle management: https://dotenvx.com/ops
[dotenv@17.2.3] injecting env (0) from .env -- tip: ⚙️  suppress all logs with { quiet: true }
[dotenv@17.2.3] injecting env (0) from .env -- tip: ⚙️  override existing env vars with { override: true }
[2m[WebServer] [22mError fetching store statistics: SqliteError: no such column: "notes" - should this be a string literal in single-quotes?
[2m[WebServer] [22m    at Database.prepare [90m(/Users/deepak/Downloads/Projects/StackLens-AI-Deploy/[39mnode_modules/[4mbetter-sqlite3[24m/lib/methods/wrappers.js:5:21[90m)[39m
[2m[WebServer] [22m    at BetterSQLiteSession.prepareQuery [90m(/Users/deepak/Downloads/Projects/StackLens-AI-Deploy/[39mnode_modules/[4msrc[24m/better-sqlite3/session.ts:50:28[90m)[39m
[2m[WebServer] [22m    at BetterSQLiteSession.prepareOneTimeQuery [90m(/Users/deepak/Downloads/Projects/StackLens-AI-Deploy/[39mnode_modules/[4msrc[24m/sqlite-core/session.ts:135:15[90m)[39m
[2m[WebServer] [22m    at SQLiteSelectBase._prepare [90m(/Users/deepak/Downloads/Projects/StackLens-AI-Deploy/[39mnode_modules/[4msrc[24m/sqlite-core/query-builders/select.ts:865:85[90m)[39m
[2m[WebServer] [22m    at SQLiteSelectBase.all [90m(/Users/deepak/Downloads/Projects/StackLens-AI-Deploy/[39mnode_modules/[4msrc[24m/sqlite-core/query-builders/select.ts:884:15[90m)[39m
[2m[WebServer] [22m    at SQLiteSelectBase.execute [90m(/Users/deepak/Downloads/Projects/StackLens-AI-Deploy/[39mnode_modules/[4msrc[24m/sqlite-core/query-builders/select.ts:896:15[90m)[39m
[2m[WebServer] [22m    at SQLiteSelectBase.then [90m(/Users/deepak/Downloads/Projects/StackLens-AI-Deploy/[39mnode_modules/[4msrc[24m/query-promise.ts:31:15[90m)[39m
[2m[WebServer] [22m[90m    at process.processTicksAndRejections (node:internal/process/task_queues:105:5)[39m {
[2m[WebServer] [22m  code: [32m'SQLITE_ERROR'[39m
[2m[WebServer] [22m}
  ✓   48 [api-tests] › tests/api/comprehensive.test.ts:392:9 › API Tests - Error Management Endpoints › POST /api/errors/export › should export errors as JSON (74ms)
  ✘   49 [api-tests] › tests/api/comprehensive.test.ts:369:9 › API Tests - Error Management Endpoints › GET /api/errors/stats › should provide statistics by store (71ms)
  ✓   50 [api-tests] › tests/api/comprehensive.test.ts:422:9 › API Tests - Store & Kiosk Management › GET /api/stores › should retrieve all stores (75ms)
  ✓   52 [api-tests] › tests/api/comprehensive.test.ts:535:9 › API Tests - ML Training Endpoints › POST /api/ml/train › should initiate ML training job (24ms)
[dotenv@17.2.3] injecting env (0) from .env -- tip: 🛠️  run anywhere with `dotenvx run -- yourcommand`
  ✓   53 [api-tests] › tests/api/comprehensive.test.ts:568:9 › API Tests - ML Training Endpoints › GET /api/ml/jobs/:jobId › should retrieve training job status (32ms)
  ✓   54 [api-tests] › tests/api/comprehensive.test.ts:594:9 › API Tests - ML Training Endpoints › POST /api/ml/predict › should make prediction with trained model (27ms)
  ✓   51 [api-tests] › tests/api/comprehensive.test.ts:446:9 › API Tests - Store & Kiosk Management › POST /api/stores › should create new store (84ms)
  ✓   55 [api-tests] › tests/api/comprehensive.test.ts:615:9 › API Tests - ML Training Endpoints › GET /api/ml/models › should list all trained models (31ms)
  ✓   56 [api-tests] › tests/api/comprehensive.test.ts:623:9 › API Tests - ML Training Endpoints › GET /api/ml/models › should filter models by status (48ms)
  ✓   57 [api-tests] › tests/api/comprehensive.test.ts:637:9 › API Tests - AI Analysis Endpoints › POST /api/ai/analyze › should analyze error with AI (60ms)
  ✓   58 [api-tests] › tests/api/comprehensive.test.ts:655:9 › API Tests - AI Analysis Endpoints › POST /api/ai/analyze › should handle timeout for long-running analysis (41ms)
  ✓   60 [api-tests] › tests/api/comprehensive.test.ts:666:9 › API Tests - AI Analysis Endpoints › POST /api/ai/suggest › should provide fix suggestions (34ms)
  ✓   61 [api-tests] › tests/api/comprehensive.test.ts:685:9 › API Tests - AI Analysis Endpoints › POST /api/ai/summarize › should summarize multiple errors (30ms)
  ✘   62 [api-tests] › tests/api/comprehensive.test.ts:707:9 › API Tests - File Upload & Processing › POST /api/upload › should handle Excel file upload (26ms)
  ✘   63 [api-tests] › tests/api/comprehensive.test.ts:726:9 › API Tests - File Upload & Processing › POST /api/upload › should reject files exceeding size limit (28ms)
  ✓   64 [api-tests] › tests/api/comprehensive.test.ts:742:9 › API Tests - File Upload & Processing › POST /api/upload › should reject unsupported file types (21ms)
  ✓   59 [api-tests] › tests/api/comprehensive.test.ts:517:9 › API Tests - Store & Kiosk Management › POST /api/kiosks › should validate kiosk belongs to valid store (96ms)
[2m[WebServer] [22mToken verification failed: Decoding Firebase ID token failed. Make sure you passed the entire string JWT which represents an ID token. See https://firebase.google.com/docs/auth/admin/verify-id-tokens for details on how to retrieve an ID token.
  ✓   65 [api-tests] › tests/api/comprehensive.test.ts:799:9 › API Tests - Authentication & Authorization › POST /api/auth/firebase › should reject invalid token (15ms)
[2m[WebServer] [22mToken verification failed: Decoding Firebase ID token failed. Make sure you passed the entire string JWT which represents an ID token. See https://firebase.google.com/docs/auth/admin/verify-id-tokens for details on how to retrieve an ID token.
  ✓   67 [api-tests] › tests/api/comprehensive.test.ts:831:9 › API Tests - Authentication & Authorization › GET /api/admin/users › should require admin role (12ms)
  ✘   66 [api-tests] › tests/api/comprehensive.test.ts:811:9 › API Tests - Authentication & Authorization › POST /api/auth/logout › should logout user (23ms)
[2m[WebServer] [22mToken verification failed: Decoding Firebase ID token failed. Make sure you passed the entire string JWT which represents an ID token. See https://firebase.google.com/docs/auth/admin/verify-id-tokens for details on how to retrieve an ID token.
Auth response: {
  user: {
    id: [33m15[39m,
    username: [32m'test'[39m,
    email: [32m'test@stacklens.app'[39m,
    role: [32m'admin'[39m,
    firstName: [32m''[39m,
    lastName: [32m''[39m,
    profileImageUrl: [32m'https://example.com/avatar.jpg'[39m,
    department: [1mnull[22m,
    isActive: [33mtrue[39m,
    lastLogin: [32m'2025-11-25T19:01:44.000Z'[39m,
    createdAt: [32m'+057744-07-02T17:10:00.000Z'[39m,
    updatedAt: [32m'+057744-07-02T17:10:00.000Z'[39m
  },
  token: [32m'eyJhbGciOiJIUzI1NiIsInR5cCI6IkpXVCJ9.eyJ1c2VySWQiOjE1LCJpYXQiOjE3NjQwOTczMDQsImV4cCI6MTc2NDE4MzcwNH0.aDJFreJ47ChE06y3vOyIoM6vkY3QkDbF1o5abE6oqMM'[39m,
  provider: [32m'firebase'[39m
}
  ✓   68 [api-tests] › tests/api/comprehensive.test.ts:838:9 › API Tests - Authentication & Authorization › GET /api/admin/users › should allow access with admin token (26ms)
[2m[WebServer] [22m❌ Server error: SyntaxError: Unexpected token '"', ""{invalid json}"" is not valid JSON
[2m[WebServer] [22m    at JSON.parse (<anonymous>)
[2m[WebServer] [22m    at createStrictSyntaxError [90m(/Users/deepak/Downloads/Projects/StackLens-AI-Deploy/[39mnode_modules/[4mbody-parser[24m/lib/types/json.js:169:10[90m)[39m
[2m[WebServer] [22m    at parse [90m(/Users/deepak/Downloads/Projects/StackLens-AI-Deploy/[39mnode_modules/[4mbody-parser[24m/lib/types/json.js:86:15[90m)[39m
[2m[WebServer] [22m    at [90m/Users/deepak/Downloads/Projects/StackLens-AI-Deploy/[39mnode_modules/[4mbody-parser[24m/lib/read.js:128:18
[2m[WebServer] [22m[90m    at AsyncResource.runInAsyncScope (node:async_hooks:214:14)[39m
[2m[WebServer] [22m    at invokeCallback [90m(/Users/deepak/Downloads/Projects/StackLens-AI-Deploy/[39mnode_modules/[4mraw-body[24m/index.js:238:16[90m)[39m
[2m[WebServer] [22m    at done [90m(/Users/deepak/Downloads/Projects/StackLens-AI-Deploy/[39mnode_modules/[4mraw-body[24m/index.js:227:7[90m)[39m
[2m[WebServer] [22m    at IncomingMessage.onEnd [90m(/Users/deepak/Downloads/Projects/StackLens-AI-Deploy/[39mnode_modules/[4mraw-body[24m/index.js:287:7[90m)[39m
[2m[WebServer] [22m[90m    at IncomingMessage.emit (node:events:518:28)[39m
[2m[WebServer] [22m[90m    at endReadableNT (node:internal/streams/readable:1698:12)[39m {
[2m[WebServer] [22m  expose: [33mtrue[39m,
[2m[WebServer] [22m  statusCode: [33m400[39m,
[2m[WebServer] [22m  status: [33m400[39m,
[2m[WebServer] [22m  body: [32m'"{invalid json}"'[39m,
[2m[WebServer] [22m  type: [32m'entity.parse.failed'[39m
[2m[WebServer] [22m}
  ✓   69 [api-tests] › tests/api/comprehensive.test.ts:882:5 › API Tests - Request Validation › should validate JSON syntax (13ms)
[2m[WebServer] [22mError creating error: SqliteError: table error_logs has no column named notes
[2m[WebServer] [22m    at Database.prepare [90m(/Users/deepak/Downloads/Projects/StackLens-AI-Deploy/[39mnode_modules/[4mbetter-sqlite3[24m/lib/methods/wrappers.js:5:21[90m)[39m
[2m[WebServer] [22m    at BetterSQLiteSession.prepareQuery [90m(/Users/deepak/Downloads/Projects/StackLens-AI-Deploy/[39mnode_modules/[4msrc[24m/better-sqlite3/session.ts:50:28[90m)[39m
[2m[WebServer] [22m    at BetterSQLiteSession.prepareOneTimeQuery [90m(/Users/deepak/Downloads/Projects/StackLens-AI-Deploy/[39mnode_modules/[4msrc[24m/sqlite-core/session.ts:135:15[90m)[39m
[2m[WebServer] [22m    at QueryPromise._prepare [90m(/Users/deepak/Downloads/Projects/StackLens-AI-Deploy/[39mnode_modules/[4msrc[24m/sqlite-core/query-builders/insert.ts:379:78[90m)[39m
[2m[WebServer] [22m    at QueryPromise.all [90m(/Users/deepak/Downloads/Projects/StackLens-AI-Deploy/[39mnode_modules/[4msrc[24m/sqlite-core/query-builders/insert.ts:396:15[90m)[39m
[2m[WebServer] [22m    at QueryPromise.execute [90m(/Users/deepak/Downloads/Projects/StackLens-AI-Deploy/[39mnode_modules/[4msrc[24m/sqlite-core/query-builders/insert.ts:408:40[90m)[39m
[2m[WebServer] [22m    at QueryPromise.then [90m(/Users/deepak/Downloads/Projects/StackLens-AI-Deploy/[39mnode_modules/[4msrc[24m/query-promise.ts:31:15[90m)[39m
[2m[WebServer] [22m[90m    at process.processTicksAndRejections (node:internal/process/task_queues:105:5)[39m {
[2m[WebServer] [22m  code: [32m'SQLITE_ERROR'[39m
[2m[WebServer] [22m}
  ✘   70 [api-tests] › tests/api/comprehensive.test.ts:893:5 › API Tests - Request Validation › should enforce maximum payload size (22ms)
[dotenv@17.2.3] injecting env (0) from .env -- tip: ⚙️  enable debug logging with { debug: true }
  ✓   71 [api-tests] › tests/api/comprehensive.test.ts:554:9 › API Tests - ML Training Endpoints › POST /api/ml/train › should validate training configuration (85ms)
[dotenv@17.2.3] injecting env (0) from .env -- tip: ⚙️  enable debug logging with { debug: true }
  ✓   72 [api-tests] › tests/api/comprehensive.test.ts:918:5 › API Tests - Request Validation › should handle missing request body (20ms)
[dotenv@17.2.3] injecting env (0) from .env -- tip: ⚙️  override existing env vars with { override: true }
[2m[WebServer] [22mGet errors failed: SqliteError: no such column: error_logs.notes
[2m[WebServer] [22m    at Database.prepare [90m(/Users/deepak/Downloads/Projects/StackLens-AI-Deploy/[39mnode_modules/[4mbetter-sqlite3[24m/lib/methods/wrappers.js:5:21[90m)[39m
[2m[WebServer] [22m    at BetterSQLiteSession.prepareQuery [90m(/Users/deepak/Downloads/Projects/StackLens-AI-Deploy/[39mnode_modules/[4msrc[24m/better-sqlite3/session.ts:50:28[90m)[39m
[2m[WebServer] [22m    at BetterSQLiteSession.prepareOneTimeQuery [90m(/Users/deepak/Downloads/Projects/StackLens-AI-Deploy/[39mnode_modules/[4msrc[24m/sqlite-core/session.ts:135:15[90m)[39m
[2m[WebServer] [22m    at SQLiteSelectBase._prepare [90m(/Users/deepak/Downloads/Projects/StackLens-AI-Deploy/[39mnode_modules/[4msrc[24m/sqlite-core/query-builders/select.ts:865:85[90m)[39m
[2m[WebServer] [22m    at SQLiteSelectBase.all [90m(/Users/deepak/Downloads/Projects/StackLens-AI-Deploy/[39mnode_modules/[4msrc[24m/sqlite-core/query-builders/select.ts:884:15[90m)[39m
[2m[WebServer] [22m    at SQLiteSelectBase.execute [90m(/Users/deepak/Downloads/Projects/StackLens-AI-Deploy/[39mnode_modules/[4msrc[24m/sqlite-core/query-builders/select.ts:896:15[90m)[39m
[2m[WebServer] [22m    at SQLiteSelectBase.then [90m(/Users/deepak/Downloads/Projects/StackLens-AI-Deploy/[39mnode_modules/[4msrc[24m/query-promise.ts:31:15[90m)[39m
[2m[WebServer] [22m[90m    at process.processTicksAndRejections (node:internal/process/task_queues:105:5)[39m {
[2m[WebServer] [22m  code: [32m'SQLITE_ERROR'[39m
[2m[WebServer] [22m}
[dotenv@17.2.3] injecting env (0) from .env -- tip: 🛠️  run anywhere with `dotenvx run -- yourcommand`
  ✘   73 [api-tests] › tests/api/comprehensive.test.ts:924:5 › API Tests - Request Validation › should validate URL parameter formats (20ms)
[2m[WebServer] [22mToken verification failed: Decoding Firebase ID token failed. Make sure you passed the entire string JWT which represents an ID token. See https://firebase.google.com/docs/auth/admin/verify-id-tokens for details on how to retrieve an ID token.
  ✘   75 [api-tests] › tests/api/comprehensive.test.ts:785:9 › API Tests - Authentication & Authorization › POST /api/auth/firebase › should authenticate with valid Firebase token (56ms)
  ✘   74 [api-tests] › tests/api/comprehensive.test.ts:760:9 › API Tests - File Upload & Processing › GET /api/uploads/:fileId › should retrieve upload status (62ms)
  ✓   76 [api-tests] › tests/api/comprehensive.test.ts:871:5 › API Tests - Request Validation › should reject requests with invalid Content-Type (55ms)
[2m[WebServer] [22mGet error failed: SqliteError: no such column: "notes" - should this be a string literal in single-quotes?
[2m[WebServer] [22m    at Database.prepare [90m(/Users/deepak/Downloads/Projects/StackLens-AI-Deploy/[39mnode_modules/[4mbetter-sqlite3[24m/lib/methods/wrappers.js:5:21[90m)[39m
[2m[WebServer] [22m    at BetterSQLiteSession.prepareQuery [90m(/Users/deepak/Downloads/Projects/StackLens-AI-Deploy/[39mnode_modules/[4msrc[24m/better-sqlite3/session.ts:50:28[90m)[39m
[2m[WebServer] [22m    at BetterSQLiteSession.prepareOneTimeQuery [90m(/Users/deepak/Downloads/Projects/StackLens-AI-Deploy/[39mnode_modules/[4msrc[24m/sqlite-core/session.ts:135:15[90m)[39m
[2m[WebServer] [22m    at SQLiteSelectBase._prepare [90m(/Users/deepak/Downloads/Projects/StackLens-AI-Deploy/[39mnode_modules/[4msrc[24m/sqlite-core/query-builders/select.ts:865:85[90m)[39m
[2m[WebServer] [22m    at SQLiteSelectBase.all [90m(/Users/deepak/Downloads/Projects/StackLens-AI-Deploy/[39mnode_modules/[4msrc[24m/sqlite-core/query-builders/select.ts:884:15[90m)[39m
[2m[WebServer] [22m    at SQLiteSelectBase.execute [90m(/Users/deepak/Downloads/Projects/StackLens-AI-Deploy/[39mnode_modules/[4msrc[24m/sqlite-core/query-builders/select.ts:896:15[90m)[39m
[2m[WebServer] [22m    at SQLiteSelectBase.then [90m(/Users/deepak/Downloads/Projects/StackLens-AI-Deploy/[39mnode_modules/[4msrc[24m/query-promise.ts:31:15[90m)[39m
[2m[WebServer] [22m[90m    at process.processTicksAndRejections (node:internal/process/task_queues:105:5)[39m {
[2m[WebServer] [22m  code: [32m'SQLITE_ERROR'[39m
[2m[WebServer] [22m}
[dotenv@17.2.3] injecting env (0) from .env -- tip: 🗂️ backup and recover secrets: https://dotenvx.com/ops
  ✘   77 [api-tests] › tests/api/comprehensive.test.ts:959:5 › API Tests - Response Format Validation › should return consistent error response format (19ms)
[2m[WebServer] [22mGet errors failed: SqliteError: no such column: error_logs.notes
[2m[WebServer] [22m    at Database.prepare [90m(/Users/deepak/Downloads/Projects/StackLens-AI-Deploy/[39mnode_modules/[4mbetter-sqlite3[24m/lib/methods/wrappers.js:5:21[90m)[39m
[2m[WebServer] [22m    at BetterSQLiteSession.prepareQuery [90m(/Users/deepak/Downloads/Projects/StackLens-AI-Deploy/[39mnode_modules/[4msrc[24m/better-sqlite3/session.ts:50:28[90m)[39m
[2m[WebServer] [22m    at BetterSQLiteSession.prepareOneTimeQuery [90m(/Users/deepak/Downloads/Projects/StackLens-AI-Deploy/[39mnode_modules/[4msrc[24m/sqlite-core/session.ts:135:15[90m)[39m
[2m[WebServer] [22m    at SQLiteSelectBase._prepare [90m(/Users/deepak/Downloads/Projects/StackLens-AI-Deploy/[39mnode_modules/[4msrc[24m/sqlite-core/query-builders/select.ts:865:85[90m)[39m
[2m[WebServer] [22m    at SQLiteSelectBase.all [90m(/Users/deepak/Downloads/Projects/StackLens-AI-Deploy/[39mnode_modules/[4msrc[24m/sqlite-core/query-builders/select.ts:884:15[90m)[39m
[2m[WebServer] [22m    at SQLiteSelectBase.execute [90m(/Users/deepak/Downloads/Projects/StackLens-AI-Deploy/[39mnode_modules/[4msrc[24m/sqlite-core/query-builders/select.ts:896:15[90m)[39m
[2m[WebServer] [22m    at SQLiteSelectBase.then [90m(/Users/deepak/Downloads/Projects/StackLens-AI-Deploy/[39mnode_modules/[4msrc[24m/query-promise.ts:31:15[90m)[39m
[2m[WebServer] [22m[90m    at process.processTicksAndRejections (node:internal/process/task_queues:105:5)[39m {
[2m[WebServer] [22m  code: [32m'SQLITE_ERROR'[39m
[2m[WebServer] [22m}
  ✘   78 [api-tests] › tests/api/comprehensive.test.ts:907:5 › API Tests - Request Validation › should validate required headers (54ms)
[dotenv@17.2.3] injecting env (0) from .env -- tip: 🔐 encrypt with Dotenvx: https://dotenvx.com
[dotenv@17.2.3] injecting env (0) from .env -- tip: 🔐 encrypt with Dotenvx: https://dotenvx.com
[2m[WebServer] [22mGet errors failed: SqliteError: no such column: error_logs.notes
[2m[WebServer] [22m    at Database.prepare [90m(/Users/deepak/Downloads/Projects/StackLens-AI-Deploy/[39mnode_modules/[4mbetter-sqlite3[24m/lib/methods/wrappers.js:5:21[90m)[39m
[2m[WebServer] [22m    at BetterSQLiteSession.prepareQuery [90m(/Users/deepak/Downloads/Projects/StackLens-AI-Deploy/[39mnode_modules/[4msrc[24m/better-sqlite3/session.ts:50:28[90m)[39m
[2m[WebServer] [22m    at BetterSQLiteSession.prepareOneTimeQuery [90m(/Users/deepak/Downloads/Projects/StackLens-AI-Deploy/[39mnode_modules/[4msrc[24m/sqlite-core/session.ts:135:15[90m)[39m
[2m[WebServer] [22m    at SQLiteSelectBase._prepare [90m(/Users/deepak/Downloads/Projects/StackLens-AI-Deploy/[39mnode_modules/[4msrc[24m/sqlite-core/query-builders/select.ts:865:85[90m)[39m
[2m[WebServer] [22m    at SQLiteSelectBase.all [90m(/Users/deepak/Downloads/Projects/StackLens-AI-Deploy/[39mnode_modules/[4msrc[24m/sqlite-core/query-builders/select.ts:884:15[90m)[39m
[2m[WebServer] [22m    at SQLiteSelectBase.execute [90m(/Users/deepak/Downloads/Projects/StackLens-AI-Deploy/[39mnode_modules/[4msrc[24m/sqlite-core/query-builders/select.ts:896:15[90m)[39m
[2m[WebServer] [22m    at SQLiteSelectBase.then [90m(/Users/deepak/Downloads/Projects/StackLens-AI-Deploy/[39mnode_modules/[4msrc[24m/query-promise.ts:31:15[90m)[39m
[2m[WebServer] [22m[90m    at process.processTicksAndRejections (node:internal/process/task_queues:105:5)[39m {
[2m[WebServer] [22m  code: [32m'SQLITE_ERROR'[39m
[2m[WebServer] [22m}
[dotenv@17.2.3] injecting env (0) from .env -- tip: ✅ audit secrets and track compliance: https://dotenvx.com/ops
  ✘   79 [api-tests] › tests/api/comprehensive.test.ts:930:5 › API Tests - Request Validation › should handle special characters in query params (68ms)
[dotenv@17.2.3] injecting env (0) from .env -- tip: ⚙️  enable debug logging with { debug: true }
[2m[WebServer] [22mGet errors failed: SqliteError: no such column: error_logs.notes
[2m[WebServer] [22m    at Database.prepare [90m(/Users/deepak/Downloads/Projects/StackLens-AI-Deploy/[39mnode_modules/[4mbetter-sqlite3[24m/lib/methods/wrappers.js:5:21[90m)[39m
[2m[WebServer] [22m    at BetterSQLiteSession.prepareQuery [90m(/Users/deepak/Downloads/Projects/StackLens-AI-Deploy/[39mnode_modules/[4msrc[24m/better-sqlite3/session.ts:50:28[90m)[39m
[2m[WebServer] [22m    at BetterSQLiteSession.prepareOneTimeQuery [90m(/Users/deepak/Downloads/Projects/StackLens-AI-Deploy/[39mnode_modules/[4msrc[24m/sqlite-core/session.ts:135:15[90m)[39m
[2m[WebServer] [22m    at SQLiteSelectBase._prepare [90m(/Users/deepak/Downloads/Projects/StackLens-AI-Deploy/[39mnode_modules/[4msrc[24m/sqlite-core/query-builders/select.ts:865:85[90m)[39m
[2m[WebServer] [22m    at SQLiteSelectBase.all [90m(/Users/deepak/Downloads/Projects/StackLens-AI-Deploy/[39mnode_modules/[4msrc[24m/sqlite-core/query-builders/select.ts:884:15[90m)[39m
[2m[WebServer] [22m    at SQLiteSelectBase.execute [90m(/Users/deepak/Downloads/Projects/StackLens-AI-Deploy/[39mnode_modules/[4msrc[24m/sqlite-core/query-builders/select.ts:896:15[90m)[39m
[2m[WebServer] [22m    at SQLiteSelectBase.then [90m(/Users/deepak/Downloads/Projects/StackLens-AI-Deploy/[39mnode_modules/[4msrc[24m/query-promise.ts:31:15[90m)[39m
[2m[WebServer] [22m[90m    at process.processTicksAndRejections (node:internal/process/task_queues:105:5)[39m {
[2m[WebServer] [22m  code: [32m'SQLITE_ERROR'[39m
[2m[WebServer] [22m}
  ✓   80 [api-tests] › tests/api/comprehensive.test.ts:941:5 › API Tests - Response Format Validation › should return proper Content-Type headers (54ms)
[2m[WebServer] [22mGet errors failed: SqliteError: no such column: error_logs.notes
[2m[WebServer] [22m    at Database.prepare [90m(/Users/deepak/Downloads/Projects/StackLens-AI-Deploy/[39mnode_modules/[4mbetter-sqlite3[24m/lib/methods/wrappers.js:5:21[90m)[39m
[2m[WebServer] [22m    at BetterSQLiteSession.prepareQuery [90m(/Users/deepak/Downloads/Projects/StackLens-AI-Deploy/[39mnode_modules/[4msrc[24m/better-sqlite3/session.ts:50:28[90m)[39m
[2m[WebServer] [22m    at BetterSQLiteSession.prepareOneTimeQuery [90m(/Users/deepak/Downloads/Projects/StackLens-AI-Deploy/[39mnode_modules/[4msrc[24m/sqlite-core/session.ts:135:15[90m)[39m
[2m[WebServer] [22m    at SQLiteSelectBase._prepare [90m(/Users/deepak/Downloads/Projects/StackLens-AI-Deploy/[39mnode_modules/[4msrc[24m/sqlite-core/query-builders/select.ts:865:85[90m)[39m
[2m[WebServer] [22m    at SQLiteSelectBase.all [90m(/Users/deepak/Downloads/Projects/StackLens-AI-Deploy/[39mnode_modules/[4msrc[24m/sqlite-core/query-builders/select.ts:884:15[90m)[39m
[2m[WebServer] [22m    at SQLiteSelectBase.execute [90m(/Users/deepak/Downloads/Projects/StackLens-AI-Deploy/[39mnode_modules/[4msrc[24m/sqlite-core/query-builders/select.ts:896:15[90m)[39m
[2m[WebServer] [22m    at SQLiteSelectBase.then [90m(/Users/deepak/Downloads/Projects/StackLens-AI-Deploy/[39mnode_modules/[4msrc[24m/query-promise.ts:31:15[90m)[39m
[2m[WebServer] [22m[90m    at process.processTicksAndRejections (node:internal/process/task_queues:105:5)[39m {
[2m[WebServer] [22m  code: [32m'SQLITE_ERROR'[39m
[2m[WebServer] [22m}
  ✓   81 [api-tests] › tests/api/comprehensive.test.ts:948:5 › API Tests - Response Format Validation › should include CORS headers (49ms)
  ✓   83 [api-tests] › tests/api/comprehensive.test.ts:1003:5 › API Tests - Error Handling › should return 404 for non-existent routes (16ms)
  ✓   84 [api-tests] › tests/api/comprehensive.test.ts:1009:5 › API Tests - Error Handling › should handle malformed route parameters (15ms)
[dotenv@17.2.3] injecting env (0) from .env -- tip: ⚙️  specify custom .env file path with { path: '/custom/path/.env' }
  ✘   85 [api-tests] › tests/api/comprehensive.test.ts:1015:5 › API Tests - Error Handling › should provide helpful error messages (17ms)
[2m[WebServer] [22mGet errors failed: SqliteError: no such column: error_logs.notes
[2m[WebServer] [22m    at Database.prepare [90m(/Users/deepak/Downloads/Projects/StackLens-AI-Deploy/[39mnode_modules/[4mbetter-sqlite3[24m/lib/methods/wrappers.js:5:21[90m)[39m
[2m[WebServer] [22m    at BetterSQLiteSession.prepareQuery [90m(/Users/deepak/Downloads/Projects/StackLens-AI-Deploy/[39mnode_modules/[4msrc[24m/better-sqlite3/session.ts:50:28[90m)[39m
[2m[WebServer] [22m    at BetterSQLiteSession.prepareOneTimeQuery [90m(/Users/deepak/Downloads/Projects/StackLens-AI-Deploy/[39mnode_modules/[4msrc[24m/sqlite-core/session.ts:135:15[90m)[39m
[2m[WebServer] [22m    at SQLiteSelectBase._prepare [90m(/Users/deepak/Downloads/Projects/StackLens-AI-Deploy/[39mnode_modules/[4msrc[24m/sqlite-core/query-builders/select.ts:865:85[90m)[39m
[2m[WebServer] [22m    at SQLiteSelectBase.all [90m(/Users/deepak/Downloads/Projects/StackLens-AI-Deploy/[39mnode_modules/[4msrc[24m/sqlite-core/query-builders/select.ts:884:15[90m)[39m
[2m[WebServer] [22m    at SQLiteSelectBase.execute [90m(/Users/deepak/Downloads/Projects/StackLens-AI-Deploy/[39mnode_modules/[4msrc[24m/sqlite-core/query-builders/select.ts:896:15[90m)[39m
[2m[WebServer] [22m    at SQLiteSelectBase.then [90m(/Users/deepak/Downloads/Projects/StackLens-AI-Deploy/[39mnode_modules/[4msrc[24m/query-promise.ts:31:15[90m)[39m
[2m[WebServer] [22m[90m    at process.processTicksAndRejections (node:internal/process/task_queues:105:5)[39m {
[2m[WebServer] [22m  code: [32m'SQLITE_ERROR'[39m
[2m[WebServer] [22m}
[2m[WebServer] [22mGet error failed: SqliteError: no such column: "notes" - should this be a string literal in single-quotes?
[2m[WebServer] [22m    at Database.prepare [90m(/Users/deepak/Downloads/Projects/StackLens-AI-Deploy/[39mnode_modules/[4mbetter-sqlite3[24m/lib/methods/wrappers.js:5:21[90m)[39m
[2m[WebServer] [22m    at BetterSQLiteSession.prepareQuery [90m(/Users/deepak/Downloads/Projects/StackLens-AI-Deploy/[39mnode_modules/[4msrc[24m/better-sqlite3/session.ts:50:28[90m)[39m
[2m[WebServer] [22m    at BetterSQLiteSession.prepareOneTimeQuery [90m(/Users/deepak/Downloads/Projects/StackLens-AI-Deploy/[39mnode_modules/[4msrc[24m/sqlite-core/session.ts:135:15[90m)[39m
[2m[WebServer] [22m    at SQLiteSelectBase._prepare [90m(/Users/deepak/Downloads/Projects/StackLens-AI-Deploy/[39mnode_modules/[4msrc[24m/sqlite-core/query-builders/select.ts:865:85[90m)[39m
[2m[WebServer] [22m    at SQLiteSelectBase.all [90m(/Users/deepak/Downloads/Projects/StackLens-AI-Deploy/[39mnode_modules/[4msrc[24m/sqlite-core/query-builders/select.ts:884:15[90m)[39m
[2m[WebServer] [22m    at SQLiteSelectBase.execute [90m(/Users/deepak/Downloads/Projects/StackLens-AI-Deploy/[39mnode_modules/[4msrc[24m/sqlite-core/query-builders/select.ts:896:15[90m)[39m
[2m[WebServer] [22m    at SQLiteSelectBase.then [90m(/Users/deepak/Downloads/Projects/StackLens-AI-Deploy/[39mnode_modules/[4msrc[24m/query-promise.ts:31:15[90m)[39m
[2m[WebServer] [22m[90m    at process.processTicksAndRejections (node:internal/process/task_queues:105:5)[39m {
[2m[WebServer] [22m  code: [32m'SQLITE_ERROR'[39m
[2m[WebServer] [22m}
  ✘   82 [api-tests] › tests/api/comprehensive.test.ts:969:5 › API Tests - Response Format Validation › should include pagination metadata (55ms)
[2m[WebServer] [22mGet error failed: SqliteError: no such column: "notes" - should this be a string literal in single-quotes?
[2m[WebServer] [22m    at Database.prepare [90m(/Users/deepak/Downloads/Projects/StackLens-AI-Deploy/[39mnode_modules/[4mbetter-sqlite3[24m/lib/methods/wrappers.js:5:21[90m)[39m
[2m[WebServer] [22m    at BetterSQLiteSession.prepareQuery [90m(/Users/deepak/Downloads/Projects/StackLens-AI-Deploy/[39mnode_modules/[4msrc[24m/better-sqlite3/session.ts:50:28[90m)[39m
[2m[WebServer] [22m    at BetterSQLiteSession.prepareOneTimeQuery [90m(/Users/deepak/Downloads/Projects/StackLens-AI-Deploy/[39mnode_modules/[4msrc[24m/sqlite-core/session.ts:135:15[90m)[39m
[2m[WebServer] [22m    at SQLiteSelectBase._prepare [90m(/Users/deepak/Downloads/Projects/StackLens-AI-Deploy/[39mnode_modules/[4msrc[24m/sqlite-core/query-builders/select.ts:865:85[90m)[39m
[2m[WebServer] [22m    at SQLiteSelectBase.all [90m(/Users/deepak/Downloads/Projects/StackLens-AI-Deploy/[39mnode_modules/[4msrc[24m/sqlite-core/query-builders/select.ts:884:15[90m)[39m
[2m[WebServer] [22m    at SQLiteSelectBase.execute [90m(/Users/deepak/Downloads/Projects/StackLens-AI-Deploy/[39mnode_modules/[4msrc[24m/sqlite-core/query-builders/select.ts:896:15[90m)[39m
[2m[WebServer] [22m    at SQLiteSelectBase.then [90m(/Users/deepak/Downloads/Projects/StackLens-AI-Deploy/[39mnode_modules/[4msrc[24m/query-promise.ts:31:15[90m)[39m
[2m[WebServer] [22m[90m    at process.processTicksAndRejections (node:internal/process/task_queues:105:5)[39m {
[2m[WebServer] [22m  code: [32m'SQLITE_ERROR'[39m
[2m[WebServer] [22m}
[2m[WebServer] [22mGet error failed: SqliteError: no such column: "notes" - should this be a string literal in single-quotes?
[2m[WebServer] [22m    at Database.prepare [90m(/Users/deepak/Downloads/Projects/StackLens-AI-Deploy/[39mnode_modules/[4mbetter-sqlite3[24m/lib/methods/wrappers.js:5:21[90m)[39m
[2m[WebServer] [22m    at BetterSQLiteSession.prepareQuery [90m(/Users/deepak/Downloads/Projects/StackLens-AI-Deploy/[39mnode_modules/[4msrc[24m/better-sqlite3/session.ts:50:28[90m)[39m
[2m[WebServer] [22m    at BetterSQLiteSession.prepareOneTimeQuery [90m(/Users/deepak/Downloads/Projects/StackLens-AI-Deploy/[39mnode_modules/[4msrc[24m/sqlite-core/session.ts:135:15[90m)[39m
[2m[WebServer] [22m    at SQLiteSelectBase._prepare [90m(/Users/deepak/Downloads/Projects/StackLens-AI-Deploy/[39mnode_modules/[4msrc[24m/sqlite-core/query-builders/select.ts:865:85[90m)[39m
[2m[WebServer] [22m    at SQLiteSelectBase.all [90m(/Users/deepak/Downloads/Projects/StackLens-AI-Deploy/[39mnode_modules/[4msrc[24m/sqlite-core/query-builders/select.ts:884:15[90m)[39m
[2m[WebServer] [22m    at SQLiteSelectBase.execute [90m(/Users/deepak/Downloads/Projects/StackLens-AI-Deploy/[39mnode_modules/[4msrc[24m/sqlite-core/query-builders/select.ts:896:15[90m)[39m
[2m[WebServer] [22m    at SQLiteSelectBase.then [90m(/Users/deepak/Downloads/Projects/StackLens-AI-Deploy/[39mnode_modules/[4msrc[24m/query-promise.ts:31:15[90m)[39m
[2m[WebServer] [22m[90m    at process.processTicksAndRejections (node:internal/process/task_queues:105:5)[39m {
[2m[WebServer] [22m  code: [32m'SQLITE_ERROR'[39m
[2m[WebServer] [22m}
[2m[WebServer] [22mGet error failed: SqliteError: no such column: "notes" - should this be a string literal in single-quotes?
[2m[WebServer] [22m    at Database.prepare [90m(/Users/deepak/Downloads/Projects/StackLens-AI-Deploy/[39mnode_modules/[4mbetter-sqlite3[24m/lib/methods/wrappers.js:5:21[90m)[39m
[2m[WebServer] [22m    at BetterSQLiteSession.prepareQuery [90m(/Users/deepak/Downloads/Projects/StackLens-AI-Deploy/[39mnode_modules/[4msrc[24m/better-sqlite3/session.ts:50:28[90m)[39m
[2m[WebServer] [22m    at BetterSQLiteSession.prepareOneTimeQuery [90m(/Users/deepak/Downloads/Projects/StackLens-AI-Deploy/[39mnode_modules/[4msrc[24m/sqlite-core/session.ts:135:15[90m)[39m
[2m[WebServer] [22m    at SQLiteSelectBase._prepare [90m(/Users/deepak/Downloads/Projects/StackLens-AI-Deploy/[39mnode_modules/[4msrc[24m/sqlite-core/query-builders/select.ts:865:85[90m)[39m
[2m[WebServer] [22m    at SQLiteSelectBase.all [90m(/Users/deepak/Downloads/Projects/StackLens-AI-Deploy/[39mnode_modules/[4msrc[24m/sqlite-core/query-builders/select.ts:884:15[90m)[39m
[2m[WebServer] [22m    at SQLiteSelectBase.execute [90m(/Users/deepak/Downloads/Projects/StackLens-AI-Deploy/[39mnode_modules/[4msrc[24m/sqlite-core/query-builders/select.ts:896:15[90m)[39m
[2m[WebServer] [22m    at SQLiteSelectBase.then [90m(/Users/deepak/Downloads/Projects/StackLens-AI-Deploy/[39mnode_modules/[4msrc[24m/query-promise.ts:31:15[90m)[39m
[2m[WebServer] [22m[90m    at process.processTicksAndRejections (node:internal/process/task_queues:105:5)[39m {
[2m[WebServer] [22m  code: [32m'SQLITE_ERROR'[39m
[2m[WebServer] [22m}
[2m[WebServer] [22mGet error failed: SqliteError: no such column: "notes" - should this be a string literal in single-quotes?
[2m[WebServer] [22m    at Database.prepare [90m(/Users/deepak/Downloads/Projects/StackLens-AI-Deploy/[39mnode_modules/[4mbetter-sqlite3[24m/lib/methods/wrappers.js:5:21[90m)[39m
[2m[WebServer] [22m    at BetterSQLiteSession.prepareQuery [90m(/Users/deepak/Downloads/Projects/StackLens-AI-Deploy/[39mnode_modules/[4msrc[24m/better-sqlite3/session.ts:50:28[90m)[39m
[2m[WebServer] [22m    at BetterSQLiteSession.prepareOneTimeQuery [90m(/Users/deepak/Downloads/Projects/StackLens-AI-Deploy/[39mnode_modules/[4msrc[24m/sqlite-core/session.ts:135:15[90m)[39m
[2m[WebServer] [22m    at SQLiteSelectBase._prepare [90m(/Users/deepak/Downloads/Projects/StackLens-AI-Deploy/[39mnode_modules/[4msrc[24m/sqlite-core/query-builders/select.ts:865:85[90m)[39m
[2m[WebServer] [22m    at SQLiteSelectBase.all [90m(/Users/deepak/Downloads/Projects/StackLens-AI-Deploy/[39mnode_modules/[4msrc[24m/sqlite-core/query-builders/select.ts:884:15[90m)[39m
[2m[WebServer] [22m    at SQLiteSelectBase.execute [90m(/Users/deepak/Downloads/Projects/StackLens-AI-Deploy/[39mnode_modules/[4msrc[24m/sqlite-core/query-builders/select.ts:896:15[90m)[39m
[2m[WebServer] [22m    at SQLiteSelectBase.then [90m(/Users/deepak/Downloads/Projects/StackLens-AI-Deploy/[39mnode_modules/[4msrc[24m/query-promise.ts:31:15[90m)[39m
[2m[WebServer] [22m[90m    at process.processTicksAndRejections (node:internal/process/task_queues:105:5)[39m {
[2m[WebServer] [22m  code: [32m'SQLITE_ERROR'[39m
[2m[WebServer] [22m}
[2m[WebServer] [22mGet error failed: SqliteError: no such column: "notes" - should this be a string literal in single-quotes?
[2m[WebServer] [22m    at Database.prepare [90m(/Users/deepak/Downloads/Projects/StackLens-AI-Deploy/[39mnode_modules/[4mbetter-sqlite3[24m/lib/methods/wrappers.js:5:21[90m)[39m
[2m[WebServer] [22m    at BetterSQLiteSession.prepareQuery [90m(/Users/deepak/Downloads/Projects/StackLens-AI-Deploy/[39mnode_modules/[4msrc[24m/better-sqlite3/session.ts:50:28[90m)[39m
[2m[WebServer] [22m    at BetterSQLiteSession.prepareOneTimeQuery [90m(/Users/deepak/Downloads/Projects/StackLens-AI-Deploy/[39mnode_modules/[4msrc[24m/sqlite-core/session.ts:135:15[90m)[39m
[2m[WebServer] [22m    at SQLiteSelectBase._prepare [90m(/Users/deepak/Downloads/Projects/StackLens-AI-Deploy/[39mnode_modules/[4msrc[24m/sqlite-core/query-builders/select.ts:865:85[90m)[39m
[2m[WebServer] [22m    at SQLiteSelectBase.all [90m(/Users/deepak/Downloads/Projects/StackLens-AI-Deploy/[39mnode_modules/[4msrc[24m/sqlite-core/query-builders/select.ts:884:15[90m)[39m
[2m[WebServer] [22m    at SQLiteSelectBase.execute [90m(/Users/deepak/Downloads/Projects/StackLens-AI-Deploy/[39mnode_modules/[4msrc[24m/sqlite-core/query-builders/select.ts:896:15[90m)[39m
[2m[WebServer] [22m    at SQLiteSelectBase.then [90m(/Users/deepak/Downloads/Projects/StackLens-AI-Deploy/[39mnode_modules/[4msrc[24m/query-promise.ts:31:15[90m)[39m
[2m[WebServer] [22m[90m    at process.processTicksAndRejections (node:internal/process/task_queues:105:5)[39m {
[2m[WebServer] [22m  code: [32m'SQLITE_ERROR'[39m
[2m[WebServer] [22m}
[2m[WebServer] [22mGet error failed: SqliteError: no such column: "notes" - should this be a string literal in single-quotes?
[2m[WebServer] [22m    at Database.prepare [90m(/Users/deepak/Downloads/Projects/StackLens-AI-Deploy/[39mnode_modules/[4mbetter-sqlite3[24m/lib/methods/wrappers.js:5:21[90m)[39m
[2m[WebServer] [22m    at BetterSQLiteSession.prepareQuery [90m(/Users/deepak/Downloads/Projects/StackLens-AI-Deploy/[39mnode_modules/[4msrc[24m/better-sqlite3/session.ts:50:28[90m)[39m
[2m[WebServer] [22m    at BetterSQLiteSession.prepareOneTimeQuery [90m(/Users/deepak/Downloads/Projects/StackLens-AI-Deploy/[39mnode_modules/[4msrc[24m/sqlite-core/session.ts:135:15[90m)[39m
[2m[WebServer] [22m    at SQLiteSelectBase._prepare [90m(/Users/deepak/Downloads/Projects/StackLens-AI-Deploy/[39mnode_modules/[4msrc[24m/sqlite-core/query-builders/select.ts:865:85[90m)[39m
[2m[WebServer] [22m    at SQLiteSelectBase.all [90m(/Users/deepak/Downloads/Projects/StackLens-AI-Deploy/[39mnode_modules/[4msrc[24m/sqlite-core/query-builders/select.ts:884:15[90m)[39m
[2m[WebServer] [22m    at SQLiteSelectBase.execute [90m(/Users/deepak/Downloads/Projects/StackLens-AI-Deploy/[39mnode_modules/[4msrc[24m/sqlite-core/query-builders/select.ts:896:15[90m)[39m
[2m[WebServer] [22m    at SQLiteSelectBase.then [90m(/Users/deepak/Downloads/Projects/StackLens-AI-Deploy/[39mnode_modules/[4msrc[24m/query-promise.ts:31:15[90m)[39m
[2m[WebServer] [22m[90m    at process.processTicksAndRejections (node:internal/process/task_queues:105:5)[39m {
[2m[WebServer] [22m  code: [32m'SQLITE_ERROR'[39m
[2m[WebServer] [22m}
[2m[WebServer] [22mGet error failed: SqliteError: no such column: "notes" - should this be a string literal in single-quotes?
[2m[WebServer] [22m    at Database.prepare [90m(/Users/deepak/Downloads/Projects/StackLens-AI-Deploy/[39mnode_modules/[4mbetter-sqlite3[24m/lib/methods/wrappers.js:5:21[90m)[39m
[2m[WebServer] [22m    at BetterSQLiteSession.prepareQuery [90m(/Users/deepak/Downloads/Projects/StackLens-AI-Deploy/[39mnode_modules/[4msrc[24m/better-sqlite3/session.ts:50:28[90m)[39m
[2m[WebServer] [22m    at BetterSQLiteSession.prepareOneTimeQuery [90m(/Users/deepak/Downloads/Projects/StackLens-AI-Deploy/[39mnode_modules/[4msrc[24m/sqlite-core/session.ts:135:15[90m)[39m
[2m[WebServer] [22m    at SQLiteSelectBase._prepare [90m(/Users/deepak/Downloads/Projects/StackLens-AI-Deploy/[39mnode_modules/[4msrc[24m/sqlite-core/query-builders/select.ts:865:85[90m)[39m
[2m[WebServer] [22m    at SQLiteSelectBase.all [90m(/Users/deepak/Downloads/Projects/StackLens-AI-Deploy/[39mnode_modules/[4msrc[24m/sqlite-core/query-builders/select.ts:884:15[90m)[39m
[2m[WebServer] [22m    at SQLiteSelectBase.execute [90m(/Users/deepak/Downloads/Projects/StackLens-AI-Deploy/[39mnode_modules/[4msrc[24m/sqlite-core/query-builders/select.ts:896:15[90m)[39m
[2m[WebServer] [22m    at SQLiteSelectBase.then [90m(/Users/deepak/Downloads/Projects/StackLens-AI-Deploy/[39mnode_modules/[4msrc[24m/query-promise.ts:31:15[90m)[39m
[2m[WebServer] [22m[90m    at process.processTicksAndRejections (node:internal/process/task_queues:105:5)[39m {
[2m[WebServer] [22m  code: [32m'SQLITE_ERROR'[39m
[2m[WebServer] [22m}
[2m[WebServer] [22mGet error failed: SqliteError: no such column: "notes" - should this be a string literal in single-quotes?
[2m[WebServer] [22m    at Database.prepare [90m(/Users/deepak/Downloads/Projects/StackLens-AI-Deploy/[39mnode_modules/[4mbetter-sqlite3[24m/lib/methods/wrappers.js:5:21[90m)[39m
[2m[WebServer] [22m    at BetterSQLiteSession.prepareQuery [90m(/Users/deepak/Downloads/Projects/StackLens-AI-Deploy/[39mnode_modules/[4msrc[24m/better-sqlite3/session.ts:50:28[90m)[39m
[2m[WebServer] [22m    at BetterSQLiteSession.prepareOneTimeQuery [90m(/Users/deepak/Downloads/Projects/StackLens-AI-Deploy/[39mnode_modules/[4msrc[24m/sqlite-core/session.ts:135:15[90m)[39m
[2m[WebServer] [22m    at SQLiteSelectBase._prepare [90m(/Users/deepak/Downloads/Projects/StackLens-AI-Deploy/[39mnode_modules/[4msrc[24m/sqlite-core/query-builders/select.ts:865:85[90m)[39m
[2m[WebServer] [22m    at SQLiteSelectBase.all [90m(/Users/deepak/Downloads/Projects/StackLens-AI-Deploy/[39mnode_modules/[4msrc[24m/sqlite-core/query-builders/select.ts:884:15[90m)[39m
[2m[WebServer] [22m    at SQLiteSelectBase.execute [90m(/Users/deepak/Downloads/Projects/StackLens-AI-Deploy/[39mnode_modules/[4msrc[24m/sqlite-core/query-builders/select.ts:896:15[90m)[39m
[2m[WebServer] [22m    at SQLiteSelectBase.then [90m(/Users/deepak/Downloads/Projects/StackLens-AI-Deploy/[39mnode_modules/[4msrc[24m/query-promise.ts:31:15[90m)[39m
[2m[WebServer] [22m[90m    at process.processTicksAndRejections (node:internal/process/task_queues:105:5)[39m {
[2m[WebServer] [22m  code: [32m'SQLITE_ERROR'[39m
[2m[WebServer] [22m}
[2m[WebServer] [22mGet error failed: SqliteError: no such column: "notes" - should this be a string literal in single-quotes?
[2m[WebServer] [22m    at Database.prepare [90m(/Users/deepak/Downloads/Projects/StackLens-AI-Deploy/[39mnode_modules/[4mbetter-sqlite3[24m/lib/methods/wrappers.js:5:21[90m)[39m
[2m[WebServer] [22m    at BetterSQLiteSession.prepareQuery [90m(/Users/deepak/Downloads/Projects/StackLens-AI-Deploy/[39mnode_modules/[4msrc[24m/better-sqlite3/session.ts:50:28[90m)[39m
[2m[WebServer] [22m    at BetterSQLiteSession.prepareOneTimeQuery [90m(/Users/deepak/Downloads/Projects/StackLens-AI-Deploy/[39mnode_modules/[4msrc[24m/sqlite-core/session.ts:135:15[90m)[39m
[2m[WebServer] [22m    at SQLiteSelectBase._prepare [90m(/Users/deepak/Downloads/Projects/StackLens-AI-Deploy/[39mnode_modules/[4msrc[24m/sqlite-core/query-builders/select.ts:865:85[90m)[39m
[2m[WebServer] [22m    at SQLiteSelectBase.all [90m(/Users/deepak/Downloads/Projects/StackLens-AI-Deploy/[39mnode_modules/[4msrc[24m/sqlite-core/query-builders/select.ts:884:15[90m)[39m
[2m[WebServer] [22m    at SQLiteSelectBase.execute [90m(/Users/deepak/Downloads/Projects/StackLens-AI-Deploy/[39mnode_modules/[4msrc[24m/sqlite-core/query-builders/select.ts:896:15[90m)[39m
[2m[WebServer] [22m    at SQLiteSelectBase.then [90m(/Users/deepak/Downloads/Projects/StackLens-AI-Deploy/[39mnode_modules/[4msrc[24m/query-promise.ts:31:15[90m)[39m
[2m[WebServer] [22m[90m    at process.processTicksAndRejections (node:internal/process/task_queues:105:5)[39m {
[2m[WebServer] [22m  code: [32m'SQLITE_ERROR'[39m
[2m[WebServer] [22m}
[2m[WebServer] [22mGet error failed: SqliteError: no such column: "notes" - should this be a string literal in single-quotes?
[2m[WebServer] [22m    at Database.prepare [90m(/Users/deepak/Downloads/Projects/StackLens-AI-Deploy/[39mnode_modules/[4mbetter-sqlite3[24m/lib/methods/wrappers.js:5:21[90m)[39m
[2m[WebServer] [22m    at BetterSQLiteSession.prepareQuery [90m(/Users/deepak/Downloads/Projects/StackLens-AI-Deploy/[39mnode_modules/[4msrc[24m/better-sqlite3/session.ts:50:28[90m)[39m
[2m[WebServer] [22m    at BetterSQLiteSession.prepareOneTimeQuery [90m(/Users/deepak/Downloads/Projects/StackLens-AI-Deploy/[39mnode_modules/[4msrc[24m/sqlite-core/session.ts:135:15[90m)[39m
[2m[WebServer] [22m    at SQLiteSelectBase._prepare [90m(/Users/deepak/Downloads/Projects/StackLens-AI-Deploy/[39mnode_modules/[4msrc[24m/sqlite-core/query-builders/select.ts:865:85[90m)[39m
[2m[WebServer] [22m    at SQLiteSelectBase.all [90m(/Users/deepak/Downloads/Projects/StackLens-AI-Deploy/[39mnode_modules/[4msrc[24m/sqlite-core/query-builders/select.ts:884:15[90m)[39m
[2m[WebServer] [22m    at SQLiteSelectBase.execute [90m(/Users/deepak/Downloads/Projects/StackLens-AI-Deploy/[39mnode_modules/[4msrc[24m/sqlite-core/query-builders/select.ts:896:15[90m)[39m
[2m[WebServer] [22m    at SQLiteSelectBase.then [90m(/Users/deepak/Downloads/Projects/StackLens-AI-Deploy/[39mnode_modules/[4msrc[24m/query-promise.ts:31:15[90m)[39m
[2m[WebServer] [22m[90m    at process.processTicksAndRejections (node:internal/process/task_queues:105:5)[39m {
[2m[WebServer] [22m  code: [32m'SQLITE_ERROR'[39m
[2m[WebServer] [22m}
[2m[WebServer] [22mGet error failed: SqliteError: no such column: "notes" - should this be a string literal in single-quotes?
[2m[WebServer] [22m    at Database.prepare [90m(/Users/deepak/Downloads/Projects/StackLens-AI-Deploy/[39mnode_modules/[4mbetter-sqlite3[24m/lib/methods/wrappers.js:5:21[90m)[39m
[2m[WebServer] [22m    at BetterSQLiteSession.prepareQuery [90m(/Users/deepak/Downloads/Projects/StackLens-AI-Deploy/[39mnode_modules/[4msrc[24m/better-sqlite3/session.ts:50:28[90m)[39m
[2m[WebServer] [22m    at BetterSQLiteSession.prepareOneTimeQuery [90m(/Users/deepak/Downloads/Projects/StackLens-AI-Deploy/[39mnode_modules/[4msrc[24m/sqlite-core/session.ts:135:15[90m)[39m
[2m[WebServer] [22m    at SQLiteSelectBase._prepare [90m(/Users/deepak/Downloads/Projects/StackLens-AI-Deploy/[39mnode_modules/[4msrc[24m/sqlite-core/query-builders/select.ts:865:85[90m)[39m
[2m[WebServer] [22m    at SQLiteSelectBase.all [90m(/Users/deepak/Downloads/Projects/StackLens-AI-Deploy/[39mnode_modules/[4msrc[24m/sqlite-core/query-builders/select.ts:884:15[90m)[39m
[2m[WebServer] [22m    at SQLiteSelectBase.execute [90m(/Users/deepak/Downloads/Projects/StackLens-AI-Deploy/[39mnode_modules/[4msrc[24m/sqlite-core/query-builders/select.ts:896:15[90m)[39m
[2m[WebServer] [22m    at SQLiteSelectBase.then [90m(/Users/deepak/Downloads/Projects/StackLens-AI-Deploy/[39mnode_modules/[4msrc[24m/query-promise.ts:31:15[90m)[39m
[2m[WebServer] [22m[90m    at process.processTicksAndRejections (node:internal/process/task_queues:105:5)[39m {
[2m[WebServer] [22m  code: [32m'SQLITE_ERROR'[39m
[2m[WebServer] [22m}
[2m[WebServer] [22mGet error failed: SqliteError: no such column: "notes" - should this be a string literal in single-quotes?
[2m[WebServer] [22m    at Database.prepare [90m(/Users/deepak/Downloads/Projects/StackLens-AI-Deploy/[39mnode_modules/[4mbetter-sqlite3[24m/lib/methods/wrappers.js:5:21[90m)[39m
[2m[WebServer] [22m    at BetterSQLiteSession.prepareQuery [90m(/Users/deepak/Downloads/Projects/StackLens-AI-Deploy/[39mnode_modules/[4msrc[24m/better-sqlite3/session.ts:50:28[90m)[39m
[2m[WebServer] [22m    at BetterSQLiteSession.prepareOneTimeQuery [90m(/Users/deepak/Downloads/Projects/StackLens-AI-Deploy/[39mnode_modules/[4msrc[24m/sqlite-core/session.ts:135:15[90m)[39m
[2m[WebServer] [22m    at SQLiteSelectBase._prepare [90m(/Users/deepak/Downloads/Projects/StackLens-AI-Deploy/[39mnode_modules/[4msrc[24m/sqlite-core/query-builders/select.ts:865:85[90m)[39m
[2m[WebServer] [22m    at SQLiteSelectBase.all [90m(/Users/deepak/Downloads/Projects/StackLens-AI-Deploy/[39mnode_modules/[4msrc[24m/sqlite-core/query-builders/select.ts:884:15[90m)[39m
[2m[WebServer] [22m    at SQLiteSelectBase.execute [90m(/Users/deepak/Downloads/Projects/StackLens-AI-Deploy/[39mnode_modules/[4msrc[24m/sqlite-core/query-builders/select.ts:896:15[90m)[39m
[2m[WebServer] [22m    at SQLiteSelectBase.then [90m(/Users/deepak/Downloads/Projects/StackLens-AI-Deploy/[39mnode_modules/[4msrc[24m/query-promise.ts:31:15[90m)[39m
[2m[WebServer] [22m[90m    at process.processTicksAndRejections (node:internal/process/task_queues:105:5)[39m {
[2m[WebServer] [22m  code: [32m'SQLITE_ERROR'[39m
[2m[WebServer] [22m}
[2m[WebServer] [22mGet error failed: SqliteError: no such column: "notes" - should this be a string literal in single-quotes?
[2m[WebServer] [22m    at Database.prepare [90m(/Users/deepak/Downloads/Projects/StackLens-AI-Deploy/[39mnode_modules/[4mbetter-sqlite3[24m/lib/methods/wrappers.js:5:21[90m)[39m
[2m[WebServer] [22m    at BetterSQLiteSession.prepareQuery [90m(/Users/deepak/Downloads/Projects/StackLens-AI-Deploy/[39mnode_modules/[4msrc[24m/better-sqlite3/session.ts:50:28[90m)[39m
[2m[WebServer] [22m    at BetterSQLiteSession.prepareOneTimeQuery [90m(/Users/deepak/Downloads/Projects/StackLens-AI-Deploy/[39mnode_modules/[4msrc[24m/sqlite-core/session.ts:135:15[90m)[39m
[2m[WebServer] [22m    at SQLiteSelectBase._prepare [90m(/Users/deepak/Downloads/Projects/StackLens-AI-Deploy/[39mnode_modules/[4msrc[24m/sqlite-core/query-builders/select.ts:865:85[90m)[39m
[2m[WebServer] [22m    at SQLiteSelectBase.all [90m(/Users/deepak/Downloads/Projects/StackLens-AI-Deploy/[39mnode_modules/[4msrc[24m/sqlite-core/query-builders/select.ts:884:15[90m)[39m
[2m[WebServer] [22m    at SQLiteSelectBase.execute [90m(/Users/deepak/Downloads/Projects/StackLens-AI-Deploy/[39mnode_modules/[4msrc[24m/sqlite-core/query-builders/select.ts:896:15[90m)[39m
[2m[WebServer] [22m    at SQLiteSelectBase.then [90m(/Users/deepak/Downloads/Projects/StackLens-AI-Deploy/[39mnode_modules/[4msrc[24m/query-promise.ts:31:15[90m)[39m
[2m[WebServer] [22m[90m    at process.processTicksAndRejections (node:internal/process/task_queues:105:5)[39m {
[2m[WebServer] [22m  code: [32m'SQLITE_ERROR'[39m
[2m[WebServer] [22m}
[2m[WebServer] [22mGet error failed: SqliteError: no such column: "notes" - should this be a string literal in single-quotes?
[2m[WebServer] [22m    at Database.prepare [90m(/Users/deepak/Downloads/Projects/StackLens-AI-Deploy/[39mnode_modules/[4mbetter-sqlite3[24m/lib/methods/wrappers.js:5:21[90m)[39m
[2m[WebServer] [22m    at BetterSQLiteSession.prepareQuery [90m(/Users/deepak/Downloads/Projects/StackLens-AI-Deploy/[39mnode_modules/[4msrc[24m/better-sqlite3/session.ts:50:28[90m)[39m
[2m[WebServer] [22m    at BetterSQLiteSession.prepareOneTimeQuery [90m(/Users/deepak/Downloads/Projects/StackLens-AI-Deploy/[39mnode_modules/[4msrc[24m/sqlite-core/session.ts:135:15[90m)[39m
[2m[WebServer] [22m    at SQLiteSelectBase._prepare [90m(/Users/deepak/Downloads/Projects/StackLens-AI-Deploy/[39mnode_modules/[4msrc[24m/sqlite-core/query-builders/select.ts:865:85[90m)[39m
[2m[WebServer] [22m    at SQLiteSelectBase.all [90m(/Users/deepak/Downloads/Projects/StackLens-AI-Deploy/[39mnode_modules/[4msrc[24m/sqlite-core/query-builders/select.ts:884:15[90m)[39m
[2m[WebServer] [22m    at SQLiteSelectBase.execute [90m(/Users/deepak/Downloads/Projects/StackLens-AI-Deploy/[39mnode_modules/[4msrc[24m/sqlite-core/query-builders/select.ts:896:15[90m)[39m
[2m[WebServer] [22m    at SQLiteSelectBase.then [90m(/Users/deepak/Downloads/Projects/StackLens-AI-Deploy/[39mnode_modules/[4msrc[24m/query-promise.ts:31:15[90m)[39m
[2m[WebServer] [22m[90m    at process.processTicksAndRejections (node:internal/process/task_queues:105:5)[39m {
[2m[WebServer] [22m  code: [32m'SQLITE_ERROR'[39m
[2m[WebServer] [22m}
[2m[WebServer] [22mGet error failed: SqliteError: no such column: "notes" - should this be a string literal in single-quotes?
[2m[WebServer] [22m    at Database.prepare [90m(/Users/deepak/Downloads/Projects/StackLens-AI-Deploy/[39mnode_modules/[4mbetter-sqlite3[24m/lib/methods/wrappers.js:5:21[90m)[39m
[2m[WebServer] [22m    at BetterSQLiteSession.prepareQuery [90m(/Users/deepak/Downloads/Projects/StackLens-AI-Deploy/[39mnode_modules/[4msrc[24m/better-sqlite3/session.ts:50:28[90m)[39m
[2m[WebServer] [22m    at BetterSQLiteSession.prepareOneTimeQuery [90m(/Users/deepak/Downloads/Projects/StackLens-AI-Deploy/[39mnode_modules/[4msrc[24m/sqlite-core/session.ts:135:15[90m)[39m
[2m[WebServer] [22m    at SQLiteSelectBase._prepare [90m(/Users/deepak/Downloads/Projects/StackLens-AI-Deploy/[39mnode_modules/[4msrc[24m/sqlite-core/query-builders/select.ts:865:85[90m)[39m
[2m[WebServer] [22m    at SQLiteSelectBase.all [90m(/Users/deepak/Downloads/Projects/StackLens-AI-Deploy/[39mnode_modules/[4msrc[24m/sqlite-core/query-builders/select.ts:884:15[90m)[39m
[2m[WebServer] [22m    at SQLiteSelectBase.execute [90m(/Users/deepak/Downloads/Projects/StackLens-AI-Deploy/[39mnode_modules/[4msrc[24m/sqlite-core/query-builders/select.ts:896:15[90m)[39m
[2m[WebServer] [22m    at SQLiteSelectBase.then [90m(/Users/deepak/Downloads/Projects/StackLens-AI-Deploy/[39mnode_modules/[4msrc[24m/query-promise.ts:31:15[90m)[39m
[2m[WebServer] [22m[90m    at process.processTicksAndRejections (node:internal/process/task_queues:105:5)[39m {
[2m[WebServer] [22m  code: [32m'SQLITE_ERROR'[39m
[2m[WebServer] [22m}
[2m[WebServer] [22mGet error failed: SqliteError: no such column: "notes" - should this be a string literal in single-quotes?
[2m[WebServer] [22m    at Database.prepare [90m(/Users/deepak/Downloads/Projects/StackLens-AI-Deploy/[39mnode_modules/[4mbetter-sqlite3[24m/lib/methods/wrappers.js:5:21[90m)[39m
[2m[WebServer] [22m    at BetterSQLiteSession.prepareQuery [90m(/Users/deepak/Downloads/Projects/StackLens-AI-Deploy/[39mnode_modules/[4msrc[24m/better-sqlite3/session.ts:50:28[90m)[39m
[2m[WebServer] [22m    at BetterSQLiteSession.prepareOneTimeQuery [90m(/Users/deepak/Downloads/Projects/StackLens-AI-Deploy/[39mnode_modules/[4msrc[24m/sqlite-core/session.ts:135:15[90m)[39m
[2m[WebServer] [22m    at SQLiteSelectBase._prepare [90m(/Users/deepak/Downloads/Projects/StackLens-AI-Deploy/[39mnode_modules/[4msrc[24m/sqlite-core/query-builders/select.ts:865:85[90m)[39m
[2m[WebServer] [22m    at SQLiteSelectBase.all [90m(/Users/deepak/Downloads/Projects/StackLens-AI-Deploy/[39mnode_modules/[4msrc[24m/sqlite-core/query-builders/select.ts:884:15[90m)[39m
[2m[WebServer] [22m    at SQLiteSelectBase.execute [90m(/Users/deepak/Downloads/Projects/StackLens-AI-Deploy/[39mnode_modules/[4msrc[24m/sqlite-core/query-builders/select.ts:896:15[90m)[39m
[2m[WebServer] [22m    at SQLiteSelectBase.then [90m(/Users/deepak/Downloads/Projects/StackLens-AI-Deploy/[39mnode_modules/[4msrc[24m/query-promise.ts:31:15[90m)[39m
[2m[WebServer] [22m[90m    at process.processTicksAndRejections (node:internal/process/task_queues:105:5)[39m {
[2m[WebServer] [22m  code: [32m'SQLITE_ERROR'[39m
[2m[WebServer] [22m}
[2m[WebServer] [22mGet error failed: SqliteError: no such column: "notes" - should this be a string literal in single-quotes?
[2m[WebServer] [22m    at Database.prepare [90m(/Users/deepak/Downloads/Projects/StackLens-AI-Deploy/[39mnode_modules/[4mbetter-sqlite3[24m/lib/methods/wrappers.js:5:21[90m)[39m
[2m[WebServer] [22m    at BetterSQLiteSession.prepareQuery [90m(/Users/deepak/Downloads/Projects/StackLens-AI-Deploy/[39mnode_modules/[4msrc[24m/better-sqlite3/session.ts:50:28[90m)[39m
[2m[WebServer] [22m    at BetterSQLiteSession.prepareOneTimeQuery [90m(/Users/deepak/Downloads/Projects/StackLens-AI-Deploy/[39mnode_modules/[4msrc[24m/sqlite-core/session.ts:135:15[90m)[39m
[2m[WebServer] [22m    at SQLiteSelectBase._prepare [90m(/Users/deepak/Downloads/Projects/StackLens-AI-Deploy/[39mnode_modules/[4msrc[24m/sqlite-core/query-builders/select.ts:865:85[90m)[39m
[2m[WebServer] [22m    at SQLiteSelectBase.all [90m(/Users/deepak/Downloads/Projects/StackLens-AI-Deploy/[39mnode_modules/[4msrc[24m/sqlite-core/query-builders/select.ts:884:15[90m)[39m
[2m[WebServer] [22m    at SQLiteSelectBase.execute [90m(/Users/deepak/Downloads/Projects/StackLens-AI-Deploy/[39mnode_modules/[4msrc[24m/sqlite-core/query-builders/select.ts:896:15[90m)[39m
[2m[WebServer] [22m    at SQLiteSelectBase.then [90m(/Users/deepak/Downloads/Projects/StackLens-AI-Deploy/[39mnode_modules/[4msrc[24m/query-promise.ts:31:15[90m)[39m
[2m[WebServer] [22m[90m    at process.processTicksAndRejections (node:internal/process/task_queues:105:5)[39m {
[2m[WebServer] [22m  code: [32m'SQLITE_ERROR'[39m
[2m[WebServer] [22m}
[2m[WebServer] [22mGet error failed: SqliteError: no such column: "notes" - should this be a string literal in single-quotes?
[2m[WebServer] [22m    at Database.prepare [90m(/Users/deepak/Downloads/Projects/StackLens-AI-Deploy/[39mnode_modules/[4mbetter-sqlite3[24m/lib/methods/wrappers.js:5:21[90m)[39m
[2m[WebServer] [22m    at BetterSQLiteSession.prepareQuery [90m(/Users/deepak/Downloads/Projects/StackLens-AI-Deploy/[39mnode_modules/[4msrc[24m/better-sqlite3/session.ts:50:28[90m)[39m
[2m[WebServer] [22m    at BetterSQLiteSession.prepareOneTimeQuery [90m(/Users/deepak/Downloads/Projects/StackLens-AI-Deploy/[39mnode_modules/[4msrc[24m/sqlite-core/session.ts:135:15[90m)[39m
[2m[WebServer] [22m    at SQLiteSelectBase._prepare [90m(/Users/deepak/Downloads/Projects/StackLens-AI-Deploy/[39mnode_modules/[4msrc[24m/sqlite-core/query-builders/select.ts:865:85[90m)[39m
[2m[WebServer] [22m    at SQLiteSelectBase.all [90m(/Users/deepak/Downloads/Projects/StackLens-AI-Deploy/[39mnode_modules/[4msrc[24m/sqlite-core/query-builders/select.ts:884:15[90m)[39m
[2m[WebServer] [22m    at SQLiteSelectBase.execute [90m(/Users/deepak/Downloads/Projects/StackLens-AI-Deploy/[39mnode_modules/[4msrc[24m/sqlite-core/query-builders/select.ts:896:15[90m)[39m
[2m[WebServer] [22m    at SQLiteSelectBase.then [90m(/Users/deepak/Downloads/Projects/StackLens-AI-Deploy/[39mnode_modules/[4msrc[24m/query-promise.ts:31:15[90m)[39m
[2m[WebServer] [22m[90m    at process.processTicksAndRejections (node:internal/process/task_queues:105:5)[39m {
[2m[WebServer] [22m  code: [32m'SQLITE_ERROR'[39m
[2m[WebServer] [22m}
[2m[WebServer] [22mGet error failed: SqliteError: no such column: "notes" - should this be a string literal in single-quotes?
[2m[WebServer] [22m    at Database.prepare [90m(/Users/deepak/Downloads/Projects/StackLens-AI-Deploy/[39mnode_modules/[4mbetter-sqlite3[24m/lib/methods/wrappers.js:5:21[90m)[39m
[2m[WebServer] [22m    at BetterSQLiteSession.prepareQuery [90m(/Users/deepak/Downloads/Projects/StackLens-AI-Deploy/[39mnode_modules/[4msrc[24m/better-sqlite3/session.ts:50:28[90m)[39m
[2m[WebServer] [22m    at BetterSQLiteSession.prepareOneTimeQuery [90m(/Users/deepak/Downloads/Projects/StackLens-AI-Deploy/[39mnode_modules/[4msrc[24m/sqlite-core/session.ts:135:15[90m)[39m
[2m[WebServer] [22m    at SQLiteSelectBase._prepare [90m(/Users/deepak/Downloads/Projects/StackLens-AI-Deploy/[39mnode_modules/[4msrc[24m/sqlite-core/query-builders/select.ts:865:85[90m)[39m
[2m[WebServer] [22m    at SQLiteSelectBase.all [90m(/Users/deepak/Downloads/Projects/StackLens-AI-Deploy/[39mnode_modules/[4msrc[24m/sqlite-core/query-builders/select.ts:884:15[90m)[39m
[2m[WebServer] [22m    at SQLiteSelectBase.execute [90m(/Users/deepak/Downloads/Projects/StackLens-AI-Deploy/[39mnode_modules/[4msrc[24m/sqlite-core/query-builders/select.ts:896:15[90m)[39m
[2m[WebServer] [22m    at SQLiteSelectBase.then [90m(/Users/deepak/Downloads/Projects/StackLens-AI-Deploy/[39mnode_modules/[4msrc[24m/query-promise.ts:31:15[90m)[39m
[2m[WebServer] [22m[90m    at process.processTicksAndRejections (node:internal/process/task_queues:105:5)[39m {
[2m[WebServer] [22m  code: [32m'SQLITE_ERROR'[39m
[2m[WebServer] [22m}
  ✘   86 [api-tests] › tests/api/comprehensive.test.ts:1027:5 › API Tests - Error Handling › should handle concurrent request failures (41ms)
[2m[WebServer] [22mGet errors failed: SqliteError: no such column: error_logs.notes
[2m[WebServer] [22m    at Database.prepare [90m(/Users/deepak/Downloads/Projects/StackLens-AI-Deploy/[39mnode_modules/[4mbetter-sqlite3[24m/lib/methods/wrappers.js:5:21[90m)[39m
[2m[WebServer] [22m    at BetterSQLiteSession.prepareQuery [90m(/Users/deepak/Downloads/Projects/StackLens-AI-Deploy/[39mnode_modules/[4msrc[24m/better-sqlite3/session.ts:50:28[90m)[39m
[2m[WebServer] [22m    at BetterSQLiteSession.prepareOneTimeQuery [90m(/Users/deepak/Downloads/Projects/StackLens-AI-Deploy/[39mnode_modules/[4msrc[24m/sqlite-core/session.ts:135:15[90m)[39m
[2m[WebServer] [22m    at SQLiteSelectBase._prepare [90m(/Users/deepak/Downloads/Projects/StackLens-AI-Deploy/[39mnode_modules/[4msrc[24m/sqlite-core/query-builders/select.ts:865:85[90m)[39m
[2m[WebServer] [22m    at SQLiteSelectBase.all [90m(/Users/deepak/Downloads/Projects/StackLens-AI-Deploy/[39mnode_modules/[4msrc[24m/sqlite-core/query-builders/select.ts:884:15[90m)[39m
[2m[WebServer] [22m    at SQLiteSelectBase.execute [90m(/Users/deepak/Downloads/Projects/StackLens-AI-Deploy/[39mnode_modules/[4msrc[24m/sqlite-core/query-builders/select.ts:896:15[90m)[39m
[2m[WebServer] [22m    at SQLiteSelectBase.then [90m(/Users/deepak/Downloads/Projects/StackLens-AI-Deploy/[39mnode_modules/[4msrc[24m/query-promise.ts:31:15[90m)[39m
[2m[WebServer] [22m[90m    at process.processTicksAndRejections (node:internal/process/task_queues:105:5)[39m {
[2m[WebServer] [22m  code: [32m'SQLITE_ERROR'[39m
[2m[WebServer] [22m}
  ✘   87 [api-tests] › tests/api/comprehensive.test.ts:981:5 › API Tests - Response Format Validation › should return timestamps in ISO format (46ms)
[2m[WebServer] [22m⚠️ Token verification failed - likely expired. Attempting to decode without verification for development mode...
[dotenv@17.2.3] injecting env (0) from .env -- tip: ⚙️  enable debug logging with { debug: true }
[2m[WebServer] [22mGet errors failed: SqliteError: no such column: error_logs.notes
[2m[WebServer] [22m    at Database.prepare [90m(/Users/deepak/Downloads/Projects/StackLens-AI-Deploy/[39mnode_modules/[4mbetter-sqlite3[24m/lib/methods/wrappers.js:5:21[90m)[39m
[2m[WebServer] [22m    at BetterSQLiteSession.prepareQuery [90m(/Users/deepak/Downloads/Projects/StackLens-AI-Deploy/[39mnode_modules/[4msrc[24m/better-sqlite3/session.ts:50:28[90m)[39m
[2m[WebServer] [22m    at BetterSQLiteSession.prepareOneTimeQuery [90m(/Users/deepak/Downloads/Projects/StackLens-AI-Deploy/[39mnode_modules/[4msrc[24m/sqlite-core/session.ts:135:15[90m)[39m
[2m[WebServer] [22m    at SQLiteSelectBase._prepare [90m(/Users/deepak/Downloads/Projects/StackLens-AI-Deploy/[39mnode_modules/[4msrc[24m/sqlite-core/query-builders/select.ts:865:85[90m)[39m
[2m[WebServer] [22m    at SQLiteSelectBase.all [90m(/Users/deepak/Downloads/Projects/StackLens-AI-Deploy/[39mnode_modules/[4msrc[24m/sqlite-core/query-builders/select.ts:884:15[90m)[39m
[2m[WebServer] [22m    at SQLiteSelectBase.execute [90m(/Users/deepak/Downloads/Projects/StackLens-AI-Deploy/[39mnode_modules/[4msrc[24m/sqlite-core/query-builders/select.ts:896:15[90m)[39m
[2m[WebServer] [22m    at SQLiteSelectBase.then [90m(/Users/deepak/Downloads/Projects/StackLens-AI-Deploy/[39mnode_modules/[4msrc[24m/query-promise.ts:31:15[90m)[39m
[2m[WebServer] [22m[90m    at process.processTicksAndRejections (node:internal/process/task_queues:105:5)[39m {
[2m[WebServer] [22m  code: [32m'SQLITE_ERROR'[39m
[2m[WebServer] [22m}
  ✓   88 [api-tests] › tests/api/comprehensive.test.ts:995:5 › API Tests - Error Handling › should handle database connection errors gracefully (119ms)
  ✓   89 [api-tests] › tests/api/comprehensive.test.ts:1096:5 › API Tests - Pagination Edge Cases › should handle negative page numbers (22ms)
[2m[WebServer] [22mGet errors failed: SqliteError: no such column: error_logs.notes
[2m[WebServer] [22m    at Database.prepare [90m(/Users/deepak/Downloads/Projects/StackLens-AI-Deploy/[39mnode_modules/[4mbetter-sqlite3[24m/lib/methods/wrappers.js:5:21[90m)[39m
[2m[WebServer] [22m    at BetterSQLiteSession.prepareQuery [90m(/Users/deepak/Downloads/Projects/StackLens-AI-Deploy/[39mnode_modules/[4msrc[24m/better-sqlite3/session.ts:50:28[90m)[39m
[2m[WebServer] [22m    at BetterSQLiteSession.prepareOneTimeQuery [90m(/Users/deepak/Downloads/Projects/StackLens-AI-Deploy/[39mnode_modules/[4msrc[24m/sqlite-core/session.ts:135:15[90m)[39m
[2m[WebServer] [22m    at SQLiteSelectBase._prepare [90m(/Users/deepak/Downloads/Projects/StackLens-AI-Deploy/[39mnode_modules/[4msrc[24m/sqlite-core/query-builders/select.ts:865:85[90m)[39m
[2m[WebServer] [22m    at SQLiteSelectBase.all [90m(/Users/deepak/Downloads/Projects/StackLens-AI-Deploy/[39mnode_modules/[4msrc[24m/sqlite-core/query-builders/select.ts:884:15[90m)[39m
[2m[WebServer] [22m    at SQLiteSelectBase.execute [90m(/Users/deepak/Downloads/Projects/StackLens-AI-Deploy/[39mnode_modules/[4msrc[24m/sqlite-core/query-builders/select.ts:896:15[90m)[39m
[2m[WebServer] [22m    at SQLiteSelectBase.then [90m(/Users/deepak/Downloads/Projects/StackLens-AI-Deploy/[39mnode_modules/[4msrc[24m/query-promise.ts:31:15[90m)[39m
[2m[WebServer] [22m[90m    at process.processTicksAndRejections (node:internal/process/task_queues:105:5)[39m {
[2m[WebServer] [22m  code: [32m'SQLITE_ERROR'[39m
[2m[WebServer] [22m}
  ✘   90 [api-tests] › tests/api/comprehensive.test.ts:1102:5 › API Tests - Pagination Edge Cases › should handle excessive page numbers (19ms)
[dotenv@17.2.3] injecting env (0) from .env -- tip: ⚙️  load multiple .env files with { path: ['.env.local', '.env'] }
[dotenv@17.2.3] injecting env (0) from .env -- tip: ⚙️  load multiple .env files with { path: ['.env.local', '.env'] }
[dotenv@17.2.3] injecting env (0) from .env -- tip: ⚙️  specify custom .env file path with { path: '/custom/path/.env' }
[dotenv@17.2.3] injecting env (0) from .env -- tip: ⚙️  load multiple .env files with { path: ['.env.local', '.env'] }
[2m[WebServer] [22mGet errors failed: SqliteError: no such column: error_logs.notes
[2m[WebServer] [22m    at Database.prepare [90m(/Users/deepak/Downloads/Projects/StackLens-AI-Deploy/[39mnode_modules/[4mbetter-sqlite3[24m/lib/methods/wrappers.js:5:21[90m)[39m
[2m[WebServer] [22m    at BetterSQLiteSession.prepareQuery [90m(/Users/deepak/Downloads/Projects/StackLens-AI-Deploy/[39mnode_modules/[4msrc[24m/better-sqlite3/session.ts:50:28[90m)[39m
[2m[WebServer] [22m    at BetterSQLiteSession.prepareOneTimeQuery [90m(/Users/deepak/Downloads/Projects/StackLens-AI-Deploy/[39mnode_modules/[4msrc[24m/sqlite-core/session.ts:135:15[90m)[39m
[2m[WebServer] [22m    at SQLiteSelectBase._prepare [90m(/Users/deepak/Downloads/Projects/StackLens-AI-Deploy/[39mnode_modules/[4msrc[24m/sqlite-core/query-builders/select.ts:865:85[90m)[39m
[2m[WebServer] [22m    at SQLiteSelectBase.all [90m(/Users/deepak/Downloads/Projects/StackLens-AI-Deploy/[39mnode_modules/[4msrc[24m/sqlite-core/query-builders/select.ts:884:15[90m)[39m
[2m[WebServer] [22m    at SQLiteSelectBase.execute [90m(/Users/deepak/Downloads/Projects/StackLens-AI-Deploy/[39mnode_modules/[4msrc[24m/sqlite-core/query-builders/select.ts:896:15[90m)[39m
[2m[WebServer] [22m    at SQLiteSelectBase.then [90m(/Users/deepak/Downloads/Projects/StackLens-AI-Deploy/[39mnode_modules/[4msrc[24m/query-promise.ts:31:15[90m)[39m
[2m[WebServer] [22m[90m    at process.processTicksAndRejections (node:internal/process/task_queues:105:5)[39m {
[2m[WebServer] [22m  code: [32m'SQLITE_ERROR'[39m
[2m[WebServer] [22m}
  ✓   91 [api-tests] › tests/api/comprehensive.test.ts:1055:5 › API Tests - Rate Limiting › should include rate limit headers (50ms)
  ✓   94 [api-tests] › tests/api/comprehensive.test.ts:1118:5 › API Tests - Pagination Edge Cases › should enforce maximum limit (23ms)
[2m[WebServer] [22mGet errors failed: SqliteError: no such column: error_logs.notes
[2m[WebServer] [22m    at Database.prepare [90m(/Users/deepak/Downloads/Projects/StackLens-AI-Deploy/[39mnode_modules/[4mbetter-sqlite3[24m/lib/methods/wrappers.js:5:21[90m)[39m
[2m[WebServer] [22m    at BetterSQLiteSession.prepareQuery [90m(/Users/deepak/Downloads/Projects/StackLens-AI-Deploy/[39mnode_modules/[4msrc[24m/better-sqlite3/session.ts:50:28[90m)[39m
[2m[WebServer] [22m    at BetterSQLiteSession.prepareOneTimeQuery [90m(/Users/deepak/Downloads/Projects/StackLens-AI-Deploy/[39mnode_modules/[4msrc[24m/sqlite-core/session.ts:135:15[90m)[39m
[2m[WebServer] [22m    at SQLiteSelectBase._prepare [90m(/Users/deepak/Downloads/Projects/StackLens-AI-Deploy/[39mnode_modules/[4msrc[24m/sqlite-core/query-builders/select.ts:865:85[90m)[39m
[2m[WebServer] [22m    at SQLiteSelectBase.all [90m(/Users/deepak/Downloads/Projects/StackLens-AI-Deploy/[39mnode_modules/[4msrc[24m/sqlite-core/query-builders/select.ts:884:15[90m)[39m
[2m[WebServer] [22m    at SQLiteSelectBase.execute [90m(/Users/deepak/Downloads/Projects/StackLens-AI-Deploy/[39mnode_modules/[4msrc[24m/sqlite-core/query-builders/select.ts:896:15[90m)[39m
[2m[WebServer] [22m    at SQLiteSelectBase.then [90m(/Users/deepak/Downloads/Projects/StackLens-AI-Deploy/[39mnode_modules/[4msrc[24m/query-promise.ts:31:15[90m)[39m
[2m[WebServer] [22m[90m    at process.processTicksAndRejections (node:internal/process/task_queues:105:5)[39m {
[2m[WebServer] [22m  code: [32m'SQLITE_ERROR'[39m
[2m[WebServer] [22m}
[2m[WebServer] [22mGet errors failed: SqliteError: no such column: error_logs.notes
[2m[WebServer] [22m    at Database.prepare [90m(/Users/deepak/Downloads/Projects/StackLens-AI-Deploy/[39mnode_modules/[4mbetter-sqlite3[24m/lib/methods/wrappers.js:5:21[90m)[39m
[2m[WebServer] [22m    at BetterSQLiteSession.prepareQuery [90m(/Users/deepak/Downloads/Projects/StackLens-AI-Deploy/[39mnode_modules/[4msrc[24m/better-sqlite3/session.ts:50:28[90m)[39m
[2m[WebServer] [22m    at BetterSQLiteSession.prepareOneTimeQuery [90m(/Users/deepak/Downloads/Projects/StackLens-AI-Deploy/[39mnode_modules/[4msrc[24m/sqlite-core/session.ts:135:15[90m)[39m
[2m[WebServer] [22m    at SQLiteSelectBase._prepare [90m(/Users/deepak/Downloads/Projects/StackLens-AI-Deploy/[39mnode_modules/[4msrc[24m/sqlite-core/query-builders/select.ts:865:85[90m)[39m
[2m[WebServer] [22m    at SQLiteSelectBase.all [90m(/Users/deepak/Downloads/Projects/StackLens-AI-Deploy/[39mnode_modules/[4msrc[24m/sqlite-core/query-builders/select.ts:884:15[90m)[39m
[2m[WebServer] [22m    at SQLiteSelectBase.execute [90m(/Users/deepak/Downloads/Projects/StackLens-AI-Deploy/[39mnode_modules/[4msrc[24m/sqlite-core/query-builders/select.ts:896:15[90m)[39m
[2m[WebServer] [22m    at SQLiteSelectBase.then [90m(/Users/deepak/Downloads/Projects/StackLens-AI-Deploy/[39mnode_modules/[4msrc[24m/query-promise.ts:31:15[90m)[39m
[2m[WebServer] [22m[90m    at process.processTicksAndRejections (node:internal/process/task_queues:105:5)[39m {
[2m[WebServer] [22m  code: [32m'SQLITE_ERROR'[39m
[2m[WebServer] [22m}
[2m[WebServer] [22mGet errors failed: SqliteError: no such column: error_logs.notes
[2m[WebServer] [22m    at Database.prepare [90m(/Users/deepak/Downloads/Projects/StackLens-AI-Deploy/[39mnode_modules/[4mbetter-sqlite3[24m/lib/methods/wrappers.js:5:21[90m)[39m
[2m[WebServer] [22m    at BetterSQLiteSession.prepareQuery [90m(/Users/deepak/Downloads/Projects/StackLens-AI-Deploy/[39mnode_modules/[4msrc[24m/better-sqlite3/session.ts:50:28[90m)[39m
[2m[WebServer] [22m    at BetterSQLiteSession.prepareOneTimeQuery [90m(/Users/deepak/Downloads/Projects/StackLens-AI-Deploy/[39mnode_modules/[4msrc[24m/sqlite-core/session.ts:135:15[90m)[39m
[2m[WebServer] [22m    at SQLiteSelectBase._prepare [90m(/Users/deepak/Downloads/Projects/StackLens-AI-Deploy/[39mnode_modules/[4msrc[24m/sqlite-core/query-builders/select.ts:865:85[90m)[39m
[2m[WebServer] [22m    at SQLiteSelectBase.all [90m(/Users/deepak/Downloads/Projects/StackLens-AI-Deploy/[39mnode_modules/[4msrc[24m/sqlite-core/query-builders/select.ts:884:15[90m)[39m
[2m[WebServer] [22m    at SQLiteSelectBase.execute [90m(/Users/deepak/Downloads/Projects/StackLens-AI-Deploy/[39mnode_modules/[4msrc[24m/sqlite-core/query-builders/select.ts:896:15[90m)[39m
[2m[WebServer] [22m    at SQLiteSelectBase.then [90m(/Users/deepak/Downloads/Projects/StackLens-AI-Deploy/[39mnode_modules/[4msrc[24m/query-promise.ts:31:15[90m)[39m
[2m[WebServer] [22m[90m    at process.processTicksAndRejections (node:internal/process/task_queues:105:5)[39m {
[2m[WebServer] [22m  code: [32m'SQLITE_ERROR'[39m
[2m[WebServer] [22m}
[2m[WebServer] [22mGet errors failed: SqliteError: no such column: error_logs.notes
[2m[WebServer] [22m    at Database.prepare [90m(/Users/deepak/Downloads/Projects/StackLens-AI-Deploy/[39mnode_modules/[4mbetter-sqlite3[24m/lib/methods/wrappers.js:5:21[90m)[39m
[2m[WebServer] [22m    at BetterSQLiteSession.prepareQuery [90m(/Users/deepak/Downloads/Projects/StackLens-AI-Deploy/[39mnode_modules/[4msrc[24m/better-sqlite3/session.ts:50:28[90m)[39m
[2m[WebServer] [22m    at BetterSQLiteSession.prepareOneTimeQuery [90m(/Users/deepak/Downloads/Projects/StackLens-AI-Deploy/[39mnode_modules/[4msrc[24m/sqlite-core/session.ts:135:15[90m)[39m
[2m[WebServer] [22m    at SQLiteSelectBase._prepare [90m(/Users/deepak/Downloads/Projects/StackLens-AI-Deploy/[39mnode_modules/[4msrc[24m/sqlite-core/query-builders/select.ts:865:85[90m)[39m
[2m[WebServer] [22m    at SQLiteSelectBase.all [90m(/Users/deepak/Downloads/Projects/StackLens-AI-Deploy/[39mnode_modules/[4msrc[24m/sqlite-core/query-builders/select.ts:884:15[90m)[39m
[2m[WebServer] [22m    at SQLiteSelectBase.execute [90m(/Users/deepak/Downloads/Projects/StackLens-AI-Deploy/[39mnode_modules/[4msrc[24m/sqlite-core/query-builders/select.ts:896:15[90m)[39m
[2m[WebServer] [22m    at SQLiteSelectBase.then [90m(/Users/deepak/Downloads/Projects/StackLens-AI-Deploy/[39mnode_modules/[4msrc[24m/query-promise.ts:31:15[90m)[39m
[2m[WebServer] [22m[90m    at process.processTicksAndRejections (node:internal/process/task_queues:105:5)[39m {
[2m[WebServer] [22m  code: [32m'SQLITE_ERROR'[39m
[2m[WebServer] [22m}
[2m[WebServer] [22mGet errors failed: SqliteError: no such column: error_logs.notes
[2m[WebServer] [22m    at Database.prepare [90m(/Users/deepak/Downloads/Projects/StackLens-AI-Deploy/[39mnode_modules/[4mbetter-sqlite3[24m/lib/methods/wrappers.js:5:21[90m)[39m
[2m[WebServer] [22m    at BetterSQLiteSession.prepareQuery [90m(/Users/deepak/Downloads/Projects/StackLens-AI-Deploy/[39mnode_modules/[4msrc[24m/better-sqlite3/session.ts:50:28[90m)[39m
[2m[WebServer] [22m    at BetterSQLiteSession.prepareOneTimeQuery [90m(/Users/deepak/Downloads/Projects/StackLens-AI-Deploy/[39mnode_modules/[4msrc[24m/sqlite-core/session.ts:135:15[90m)[39m
[2m[WebServer] [22m    at SQLiteSelectBase._prepare [90m(/Users/deepak/Downloads/Projects/StackLens-AI-Deploy/[39mnode_modules/[4msrc[24m/sqlite-core/query-builders/select.ts:865:85[90m)[39m
[2m[WebServer] [22m    at SQLiteSelectBase.all [90m(/Users/deepak/Downloads/Projects/StackLens-AI-Deploy/[39mnode_modules/[4msrc[24m/sqlite-core/query-builders/select.ts:884:15[90m)[39m
[2m[WebServer] [22m    at SQLiteSelectBase.execute [90m(/Users/deepak/Downloads/Projects/StackLens-AI-Deploy/[39mnode_modules/[4msrc[24m/sqlite-core/query-builders/select.ts:896:15[90m)[39m
[2m[WebServer] [22m    at SQLiteSelectBase.then [90m(/Users/deepak/Downloads/Projects/StackLens-AI-Deploy/[39mnode_modules/[4msrc[24m/query-promise.ts:31:15[90m)[39m
[2m[WebServer] [22m[90m    at process.processTicksAndRejections (node:internal/process/task_queues:105:5)[39m {
[2m[WebServer] [22m  code: [32m'SQLITE_ERROR'[39m
[2m[WebServer] [22m}
[2m[WebServer] [22mGet errors failed: SqliteError: no such column: error_logs.notes
[2m[WebServer] [22m    at Database.prepare [90m(/Users/deepak/Downloads/Projects/StackLens-AI-Deploy/[39mnode_modules/[4mbetter-sqlite3[24m/lib/methods/wrappers.js:5:21[90m)[39m
[2m[WebServer] [22m    at BetterSQLiteSession.prepareQuery [90m(/Users/deepak/Downloads/Projects/StackLens-AI-Deploy/[39mnode_modules/[4msrc[24m/better-sqlite3/session.ts:50:28[90m)[39m
[2m[WebServer] [22m    at BetterSQLiteSession.prepareOneTimeQuery [90m(/Users/deepak/Downloads/Projects/StackLens-AI-Deploy/[39mnode_modules/[4msrc[24m/sqlite-core/session.ts:135:15[90m)[39m
[2m[WebServer] [22m    at SQLiteSelectBase._prepare [90m(/Users/deepak/Downloads/Projects/StackLens-AI-Deploy/[39mnode_modules/[4msrc[24m/sqlite-core/query-builders/select.ts:865:85[90m)[39m
[2m[WebServer] [22m    at SQLiteSelectBase.all [90m(/Users/deepak/Downloads/Projects/StackLens-AI-Deploy/[39mnode_modules/[4msrc[24m/sqlite-core/query-builders/select.ts:884:15[90m)[39m
[2m[WebServer] [22m    at SQLiteSelectBase.execute [90m(/Users/deepak/Downloads/Projects/StackLens-AI-Deploy/[39mnode_modules/[4msrc[24m/sqlite-core/query-builders/select.ts:896:15[90m)[39m
[2m[WebServer] [22m    at SQLiteSelectBase.then [90m(/Users/deepak/Downloads/Projects/StackLens-AI-Deploy/[39mnode_modules/[4msrc[24m/query-promise.ts:31:15[90m)[39m
[2m[WebServer] [22m[90m    at process.processTicksAndRejections (node:internal/process/task_queues:105:5)[39m {
[2m[WebServer] [22m  code: [32m'SQLITE_ERROR'[39m
[2m[WebServer] [22m}
[2m[WebServer] [22mGet errors failed: SqliteError: no such column: error_logs.notes
[2m[WebServer] [22m    at Database.prepare [90m(/Users/deepak/Downloads/Projects/StackLens-AI-Deploy/[39mnode_modules/[4mbetter-sqlite3[24m/lib/methods/wrappers.js:5:21[90m)[39m
[2m[WebServer] [22m    at BetterSQLiteSession.prepareQuery [90m(/Users/deepak/Downloads/Projects/StackLens-AI-Deploy/[39mnode_modules/[4msrc[24m/better-sqlite3/session.ts:50:28[90m)[39m
[2m[WebServer] [22m    at BetterSQLiteSession.prepareOneTimeQuery [90m(/Users/deepak/Downloads/Projects/StackLens-AI-Deploy/[39mnode_modules/[4msrc[24m/sqlite-core/session.ts:135:15[90m)[39m
[2m[WebServer] [22m    at SQLiteSelectBase._prepare [90m(/Users/deepak/Downloads/Projects/StackLens-AI-Deploy/[39mnode_modules/[4msrc[24m/sqlite-core/query-builders/select.ts:865:85[90m)[39m
[2m[WebServer] [22m    at SQLiteSelectBase.all [90m(/Users/deepak/Downloads/Projects/StackLens-AI-Deploy/[39mnode_modules/[4msrc[24m/sqlite-core/query-builders/select.ts:884:15[90m)[39m
[2m[WebServer] [22m    at SQLiteSelectBase.execute [90m(/Users/deepak/Downloads/Projects/StackLens-AI-Deploy/[39mnode_modules/[4msrc[24m/sqlite-core/query-builders/select.ts:896:15[90m)[39m
[2m[WebServer] [22m    at SQLiteSelectBase.then [90m(/Users/deepak/Downloads/Projects/StackLens-AI-Deploy/[39mnode_modules/[4msrc[24m/query-promise.ts:31:15[90m)[39m
[2m[WebServer] [22m[90m    at process.processTicksAndRejections (node:internal/process/task_queues:105:5)[39m {
[2m[WebServer] [22m  code: [32m'SQLITE_ERROR'[39m
[2m[WebServer] [22m}
[2m[WebServer] [22mGet errors failed: SqliteError: no such column: error_logs.notes
[2m[WebServer] [22m    at Database.prepare [90m(/Users/deepak/Downloads/Projects/StackLens-AI-Deploy/[39mnode_modules/[4mbetter-sqlite3[24m/lib/methods/wrappers.js:5:21[90m)[39m
[2m[WebServer] [22m    at BetterSQLiteSession.prepareQuery [90m(/Users/deepak/Downloads/Projects/StackLens-AI-Deploy/[39mnode_modules/[4msrc[24m/better-sqlite3/session.ts:50:28[90m)[39m
[2m[WebServer] [22m    at BetterSQLiteSession.prepareOneTimeQuery [90m(/Users/deepak/Downloads/Projects/StackLens-AI-Deploy/[39mnode_modules/[4msrc[24m/sqlite-core/session.ts:135:15[90m)[39m
[2m[WebServer] [22m    at SQLiteSelectBase._prepare [90m(/Users/deepak/Downloads/Projects/StackLens-AI-Deploy/[39mnode_modules/[4msrc[24m/sqlite-core/query-builders/select.ts:865:85[90m)[39m
[2m[WebServer] [22m    at SQLiteSelectBase.all [90m(/Users/deepak/Downloads/Projects/StackLens-AI-Deploy/[39mnode_modules/[4msrc[24m/sqlite-core/query-builders/select.ts:884:15[90m)[39m
[2m[WebServer] [22m    at SQLiteSelectBase.execute [90m(/Users/deepak/Downloads/Projects/StackLens-AI-Deploy/[39mnode_modules/[4msrc[24m/sqlite-core/query-builders/select.ts:896:15[90m)[39m
[2m[WebServer] [22m    at SQLiteSelectBase.then [90m(/Users/deepak/Downloads/Projects/StackLens-AI-Deploy/[39mnode_modules/[4msrc[24m/query-promise.ts:31:15[90m)[39m
[2m[WebServer] [22m[90m    at process.processTicksAndRejections (node:internal/process/task_queues:105:5)[39m {
[2m[WebServer] [22m  code: [32m'SQLITE_ERROR'[39m
[2m[WebServer] [22m}
[2m[WebServer] [22mGet errors failed: SqliteError: no such column: error_logs.notes
[2m[WebServer] [22m    at Database.prepare [90m(/Users/deepak/Downloads/Projects/StackLens-AI-Deploy/[39mnode_modules/[4mbetter-sqlite3[24m/lib/methods/wrappers.js:5:21[90m)[39m
[2m[WebServer] [22m    at BetterSQLiteSession.prepareQuery [90m(/Users/deepak/Downloads/Projects/StackLens-AI-Deploy/[39mnode_modules/[4msrc[24m/better-sqlite3/session.ts:50:28[90m)[39m
[2m[WebServer] [22m    at BetterSQLiteSession.prepareOneTimeQuery [90m(/Users/deepak/Downloads/Projects/StackLens-AI-Deploy/[39mnode_modules/[4msrc[24m/sqlite-core/session.ts:135:15[90m)[39m
[2m[WebServer] [22m    at SQLiteSelectBase._prepare [90m(/Users/deepak/Downloads/Projects/StackLens-AI-Deploy/[39mnode_modules/[4msrc[24m/sqlite-core/query-builders/select.ts:865:85[90m)[39m
[2m[WebServer] [22m    at SQLiteSelectBase.all [90m(/Users/deepak/Downloads/Projects/StackLens-AI-Deploy/[39mnode_modules/[4msrc[24m/sqlite-core/query-builders/select.ts:884:15[90m)[39m
[2m[WebServer] [22m    at SQLiteSelectBase.execute [90m(/Users/deepak/Downloads/Projects/StackLens-AI-Deploy/[39mnode_modules/[4msrc[24m/sqlite-core/query-builders/select.ts:896:15[90m)[39m
[2m[WebServer] [22m    at SQLiteSelectBase.then [90m(/Users/deepak/Downloads/Projects/StackLens-AI-Deploy/[39mnode_modules/[4msrc[24m/query-promise.ts:31:15[90m)[39m
[2m[WebServer] [22m[90m    at process.processTicksAndRejections (node:internal/process/task_queues:105:5)[39m {
[2m[WebServer] [22m  code: [32m'SQLITE_ERROR'[39m
[2m[WebServer] [22m}
[2m[WebServer] [22mGet errors failed: SqliteError: no such column: error_logs.notes
[2m[WebServer] [22m    at Database.prepare [90m(/Users/deepak/Downloads/Projects/StackLens-AI-Deploy/[39mnode_modules/[4mbetter-sqlite3[24m/lib/methods/wrappers.js:5:21[90m)[39m
[2m[WebServer] [22m    at BetterSQLiteSession.prepareQuery [90m(/Users/deepak/Downloads/Projects/StackLens-AI-Deploy/[39mnode_modules/[4msrc[24m/better-sqlite3/session.ts:50:28[90m)[39m
[2m[WebServer] [22m    at BetterSQLiteSession.prepareOneTimeQuery [90m(/Users/deepak/Downloads/Projects/StackLens-AI-Deploy/[39mnode_modules/[4msrc[24m/sqlite-core/session.ts:135:15[90m)[39m
[2m[WebServer] [22m    at SQLiteSelectBase._prepare [90m(/Users/deepak/Downloads/Projects/StackLens-AI-Deploy/[39mnode_modules/[4msrc[24m/sqlite-core/query-builders/select.ts:865:85[90m)[39m
[2m[WebServer] [22m    at SQLiteSelectBase.all [90m(/Users/deepak/Downloads/Projects/StackLens-AI-Deploy/[39mnode_modules/[4msrc[24m/sqlite-core/query-builders/select.ts:884:15[90m)[39m
[2m[WebServer] [22m    at SQLiteSelectBase.execute [90m(/Users/deepak/Downloads/Projects/StackLens-AI-Deploy/[39mnode_modules/[4msrc[24m/sqlite-core/query-builders/select.ts:896:15[90m)[39m
[2m[WebServer] [22m    at SQLiteSelectBase.then [90m(/Users/deepak/Downloads/Projects/StackLens-AI-Deploy/[39mnode_modules/[4msrc[24m/query-promise.ts:31:15[90m)[39m
[2m[WebServer] [22m[90m    at process.processTicksAndRejections (node:internal/process/task_queues:105:5)[39m {
[2m[WebServer] [22m  code: [32m'SQLITE_ERROR'[39m
[2m[WebServer] [22m}
[2m[WebServer] [22mGet errors failed: SqliteError: no such column: error_logs.notes
[2m[WebServer] [22m    at Database.prepare [90m(/Users/deepak/Downloads/Projects/StackLens-AI-Deploy/[39mnode_modules/[4mbetter-sqlite3[24m/lib/methods/wrappers.js:5:21[90m)[39m
[2m[WebServer] [22m    at BetterSQLiteSession.prepareQuery [90m(/Users/deepak/Downloads/Projects/StackLens-AI-Deploy/[39mnode_modules/[4msrc[24m/better-sqlite3/session.ts:50:28[90m)[39m
[2m[WebServer] [22m    at BetterSQLiteSession.prepareOneTimeQuery [90m(/Users/deepak/Downloads/Projects/StackLens-AI-Deploy/[39mnode_modules/[4msrc[24m/sqlite-core/session.ts:135:15[90m)[39m
[2m[WebServer] [22m    at SQLiteSelectBase._prepare [90m(/Users/deepak/Downloads/Projects/StackLens-AI-Deploy/[39mnode_modules/[4msrc[24m/sqlite-core/query-builders/select.ts:865:85[90m)[39m
[2m[WebServer] [22m    at SQLiteSelectBase.all [90m(/Users/deepak/Downloads/Projects/StackLens-AI-Deploy/[39mnode_modules/[4msrc[24m/sqlite-core/query-builders/select.ts:884:15[90m)[39m
[2m[WebServer] [22m    at SQLiteSelectBase.execute [90m(/Users/deepak/Downloads/Projects/StackLens-AI-Deploy/[39mnode_modules/[4msrc[24m/sqlite-core/query-builders/select.ts:896:15[90m)[39m
[2m[WebServer] [22m    at SQLiteSelectBase.then [90m(/Users/deepak/Downloads/Projects/StackLens-AI-Deploy/[39mnode_modules/[4msrc[24m/query-promise.ts:31:15[90m)[39m
[2m[WebServer] [22m[90m    at process.processTicksAndRejections (node:internal/process/task_queues:105:5)[39m {
[2m[WebServer] [22m  code: [32m'SQLITE_ERROR'[39m
[2m[WebServer] [22m}
[2m[WebServer] [22mGet errors failed: SqliteError: no such column: error_logs.notes
[2m[WebServer] [22m    at Database.prepare [90m(/Users/deepak/Downloads/Projects/StackLens-AI-Deploy/[39mnode_modules/[4mbetter-sqlite3[24m/lib/methods/wrappers.js:5:21[90m)[39m
[2m[WebServer] [22m    at BetterSQLiteSession.prepareQuery [90m(/Users/deepak/Downloads/Projects/StackLens-AI-Deploy/[39mnode_modules/[4msrc[24m/better-sqlite3/session.ts:50:28[90m)[39m
[2m[WebServer] [22m    at BetterSQLiteSession.prepareOneTimeQuery [90m(/Users/deepak/Downloads/Projects/StackLens-AI-Deploy/[39mnode_modules/[4msrc[24m/sqlite-core/session.ts:135:15[90m)[39m
[2m[WebServer] [22m    at SQLiteSelectBase._prepare [90m(/Users/deepak/Downloads/Projects/StackLens-AI-Deploy/[39mnode_modules/[4msrc[24m/sqlite-core/query-builders/select.ts:865:85[90m)[39m
[2m[WebServer] [22m    at SQLiteSelectBase.all [90m(/Users/deepak/Downloads/Projects/StackLens-AI-Deploy/[39mnode_modules/[4msrc[24m/sqlite-core/query-builders/select.ts:884:15[90m)[39m
[2m[WebServer] [22m    at SQLiteSelectBase.execute [90m(/Users/deepak/Downloads/Projects/StackLens-AI-Deploy/[39mnode_modules/[4msrc[24m/sqlite-core/query-builders/select.ts:896:15[90m)[39m
[2m[WebServer] [22m    at SQLiteSelectBase.then [90m(/Users/deepak/Downloads/Projects/StackLens-AI-Deploy/[39mnode_modules/[4msrc[24m/query-promise.ts:31:15[90m)[39m
[2m[WebServer] [22m[90m    at process.processTicksAndRejections (node:internal/process/task_queues:105:5)[39m {
[2m[WebServer] [22m  code: [32m'SQLITE_ERROR'[39m
[2m[WebServer] [22m}
[2m[WebServer] [22mGet errors failed: SqliteError: no such column: error_logs.notes
[2m[WebServer] [22m    at Database.prepare [90m(/Users/deepak/Downloads/Projects/StackLens-AI-Deploy/[39mnode_modules/[4mbetter-sqlite3[24m/lib/methods/wrappers.js:5:21[90m)[39m
[2m[WebServer] [22m    at BetterSQLiteSession.prepareQuery [90m(/Users/deepak/Downloads/Projects/StackLens-AI-Deploy/[39mnode_modules/[4msrc[24m/better-sqlite3/session.ts:50:28[90m)[39m
[2m[WebServer] [22m    at BetterSQLiteSession.prepareOneTimeQuery [90m(/Users/deepak/Downloads/Projects/StackLens-AI-Deploy/[39mnode_modules/[4msrc[24m/sqlite-core/session.ts:135:15[90m)[39m
[2m[WebServer] [22m    at SQLiteSelectBase._prepare [90m(/Users/deepak/Downloads/Projects/StackLens-AI-Deploy/[39mnode_modules/[4msrc[24m/sqlite-core/query-builders/select.ts:865:85[90m)[39m
[2m[WebServer] [22m    at SQLiteSelectBase.all [90m(/Users/deepak/Downloads/Projects/StackLens-AI-Deploy/[39mnode_modules/[4msrc[24m/sqlite-core/query-builders/select.ts:884:15[90m)[39m
[2m[WebServer] [22m    at SQLiteSelectBase.execute [90m(/Users/deepak/Downloads/Projects/StackLens-AI-Deploy/[39mnode_modules/[4msrc[24m/sqlite-core/query-builders/select.ts:896:15[90m)[39m
[2m[WebServer] [22m    at SQLiteSelectBase.then [90m(/Users/deepak/Downloads/Projects/StackLens-AI-Deploy/[39mnode_modules/[4msrc[24m/query-promise.ts:31:15[90m)[39m
[2m[WebServer] [22m[90m    at process.processTicksAndRejections (node:internal/process/task_queues:105:5)[39m {
[2m[WebServer] [22m  code: [32m'SQLITE_ERROR'[39m
[2m[WebServer] [22m}
[2m[WebServer] [22mGet errors failed: SqliteError: no such column: error_logs.notes
[2m[WebServer] [22m    at Database.prepare [90m(/Users/deepak/Downloads/Projects/StackLens-AI-Deploy/[39mnode_modules/[4mbetter-sqlite3[24m/lib/methods/wrappers.js:5:21[90m)[39m
[2m[WebServer] [22m    at BetterSQLiteSession.prepareQuery [90m(/Users/deepak/Downloads/Projects/StackLens-AI-Deploy/[39mnode_modules/[4msrc[24m/better-sqlite3/session.ts:50:28[90m)[39m
[2m[WebServer] [22m    at BetterSQLiteSession.prepareOneTimeQuery [90m(/Users/deepak/Downloads/Projects/StackLens-AI-Deploy/[39mnode_modules/[4msrc[24m/sqlite-core/session.ts:135:15[90m)[39m
[2m[WebServer] [22m    at SQLiteSelectBase._prepare [90m(/Users/deepak/Downloads/Projects/StackLens-AI-Deploy/[39mnode_modules/[4msrc[24m/sqlite-core/query-builders/select.ts:865:85[90m)[39m
[2m[WebServer] [22m    at SQLiteSelectBase.all [90m(/Users/deepak/Downloads/Projects/StackLens-AI-Deploy/[39mnode_modules/[4msrc[24m/sqlite-core/query-builders/select.ts:884:15[90m)[39m
[2m[WebServer] [22m    at SQLiteSelectBase.execute [90m(/Users/deepak/Downloads/Projects/StackLens-AI-Deploy/[39mnode_modules/[4msrc[24m/sqlite-core/query-builders/select.ts:896:15[90m)[39m
[2m[WebServer] [22m    at SQLiteSelectBase.then [90m(/Users/deepak/Downloads/Projects/StackLens-AI-Deploy/[39mnode_modules/[4msrc[24m/query-promise.ts:31:15[90m)[39m
[2m[WebServer] [22m[90m    at process.processTicksAndRejections (node:internal/process/task_queues:105:5)[39m {
[2m[WebServer] [22m  code: [32m'SQLITE_ERROR'[39m
[2m[WebServer] [22m}
[2m[WebServer] [22mGet errors failed: SqliteError: no such column: error_logs.notes
[2m[WebServer] [22m    at Database.prepare [90m(/Users/deepak/Downloads/Projects/StackLens-AI-Deploy/[39mnode_modules/[4mbetter-sqlite3[24m/lib/methods/wrappers.js:5:21[90m)[39m
[2m[WebServer] [22m    at BetterSQLiteSession.prepareQuery [90m(/Users/deepak/Downloads/Projects/StackLens-AI-Deploy/[39mnode_modules/[4msrc[24m/better-sqlite3/session.ts:50:28[90m)[39m
[2m[WebServer] [22m    at BetterSQLiteSession.prepareOneTimeQuery [90m(/Users/deepak/Downloads/Projects/StackLens-AI-Deploy/[39mnode_modules/[4msrc[24m/sqlite-core/session.ts:135:15[90m)[39m
[2m[WebServer] [22m    at SQLiteSelectBase._prepare [90m(/Users/deepak/Downloads/Projects/StackLens-AI-Deploy/[39mnode_modules/[4msrc[24m/sqlite-core/query-builders/select.ts:865:85[90m)[39m
[2m[WebServer] [22m    at SQLiteSelectBase.all [90m(/Users/deepak/Downloads/Projects/StackLens-AI-Deploy/[39mnode_modules/[4msrc[24m/sqlite-core/query-builders/select.ts:884:15[90m)[39m
[2m[WebServer] [22m    at SQLiteSelectBase.execute [90m(/Users/deepak/Downloads/Projects/StackLens-AI-Deploy/[39mnode_modules/[4msrc[24m/sqlite-core/query-builders/select.ts:896:15[90m)[39m
[2m[WebServer] [22m    at SQLiteSelectBase.then [90m(/Users/deepak/Downloads/Projects/StackLens-AI-Deploy/[39mnode_modules/[4msrc[24m/query-promise.ts:31:15[90m)[39m
[2m[WebServer] [22m[90m    at process.processTicksAndRejections (node:internal/process/task_queues:105:5)[39m {
[2m[WebServer] [22m  code: [32m'SQLITE_ERROR'[39m
[2m[WebServer] [22m}
[2m[WebServer] [22mGet errors failed: SqliteError: no such column: error_logs.notes
[2m[WebServer] [22m    at Database.prepare [90m(/Users/deepak/Downloads/Projects/StackLens-AI-Deploy/[39mnode_modules/[4mbetter-sqlite3[24m/lib/methods/wrappers.js:5:21[90m)[39m
[2m[WebServer] [22m    at BetterSQLiteSession.prepareQuery [90m(/Users/deepak/Downloads/Projects/StackLens-AI-Deploy/[39mnode_modules/[4msrc[24m/better-sqlite3/session.ts:50:28[90m)[39m
[2m[WebServer] [22m    at BetterSQLiteSession.prepareOneTimeQuery [90m(/Users/deepak/Downloads/Projects/StackLens-AI-Deploy/[39mnode_modules/[4msrc[24m/sqlite-core/session.ts:135:15[90m)[39m
[2m[WebServer] [22m    at SQLiteSelectBase._prepare [90m(/Users/deepak/Downloads/Projects/StackLens-AI-Deploy/[39mnode_modules/[4msrc[24m/sqlite-core/query-builders/select.ts:865:85[90m)[39m
[2m[WebServer] [22m    at SQLiteSelectBase.all [90m(/Users/deepak/Downloads/Projects/StackLens-AI-Deploy/[39mnode_modules/[4msrc[24m/sqlite-core/query-builders/select.ts:884:15[90m)[39m
[2m[WebServer] [22m    at SQLiteSelectBase.execute [90m(/Users/deepak/Downloads/Projects/StackLens-AI-Deploy/[39mnode_modules/[4msrc[24m/sqlite-core/query-builders/select.ts:896:15[90m)[39m
[2m[WebServer] [22m    at SQLiteSelectBase.then [90m(/Users/deepak/Downloads/Projects/StackLens-AI-Deploy/[39mnode_modules/[4msrc[24m/query-promise.ts:31:15[90m)[39m
[2m[WebServer] [22m[90m    at process.processTicksAndRejections (node:internal/process/task_queues:105:5)[39m {
[2m[WebServer] [22m  code: [32m'SQLITE_ERROR'[39m
[2m[WebServer] [22m}
[2m[WebServer] [22mGet errors failed: SqliteError: no such column: error_logs.notes
[2m[WebServer] [22m    at Database.prepare [90m(/Users/deepak/Downloads/Projects/StackLens-AI-Deploy/[39mnode_modules/[4mbetter-sqlite3[24m/lib/methods/wrappers.js:5:21[90m)[39m
[2m[WebServer] [22m    at BetterSQLiteSession.prepareQuery [90m(/Users/deepak/Downloads/Projects/StackLens-AI-Deploy/[39mnode_modules/[4msrc[24m/better-sqlite3/session.ts:50:28[90m)[39m
[2m[WebServer] [22m    at BetterSQLiteSession.prepareOneTimeQuery [90m(/Users/deepak/Downloads/Projects/StackLens-AI-Deploy/[39mnode_modules/[4msrc[24m/sqlite-core/session.ts:135:15[90m)[39m
[2m[WebServer] [22m    at SQLiteSelectBase._prepare [90m(/Users/deepak/Downloads/Projects/StackLens-AI-Deploy/[39mnode_modules/[4msrc[24m/sqlite-core/query-builders/select.ts:865:85[90m)[39m
[2m[WebServer] [22m    at SQLiteSelectBase.all [90m(/Users/deepak/Downloads/Projects/StackLens-AI-Deploy/[39mnode_modules/[4msrc[24m/sqlite-core/query-builders/select.ts:884:15[90m)[39m
[2m[WebServer] [22m    at SQLiteSelectBase.execute [90m(/Users/deepak/Downloads/Projects/StackLens-AI-Deploy/[39mnode_modules/[4msrc[24m/sqlite-core/query-builders/select.ts:896:15[90m)[39m
[2m[WebServer] [22m    at SQLiteSelectBase.then [90m(/Users/deepak/Downloads/Projects/StackLens-AI-Deploy/[39mnode_modules/[4msrc[24m/query-promise.ts:31:15[90m)[39m
[2m[WebServer] [22m[90m    at process.processTicksAndRejections (node:internal/process/task_queues:105:5)[39m {
[2m[WebServer] [22m  code: [32m'SQLITE_ERROR'[39m
[2m[WebServer] [22m}
[2m[WebServer] [22mGet errors failed: SqliteError: no such column: error_logs.notes
[2m[WebServer] [22m    at Database.prepare [90m(/Users/deepak/Downloads/Projects/StackLens-AI-Deploy/[39mnode_modules/[4mbetter-sqlite3[24m/lib/methods/wrappers.js:5:21[90m)[39m
[2m[WebServer] [22m    at BetterSQLiteSession.prepareQuery [90m(/Users/deepak/Downloads/Projects/StackLens-AI-Deploy/[39mnode_modules/[4msrc[24m/better-sqlite3/session.ts:50:28[90m)[39m
[2m[WebServer] [22m    at BetterSQLiteSession.prepareOneTimeQuery [90m(/Users/deepak/Downloads/Projects/StackLens-AI-Deploy/[39mnode_modules/[4msrc[24m/sqlite-core/session.ts:135:15[90m)[39m
[2m[WebServer] [22m    at SQLiteSelectBase._prepare [90m(/Users/deepak/Downloads/Projects/StackLens-AI-Deploy/[39mnode_modules/[4msrc[24m/sqlite-core/query-builders/select.ts:865:85[90m)[39m
[2m[WebServer] [22m    at SQLiteSelectBase.all [90m(/Users/deepak/Downloads/Projects/StackLens-AI-Deploy/[39mnode_modules/[4msrc[24m/sqlite-core/query-builders/select.ts:884:15[90m)[39m
[2m[WebServer] [22m    at SQLiteSelectBase.execute [90m(/Users/deepak/Downloads/Projects/StackLens-AI-Deploy/[39mnode_modules/[4msrc[24m/sqlite-core/query-builders/select.ts:896:15[90m)[39m
[2m[WebServer] [22m    at SQLiteSelectBase.then [90m(/Users/deepak/Downloads/Projects/StackLens-AI-Deploy/[39mnode_modules/[4msrc[24m/query-promise.ts:31:15[90m)[39m
[2m[WebServer] [22m[90m    at process.processTicksAndRejections (node:internal/process/task_queues:105:5)[39m {
[2m[WebServer] [22m  code: [32m'SQLITE_ERROR'[39m
[2m[WebServer] [22m}
[2m[WebServer] [22mGet errors failed: SqliteError: no such column: error_logs.notes
[2m[WebServer] [22m    at Database.prepare [90m(/Users/deepak/Downloads/Projects/StackLens-AI-Deploy/[39mnode_modules/[4mbetter-sqlite3[24m/lib/methods/wrappers.js:5:21[90m)[39m
[2m[WebServer] [22m    at BetterSQLiteSession.prepareQuery [90m(/Users/deepak/Downloads/Projects/StackLens-AI-Deploy/[39mnode_modules/[4msrc[24m/better-sqlite3/session.ts:50:28[90m)[39m
[2m[WebServer] [22m    at BetterSQLiteSession.prepareOneTimeQuery [90m(/Users/deepak/Downloads/Projects/StackLens-AI-Deploy/[39mnode_modules/[4msrc[24m/sqlite-core/session.ts:135:15[90m)[39m
[2m[WebServer] [22m    at SQLiteSelectBase._prepare [90m(/Users/deepak/Downloads/Projects/StackLens-AI-Deploy/[39mnode_modules/[4msrc[24m/sqlite-core/query-builders/select.ts:865:85[90m)[39m
[2m[WebServer] [22m    at SQLiteSelectBase.all [90m(/Users/deepak/Downloads/Projects/StackLens-AI-Deploy/[39mnode_modules/[4msrc[24m/sqlite-core/query-builders/select.ts:884:15[90m)[39m
[2m[WebServer] [22m    at SQLiteSelectBase.execute [90m(/Users/deepak/Downloads/Projects/StackLens-AI-Deploy/[39mnode_modules/[4msrc[24m/sqlite-core/query-builders/select.ts:896:15[90m)[39m
[2m[WebServer] [22m    at SQLiteSelectBase.then [90m(/Users/deepak/Downloads/Projects/StackLens-AI-Deploy/[39mnode_modules/[4msrc[24m/query-promise.ts:31:15[90m)[39m
[2m[WebServer] [22m[90m    at process.processTicksAndRejections (node:internal/process/task_queues:105:5)[39m {
[2m[WebServer] [22m  code: [32m'SQLITE_ERROR'[39m
[2m[WebServer] [22m}
[2m[WebServer] [22mGet errors failed: SqliteError: no such column: error_logs.notes
[2m[WebServer] [22m    at Database.prepare [90m(/Users/deepak/Downloads/Projects/StackLens-AI-Deploy/[39mnode_modules/[4mbetter-sqlite3[24m/lib/methods/wrappers.js:5:21[90m)[39m
[2m[WebServer] [22m    at BetterSQLiteSession.prepareQuery [90m(/Users/deepak/Downloads/Projects/StackLens-AI-Deploy/[39mnode_modules/[4msrc[24m/better-sqlite3/session.ts:50:28[90m)[39m
[2m[WebServer] [22m    at BetterSQLiteSession.prepareOneTimeQuery [90m(/Users/deepak/Downloads/Projects/StackLens-AI-Deploy/[39mnode_modules/[4msrc[24m/sqlite-core/session.ts:135:15[90m)[39m
[2m[WebServer] [22m    at SQLiteSelectBase._prepare [90m(/Users/deepak/Downloads/Projects/StackLens-AI-Deploy/[39mnode_modules/[4msrc[24m/sqlite-core/query-builders/select.ts:865:85[90m)[39m
[2m[WebServer] [22m    at SQLiteSelectBase.all [90m(/Users/deepak/Downloads/Projects/StackLens-AI-Deploy/[39mnode_modules/[4msrc[24m/sqlite-core/query-builders/select.ts:884:15[90m)[39m
[2m[WebServer] [22m    at SQLiteSelectBase.execute [90m(/Users/deepak/Downloads/Projects/StackLens-AI-Deploy/[39mnode_modules/[4msrc[24m/sqlite-core/query-builders/select.ts:896:15[90m)[39m
[2m[WebServer] [22m    at SQLiteSelectBase.then [90m(/Users/deepak/Downloads/Projects/StackLens-AI-Deploy/[39mnode_modules/[4msrc[24m/query-promise.ts:31:15[90m)[39m
[2m[WebServer] [22m[90m    at process.processTicksAndRejections (node:internal/process/task_queues:105:5)[39m {
[2m[WebServer] [22m  code: [32m'SQLITE_ERROR'[39m
[2m[WebServer] [22m}
[2m[WebServer] [22mGet errors failed: SqliteError: no such column: error_logs.notes
[2m[WebServer] [22m    at Database.prepare [90m(/Users/deepak/Downloads/Projects/StackLens-AI-Deploy/[39mnode_modules/[4mbetter-sqlite3[24m/lib/methods/wrappers.js:5:21[90m)[39m
[2m[WebServer] [22m    at BetterSQLiteSession.prepareQuery [90m(/Users/deepak/Downloads/Projects/StackLens-AI-Deploy/[39mnode_modules/[4msrc[24m/better-sqlite3/session.ts:50:28[90m)[39m
[2m[WebServer] [22m    at BetterSQLiteSession.prepareOneTimeQuery [90m(/Users/deepak/Downloads/Projects/StackLens-AI-Deploy/[39mnode_modules/[4msrc[24m/sqlite-core/session.ts:135:15[90m)[39m
[2m[WebServer] [22m    at SQLiteSelectBase._prepare [90m(/Users/deepak/Downloads/Projects/StackLens-AI-Deploy/[39mnode_modules/[4msrc[24m/sqlite-core/query-builders/select.ts:865:85[90m)[39m
[2m[WebServer] [22m    at SQLiteSelectBase.all [90m(/Users/deepak/Downloads/Projects/StackLens-AI-Deploy/[39mnode_modules/[4msrc[24m/sqlite-core/query-builders/select.ts:884:15[90m)[39m
[2m[WebServer] [22m    at SQLiteSelectBase.execute [90m(/Users/deepak/Downloads/Projects/StackLens-AI-Deploy/[39mnode_modules/[4msrc[24m/sqlite-core/query-builders/select.ts:896:15[90m)[39m
[2m[WebServer] [22m    at SQLiteSelectBase.then [90m(/Users/deepak/Downloads/Projects/StackLens-AI-Deploy/[39mnode_modules/[4msrc[24m/query-promise.ts:31:15[90m)[39m
[2m[WebServer] [22m[90m    at process.processTicksAndRejections (node:internal/process/task_queues:105:5)[39m {
[2m[WebServer] [22m  code: [32m'SQLITE_ERROR'[39m
[2m[WebServer] [22m}
[2m[WebServer] [22mGet errors failed: SqliteError: no such column: error_logs.notes
[2m[WebServer] [22m    at Database.prepare [90m(/Users/deepak/Downloads/Projects/StackLens-AI-Deploy/[39mnode_modules/[4mbetter-sqlite3[24m/lib/methods/wrappers.js:5:21[90m)[39m
[2m[WebServer] [22m    at BetterSQLiteSession.prepareQuery [90m(/Users/deepak/Downloads/Projects/StackLens-AI-Deploy/[39mnode_modules/[4msrc[24m/better-sqlite3/session.ts:50:28[90m)[39m
[2m[WebServer] [22m    at BetterSQLiteSession.prepareOneTimeQuery [90m(/Users/deepak/Downloads/Projects/StackLens-AI-Deploy/[39mnode_modules/[4msrc[24m/sqlite-core/session.ts:135:15[90m)[39m
[2m[WebServer] [22m    at SQLiteSelectBase._prepare [90m(/Users/deepak/Downloads/Projects/StackLens-AI-Deploy/[39mnode_modules/[4msrc[24m/sqlite-core/query-builders/select.ts:865:85[90m)[39m
[2m[WebServer] [22m    at SQLiteSelectBase.all [90m(/Users/deepak/Downloads/Projects/StackLens-AI-Deploy/[39mnode_modules/[4msrc[24m/sqlite-core/query-builders/select.ts:884:15[90m)[39m
[2m[WebServer] [22m    at SQLiteSelectBase.execute [90m(/Users/deepak/Downloads/Projects/StackLens-AI-Deploy/[39mnode_modules/[4msrc[24m/sqlite-core/query-builders/select.ts:896:15[90m)[39m
[2m[WebServer] [22m    at SQLiteSelectBase.then [90m(/Users/deepak/Downloads/Projects/StackLens-AI-Deploy/[39mnode_modules/[4msrc[24m/query-promise.ts:31:15[90m)[39m
[2m[WebServer] [22m[90m    at process.processTicksAndRejections (node:internal/process/task_queues:105:5)[39m {
[2m[WebServer] [22m  code: [32m'SQLITE_ERROR'[39m
[2m[WebServer] [22m}
[2m[WebServer] [22mGet errors failed: SqliteError: no such column: error_logs.notes
[2m[WebServer] [22m    at Database.prepare [90m(/Users/deepak/Downloads/Projects/StackLens-AI-Deploy/[39mnode_modules/[4mbetter-sqlite3[24m/lib/methods/wrappers.js:5:21[90m)[39m
[2m[WebServer] [22m    at BetterSQLiteSession.prepareQuery [90m(/Users/deepak/Downloads/Projects/StackLens-AI-Deploy/[39mnode_modules/[4msrc[24m/better-sqlite3/session.ts:50:28[90m)[39m
[2m[WebServer] [22m    at BetterSQLiteSession.prepareOneTimeQuery [90m(/Users/deepak/Downloads/Projects/StackLens-AI-Deploy/[39mnode_modules/[4msrc[24m/sqlite-core/session.ts:135:15[90m)[39m
[2m[WebServer] [22m    at SQLiteSelectBase._prepare [90m(/Users/deepak/Downloads/Projects/StackLens-AI-Deploy/[39mnode_modules/[4msrc[24m/sqlite-core/query-builders/select.ts:865:85[90m)[39m
[2m[WebServer] [22m    at SQLiteSelectBase.all [90m(/Users/deepak/Downloads/Projects/StackLens-AI-Deploy/[39mnode_modules/[4msrc[24m/sqlite-core/query-builders/select.ts:884:15[90m)[39m
[2m[WebServer] [22m    at SQLiteSelectBase.execute [90m(/Users/deepak/Downloads/Projects/StackLens-AI-Deploy/[39mnode_modules/[4msrc[24m/sqlite-core/query-builders/select.ts:896:15[90m)[39m
[2m[WebServer] [22m    at SQLiteSelectBase.then [90m(/Users/deepak/Downloads/Projects/StackLens-AI-Deploy/[39mnode_modules/[4msrc[24m/query-promise.ts:31:15[90m)[39m
[2m[WebServer] [22m[90m    at process.processTicksAndRejections (node:internal/process/task_queues:105:5)[39m {
[2m[WebServer] [22m  code: [32m'SQLITE_ERROR'[39m
[2m[WebServer] [22m}
[2m[WebServer] [22mGet errors failed: SqliteError: no such column: error_logs.notes
[2m[WebServer] [22m    at Database.prepare [90m(/Users/deepak/Downloads/Projects/StackLens-AI-Deploy/[39mnode_modules/[4mbetter-sqlite3[24m/lib/methods/wrappers.js:5:21[90m)[39m
[2m[WebServer] [22m    at BetterSQLiteSession.prepareQuery [90m(/Users/deepak/Downloads/Projects/StackLens-AI-Deploy/[39mnode_modules/[4msrc[24m/better-sqlite3/session.ts:50:28[90m)[39m
[2m[WebServer] [22m    at BetterSQLiteSession.prepareOneTimeQuery [90m(/Users/deepak/Downloads/Projects/StackLens-AI-Deploy/[39mnode_modules/[4msrc[24m/sqlite-core/session.ts:135:15[90m)[39m
[2m[WebServer] [22m    at SQLiteSelectBase._prepare [90m(/Users/deepak/Downloads/Projects/StackLens-AI-Deploy/[39mnode_modules/[4msrc[24m/sqlite-core/query-builders/select.ts:865:85[90m)[39m
[2m[WebServer] [22m    at SQLiteSelectBase.all [90m(/Users/deepak/Downloads/Projects/StackLens-AI-Deploy/[39mnode_modules/[4msrc[24m/sqlite-core/query-builders/select.ts:884:15[90m)[39m
[2m[WebServer] [22m    at SQLiteSelectBase.execute [90m(/Users/deepak/Downloads/Projects/StackLens-AI-Deploy/[39mnode_modules/[4msrc[24m/sqlite-core/query-builders/select.ts:896:15[90m)[39m
[2m[WebServer] [22m    at SQLiteSelectBase.then [90m(/Users/deepak/Downloads/Projects/StackLens-AI-Deploy/[39mnode_modules/[4msrc[24m/query-promise.ts:31:15[90m)[39m
[2m[WebServer] [22m[90m    at process.processTicksAndRejections (node:internal/process/task_queues:105:5)[39m {
[2m[WebServer] [22m  code: [32m'SQLITE_ERROR'[39m
[2m[WebServer] [22m}
[2m[WebServer] [22mGet errors failed: SqliteError: no such column: error_logs.notes
[2m[WebServer] [22m    at Database.prepare [90m(/Users/deepak/Downloads/Projects/StackLens-AI-Deploy/[39mnode_modules/[4mbetter-sqlite3[24m/lib/methods/wrappers.js:5:21[90m)[39m
[2m[WebServer] [22m    at BetterSQLiteSession.prepareQuery [90m(/Users/deepak/Downloads/Projects/StackLens-AI-Deploy/[39mnode_modules/[4msrc[24m/better-sqlite3/session.ts:50:28[90m)[39m
[2m[WebServer] [22m    at BetterSQLiteSession.prepareOneTimeQuery [90m(/Users/deepak/Downloads/Projects/StackLens-AI-Deploy/[39mnode_modules/[4msrc[24m/sqlite-core/session.ts:135:15[90m)[39m
[2m[WebServer] [22m    at SQLiteSelectBase._prepare [90m(/Users/deepak/Downloads/Projects/StackLens-AI-Deploy/[39mnode_modules/[4msrc[24m/sqlite-core/query-builders/select.ts:865:85[90m)[39m
[2m[WebServer] [22m    at SQLiteSelectBase.all [90m(/Users/deepak/Downloads/Projects/StackLens-AI-Deploy/[39mnode_modules/[4msrc[24m/sqlite-core/query-builders/select.ts:884:15[90m)[39m
[2m[WebServer] [22m    at SQLiteSelectBase.execute [90m(/Users/deepak/Downloads/Projects/StackLens-AI-Deploy/[39mnode_modules/[4msrc[24m/sqlite-core/query-builders/select.ts:896:15[90m)[39m
[2m[WebServer] [22m    at SQLiteSelectBase.then [90m(/Users/deepak/Downloads/Projects/StackLens-AI-Deploy/[39mnode_modules/[4msrc[24m/query-promise.ts:31:15[90m)[39m
[2m[WebServer] [22m[90m    at process.processTicksAndRejections (node:internal/process/task_queues:105:5)[39m {
[2m[WebServer] [22m  code: [32m'SQLITE_ERROR'[39m
[2m[WebServer] [22m}
  ✘   95 [api-tests] › tests/api/comprehensive.test.ts:1089:5 › API Tests - Pagination Edge Cases › should handle page=0 (81ms)
[2m[WebServer] [22mGet errors failed: SqliteError: no such column: error_logs.notes
[2m[WebServer] [22m    at Database.prepare [90m(/Users/deepak/Downloads/Projects/StackLens-AI-Deploy/[39mnode_modules/[4mbetter-sqlite3[24m/lib/methods/wrappers.js:5:21[90m)[39m
[2m[WebServer] [22m    at BetterSQLiteSession.prepareQuery [90m(/Users/deepak/Downloads/Projects/StackLens-AI-Deploy/[39mnode_modules/[4msrc[24m/better-sqlite3/session.ts:50:28[90m)[39m
[2m[WebServer] [22m    at BetterSQLiteSession.prepareOneTimeQuery [90m(/Users/deepak/Downloads/Projects/StackLens-AI-Deploy/[39mnode_modules/[4msrc[24m/sqlite-core/session.ts:135:15[90m)[39m
[2m[WebServer] [22m    at SQLiteSelectBase._prepare [90m(/Users/deepak/Downloads/Projects/StackLens-AI-Deploy/[39mnode_modules/[4msrc[24m/sqlite-core/query-builders/select.ts:865:85[90m)[39m
[2m[WebServer] [22m    at SQLiteSelectBase.all [90m(/Users/deepak/Downloads/Projects/StackLens-AI-Deploy/[39mnode_modules/[4msrc[24m/sqlite-core/query-builders/select.ts:884:15[90m)[39m
[2m[WebServer] [22m    at SQLiteSelectBase.execute [90m(/Users/deepak/Downloads/Projects/StackLens-AI-Deploy/[39mnode_modules/[4msrc[24m/sqlite-core/query-builders/select.ts:896:15[90m)[39m
[2m[WebServer] [22m    at SQLiteSelectBase.then [90m(/Users/deepak/Downloads/Projects/StackLens-AI-Deploy/[39mnode_modules/[4msrc[24m/query-promise.ts:31:15[90m)[39m
[2m[WebServer] [22m[90m    at process.processTicksAndRejections (node:internal/process/task_queues:105:5)[39m {
[2m[WebServer] [22m  code: [32m'SQLITE_ERROR'[39m
[2m[WebServer] [22m}
[2m[WebServer] [22mGet errors failed: SqliteError: no such column: error_logs.notes
[2m[WebServer] [22m    at Database.prepare [90m(/Users/deepak/Downloads/Projects/StackLens-AI-Deploy/[39mnode_modules/[4mbetter-sqlite3[24m/lib/methods/wrappers.js:5:21[90m)[39m
[2m[WebServer] [22m    at BetterSQLiteSession.prepareQuery [90m(/Users/deepak/Downloads/Projects/StackLens-AI-Deploy/[39mnode_modules/[4msrc[24m/better-sqlite3/session.ts:50:28[90m)[39m
[2m[WebServer] [22m    at BetterSQLiteSession.prepareOneTimeQuery [90m(/Users/deepak/Downloads/Projects/StackLens-AI-Deploy/[39mnode_modules/[4msrc[24m/sqlite-core/session.ts:135:15[90m)[39m
[2m[WebServer] [22m    at SQLiteSelectBase._prepare [90m(/Users/deepak/Downloads/Projects/StackLens-AI-Deploy/[39mnode_modules/[4msrc[24m/sqlite-core/query-builders/select.ts:865:85[90m)[39m
[2m[WebServer] [22m    at SQLiteSelectBase.all [90m(/Users/deepak/Downloads/Projects/StackLens-AI-Deploy/[39mnode_modules/[4msrc[24m/sqlite-core/query-builders/select.ts:884:15[90m)[39m
[2m[WebServer] [22m    at SQLiteSelectBase.execute [90m(/Users/deepak/Downloads/Projects/StackLens-AI-Deploy/[39mnode_modules/[4msrc[24m/sqlite-core/query-builders/select.ts:896:15[90m)[39m
[2m[WebServer] [22m    at SQLiteSelectBase.then [90m(/Users/deepak/Downloads/Projects/StackLens-AI-Deploy/[39mnode_modules/[4msrc[24m/query-promise.ts:31:15[90m)[39m
[2m[WebServer] [22m[90m    at process.processTicksAndRejections (node:internal/process/task_queues:105:5)[39m {
[2m[WebServer] [22m  code: [32m'SQLITE_ERROR'[39m
[2m[WebServer] [22m}
[2m[WebServer] [22mGet errors failed: SqliteError: no such column: error_logs.notes
[2m[WebServer] [22m    at Database.prepare [90m(/Users/deepak/Downloads/Projects/StackLens-AI-Deploy/[39mnode_modules/[4mbetter-sqlite3[24m/lib/methods/wrappers.js:5:21[90m)[39m
[2m[WebServer] [22m    at BetterSQLiteSession.prepareQuery [90m(/Users/deepak/Downloads/Projects/StackLens-AI-Deploy/[39mnode_modules/[4msrc[24m/better-sqlite3/session.ts:50:28[90m)[39m
[2m[WebServer] [22m    at BetterSQLiteSession.prepareOneTimeQuery [90m(/Users/deepak/Downloads/Projects/StackLens-AI-Deploy/[39mnode_modules/[4msrc[24m/sqlite-core/session.ts:135:15[90m)[39m
[2m[WebServer] [22m    at SQLiteSelectBase._prepare [90m(/Users/deepak/Downloads/Projects/StackLens-AI-Deploy/[39mnode_modules/[4msrc[24m/sqlite-core/query-builders/select.ts:865:85[90m)[39m
[2m[WebServer] [22m    at SQLiteSelectBase.all [90m(/Users/deepak/Downloads/Projects/StackLens-AI-Deploy/[39mnode_modules/[4msrc[24m/sqlite-core/query-builders/select.ts:884:15[90m)[39m
[2m[WebServer] [22m    at SQLiteSelectBase.execute [90m(/Users/deepak/Downloads/Projects/StackLens-AI-Deploy/[39mnode_modules/[4msrc[24m/sqlite-core/query-builders/select.ts:896:15[90m)[39m
[2m[WebServer] [22m    at SQLiteSelectBase.then [90m(/Users/deepak/Downloads/Projects/StackLens-AI-Deploy/[39mnode_modules/[4msrc[24m/query-promise.ts:31:15[90m)[39m
[2m[WebServer] [22m[90m    at process.processTicksAndRejections (node:internal/process/task_queues:105:5)[39m {
[2m[WebServer] [22m  code: [32m'SQLITE_ERROR'[39m
[2m[WebServer] [22m}
[2m[WebServer] [22mGet errors failed: SqliteError: no such column: error_logs.notes
[2m[WebServer] [22m    at Database.prepare [90m(/Users/deepak/Downloads/Projects/StackLens-AI-Deploy/[39mnode_modules/[4mbetter-sqlite3[24m/lib/methods/wrappers.js:5:21[90m)[39m
[2m[WebServer] [22m    at BetterSQLiteSession.prepareQuery [90m(/Users/deepak/Downloads/Projects/StackLens-AI-Deploy/[39mnode_modules/[4msrc[24m/better-sqlite3/session.ts:50:28[90m)[39m
[2m[WebServer] [22m    at BetterSQLiteSession.prepareOneTimeQuery [90m(/Users/deepak/Downloads/Projects/StackLens-AI-Deploy/[39mnode_modules/[4msrc[24m/sqlite-core/session.ts:135:15[90m)[39m
[2m[WebServer] [22m    at SQLiteSelectBase._prepare [90m(/Users/deepak/Downloads/Projects/StackLens-AI-Deploy/[39mnode_modules/[4msrc[24m/sqlite-core/query-builders/select.ts:865:85[90m)[39m
[2m[WebServer] [22m    at SQLiteSelectBase.all [90m(/Users/deepak/Downloads/Projects/StackLens-AI-Deploy/[39mnode_modules/[4msrc[24m/sqlite-core/query-builders/select.ts:884:15[90m)[39m
[2m[WebServer] [22m    at SQLiteSelectBase.execute [90m(/Users/deepak/Downloads/Projects/StackLens-AI-Deploy/[39mnode_modules/[4msrc[24m/sqlite-core/query-builders/select.ts:896:15[90m)[39m
[2m[WebServer] [22m    at SQLiteSelectBase.then [90m(/Users/deepak/Downloads/Projects/StackLens-AI-Deploy/[39mnode_modules/[4msrc[24m/query-promise.ts:31:15[90m)[39m
[2m[WebServer] [22m[90m    at process.processTicksAndRejections (node:internal/process/task_queues:105:5)[39m {
[2m[WebServer] [22m  code: [32m'SQLITE_ERROR'[39m
[2m[WebServer] [22m}
[2m[WebServer] [22mGet errors failed: SqliteError: no such column: error_logs.notes
[2m[WebServer] [22m    at Database.prepare [90m(/Users/deepak/Downloads/Projects/StackLens-AI-Deploy/[39mnode_modules/[4mbetter-sqlite3[24m/lib/methods/wrappers.js:5:21[90m)[39m
[2m[WebServer] [22m    at BetterSQLiteSession.prepareQuery [90m(/Users/deepak/Downloads/Projects/StackLens-AI-Deploy/[39mnode_modules/[4msrc[24m/better-sqlite3/session.ts:50:28[90m)[39m
[2m[WebServer] [22m    at BetterSQLiteSession.prepareOneTimeQuery [90m(/Users/deepak/Downloads/Projects/StackLens-AI-Deploy/[39mnode_modules/[4msrc[24m/sqlite-core/session.ts:135:15[90m)[39m
[2m[WebServer] [22m    at SQLiteSelectBase._prepare [90m(/Users/deepak/Downloads/Projects/StackLens-AI-Deploy/[39mnode_modules/[4msrc[24m/sqlite-core/query-builders/select.ts:865:85[90m)[39m
[2m[WebServer] [22m    at SQLiteSelectBase.all [90m(/Users/deepak/Downloads/Projects/StackLens-AI-Deploy/[39mnode_modules/[4msrc[24m/sqlite-core/query-builders/select.ts:884:15[90m)[39m
[2m[WebServer] [22m    at SQLiteSelectBase.execute [90m(/Users/deepak/Downloads/Projects/StackLens-AI-Deploy/[39mnode_modules/[4msrc[24m/sqlite-core/query-builders/select.ts:896:15[90m)[39m
[2m[WebServer] [22m    at SQLiteSelectBase.then [90m(/Users/deepak/Downloads/Projects/StackLens-AI-Deploy/[39mnode_modules/[4msrc[24m/query-promise.ts:31:15[90m)[39m
[2m[WebServer] [22m[90m    at process.processTicksAndRejections (node:internal/process/task_queues:105:5)[39m {
[2m[WebServer] [22m  code: [32m'SQLITE_ERROR'[39m
[2m[WebServer] [22m}
[2m[WebServer] [22mGet errors failed: SqliteError: no such column: error_logs.notes
[2m[WebServer] [22m    at Database.prepare [90m(/Users/deepak/Downloads/Projects/StackLens-AI-Deploy/[39mnode_modules/[4mbetter-sqlite3[24m/lib/methods/wrappers.js:5:21[90m)[39m
[2m[WebServer] [22m    at BetterSQLiteSession.prepareQuery [90m(/Users/deepak/Downloads/Projects/StackLens-AI-Deploy/[39mnode_modules/[4msrc[24m/better-sqlite3/session.ts:50:28[90m)[39m
[2m[WebServer] [22m    at BetterSQLiteSession.prepareOneTimeQuery [90m(/Users/deepak/Downloads/Projects/StackLens-AI-Deploy/[39mnode_modules/[4msrc[24m/sqlite-core/session.ts:135:15[90m)[39m
[2m[WebServer] [22m    at SQLiteSelectBase._prepare [90m(/Users/deepak/Downloads/Projects/StackLens-AI-Deploy/[39mnode_modules/[4msrc[24m/sqlite-core/query-builders/select.ts:865:85[90m)[39m
[2m[WebServer] [22m    at SQLiteSelectBase.all [90m(/Users/deepak/Downloads/Projects/StackLens-AI-Deploy/[39mnode_modules/[4msrc[24m/sqlite-core/query-builders/select.ts:884:15[90m)[39m
[2m[WebServer] [22m    at SQLiteSelectBase.execute [90m(/Users/deepak/Downloads/Projects/StackLens-AI-Deploy/[39mnode_modules/[4msrc[24m/sqlite-core/query-builders/select.ts:896:15[90m)[39m
[2m[WebServer] [22m    at SQLiteSelectBase.then [90m(/Users/deepak/Downloads/Projects/StackLens-AI-Deploy/[39mnode_modules/[4msrc[24m/query-promise.ts:31:15[90m)[39m
[2m[WebServer] [22m[90m    at process.processTicksAndRejections (node:internal/process/task_queues:105:5)[39m {
[2m[WebServer] [22m  code: [32m'SQLITE_ERROR'[39m
[2m[WebServer] [22m}
[2m[WebServer] [22mGet errors failed: SqliteError: no such column: error_logs.notes
[2m[WebServer] [22m    at Database.prepare [90m(/Users/deepak/Downloads/Projects/StackLens-AI-Deploy/[39mnode_modules/[4mbetter-sqlite3[24m/lib/methods/wrappers.js:5:21[90m)[39m
[2m[WebServer] [22m    at BetterSQLiteSession.prepareQuery [90m(/Users/deepak/Downloads/Projects/StackLens-AI-Deploy/[39mnode_modules/[4msrc[24m/better-sqlite3/session.ts:50:28[90m)[39m
[2m[WebServer] [22m    at BetterSQLiteSession.prepareOneTimeQuery [90m(/Users/deepak/Downloads/Projects/StackLens-AI-Deploy/[39mnode_modules/[4msrc[24m/sqlite-core/session.ts:135:15[90m)[39m
[2m[WebServer] [22m    at SQLiteSelectBase._prepare [90m(/Users/deepak/Downloads/Projects/StackLens-AI-Deploy/[39mnode_modules/[4msrc[24m/sqlite-core/query-builders/select.ts:865:85[90m)[39m
[2m[WebServer] [22m    at SQLiteSelectBase.all [90m(/Users/deepak/Downloads/Projects/StackLens-AI-Deploy/[39mnode_modules/[4msrc[24m/sqlite-core/query-builders/select.ts:884:15[90m)[39m
[2m[WebServer] [22m    at SQLiteSelectBase.execute [90m(/Users/deepak/Downloads/Projects/StackLens-AI-Deploy/[39mnode_modules/[4msrc[24m/sqlite-core/query-builders/select.ts:896:15[90m)[39m
[2m[WebServer] [22m    at SQLiteSelectBase.then [90m(/Users/deepak/Downloads/Projects/StackLens-AI-Deploy/[39mnode_modules/[4msrc[24m/query-promise.ts:31:15[90m)[39m
[2m[WebServer] [22m[90m    at process.processTicksAndRejections (node:internal/process/task_queues:105:5)[39m {
[2m[WebServer] [22m  code: [32m'SQLITE_ERROR'[39m
[2m[WebServer] [22m}
[2m[WebServer] [22mGet errors failed: SqliteError: no such column: error_logs.notes
[2m[WebServer] [22m    at Database.prepare [90m(/Users/deepak/Downloads/Projects/StackLens-AI-Deploy/[39mnode_modules/[4mbetter-sqlite3[24m/lib/methods/wrappers.js:5:21[90m)[39m
[2m[WebServer] [22m    at BetterSQLiteSession.prepareQuery [90m(/Users/deepak/Downloads/Projects/StackLens-AI-Deploy/[39mnode_modules/[4msrc[24m/better-sqlite3/session.ts:50:28[90m)[39m
[2m[WebServer] [22m    at BetterSQLiteSession.prepareOneTimeQuery [90m(/Users/deepak/Downloads/Projects/StackLens-AI-Deploy/[39mnode_modules/[4msrc[24m/sqlite-core/session.ts:135:15[90m)[39m
[2m[WebServer] [22m    at SQLiteSelectBase._prepare [90m(/Users/deepak/Downloads/Projects/StackLens-AI-Deploy/[39mnode_modules/[4msrc[24m/sqlite-core/query-builders/select.ts:865:85[90m)[39m
[2m[WebServer] [22m    at SQLiteSelectBase.all [90m(/Users/deepak/Downloads/Projects/StackLens-AI-Deploy/[39mnode_modules/[4msrc[24m/sqlite-core/query-builders/select.ts:884:15[90m)[39m
[2m[WebServer] [22m    at SQLiteSelectBase.execute [90m(/Users/deepak/Downloads/Projects/StackLens-AI-Deploy/[39mnode_modules/[4msrc[24m/sqlite-core/query-builders/select.ts:896:15[90m)[39m
[2m[WebServer] [22m    at SQLiteSelectBase.then [90m(/Users/deepak/Downloads/Projects/StackLens-AI-Deploy/[39mnode_modules/[4msrc[24m/query-promise.ts:31:15[90m)[39m
[2m[WebServer] [22m[90m    at process.processTicksAndRejections (node:internal/process/task_queues:105:5)[39m {
[2m[WebServer] [22m  code: [32m'SQLITE_ERROR'[39m
[2m[WebServer] [22m}
[2m[WebServer] [22mGet errors failed: SqliteError: no such column: error_logs.notes
[2m[WebServer] [22m    at Database.prepare [90m(/Users/deepak/Downloads/Projects/StackLens-AI-Deploy/[39mnode_modules/[4mbetter-sqlite3[24m/lib/methods/wrappers.js:5:21[90m)[39m
[2m[WebServer] [22m    at BetterSQLiteSession.prepareQuery [90m(/Users/deepak/Downloads/Projects/StackLens-AI-Deploy/[39mnode_modules/[4msrc[24m/better-sqlite3/session.ts:50:28[90m)[39m
[2m[WebServer] [22m    at BetterSQLiteSession.prepareOneTimeQuery [90m(/Users/deepak/Downloads/Projects/StackLens-AI-Deploy/[39mnode_modules/[4msrc[24m/sqlite-core/session.ts:135:15[90m)[39m
[2m[WebServer] [22m    at SQLiteSelectBase._prepare [90m(/Users/deepak/Downloads/Projects/StackLens-AI-Deploy/[39mnode_modules/[4msrc[24m/sqlite-core/query-builders/select.ts:865:85[90m)[39m
[2m[WebServer] [22m    at SQLiteSelectBase.all [90m(/Users/deepak/Downloads/Projects/StackLens-AI-Deploy/[39mnode_modules/[4msrc[24m/sqlite-core/query-builders/select.ts:884:15[90m)[39m
[2m[WebServer] [22m    at SQLiteSelectBase.execute [90m(/Users/deepak/Downloads/Projects/StackLens-AI-Deploy/[39mnode_modules/[4msrc[24m/sqlite-core/query-builders/select.ts:896:15[90m)[39m
[2m[WebServer] [22m    at SQLiteSelectBase.then [90m(/Users/deepak/Downloads/Projects/StackLens-AI-Deploy/[39mnode_modules/[4msrc[24m/query-promise.ts:31:15[90m)[39m
[2m[WebServer] [22m[90m    at process.processTicksAndRejections (node:internal/process/task_queues:105:5)[39m {
[2m[WebServer] [22m  code: [32m'SQLITE_ERROR'[39m
[2m[WebServer] [22m}
[2m[WebServer] [22mGet errors failed: SqliteError: no such column: error_logs.notes
[2m[WebServer] [22m    at Database.prepare [90m(/Users/deepak/Downloads/Projects/StackLens-AI-Deploy/[39mnode_modules/[4mbetter-sqlite3[24m/lib/methods/wrappers.js:5:21[90m)[39m
[2m[WebServer] [22m    at BetterSQLiteSession.prepareQuery [90m(/Users/deepak/Downloads/Projects/StackLens-AI-Deploy/[39mnode_modules/[4msrc[24m/better-sqlite3/session.ts:50:28[90m)[39m
[2m[WebServer] [22m    at BetterSQLiteSession.prepareOneTimeQuery [90m(/Users/deepak/Downloads/Projects/StackLens-AI-Deploy/[39mnode_modules/[4msrc[24m/sqlite-core/session.ts:135:15[90m)[39m
[2m[WebServer] [22m    at SQLiteSelectBase._prepare [90m(/Users/deepak/Downloads/Projects/StackLens-AI-Deploy/[39mnode_modules/[4msrc[24m/sqlite-core/query-builders/select.ts:865:85[90m)[39m
[2m[WebServer] [22m    at SQLiteSelectBase.all [90m(/Users/deepak/Downloads/Projects/StackLens-AI-Deploy/[39mnode_modules/[4msrc[24m/sqlite-core/query-builders/select.ts:884:15[90m)[39m
[2m[WebServer] [22m    at SQLiteSelectBase.execute [90m(/Users/deepak/Downloads/Projects/StackLens-AI-Deploy/[39mnode_modules/[4msrc[24m/sqlite-core/query-builders/select.ts:896:15[90m)[39m
[2m[WebServer] [22m    at SQLiteSelectBase.then [90m(/Users/deepak/Downloads/Projects/StackLens-AI-Deploy/[39mnode_modules/[4msrc[24m/query-promise.ts:31:15[90m)[39m
[2m[WebServer] [22m[90m    at process.processTicksAndRejections (node:internal/process/task_queues:105:5)[39m {
[2m[WebServer] [22m  code: [32m'SQLITE_ERROR'[39m
[2m[WebServer] [22m}
[2m[WebServer] [22mGet errors failed: SqliteError: no such column: error_logs.notes
[2m[WebServer] [22m    at Database.prepare [90m(/Users/deepak/Downloads/Projects/StackLens-AI-Deploy/[39mnode_modules/[4mbetter-sqlite3[24m/lib/methods/wrappers.js:5:21[90m)[39m
[2m[WebServer] [22m    at BetterSQLiteSession.prepareQuery [90m(/Users/deepak/Downloads/Projects/StackLens-AI-Deploy/[39mnode_modules/[4msrc[24m/better-sqlite3/session.ts:50:28[90m)[39m
[2m[WebServer] [22m    at BetterSQLiteSession.prepareOneTimeQuery [90m(/Users/deepak/Downloads/Projects/StackLens-AI-Deploy/[39mnode_modules/[4msrc[24m/sqlite-core/session.ts:135:15[90m)[39m
[2m[WebServer] [22m    at SQLiteSelectBase._prepare [90m(/Users/deepak/Downloads/Projects/StackLens-AI-Deploy/[39mnode_modules/[4msrc[24m/sqlite-core/query-builders/select.ts:865:85[90m)[39m
[2m[WebServer] [22m    at SQLiteSelectBase.all [90m(/Users/deepak/Downloads/Projects/StackLens-AI-Deploy/[39mnode_modules/[4msrc[24m/sqlite-core/query-builders/select.ts:884:15[90m)[39m
[2m[WebServer] [22m    at SQLiteSelectBase.execute [90m(/Users/deepak/Downloads/Projects/StackLens-AI-Deploy/[39mnode_modules/[4msrc[24m/sqlite-core/query-builders/select.ts:896:15[90m)[39m
[2m[WebServer] [22m    at SQLiteSelectBase.then [90m(/Users/deepak/Downloads/Projects/StackLens-AI-Deploy/[39mnode_modules/[4msrc[24m/query-promise.ts:31:15[90m)[39m
[2m[WebServer] [22m[90m    at process.processTicksAndRejections (node:internal/process/task_queues:105:5)[39m {
[2m[WebServer] [22m  code: [32m'SQLITE_ERROR'[39m
[2m[WebServer] [22m}
[2m[WebServer] [22mGet errors failed: SqliteError: no such column: error_logs.notes
[2m[WebServer] [22m    at Database.prepare [90m(/Users/deepak/Downloads/Projects/StackLens-AI-Deploy/[39mnode_modules/[4mbetter-sqlite3[24m/lib/methods/wrappers.js:5:21[90m)[39m
[2m[WebServer] [22m    at BetterSQLiteSession.prepareQuery [90m(/Users/deepak/Downloads/Projects/StackLens-AI-Deploy/[39mnode_modules/[4msrc[24m/better-sqlite3/session.ts:50:28[90m)[39m
[2m[WebServer] [22m    at BetterSQLiteSession.prepareOneTimeQuery [90m(/Users/deepak/Downloads/Projects/StackLens-AI-Deploy/[39mnode_modules/[4msrc[24m/sqlite-core/session.ts:135:15[90m)[39m
[2m[WebServer] [22m    at SQLiteSelectBase._prepare [90m(/Users/deepak/Downloads/Projects/StackLens-AI-Deploy/[39mnode_modules/[4msrc[24m/sqlite-core/query-builders/select.ts:865:85[90m)[39m
[2m[WebServer] [22m    at SQLiteSelectBase.all [90m(/Users/deepak/Downloads/Projects/StackLens-AI-Deploy/[39mnode_modules/[4msrc[24m/sqlite-core/query-builders/select.ts:884:15[90m)[39m
[2m[WebServer] [22m    at SQLiteSelectBase.execute [90m(/Users/deepak/Downloads/Projects/StackLens-AI-Deploy/[39mnode_modules/[4msrc[24m/sqlite-core/query-builders/select.ts:896:15[90m)[39m
[2m[WebServer] [22m    at SQLiteSelectBase.then [90m(/Users/deepak/Downloads/Projects/StackLens-AI-Deploy/[39mnode_modules/[4msrc[24m/query-promise.ts:31:15[90m)[39m
[2m[WebServer] [22m[90m    at process.processTicksAndRejections (node:internal/process/task_queues:105:5)[39m {
[2m[WebServer] [22m  code: [32m'SQLITE_ERROR'[39m
[2m[WebServer] [22m}
[2m[WebServer] [22mGet errors failed: SqliteError: no such column: error_logs.notes
[2m[WebServer] [22m    at Database.prepare [90m(/Users/deepak/Downloads/Projects/StackLens-AI-Deploy/[39mnode_modules/[4mbetter-sqlite3[24m/lib/methods/wrappers.js:5:21[90m)[39m
[2m[WebServer] [22m    at BetterSQLiteSession.prepareQuery [90m(/Users/deepak/Downloads/Projects/StackLens-AI-Deploy/[39mnode_modules/[4msrc[24m/better-sqlite3/session.ts:50:28[90m)[39m
[2m[WebServer] [22m    at BetterSQLiteSession.prepareOneTimeQuery [90m(/Users/deepak/Downloads/Projects/StackLens-AI-Deploy/[39mnode_modules/[4msrc[24m/sqlite-core/session.ts:135:15[90m)[39m
[2m[WebServer] [22m    at SQLiteSelectBase._prepare [90m(/Users/deepak/Downloads/Projects/StackLens-AI-Deploy/[39mnode_modules/[4msrc[24m/sqlite-core/query-builders/select.ts:865:85[90m)[39m
[2m[WebServer] [22m    at SQLiteSelectBase.all [90m(/Users/deepak/Downloads/Projects/StackLens-AI-Deploy/[39mnode_modules/[4msrc[24m/sqlite-core/query-builders/select.ts:884:15[90m)[39m
[2m[WebServer] [22m    at SQLiteSelectBase.execute [90m(/Users/deepak/Downloads/Projects/StackLens-AI-Deploy/[39mnode_modules/[4msrc[24m/sqlite-core/query-builders/select.ts:896:15[90m)[39m
[2m[WebServer] [22m    at SQLiteSelectBase.then [90m(/Users/deepak/Downloads/Projects/StackLens-AI-Deploy/[39mnode_modules/[4msrc[24m/query-promise.ts:31:15[90m)[39m
[2m[WebServer] [22m[90m    at process.processTicksAndRejections (node:internal/process/task_queues:105:5)[39m {
[2m[WebServer] [22m  code: [32m'SQLITE_ERROR'[39m
[2m[WebServer] [22m}
[2m[WebServer] [22mGet errors failed: SqliteError: no such column: error_logs.notes
[2m[WebServer] [22m    at Database.prepare [90m(/Users/deepak/Downloads/Projects/StackLens-AI-Deploy/[39mnode_modules/[4mbetter-sqlite3[24m/lib/methods/wrappers.js:5:21[90m)[39m
[2m[WebServer] [22m    at BetterSQLiteSession.prepareQuery [90m(/Users/deepak/Downloads/Projects/StackLens-AI-Deploy/[39mnode_modules/[4msrc[24m/better-sqlite3/session.ts:50:28[90m)[39m
[2m[WebServer] [22m    at BetterSQLiteSession.prepareOneTimeQuery [90m(/Users/deepak/Downloads/Projects/StackLens-AI-Deploy/[39mnode_modules/[4msrc[24m/sqlite-core/session.ts:135:15[90m)[39m
[2m[WebServer] [22m    at SQLiteSelectBase._prepare [90m(/Users/deepak/Downloads/Projects/StackLens-AI-Deploy/[39mnode_modules/[4msrc[24m/sqlite-core/query-builders/select.ts:865:85[90m)[39m
[2m[WebServer] [22m    at SQLiteSelectBase.all [90m(/Users/deepak/Downloads/Projects/StackLens-AI-Deploy/[39mnode_modules/[4msrc[24m/sqlite-core/query-builders/select.ts:884:15[90m)[39m
[2m[WebServer] [22m    at SQLiteSelectBase.execute [90m(/Users/deepak/Downloads/Projects/StackLens-AI-Deploy/[39mnode_modules/[4msrc[24m/sqlite-core/query-builders/select.ts:896:15[90m)[39m
[2m[WebServer] [22m    at SQLiteSelectBase.then [90m(/Users/deepak/Downloads/Projects/StackLens-AI-Deploy/[39mnode_modules/[4msrc[24m/query-promise.ts:31:15[90m)[39m
[2m[WebServer] [22m[90m    at process.processTicksAndRejections (node:internal/process/task_queues:105:5)[39m {
[2m[WebServer] [22m  code: [32m'SQLITE_ERROR'[39m
[2m[WebServer] [22m}
[2m[WebServer] [22mGet errors failed: SqliteError: no such column: error_logs.notes
[2m[WebServer] [22m    at Database.prepare [90m(/Users/deepak/Downloads/Projects/StackLens-AI-Deploy/[39mnode_modules/[4mbetter-sqlite3[24m/lib/methods/wrappers.js:5:21[90m)[39m
[2m[WebServer] [22m    at BetterSQLiteSession.prepareQuery [90m(/Users/deepak/Downloads/Projects/StackLens-AI-Deploy/[39mnode_modules/[4msrc[24m/better-sqlite3/session.ts:50:28[90m)[39m
[2m[WebServer] [22m    at BetterSQLiteSession.prepareOneTimeQuery [90m(/Users/deepak/Downloads/Projects/StackLens-AI-Deploy/[39mnode_modules/[4msrc[24m/sqlite-core/session.ts:135:15[90m)[39m
[2m[WebServer] [22m    at SQLiteSelectBase._prepare [90m(/Users/deepak/Downloads/Projects/StackLens-AI-Deploy/[39mnode_modules/[4msrc[24m/sqlite-core/query-builders/select.ts:865:85[90m)[39m
[2m[WebServer] [22m    at SQLiteSelectBase.all [90m(/Users/deepak/Downloads/Projects/StackLens-AI-Deploy/[39mnode_modules/[4msrc[24m/sqlite-core/query-builders/select.ts:884:15[90m)[39m
[2m[WebServer] [22m    at SQLiteSelectBase.execute [90m(/Users/deepak/Downloads/Projects/StackLens-AI-Deploy/[39mnode_modules/[4msrc[24m/sqlite-core/query-builders/select.ts:896:15[90m)[39m
[2m[WebServer] [22m    at SQLiteSelectBase.then [90m(/Users/deepak/Downloads/Projects/StackLens-AI-Deploy/[39mnode_modules/[4msrc[24m/query-promise.ts:31:15[90m)[39m
[2m[WebServer] [22m[90m    at process.processTicksAndRejections (node:internal/process/task_queues:105:5)[39m {
[2m[WebServer] [22m  code: [32m'SQLITE_ERROR'[39m
[2m[WebServer] [22m}
[2m[WebServer] [22mGet errors failed: SqliteError: no such column: error_logs.notes
[2m[WebServer] [22m    at Database.prepare [90m(/Users/deepak/Downloads/Projects/StackLens-AI-Deploy/[39mnode_modules/[4mbetter-sqlite3[24m/lib/methods/wrappers.js:5:21[90m)[39m
[2m[WebServer] [22m    at BetterSQLiteSession.prepareQuery [90m(/Users/deepak/Downloads/Projects/StackLens-AI-Deploy/[39mnode_modules/[4msrc[24m/better-sqlite3/session.ts:50:28[90m)[39m
[2m[WebServer] [22m    at BetterSQLiteSession.prepareOneTimeQuery [90m(/Users/deepak/Downloads/Projects/StackLens-AI-Deploy/[39mnode_modules/[4msrc[24m/sqlite-core/session.ts:135:15[90m)[39m
[2m[WebServer] [22m    at SQLiteSelectBase._prepare [90m(/Users/deepak/Downloads/Projects/StackLens-AI-Deploy/[39mnode_modules/[4msrc[24m/sqlite-core/query-builders/select.ts:865:85[90m)[39m
[2m[WebServer] [22m    at SQLiteSelectBase.all [90m(/Users/deepak/Downloads/Projects/StackLens-AI-Deploy/[39mnode_modules/[4msrc[24m/sqlite-core/query-builders/select.ts:884:15[90m)[39m
[2m[WebServer] [22m    at SQLiteSelectBase.execute [90m(/Users/deepak/Downloads/Projects/StackLens-AI-Deploy/[39mnode_modules/[4msrc[24m/sqlite-core/query-builders/select.ts:896:15[90m)[39m
[2m[WebServer] [22m    at SQLiteSelectBase.then [90m(/Users/deepak/Downloads/Projects/StackLens-AI-Deploy/[39mnode_modules/[4msrc[24m/query-promise.ts:31:15[90m)[39m
[2m[WebServer] [22m[90m    at process.processTicksAndRejections (node:internal/process/task_queues:105:5)[39m {
[2m[WebServer] [22m  code: [32m'SQLITE_ERROR'[39m
[2m[WebServer] [22m}
[2m[WebServer] [22mGet errors failed: SqliteError: no such column: error_logs.notes
[2m[WebServer] [22m    at Database.prepare [90m(/Users/deepak/Downloads/Projects/StackLens-AI-Deploy/[39mnode_modules/[4mbetter-sqlite3[24m/lib/methods/wrappers.js:5:21[90m)[39m
[2m[WebServer] [22m    at BetterSQLiteSession.prepareQuery [90m(/Users/deepak/Downloads/Projects/StackLens-AI-Deploy/[39mnode_modules/[4msrc[24m/better-sqlite3/session.ts:50:28[90m)[39m
[2m[WebServer] [22m    at BetterSQLiteSession.prepareOneTimeQuery [90m(/Users/deepak/Downloads/Projects/StackLens-AI-Deploy/[39mnode_modules/[4msrc[24m/sqlite-core/session.ts:135:15[90m)[39m
[2m[WebServer] [22m    at SQLiteSelectBase._prepare [90m(/Users/deepak/Downloads/Projects/StackLens-AI-Deploy/[39mnode_modules/[4msrc[24m/sqlite-core/query-builders/select.ts:865:85[90m)[39m
[2m[WebServer] [22m    at SQLiteSelectBase.all [90m(/Users/deepak/Downloads/Projects/StackLens-AI-Deploy/[39mnode_modules/[4msrc[24m/sqlite-core/query-builders/select.ts:884:15[90m)[39m
[2m[WebServer] [22m    at SQLiteSelectBase.execute [90m(/Users/deepak/Downloads/Projects/StackLens-AI-Deploy/[39mnode_modules/[4msrc[24m/sqlite-core/query-builders/select.ts:896:15[90m)[39m
[2m[WebServer] [22m    at SQLiteSelectBase.then [90m(/Users/deepak/Downloads/Projects/StackLens-AI-Deploy/[39mnode_modules/[4msrc[24m/query-promise.ts:31:15[90m)[39m
[2m[WebServer] [22m[90m    at process.processTicksAndRejections (node:internal/process/task_queues:105:5)[39m {
[2m[WebServer] [22m  code: [32m'SQLITE_ERROR'[39m
[2m[WebServer] [22m}
[2m[WebServer] [22mGet errors failed: SqliteError: no such column: error_logs.notes
[2m[WebServer] [22m    at Database.prepare [90m(/Users/deepak/Downloads/Projects/StackLens-AI-Deploy/[39mnode_modules/[4mbetter-sqlite3[24m/lib/methods/wrappers.js:5:21[90m)[39m
[2m[WebServer] [22m    at BetterSQLiteSession.prepareQuery [90m(/Users/deepak/Downloads/Projects/StackLens-AI-Deploy/[39mnode_modules/[4msrc[24m/better-sqlite3/session.ts:50:28[90m)[39m
[2m[WebServer] [22m    at BetterSQLiteSession.prepareOneTimeQuery [90m(/Users/deepak/Downloads/Projects/StackLens-AI-Deploy/[39mnode_modules/[4msrc[24m/sqlite-core/session.ts:135:15[90m)[39m
[2m[WebServer] [22m    at SQLiteSelectBase._prepare [90m(/Users/deepak/Downloads/Projects/StackLens-AI-Deploy/[39mnode_modules/[4msrc[24m/sqlite-core/query-builders/select.ts:865:85[90m)[39m
[2m[WebServer] [22m    at SQLiteSelectBase.all [90m(/Users/deepak/Downloads/Projects/StackLens-AI-Deploy/[39mnode_modules/[4msrc[24m/sqlite-core/query-builders/select.ts:884:15[90m)[39m
[2m[WebServer] [22m    at SQLiteSelectBase.execute [90m(/Users/deepak/Downloads/Projects/StackLens-AI-Deploy/[39mnode_modules/[4msrc[24m/sqlite-core/query-builders/select.ts:896:15[90m)[39m
[2m[WebServer] [22m    at SQLiteSelectBase.then [90m(/Users/deepak/Downloads/Projects/StackLens-AI-Deploy/[39mnode_modules/[4msrc[24m/query-promise.ts:31:15[90m)[39m
[2m[WebServer] [22m[90m    at process.processTicksAndRejections (node:internal/process/task_queues:105:5)[39m {
[2m[WebServer] [22m  code: [32m'SQLITE_ERROR'[39m
[2m[WebServer] [22m}
[2m[WebServer] [22mGet errors failed: SqliteError: no such column: error_logs.notes
[2m[WebServer] [22m    at Database.prepare [90m(/Users/deepak/Downloads/Projects/StackLens-AI-Deploy/[39mnode_modules/[4mbetter-sqlite3[24m/lib/methods/wrappers.js:5:21[90m)[39m
[2m[WebServer] [22m    at BetterSQLiteSession.prepareQuery [90m(/Users/deepak/Downloads/Projects/StackLens-AI-Deploy/[39mnode_modules/[4msrc[24m/better-sqlite3/session.ts:50:28[90m)[39m
[2m[WebServer] [22m    at BetterSQLiteSession.prepareOneTimeQuery [90m(/Users/deepak/Downloads/Projects/StackLens-AI-Deploy/[39mnode_modules/[4msrc[24m/sqlite-core/session.ts:135:15[90m)[39m
[2m[WebServer] [22m    at SQLiteSelectBase._prepare [90m(/Users/deepak/Downloads/Projects/StackLens-AI-Deploy/[39mnode_modules/[4msrc[24m/sqlite-core/query-builders/select.ts:865:85[90m)[39m
[2m[WebServer] [22m    at SQLiteSelectBase.all [90m(/Users/deepak/Downloads/Projects/StackLens-AI-Deploy/[39mnode_modules/[4msrc[24m/sqlite-core/query-builders/select.ts:884:15[90m)[39m
[2m[WebServer] [22m    at SQLiteSelectBase.execute [90m(/Users/deepak/Downloads/Projects/StackLens-AI-Deploy/[39mnode_modules/[4msrc[24m/sqlite-core/query-builders/select.ts:896:15[90m)[39m
[2m[WebServer] [22m    at SQLiteSelectBase.then [90m(/Users/deepak/Downloads/Projects/StackLens-AI-Deploy/[39mnode_modules/[4msrc[24m/query-promise.ts:31:15[90m)[39m
[2m[WebServer] [22m[90m    at process.processTicksAndRejections (node:internal/process/task_queues:105:5)[39m {
[2m[WebServer] [22m  code: [32m'SQLITE_ERROR'[39m
[2m[WebServer] [22m}
[2m[WebServer] [22mGet errors failed: SqliteError: no such column: error_logs.notes
[2m[WebServer] [22m    at Database.prepare [90m(/Users/deepak/Downloads/Projects/StackLens-AI-Deploy/[39mnode_modules/[4mbetter-sqlite3[24m/lib/methods/wrappers.js:5:21[90m)[39m
[2m[WebServer] [22m    at BetterSQLiteSession.prepareQuery [90m(/Users/deepak/Downloads/Projects/StackLens-AI-Deploy/[39mnode_modules/[4msrc[24m/better-sqlite3/session.ts:50:28[90m)[39m
[2m[WebServer] [22m    at BetterSQLiteSession.prepareOneTimeQuery [90m(/Users/deepak/Downloads/Projects/StackLens-AI-Deploy/[39mnode_modules/[4msrc[24m/sqlite-core/session.ts:135:15[90m)[39m
[2m[WebServer] [22m    at SQLiteSelectBase._prepare [90m(/Users/deepak/Downloads/Projects/StackLens-AI-Deploy/[39mnode_modules/[4msrc[24m/sqlite-core/query-builders/select.ts:865:85[90m)[39m
[2m[WebServer] [22m    at SQLiteSelectBase.all [90m(/Users/deepak/Downloads/Projects/StackLens-AI-Deploy/[39mnode_modules/[4msrc[24m/sqlite-core/query-builders/select.ts:884:15[90m)[39m
[2m[WebServer] [22m    at SQLiteSelectBase.execute [90m(/Users/deepak/Downloads/Projects/StackLens-AI-Deploy/[39mnode_modules/[4msrc[24m/sqlite-core/query-builders/select.ts:896:15[90m)[39m
[2m[WebServer] [22m    at SQLiteSelectBase.then [90m(/Users/deepak/Downloads/Projects/StackLens-AI-Deploy/[39mnode_modules/[4msrc[24m/query-promise.ts:31:15[90m)[39m
[2m[WebServer] [22m[90m    at process.processTicksAndRejections (node:internal/process/task_queues:105:5)[39m {
[2m[WebServer] [22m  code: [32m'SQLITE_ERROR'[39m
[2m[WebServer] [22m}
[2m[WebServer] [22mGet errors failed: SqliteError: no such column: error_logs.notes
[2m[WebServer] [22m    at Database.prepare [90m(/Users/deepak/Downloads/Projects/StackLens-AI-Deploy/[39mnode_modules/[4mbetter-sqlite3[24m/lib/methods/wrappers.js:5:21[90m)[39m
[2m[WebServer] [22m    at BetterSQLiteSession.prepareQuery [90m(/Users/deepak/Downloads/Projects/StackLens-AI-Deploy/[39mnode_modules/[4msrc[24m/better-sqlite3/session.ts:50:28[90m)[39m
[2m[WebServer] [22m    at BetterSQLiteSession.prepareOneTimeQuery [90m(/Users/deepak/Downloads/Projects/StackLens-AI-Deploy/[39mnode_modules/[4msrc[24m/sqlite-core/session.ts:135:15[90m)[39m
[2m[WebServer] [22m    at SQLiteSelectBase._prepare [90m(/Users/deepak/Downloads/Projects/StackLens-AI-Deploy/[39mnode_modules/[4msrc[24m/sqlite-core/query-builders/select.ts:865:85[90m)[39m
[2m[WebServer] [22m    at SQLiteSelectBase.all [90m(/Users/deepak/Downloads/Projects/StackLens-AI-Deploy/[39mnode_modules/[4msrc[24m/sqlite-core/query-builders/select.ts:884:15[90m)[39m
[2m[WebServer] [22m    at SQLiteSelectBase.execute [90m(/Users/deepak/Downloads/Projects/StackLens-AI-Deploy/[39mnode_modules/[4msrc[24m/sqlite-core/query-builders/select.ts:896:15[90m)[39m
[2m[WebServer] [22m    at SQLiteSelectBase.then [90m(/Users/deepak/Downloads/Projects/StackLens-AI-Deploy/[39mnode_modules/[4msrc[24m/query-promise.ts:31:15[90m)[39m
[2m[WebServer] [22m[90m    at process.processTicksAndRejections (node:internal/process/task_queues:105:5)[39m {
[2m[WebServer] [22m  code: [32m'SQLITE_ERROR'[39m
[2m[WebServer] [22m}
[2m[WebServer] [22mGet errors failed: SqliteError: no such column: error_logs.notes
[2m[WebServer] [22m    at Database.prepare [90m(/Users/deepak/Downloads/Projects/StackLens-AI-Deploy/[39mnode_modules/[4mbetter-sqlite3[24m/lib/methods/wrappers.js:5:21[90m)[39m
[2m[WebServer] [22m    at BetterSQLiteSession.prepareQuery [90m(/Users/deepak/Downloads/Projects/StackLens-AI-Deploy/[39mnode_modules/[4msrc[24m/better-sqlite3/session.ts:50:28[90m)[39m
[2m[WebServer] [22m    at BetterSQLiteSession.prepareOneTimeQuery [90m(/Users/deepak/Downloads/Projects/StackLens-AI-Deploy/[39mnode_modules/[4msrc[24m/sqlite-core/session.ts:135:15[90m)[39m
[2m[WebServer] [22m    at SQLiteSelectBase._prepare [90m(/Users/deepak/Downloads/Projects/StackLens-AI-Deploy/[39mnode_modules/[4msrc[24m/sqlite-core/query-builders/select.ts:865:85[90m)[39m
[2m[WebServer] [22m    at SQLiteSelectBase.all [90m(/Users/deepak/Downloads/Projects/StackLens-AI-Deploy/[39mnode_modules/[4msrc[24m/sqlite-core/query-builders/select.ts:884:15[90m)[39m
[2m[WebServer] [22m    at SQLiteSelectBase.execute [90m(/Users/deepak/Downloads/Projects/StackLens-AI-Deploy/[39mnode_modules/[4msrc[24m/sqlite-core/query-builders/select.ts:896:15[90m)[39m
[2m[WebServer] [22m    at SQLiteSelectBase.then [90m(/Users/deepak/Downloads/Projects/StackLens-AI-Deploy/[39mnode_modules/[4msrc[24m/query-promise.ts:31:15[90m)[39m
[2m[WebServer] [22m[90m    at process.processTicksAndRejections (node:internal/process/task_queues:105:5)[39m {
[2m[WebServer] [22m  code: [32m'SQLITE_ERROR'[39m
[2m[WebServer] [22m}
[2m[WebServer] [22mGet errors failed: SqliteError: no such column: error_logs.notes
[2m[WebServer] [22m    at Database.prepare [90m(/Users/deepak/Downloads/Projects/StackLens-AI-Deploy/[39mnode_modules/[4mbetter-sqlite3[24m/lib/methods/wrappers.js:5:21[90m)[39m
[2m[WebServer] [22m    at BetterSQLiteSession.prepareQuery [90m(/Users/deepak/Downloads/Projects/StackLens-AI-Deploy/[39mnode_modules/[4msrc[24m/better-sqlite3/session.ts:50:28[90m)[39m
[2m[WebServer] [22m    at BetterSQLiteSession.prepareOneTimeQuery [90m(/Users/deepak/Downloads/Projects/StackLens-AI-Deploy/[39mnode_modules/[4msrc[24m/sqlite-core/session.ts:135:15[90m)[39m
[2m[WebServer] [22m    at SQLiteSelectBase._prepare [90m(/Users/deepak/Downloads/Projects/StackLens-AI-Deploy/[39mnode_modules/[4msrc[24m/sqlite-core/query-builders/select.ts:865:85[90m)[39m
[2m[WebServer] [22m    at SQLiteSelectBase.all [90m(/Users/deepak/Downloads/Projects/StackLens-AI-Deploy/[39mnode_modules/[4msrc[24m/sqlite-core/query-builders/select.ts:884:15[90m)[39m
[2m[WebServer] [22m    at SQLiteSelectBase.execute [90m(/Users/deepak/Downloads/Projects/StackLens-AI-Deploy/[39mnode_modules/[4msrc[24m/sqlite-core/query-builders/select.ts:896:15[90m)[39m
[2m[WebServer] [22m    at SQLiteSelectBase.then [90m(/Users/deepak/Downloads/Projects/StackLens-AI-Deploy/[39mnode_modules/[4msrc[24m/query-promise.ts:31:15[90m)[39m
[2m[WebServer] [22m[90m    at process.processTicksAndRejections (node:internal/process/task_queues:105:5)[39m {
[2m[WebServer] [22m  code: [32m'SQLITE_ERROR'[39m
[2m[WebServer] [22m}
[2m[WebServer] [22mGet errors failed: SqliteError: no such column: error_logs.notes
[2m[WebServer] [22m    at Database.prepare [90m(/Users/deepak/Downloads/Projects/StackLens-AI-Deploy/[39mnode_modules/[4mbetter-sqlite3[24m/lib/methods/wrappers.js:5:21[90m)[39m
[2m[WebServer] [22m    at BetterSQLiteSession.prepareQuery [90m(/Users/deepak/Downloads/Projects/StackLens-AI-Deploy/[39mnode_modules/[4msrc[24m/better-sqlite3/session.ts:50:28[90m)[39m
[2m[WebServer] [22m    at BetterSQLiteSession.prepareOneTimeQuery [90m(/Users/deepak/Downloads/Projects/StackLens-AI-Deploy/[39mnode_modules/[4msrc[24m/sqlite-core/session.ts:135:15[90m)[39m
[2m[WebServer] [22m    at SQLiteSelectBase._prepare [90m(/Users/deepak/Downloads/Projects/StackLens-AI-Deploy/[39mnode_modules/[4msrc[24m/sqlite-core/query-builders/select.ts:865:85[90m)[39m
[2m[WebServer] [22m    at SQLiteSelectBase.all [90m(/Users/deepak/Downloads/Projects/StackLens-AI-Deploy/[39mnode_modules/[4msrc[24m/sqlite-core/query-builders/select.ts:884:15[90m)[39m
[2m[WebServer] [22m    at SQLiteSelectBase.execute [90m(/Users/deepak/Downloads/Projects/StackLens-AI-Deploy/[39mnode_modules/[4msrc[24m/sqlite-core/query-builders/select.ts:896:15[90m)[39m
[2m[WebServer] [22m    at SQLiteSelectBase.then [90m(/Users/deepak/Downloads/Projects/StackLens-AI-Deploy/[39mnode_modules/[4msrc[24m/query-promise.ts:31:15[90m)[39m
[2m[WebServer] [22m[90m    at process.processTicksAndRejections (node:internal/process/task_queues:105:5)[39m {
[2m[WebServer] [22m  code: [32m'SQLITE_ERROR'[39m
[2m[WebServer] [22m}
[2m[WebServer] [22mGet errors failed: SqliteError: no such column: error_logs.notes
[2m[WebServer] [22m    at Database.prepare [90m(/Users/deepak/Downloads/Projects/StackLens-AI-Deploy/[39mnode_modules/[4mbetter-sqlite3[24m/lib/methods/wrappers.js:5:21[90m)[39m
[2m[WebServer] [22m    at BetterSQLiteSession.prepareQuery [90m(/Users/deepak/Downloads/Projects/StackLens-AI-Deploy/[39mnode_modules/[4msrc[24m/better-sqlite3/session.ts:50:28[90m)[39m
[2m[WebServer] [22m    at BetterSQLiteSession.prepareOneTimeQuery [90m(/Users/deepak/Downloads/Projects/StackLens-AI-Deploy/[39mnode_modules/[4msrc[24m/sqlite-core/session.ts:135:15[90m)[39m
[2m[WebServer] [22m    at SQLiteSelectBase._prepare [90m(/Users/deepak/Downloads/Projects/StackLens-AI-Deploy/[39mnode_modules/[4msrc[24m/sqlite-core/query-builders/select.ts:865:85[90m)[39m
[2m[WebServer] [22m    at SQLiteSelectBase.all [90m(/Users/deepak/Downloads/Projects/StackLens-AI-Deploy/[39mnode_modules/[4msrc[24m/sqlite-core/query-builders/select.ts:884:15[90m)[39m
[2m[WebServer] [22m    at SQLiteSelectBase.execute [90m(/Users/deepak/Downloads/Projects/StackLens-AI-Deploy/[39mnode_modules/[4msrc[24m/sqlite-core/query-builders/select.ts:896:15[90m)[39m
[2m[WebServer] [22m    at SQLiteSelectBase.then [90m(/Users/deepak/Downloads/Projects/StackLens-AI-Deploy/[39mnode_modules/[4msrc[24m/query-promise.ts:31:15[90m)[39m
[2m[WebServer] [22m[90m    at process.processTicksAndRejections (node:internal/process/task_queues:105:5)[39m {
[2m[WebServer] [22m  code: [32m'SQLITE_ERROR'[39m
[2m[WebServer] [22m}
[2m[WebServer] [22mGet errors failed: SqliteError: no such column: error_logs.notes
[2m[WebServer] [22m    at Database.prepare [90m(/Users/deepak/Downloads/Projects/StackLens-AI-Deploy/[39mnode_modules/[4mbetter-sqlite3[24m/lib/methods/wrappers.js:5:21[90m)[39m
[2m[WebServer] [22m    at BetterSQLiteSession.prepareQuery [90m(/Users/deepak/Downloads/Projects/StackLens-AI-Deploy/[39mnode_modules/[4msrc[24m/better-sqlite3/session.ts:50:28[90m)[39m
[2m[WebServer] [22m    at BetterSQLiteSession.prepareOneTimeQuery [90m(/Users/deepak/Downloads/Projects/StackLens-AI-Deploy/[39mnode_modules/[4msrc[24m/sqlite-core/session.ts:135:15[90m)[39m
[2m[WebServer] [22m    at SQLiteSelectBase._prepare [90m(/Users/deepak/Downloads/Projects/StackLens-AI-Deploy/[39mnode_modules/[4msrc[24m/sqlite-core/query-builders/select.ts:865:85[90m)[39m
[2m[WebServer] [22m    at SQLiteSelectBase.all [90m(/Users/deepak/Downloads/Projects/StackLens-AI-Deploy/[39mnode_modules/[4msrc[24m/sqlite-core/query-builders/select.ts:884:15[90m)[39m
[2m[WebServer] [22m    at SQLiteSelectBase.execute [90m(/Users/deepak/Downloads/Projects/StackLens-AI-Deploy/[39mnode_modules/[4msrc[24m/sqlite-core/query-builders/select.ts:896:15[90m)[39m
[2m[WebServer] [22m    at SQLiteSelectBase.then [90m(/Users/deepak/Downloads/Projects/StackLens-AI-Deploy/[39mnode_modules/[4msrc[24m/query-promise.ts:31:15[90m)[39m
[2m[WebServer] [22m[90m    at process.processTicksAndRejections (node:internal/process/task_queues:105:5)[39m {
[2m[WebServer] [22m  code: [32m'SQLITE_ERROR'[39m
[2m[WebServer] [22m}
[2m[WebServer] [22mGet errors failed: SqliteError: no such column: error_logs.notes
[2m[WebServer] [22m    at Database.prepare [90m(/Users/deepak/Downloads/Projects/StackLens-AI-Deploy/[39mnode_modules/[4mbetter-sqlite3[24m/lib/methods/wrappers.js:5:21[90m)[39m
[2m[WebServer] [22m    at BetterSQLiteSession.prepareQuery [90m(/Users/deepak/Downloads/Projects/StackLens-AI-Deploy/[39mnode_modules/[4msrc[24m/better-sqlite3/session.ts:50:28[90m)[39m
[2m[WebServer] [22m    at BetterSQLiteSession.prepareOneTimeQuery [90m(/Users/deepak/Downloads/Projects/StackLens-AI-Deploy/[39mnode_modules/[4msrc[24m/sqlite-core/session.ts:135:15[90m)[39m
[2m[WebServer] [22m    at SQLiteSelectBase._prepare [90m(/Users/deepak/Downloads/Projects/StackLens-AI-Deploy/[39mnode_modules/[4msrc[24m/sqlite-core/query-builders/select.ts:865:85[90m)[39m
[2m[WebServer] [22m    at SQLiteSelectBase.all [90m(/Users/deepak/Downloads/Projects/StackLens-AI-Deploy/[39mnode_modules/[4msrc[24m/sqlite-core/query-builders/select.ts:884:15[90m)[39m
[2m[WebServer] [22m    at SQLiteSelectBase.execute [90m(/Users/deepak/Downloads/Projects/StackLens-AI-Deploy/[39mnode_modules/[4msrc[24m/sqlite-core/query-builders/select.ts:896:15[90m)[39m
[2m[WebServer] [22m    at SQLiteSelectBase.then [90m(/Users/deepak/Downloads/Projects/StackLens-AI-Deploy/[39mnode_modules/[4msrc[24m/query-promise.ts:31:15[90m)[39m
[2m[WebServer] [22m[90m    at process.processTicksAndRejections (node:internal/process/task_queues:105:5)[39m {
[2m[WebServer] [22m  code: [32m'SQLITE_ERROR'[39m
[2m[WebServer] [22m}
[2m[WebServer] [22mGet errors failed: SqliteError: no such column: error_logs.notes
[2m[WebServer] [22m    at Database.prepare [90m(/Users/deepak/Downloads/Projects/StackLens-AI-Deploy/[39mnode_modules/[4mbetter-sqlite3[24m/lib/methods/wrappers.js:5:21[90m)[39m
[2m[WebServer] [22m    at BetterSQLiteSession.prepareQuery [90m(/Users/deepak/Downloads/Projects/StackLens-AI-Deploy/[39mnode_modules/[4msrc[24m/better-sqlite3/session.ts:50:28[90m)[39m
[2m[WebServer] [22m    at BetterSQLiteSession.prepareOneTimeQuery [90m(/Users/deepak/Downloads/Projects/StackLens-AI-Deploy/[39mnode_modules/[4msrc[24m/sqlite-core/session.ts:135:15[90m)[39m
[2m[WebServer] [22m    at SQLiteSelectBase._prepare [90m(/Users/deepak/Downloads/Projects/StackLens-AI-Deploy/[39mnode_modules/[4msrc[24m/sqlite-core/query-builders/select.ts:865:85[90m)[39m
[2m[WebServer] [22m    at SQLiteSelectBase.all [90m(/Users/deepak/Downloads/Projects/StackLens-AI-Deploy/[39mnode_modules/[4msrc[24m/sqlite-core/query-builders/select.ts:884:15[90m)[39m
[2m[WebServer] [22m    at SQLiteSelectBase.execute [90m(/Users/deepak/Downloads/Projects/StackLens-AI-Deploy/[39mnode_modules/[4msrc[24m/sqlite-core/query-builders/select.ts:896:15[90m)[39m
[2m[WebServer] [22m    at SQLiteSelectBase.then [90m(/Users/deepak/Downloads/Projects/StackLens-AI-Deploy/[39mnode_modules/[4msrc[24m/query-promise.ts:31:15[90m)[39m
[2m[WebServer] [22m[90m    at process.processTicksAndRejections (node:internal/process/task_queues:105:5)[39m {
[2m[WebServer] [22m  code: [32m'SQLITE_ERROR'[39m
[2m[WebServer] [22m}
[2m[WebServer] [22mGet errors failed: SqliteError: no such column: error_logs.notes
[2m[WebServer] [22m    at Database.prepare [90m(/Users/deepak/Downloads/Projects/StackLens-AI-Deploy/[39mnode_modules/[4mbetter-sqlite3[24m/lib/methods/wrappers.js:5:21[90m)[39m
[2m[WebServer] [22m    at BetterSQLiteSession.prepareQuery [90m(/Users/deepak/Downloads/Projects/StackLens-AI-Deploy/[39mnode_modules/[4msrc[24m/better-sqlite3/session.ts:50:28[90m)[39m
[2m[WebServer] [22m    at BetterSQLiteSession.prepareOneTimeQuery [90m(/Users/deepak/Downloads/Projects/StackLens-AI-Deploy/[39mnode_modules/[4msrc[24m/sqlite-core/session.ts:135:15[90m)[39m
[2m[WebServer] [22m    at SQLiteSelectBase._prepare [90m(/Users/deepak/Downloads/Projects/StackLens-AI-Deploy/[39mnode_modules/[4msrc[24m/sqlite-core/query-builders/select.ts:865:85[90m)[39m
[2m[WebServer] [22m    at SQLiteSelectBase.all [90m(/Users/deepak/Downloads/Projects/StackLens-AI-Deploy/[39mnode_modules/[4msrc[24m/sqlite-core/query-builders/select.ts:884:15[90m)[39m
[2m[WebServer] [22m    at SQLiteSelectBase.execute [90m(/Users/deepak/Downloads/Projects/StackLens-AI-Deploy/[39mnode_modules/[4msrc[24m/sqlite-core/query-builders/select.ts:896:15[90m)[39m
[2m[WebServer] [22m    at SQLiteSelectBase.then [90m(/Users/deepak/Downloads/Projects/StackLens-AI-Deploy/[39mnode_modules/[4msrc[24m/query-promise.ts:31:15[90m)[39m
[2m[WebServer] [22m[90m    at process.processTicksAndRejections (node:internal/process/task_queues:105:5)[39m {
[2m[WebServer] [22m  code: [32m'SQLITE_ERROR'[39m
[2m[WebServer] [22m}
[2m[WebServer] [22mGet errors failed: SqliteError: no such column: error_logs.notes
[2m[WebServer] [22m    at Database.prepare [90m(/Users/deepak/Downloads/Projects/StackLens-AI-Deploy/[39mnode_modules/[4mbetter-sqlite3[24m/lib/methods/wrappers.js:5:21[90m)[39m
[2m[WebServer] [22m    at BetterSQLiteSession.prepareQuery [90m(/Users/deepak/Downloads/Projects/StackLens-AI-Deploy/[39mnode_modules/[4msrc[24m/better-sqlite3/session.ts:50:28[90m)[39m
[2m[WebServer] [22m    at BetterSQLiteSession.prepareOneTimeQuery [90m(/Users/deepak/Downloads/Projects/StackLens-AI-Deploy/[39mnode_modules/[4msrc[24m/sqlite-core/session.ts:135:15[90m)[39m
[2m[WebServer] [22m    at SQLiteSelectBase._prepare [90m(/Users/deepak/Downloads/Projects/StackLens-AI-Deploy/[39mnode_modules/[4msrc[24m/sqlite-core/query-builders/select.ts:865:85[90m)[39m
[2m[WebServer] [22m    at SQLiteSelectBase.all [90m(/Users/deepak/Downloads/Projects/StackLens-AI-Deploy/[39mnode_modules/[4msrc[24m/sqlite-core/query-builders/select.ts:884:15[90m)[39m
[2m[WebServer] [22m    at SQLiteSelectBase.execute [90m(/Users/deepak/Downloads/Projects/StackLens-AI-Deploy/[39mnode_modules/[4msrc[24m/sqlite-core/query-builders/select.ts:896:15[90m)[39m
[2m[WebServer] [22m    at SQLiteSelectBase.then [90m(/Users/deepak/Downloads/Projects/StackLens-AI-Deploy/[39mnode_modules/[4msrc[24m/query-promise.ts:31:15[90m)[39m
[2m[WebServer] [22m[90m    at process.processTicksAndRejections (node:internal/process/task_queues:105:5)[39m {
[2m[WebServer] [22m  code: [32m'SQLITE_ERROR'[39m
[2m[WebServer] [22m}
[2m[WebServer] [22mGet errors failed: SqliteError: no such column: error_logs.notes
[2m[WebServer] [22m    at Database.prepare [90m(/Users/deepak/Downloads/Projects/StackLens-AI-Deploy/[39mnode_modules/[4mbetter-sqlite3[24m/lib/methods/wrappers.js:5:21[90m)[39m
[2m[WebServer] [22m    at BetterSQLiteSession.prepareQuery [90m(/Users/deepak/Downloads/Projects/StackLens-AI-Deploy/[39mnode_modules/[4msrc[24m/better-sqlite3/session.ts:50:28[90m)[39m
[2m[WebServer] [22m    at BetterSQLiteSession.prepareOneTimeQuery [90m(/Users/deepak/Downloads/Projects/StackLens-AI-Deploy/[39mnode_modules/[4msrc[24m/sqlite-core/session.ts:135:15[90m)[39m
[2m[WebServer] [22m    at SQLiteSelectBase._prepare [90m(/Users/deepak/Downloads/Projects/StackLens-AI-Deploy/[39mnode_modules/[4msrc[24m/sqlite-core/query-builders/select.ts:865:85[90m)[39m
[2m[WebServer] [22m    at SQLiteSelectBase.all [90m(/Users/deepak/Downloads/Projects/StackLens-AI-Deploy/[39mnode_modules/[4msrc[24m/sqlite-core/query-builders/select.ts:884:15[90m)[39m
[2m[WebServer] [22m    at SQLiteSelectBase.execute [90m(/Users/deepak/Downloads/Projects/StackLens-AI-Deploy/[39mnode_modules/[4msrc[24m/sqlite-core/query-builders/select.ts:896:15[90m)[39m
[2m[WebServer] [22m    at SQLiteSelectBase.then [90m(/Users/deepak/Downloads/Projects/StackLens-AI-Deploy/[39mnode_modules/[4msrc[24m/query-promise.ts:31:15[90m)[39m
[2m[WebServer] [22m[90m    at process.processTicksAndRejections (node:internal/process/task_queues:105:5)[39m {
[2m[WebServer] [22m  code: [32m'SQLITE_ERROR'[39m
[2m[WebServer] [22m}
[2m[WebServer] [22mGet errors failed: SqliteError: no such column: error_logs.notes
[2m[WebServer] [22m    at Database.prepare [90m(/Users/deepak/Downloads/Projects/StackLens-AI-Deploy/[39mnode_modules/[4mbetter-sqlite3[24m/lib/methods/wrappers.js:5:21[90m)[39m
[2m[WebServer] [22m    at BetterSQLiteSession.prepareQuery [90m(/Users/deepak/Downloads/Projects/StackLens-AI-Deploy/[39mnode_modules/[4msrc[24m/better-sqlite3/session.ts:50:28[90m)[39m
[2m[WebServer] [22m    at BetterSQLiteSession.prepareOneTimeQuery [90m(/Users/deepak/Downloads/Projects/StackLens-AI-Deploy/[39mnode_modules/[4msrc[24m/sqlite-core/session.ts:135:15[90m)[39m
[2m[WebServer] [22m    at SQLiteSelectBase._prepare [90m(/Users/deepak/Downloads/Projects/StackLens-AI-Deploy/[39mnode_modules/[4msrc[24m/sqlite-core/query-builders/select.ts:865:85[90m)[39m
[2m[WebServer] [22m    at SQLiteSelectBase.all [90m(/Users/deepak/Downloads/Projects/StackLens-AI-Deploy/[39mnode_modules/[4msrc[24m/sqlite-core/query-builders/select.ts:884:15[90m)[39m
[2m[WebServer] [22m    at SQLiteSelectBase.execute [90m(/Users/deepak/Downloads/Projects/StackLens-AI-Deploy/[39mnode_modules/[4msrc[24m/sqlite-core/query-builders/select.ts:896:15[90m)[39m
[2m[WebServer] [22m    at SQLiteSelectBase.then [90m(/Users/deepak/Downloads/Projects/StackLens-AI-Deploy/[39mnode_modules/[4msrc[24m/query-promise.ts:31:15[90m)[39m
[2m[WebServer] [22m[90m    at process.processTicksAndRejections (node:internal/process/task_queues:105:5)[39m {
[2m[WebServer] [22m  code: [32m'SQLITE_ERROR'[39m
[2m[WebServer] [22m}
[2m[WebServer] [22mGet errors failed: SqliteError: no such column: error_logs.notes
[2m[WebServer] [22m    at Database.prepare [90m(/Users/deepak/Downloads/Projects/StackLens-AI-Deploy/[39mnode_modules/[4mbetter-sqlite3[24m/lib/methods/wrappers.js:5:21[90m)[39m
[2m[WebServer] [22m    at BetterSQLiteSession.prepareQuery [90m(/Users/deepak/Downloads/Projects/StackLens-AI-Deploy/[39mnode_modules/[4msrc[24m/better-sqlite3/session.ts:50:28[90m)[39m
[2m[WebServer] [22m    at BetterSQLiteSession.prepareOneTimeQuery [90m(/Users/deepak/Downloads/Projects/StackLens-AI-Deploy/[39mnode_modules/[4msrc[24m/sqlite-core/session.ts:135:15[90m)[39m
[2m[WebServer] [22m    at SQLiteSelectBase._prepare [90m(/Users/deepak/Downloads/Projects/StackLens-AI-Deploy/[39mnode_modules/[4msrc[24m/sqlite-core/query-builders/select.ts:865:85[90m)[39m
[2m[WebServer] [22m    at SQLiteSelectBase.all [90m(/Users/deepak/Downloads/Projects/StackLens-AI-Deploy/[39mnode_modules/[4msrc[24m/sqlite-core/query-builders/select.ts:884:15[90m)[39m
[2m[WebServer] [22m    at SQLiteSelectBase.execute [90m(/Users/deepak/Downloads/Projects/StackLens-AI-Deploy/[39mnode_modules/[4msrc[24m/sqlite-core/query-builders/select.ts:896:15[90m)[39m
[2m[WebServer] [22m    at SQLiteSelectBase.then [90m(/Users/deepak/Downloads/Projects/StackLens-AI-Deploy/[39mnode_modules/[4msrc[24m/query-promise.ts:31:15[90m)[39m
[2m[WebServer] [22m[90m    at process.processTicksAndRejections (node:internal/process/task_queues:105:5)[39m {
[2m[WebServer] [22m  code: [32m'SQLITE_ERROR'[39m
[2m[WebServer] [22m}
[2m[WebServer] [22mGet errors failed: SqliteError: no such column: error_logs.notes
[2m[WebServer] [22m    at Database.prepare [90m(/Users/deepak/Downloads/Projects/StackLens-AI-Deploy/[39mnode_modules/[4mbetter-sqlite3[24m/lib/methods/wrappers.js:5:21[90m)[39m
[2m[WebServer] [22m    at BetterSQLiteSession.prepareQuery [90m(/Users/deepak/Downloads/Projects/StackLens-AI-Deploy/[39mnode_modules/[4msrc[24m/better-sqlite3/session.ts:50:28[90m)[39m
[2m[WebServer] [22m    at BetterSQLiteSession.prepareOneTimeQuery [90m(/Users/deepak/Downloads/Projects/StackLens-AI-Deploy/[39mnode_modules/[4msrc[24m/sqlite-core/session.ts:135:15[90m)[39m
[2m[WebServer] [22m    at SQLiteSelectBase._prepare [90m(/Users/deepak/Downloads/Projects/StackLens-AI-Deploy/[39mnode_modules/[4msrc[24m/sqlite-core/query-builders/select.ts:865:85[90m)[39m
[2m[WebServer] [22m    at SQLiteSelectBase.all [90m(/Users/deepak/Downloads/Projects/StackLens-AI-Deploy/[39mnode_modules/[4msrc[24m/sqlite-core/query-builders/select.ts:884:15[90m)[39m
[2m[WebServer] [22m    at SQLiteSelectBase.execute [90m(/Users/deepak/Downloads/Projects/StackLens-AI-Deploy/[39mnode_modules/[4msrc[24m/sqlite-core/query-builders/select.ts:896:15[90m)[39m
[2m[WebServer] [22m    at SQLiteSelectBase.then [90m(/Users/deepak/Downloads/Projects/StackLens-AI-Deploy/[39mnode_modules/[4msrc[24m/query-promise.ts:31:15[90m)[39m
[2m[WebServer] [22m[90m    at process.processTicksAndRejections (node:internal/process/task_queues:105:5)[39m {
[2m[WebServer] [22m  code: [32m'SQLITE_ERROR'[39m
[2m[WebServer] [22m}
  ✘   96 [api-tests] › tests/api/comprehensive.test.ts:1132:5 › API Tests - Concurrent Operations › should handle concurrent reads safely (108ms)
[2m[WebServer] [22mGet errors failed: SqliteError: no such column: error_logs.notes
[2m[WebServer] [22m    at Database.prepare [90m(/Users/deepak/Downloads/Projects/StackLens-AI-Deploy/[39mnode_modules/[4mbetter-sqlite3[24m/lib/methods/wrappers.js:5:21[90m)[39m
[2m[WebServer] [22m    at BetterSQLiteSession.prepareQuery [90m(/Users/deepak/Downloads/Projects/StackLens-AI-Deploy/[39mnode_modules/[4msrc[24m/better-sqlite3/session.ts:50:28[90m)[39m
[2m[WebServer] [22m    at BetterSQLiteSession.prepareOneTimeQuery [90m(/Users/deepak/Downloads/Projects/StackLens-AI-Deploy/[39mnode_modules/[4msrc[24m/sqlite-core/session.ts:135:15[90m)[39m
[2m[WebServer] [22m    at SQLiteSelectBase._prepare [90m(/Users/deepak/Downloads/Projects/StackLens-AI-Deploy/[39mnode_modules/[4msrc[24m/sqlite-core/query-builders/select.ts:865:85[90m)[39m
[2m[WebServer] [22m    at SQLiteSelectBase.all [90m(/Users/deepak/Downloads/Projects/StackLens-AI-Deploy/[39mnode_modules/[4msrc[24m/sqlite-core/query-builders/select.ts:884:15[90m)[39m
[2m[WebServer] [22m    at SQLiteSelectBase.execute [90m(/Users/deepak/Downloads/Projects/StackLens-AI-Deploy/[39mnode_modules/[4msrc[24m/sqlite-core/query-builders/select.ts:896:15[90m)[39m
[2m[WebServer] [22m    at SQLiteSelectBase.then [90m(/Users/deepak/Downloads/Projects/StackLens-AI-Deploy/[39mnode_modules/[4msrc[24m/query-promise.ts:31:15[90m)[39m
[2m[WebServer] [22m[90m    at process.processTicksAndRejections (node:internal/process/task_queues:105:5)[39m {
[2m[WebServer] [22m  code: [32m'SQLITE_ERROR'[39m
[2m[WebServer] [22m}
[2m[WebServer] [22mGet errors failed: SqliteError: no such column: error_logs.notes
[2m[WebServer] [22m    at Database.prepare [90m(/Users/deepak/Downloads/Projects/StackLens-AI-Deploy/[39mnode_modules/[4mbetter-sqlite3[24m/lib/methods/wrappers.js:5:21[90m)[39m
[2m[WebServer] [22m    at BetterSQLiteSession.prepareQuery [90m(/Users/deepak/Downloads/Projects/StackLens-AI-Deploy/[39mnode_modules/[4msrc[24m/better-sqlite3/session.ts:50:28[90m)[39m
[2m[WebServer] [22m    at BetterSQLiteSession.prepareOneTimeQuery [90m(/Users/deepak/Downloads/Projects/StackLens-AI-Deploy/[39mnode_modules/[4msrc[24m/sqlite-core/session.ts:135:15[90m)[39m
[2m[WebServer] [22m    at SQLiteSelectBase._prepare [90m(/Users/deepak/Downloads/Projects/StackLens-AI-Deploy/[39mnode_modules/[4msrc[24m/sqlite-core/query-builders/select.ts:865:85[90m)[39m
[2m[WebServer] [22m    at SQLiteSelectBase.all [90m(/Users/deepak/Downloads/Projects/StackLens-AI-Deploy/[39mnode_modules/[4msrc[24m/sqlite-core/query-builders/select.ts:884:15[90m)[39m
[2m[WebServer] [22m    at SQLiteSelectBase.execute [90m(/Users/deepak/Downloads/Projects/StackLens-AI-Deploy/[39mnode_modules/[4msrc[24m/sqlite-core/query-builders/select.ts:896:15[90m)[39m
[2m[WebServer] [22m    at SQLiteSelectBase.then [90m(/Users/deepak/Downloads/Projects/StackLens-AI-Deploy/[39mnode_modules/[4msrc[24m/query-promise.ts:31:15[90m)[39m
[2m[WebServer] [22m[90m    at process.processTicksAndRejections (node:internal/process/task_queues:105:5)[39m {
[2m[WebServer] [22m  code: [32m'SQLITE_ERROR'[39m
[2m[WebServer] [22m}
[2m[WebServer] [22mGet errors failed: SqliteError: no such column: error_logs.notes
[2m[WebServer] [22m    at Database.prepare [90m(/Users/deepak/Downloads/Projects/StackLens-AI-Deploy/[39mnode_modules/[4mbetter-sqlite3[24m/lib/methods/wrappers.js:5:21[90m)[39m
[2m[WebServer] [22m    at BetterSQLiteSession.prepareQuery [90m(/Users/deepak/Downloads/Projects/StackLens-AI-Deploy/[39mnode_modules/[4msrc[24m/better-sqlite3/session.ts:50:28[90m)[39m
[2m[WebServer] [22m    at BetterSQLiteSession.prepareOneTimeQuery [90m(/Users/deepak/Downloads/Projects/StackLens-AI-Deploy/[39mnode_modules/[4msrc[24m/sqlite-core/session.ts:135:15[90m)[39m
[2m[WebServer] [22m    at SQLiteSelectBase._prepare [90m(/Users/deepak/Downloads/Projects/StackLens-AI-Deploy/[39mnode_modules/[4msrc[24m/sqlite-core/query-builders/select.ts:865:85[90m)[39m
[2m[WebServer] [22m    at SQLiteSelectBase.all [90m(/Users/deepak/Downloads/Projects/StackLens-AI-Deploy/[39mnode_modules/[4msrc[24m/sqlite-core/query-builders/select.ts:884:15[90m)[39m
[2m[WebServer] [22m    at SQLiteSelectBase.execute [90m(/Users/deepak/Downloads/Projects/StackLens-AI-Deploy/[39mnode_modules/[4msrc[24m/sqlite-core/query-builders/select.ts:896:15[90m)[39m
[2m[WebServer] [22m    at SQLiteSelectBase.then [90m(/Users/deepak/Downloads/Projects/StackLens-AI-Deploy/[39mnode_modules/[4msrc[24m/query-promise.ts:31:15[90m)[39m
[2m[WebServer] [22m[90m    at process.processTicksAndRejections (node:internal/process/task_queues:105:5)[39m {
[2m[WebServer] [22m  code: [32m'SQLITE_ERROR'[39m
[2m[WebServer] [22m}
[2m[WebServer] [22mGet errors failed: SqliteError: no such column: error_logs.notes
[2m[WebServer] [22m    at Database.prepare [90m(/Users/deepak/Downloads/Projects/StackLens-AI-Deploy/[39mnode_modules/[4mbetter-sqlite3[24m/lib/methods/wrappers.js:5:21[90m)[39m
[2m[WebServer] [22m    at BetterSQLiteSession.prepareQuery [90m(/Users/deepak/Downloads/Projects/StackLens-AI-Deploy/[39mnode_modules/[4msrc[24m/better-sqlite3/session.ts:50:28[90m)[39m
[2m[WebServer] [22m    at BetterSQLiteSession.prepareOneTimeQuery [90m(/Users/deepak/Downloads/Projects/StackLens-AI-Deploy/[39mnode_modules/[4msrc[24m/sqlite-core/session.ts:135:15[90m)[39m
[2m[WebServer] [22m    at SQLiteSelectBase._prepare [90m(/Users/deepak/Downloads/Projects/StackLens-AI-Deploy/[39mnode_modules/[4msrc[24m/sqlite-core/query-builders/select.ts:865:85[90m)[39m
[2m[WebServer] [22m    at SQLiteSelectBase.all [90m(/Users/deepak/Downloads/Projects/StackLens-AI-Deploy/[39mnode_modules/[4msrc[24m/sqlite-core/query-builders/select.ts:884:15[90m)[39m
[2m[WebServer] [22m    at SQLiteSelectBase.execute [90m(/Users/deepak/Downloads/Projects/StackLens-AI-Deploy/[39mnode_modules/[4msrc[24m/sqlite-core/query-builders/select.ts:896:15[90m)[39m
[2m[WebServer] [22m    at SQLiteSelectBase.then [90m(/Users/deepak/Downloads/Projects/StackLens-AI-Deploy/[39mnode_modules/[4msrc[24m/query-promise.ts:31:15[90m)[39m
[2m[WebServer] [22m[90m    at process.processTicksAndRejections (node:internal/process/task_queues:105:5)[39m {
[2m[WebServer] [22m  code: [32m'SQLITE_ERROR'[39m
[2m[WebServer] [22m}
[2m[WebServer] [22mGet errors failed: SqliteError: no such column: error_logs.notes
[2m[WebServer] [22m    at Database.prepare [90m(/Users/deepak/Downloads/Projects/StackLens-AI-Deploy/[39mnode_modules/[4mbetter-sqlite3[24m/lib/methods/wrappers.js:5:21[90m)[39m
[2m[WebServer] [22m    at BetterSQLiteSession.prepareQuery [90m(/Users/deepak/Downloads/Projects/StackLens-AI-Deploy/[39mnode_modules/[4msrc[24m/better-sqlite3/session.ts:50:28[90m)[39m
[2m[WebServer] [22m    at BetterSQLiteSession.prepareOneTimeQuery [90m(/Users/deepak/Downloads/Projects/StackLens-AI-Deploy/[39mnode_modules/[4msrc[24m/sqlite-core/session.ts:135:15[90m)[39m
[2m[WebServer] [22m    at SQLiteSelectBase._prepare [90m(/Users/deepak/Downloads/Projects/StackLens-AI-Deploy/[39mnode_modules/[4msrc[24m/sqlite-core/query-builders/select.ts:865:85[90m)[39m
[2m[WebServer] [22m    at SQLiteSelectBase.all [90m(/Users/deepak/Downloads/Projects/StackLens-AI-Deploy/[39mnode_modules/[4msrc[24m/sqlite-core/query-builders/select.ts:884:15[90m)[39m
[2m[WebServer] [22m    at SQLiteSelectBase.execute [90m(/Users/deepak/Downloads/Projects/StackLens-AI-Deploy/[39mnode_modules/[4msrc[24m/sqlite-core/query-builders/select.ts:896:15[90m)[39m
[2m[WebServer] [22m    at SQLiteSelectBase.then [90m(/Users/deepak/Downloads/Projects/StackLens-AI-Deploy/[39mnode_modules/[4msrc[24m/query-promise.ts:31:15[90m)[39m
[2m[WebServer] [22m[90m    at process.processTicksAndRejections (node:internal/process/task_queues:105:5)[39m {
[2m[WebServer] [22m  code: [32m'SQLITE_ERROR'[39m
[2m[WebServer] [22m}
[2m[WebServer] [22mGet errors failed: SqliteError: no such column: error_logs.notes
[2m[WebServer] [22m    at Database.prepare [90m(/Users/deepak/Downloads/Projects/StackLens-AI-Deploy/[39mnode_modules/[4mbetter-sqlite3[24m/lib/methods/wrappers.js:5:21[90m)[39m
[2m[WebServer] [22m    at BetterSQLiteSession.prepareQuery [90m(/Users/deepak/Downloads/Projects/StackLens-AI-Deploy/[39mnode_modules/[4msrc[24m/better-sqlite3/session.ts:50:28[90m)[39m
[2m[WebServer] [22m    at BetterSQLiteSession.prepareOneTimeQuery [90m(/Users/deepak/Downloads/Projects/StackLens-AI-Deploy/[39mnode_modules/[4msrc[24m/sqlite-core/session.ts:135:15[90m)[39m
[2m[WebServer] [22m    at SQLiteSelectBase._prepare [90m(/Users/deepak/Downloads/Projects/StackLens-AI-Deploy/[39mnode_modules/[4msrc[24m/sqlite-core/query-builders/select.ts:865:85[90m)[39m
[2m[WebServer] [22m    at SQLiteSelectBase.all [90m(/Users/deepak/Downloads/Projects/StackLens-AI-Deploy/[39mnode_modules/[4msrc[24m/sqlite-core/query-builders/select.ts:884:15[90m)[39m
[2m[WebServer] [22m    at SQLiteSelectBase.execute [90m(/Users/deepak/Downloads/Projects/StackLens-AI-Deploy/[39mnode_modules/[4msrc[24m/sqlite-core/query-builders/select.ts:896:15[90m)[39m
[2m[WebServer] [22m    at SQLiteSelectBase.then [90m(/Users/deepak/Downloads/Projects/StackLens-AI-Deploy/[39mnode_modules/[4msrc[24m/query-promise.ts:31:15[90m)[39m
[2m[WebServer] [22m[90m    at process.processTicksAndRejections (node:internal/process/task_queues:105:5)[39m {
[2m[WebServer] [22m  code: [32m'SQLITE_ERROR'[39m
[2m[WebServer] [22m}
[2m[WebServer] [22mGet errors failed: SqliteError: no such column: error_logs.notes
[2m[WebServer] [22m    at Database.prepare [90m(/Users/deepak/Downloads/Projects/StackLens-AI-Deploy/[39mnode_modules/[4mbetter-sqlite3[24m/lib/methods/wrappers.js:5:21[90m)[39m
[2m[WebServer] [22m    at BetterSQLiteSession.prepareQuery [90m(/Users/deepak/Downloads/Projects/StackLens-AI-Deploy/[39mnode_modules/[4msrc[24m/better-sqlite3/session.ts:50:28[90m)[39m
[2m[WebServer] [22m    at BetterSQLiteSession.prepareOneTimeQuery [90m(/Users/deepak/Downloads/Projects/StackLens-AI-Deploy/[39mnode_modules/[4msrc[24m/sqlite-core/session.ts:135:15[90m)[39m
[2m[WebServer] [22m    at SQLiteSelectBase._prepare [90m(/Users/deepak/Downloads/Projects/StackLens-AI-Deploy/[39mnode_modules/[4msrc[24m/sqlite-core/query-builders/select.ts:865:85[90m)[39m
[2m[WebServer] [22m    at SQLiteSelectBase.all [90m(/Users/deepak/Downloads/Projects/StackLens-AI-Deploy/[39mnode_modules/[4msrc[24m/sqlite-core/query-builders/select.ts:884:15[90m)[39m
[2m[WebServer] [22m    at SQLiteSelectBase.execute [90m(/Users/deepak/Downloads/Projects/StackLens-AI-Deploy/[39mnode_modules/[4msrc[24m/sqlite-core/query-builders/select.ts:896:15[90m)[39m
[2m[WebServer] [22m    at SQLiteSelectBase.then [90m(/Users/deepak/Downloads/Projects/StackLens-AI-Deploy/[39mnode_modules/[4msrc[24m/query-promise.ts:31:15[90m)[39m
[2m[WebServer] [22m[90m    at process.processTicksAndRejections (node:internal/process/task_queues:105:5)[39m {
[2m[WebServer] [22m  code: [32m'SQLITE_ERROR'[39m
[2m[WebServer] [22m}
[2m[WebServer] [22mGet errors failed: SqliteError: no such column: error_logs.notes
[2m[WebServer] [22m    at Database.prepare [90m(/Users/deepak/Downloads/Projects/StackLens-AI-Deploy/[39mnode_modules/[4mbetter-sqlite3[24m/lib/methods/wrappers.js:5:21[90m)[39m
[2m[WebServer] [22m    at BetterSQLiteSession.prepareQuery [90m(/Users/deepak/Downloads/Projects/StackLens-AI-Deploy/[39mnode_modules/[4msrc[24m/better-sqlite3/session.ts:50:28[90m)[39m
[2m[WebServer] [22m    at BetterSQLiteSession.prepareOneTimeQuery [90m(/Users/deepak/Downloads/Projects/StackLens-AI-Deploy/[39mnode_modules/[4msrc[24m/sqlite-core/session.ts:135:15[90m)[39m
[2m[WebServer] [22m    at SQLiteSelectBase._prepare [90m(/Users/deepak/Downloads/Projects/StackLens-AI-Deploy/[39mnode_modules/[4msrc[24m/sqlite-core/query-builders/select.ts:865:85[90m)[39m
[2m[WebServer] [22m    at SQLiteSelectBase.all [90m(/Users/deepak/Downloads/Projects/StackLens-AI-Deploy/[39mnode_modules/[4msrc[24m/sqlite-core/query-builders/select.ts:884:15[90m)[39m
[2m[WebServer] [22m    at SQLiteSelectBase.execute [90m(/Users/deepak/Downloads/Projects/StackLens-AI-Deploy/[39mnode_modules/[4msrc[24m/sqlite-core/query-builders/select.ts:896:15[90m)[39m
[2m[WebServer] [22m    at SQLiteSelectBase.then [90m(/Users/deepak/Downloads/Projects/StackLens-AI-Deploy/[39mnode_modules/[4msrc[24m/query-promise.ts:31:15[90m)[39m
[2m[WebServer] [22m[90m    at process.processTicksAndRejections (node:internal/process/task_queues:105:5)[39m {
[2m[WebServer] [22m  code: [32m'SQLITE_ERROR'[39m
[2m[WebServer] [22m}
[2m[WebServer] [22mGet errors failed: SqliteError: no such column: error_logs.notes
[2m[WebServer] [22m    at Database.prepare [90m(/Users/deepak/Downloads/Projects/StackLens-AI-Deploy/[39mnode_modules/[4mbetter-sqlite3[24m/lib/methods/wrappers.js:5:21[90m)[39m
[2m[WebServer] [22m    at BetterSQLiteSession.prepareQuery [90m(/Users/deepak/Downloads/Projects/StackLens-AI-Deploy/[39mnode_modules/[4msrc[24m/better-sqlite3/session.ts:50:28[90m)[39m
[2m[WebServer] [22m    at BetterSQLiteSession.prepareOneTimeQuery [90m(/Users/deepak/Downloads/Projects/StackLens-AI-Deploy/[39mnode_modules/[4msrc[24m/sqlite-core/session.ts:135:15[90m)[39m
[2m[WebServer] [22m    at SQLiteSelectBase._prepare [90m(/Users/deepak/Downloads/Projects/StackLens-AI-Deploy/[39mnode_modules/[4msrc[24m/sqlite-core/query-builders/select.ts:865:85[90m)[39m
[2m[WebServer] [22m    at SQLiteSelectBase.all [90m(/Users/deepak/Downloads/Projects/StackLens-AI-Deploy/[39mnode_modules/[4msrc[24m/sqlite-core/query-builders/select.ts:884:15[90m)[39m
[2m[WebServer] [22m    at SQLiteSelectBase.execute [90m(/Users/deepak/Downloads/Projects/StackLens-AI-Deploy/[39mnode_modules/[4msrc[24m/sqlite-core/query-builders/select.ts:896:15[90m)[39m
[2m[WebServer] [22m    at SQLiteSelectBase.then [90m(/Users/deepak/Downloads/Projects/StackLens-AI-Deploy/[39mnode_modules/[4msrc[24m/query-promise.ts:31:15[90m)[39m
[2m[WebServer] [22m[90m    at process.processTicksAndRejections (node:internal/process/task_queues:105:5)[39m {
[2m[WebServer] [22m  code: [32m'SQLITE_ERROR'[39m
[2m[WebServer] [22m}
[2m[WebServer] [22mGet errors failed: SqliteError: no such column: error_logs.notes
[2m[WebServer] [22m    at Database.prepare [90m(/Users/deepak/Downloads/Projects/StackLens-AI-Deploy/[39mnode_modules/[4mbetter-sqlite3[24m/lib/methods/wrappers.js:5:21[90m)[39m
[2m[WebServer] [22m    at BetterSQLiteSession.prepareQuery [90m(/Users/deepak/Downloads/Projects/StackLens-AI-Deploy/[39mnode_modules/[4msrc[24m/better-sqlite3/session.ts:50:28[90m)[39m
[2m[WebServer] [22m    at BetterSQLiteSession.prepareOneTimeQuery [90m(/Users/deepak/Downloads/Projects/StackLens-AI-Deploy/[39mnode_modules/[4msrc[24m/sqlite-core/session.ts:135:15[90m)[39m
[2m[WebServer] [22m    at SQLiteSelectBase._prepare [90m(/Users/deepak/Downloads/Projects/StackLens-AI-Deploy/[39mnode_modules/[4msrc[24m/sqlite-core/query-builders/select.ts:865:85[90m)[39m
[2m[WebServer] [22m    at SQLiteSelectBase.all [90m(/Users/deepak/Downloads/Projects/StackLens-AI-Deploy/[39mnode_modules/[4msrc[24m/sqlite-core/query-builders/select.ts:884:15[90m)[39m
[2m[WebServer] [22m    at SQLiteSelectBase.execute [90m(/Users/deepak/Downloads/Projects/StackLens-AI-Deploy/[39mnode_modules/[4msrc[24m/sqlite-core/query-builders/select.ts:896:15[90m)[39m
[2m[WebServer] [22m    at SQLiteSelectBase.then [90m(/Users/deepak/Downloads/Projects/StackLens-AI-Deploy/[39mnode_modules/[4msrc[24m/query-promise.ts:31:15[90m)[39m
[2m[WebServer] [22m[90m    at process.processTicksAndRejections (node:internal/process/task_queues:105:5)[39m {
[2m[WebServer] [22m  code: [32m'SQLITE_ERROR'[39m
[2m[WebServer] [22m}
[2m[WebServer] [22mGet errors failed: SqliteError: no such column: error_logs.notes
[2m[WebServer] [22m    at Database.prepare [90m(/Users/deepak/Downloads/Projects/StackLens-AI-Deploy/[39mnode_modules/[4mbetter-sqlite3[24m/lib/methods/wrappers.js:5:21[90m)[39m
[2m[WebServer] [22m    at BetterSQLiteSession.prepareQuery [90m(/Users/deepak/Downloads/Projects/StackLens-AI-Deploy/[39mnode_modules/[4msrc[24m/better-sqlite3/session.ts:50:28[90m)[39m
[2m[WebServer] [22m    at BetterSQLiteSession.prepareOneTimeQuery [90m(/Users/deepak/Downloads/Projects/StackLens-AI-Deploy/[39mnode_modules/[4msrc[24m/sqlite-core/session.ts:135:15[90m)[39m
[2m[WebServer] [22m    at SQLiteSelectBase._prepare [90m(/Users/deepak/Downloads/Projects/StackLens-AI-Deploy/[39mnode_modules/[4msrc[24m/sqlite-core/query-builders/select.ts:865:85[90m)[39m
[2m[WebServer] [22m    at SQLiteSelectBase.all [90m(/Users/deepak/Downloads/Projects/StackLens-AI-Deploy/[39mnode_modules/[4msrc[24m/sqlite-core/query-builders/select.ts:884:15[90m)[39m
[2m[WebServer] [22m    at SQLiteSelectBase.execute [90m(/Users/deepak/Downloads/Projects/StackLens-AI-Deploy/[39mnode_modules/[4msrc[24m/sqlite-core/query-builders/select.ts:896:15[90m)[39m
[2m[WebServer] [22m    at SQLiteSelectBase.then [90m(/Users/deepak/Downloads/Projects/StackLens-AI-Deploy/[39mnode_modules/[4msrc[24m/query-promise.ts:31:15[90m)[39m
[2m[WebServer] [22m[90m    at process.processTicksAndRejections (node:internal/process/task_queues:105:5)[39m {
[2m[WebServer] [22m  code: [32m'SQLITE_ERROR'[39m
[2m[WebServer] [22m}
[2m[WebServer] [22mGet errors failed: SqliteError: no such column: error_logs.notes
[2m[WebServer] [22m    at Database.prepare [90m(/Users/deepak/Downloads/Projects/StackLens-AI-Deploy/[39mnode_modules/[4mbetter-sqlite3[24m/lib/methods/wrappers.js:5:21[90m)[39m
[2m[WebServer] [22m    at BetterSQLiteSession.prepareQuery [90m(/Users/deepak/Downloads/Projects/StackLens-AI-Deploy/[39mnode_modules/[4msrc[24m/better-sqlite3/session.ts:50:28[90m)[39m
[2m[WebServer] [22m    at BetterSQLiteSession.prepareOneTimeQuery [90m(/Users/deepak/Downloads/Projects/StackLens-AI-Deploy/[39mnode_modules/[4msrc[24m/sqlite-core/session.ts:135:15[90m)[39m
[2m[WebServer] [22m    at SQLiteSelectBase._prepare [90m(/Users/deepak/Downloads/Projects/StackLens-AI-Deploy/[39mnode_modules/[4msrc[24m/sqlite-core/query-builders/select.ts:865:85[90m)[39m
[2m[WebServer] [22m    at SQLiteSelectBase.all [90m(/Users/deepak/Downloads/Projects/StackLens-AI-Deploy/[39mnode_modules/[4msrc[24m/sqlite-core/query-builders/select.ts:884:15[90m)[39m
[2m[WebServer] [22m    at SQLiteSelectBase.execute [90m(/Users/deepak/Downloads/Projects/StackLens-AI-Deploy/[39mnode_modules/[4msrc[24m/sqlite-core/query-builders/select.ts:896:15[90m)[39m
[2m[WebServer] [22m    at SQLiteSelectBase.then [90m(/Users/deepak/Downloads/Projects/StackLens-AI-Deploy/[39mnode_modules/[4msrc[24m/query-promise.ts:31:15[90m)[39m
[2m[WebServer] [22m[90m    at process.processTicksAndRejections (node:internal/process/task_queues:105:5)[39m {
[2m[WebServer] [22m  code: [32m'SQLITE_ERROR'[39m
[2m[WebServer] [22m}
[2m[WebServer] [22mGet errors failed: SqliteError: no such column: error_logs.notes
[2m[WebServer] [22m    at Database.prepare [90m(/Users/deepak/Downloads/Projects/StackLens-AI-Deploy/[39mnode_modules/[4mbetter-sqlite3[24m/lib/methods/wrappers.js:5:21[90m)[39m
[2m[WebServer] [22m    at BetterSQLiteSession.prepareQuery [90m(/Users/deepak/Downloads/Projects/StackLens-AI-Deploy/[39mnode_modules/[4msrc[24m/better-sqlite3/session.ts:50:28[90m)[39m
[2m[WebServer] [22m    at BetterSQLiteSession.prepareOneTimeQuery [90m(/Users/deepak/Downloads/Projects/StackLens-AI-Deploy/[39mnode_modules/[4msrc[24m/sqlite-core/session.ts:135:15[90m)[39m
[2m[WebServer] [22m    at SQLiteSelectBase._prepare [90m(/Users/deepak/Downloads/Projects/StackLens-AI-Deploy/[39mnode_modules/[4msrc[24m/sqlite-core/query-builders/select.ts:865:85[90m)[39m
[2m[WebServer] [22m    at SQLiteSelectBase.all [90m(/Users/deepak/Downloads/Projects/StackLens-AI-Deploy/[39mnode_modules/[4msrc[24m/sqlite-core/query-builders/select.ts:884:15[90m)[39m
[2m[WebServer] [22m    at SQLiteSelectBase.execute [90m(/Users/deepak/Downloads/Projects/StackLens-AI-Deploy/[39mnode_modules/[4msrc[24m/sqlite-core/query-builders/select.ts:896:15[90m)[39m
[2m[WebServer] [22m    at SQLiteSelectBase.then [90m(/Users/deepak/Downloads/Projects/StackLens-AI-Deploy/[39mnode_modules/[4msrc[24m/query-promise.ts:31:15[90m)[39m
[2m[WebServer] [22m[90m    at process.processTicksAndRejections (node:internal/process/task_queues:105:5)[39m {
[2m[WebServer] [22m  code: [32m'SQLITE_ERROR'[39m
[2m[WebServer] [22m}
[2m[WebServer] [22mGet errors failed: SqliteError: no such column: error_logs.notes
[2m[WebServer] [22m    at Database.prepare [90m(/Users/deepak/Downloads/Projects/StackLens-AI-Deploy/[39mnode_modules/[4mbetter-sqlite3[24m/lib/methods/wrappers.js:5:21[90m)[39m
[2m[WebServer] [22m    at BetterSQLiteSession.prepareQuery [90m(/Users/deepak/Downloads/Projects/StackLens-AI-Deploy/[39mnode_modules/[4msrc[24m/better-sqlite3/session.ts:50:28[90m)[39m
[2m[WebServer] [22m    at BetterSQLiteSession.prepareOneTimeQuery [90m(/Users/deepak/Downloads/Projects/StackLens-AI-Deploy/[39mnode_modules/[4msrc[24m/sqlite-core/session.ts:135:15[90m)[39m
[2m[WebServer] [22m    at SQLiteSelectBase._prepare [90m(/Users/deepak/Downloads/Projects/StackLens-AI-Deploy/[39mnode_modules/[4msrc[24m/sqlite-core/query-builders/select.ts:865:85[90m)[39m
[2m[WebServer] [22m    at SQLiteSelectBase.all [90m(/Users/deepak/Downloads/Projects/StackLens-AI-Deploy/[39mnode_modules/[4msrc[24m/sqlite-core/query-builders/select.ts:884:15[90m)[39m
[2m[WebServer] [22m    at SQLiteSelectBase.execute [90m(/Users/deepak/Downloads/Projects/StackLens-AI-Deploy/[39mnode_modules/[4msrc[24m/sqlite-core/query-builders/select.ts:896:15[90m)[39m
[2m[WebServer] [22m    at SQLiteSelectBase.then [90m(/Users/deepak/Downloads/Projects/StackLens-AI-Deploy/[39mnode_modules/[4msrc[24m/query-promise.ts:31:15[90m)[39m
[2m[WebServer] [22m[90m    at process.processTicksAndRejections (node:internal/process/task_queues:105:5)[39m {
[2m[WebServer] [22m  code: [32m'SQLITE_ERROR'[39m
[2m[WebServer] [22m}
[2m[WebServer] [22mGet errors failed: SqliteError: no such column: error_logs.notes
[2m[WebServer] [22m    at Database.prepare [90m(/Users/deepak/Downloads/Projects/StackLens-AI-Deploy/[39mnode_modules/[4mbetter-sqlite3[24m/lib/methods/wrappers.js:5:21[90m)[39m
[2m[WebServer] [22m    at BetterSQLiteSession.prepareQuery [90m(/Users/deepak/Downloads/Projects/StackLens-AI-Deploy/[39mnode_modules/[4msrc[24m/better-sqlite3/session.ts:50:28[90m)[39m
[2m[WebServer] [22m    at BetterSQLiteSession.prepareOneTimeQuery [90m(/Users/deepak/Downloads/Projects/StackLens-AI-Deploy/[39mnode_modules/[4msrc[24m/sqlite-core/session.ts:135:15[90m)[39m
[2m[WebServer] [22m    at SQLiteSelectBase._prepare [90m(/Users/deepak/Downloads/Projects/StackLens-AI-Deploy/[39mnode_modules/[4msrc[24m/sqlite-core/query-builders/select.ts:865:85[90m)[39m
[2m[WebServer] [22m    at SQLiteSelectBase.all [90m(/Users/deepak/Downloads/Projects/StackLens-AI-Deploy/[39mnode_modules/[4msrc[24m/sqlite-core/query-builders/select.ts:884:15[90m)[39m
[2m[WebServer] [22m    at SQLiteSelectBase.execute [90m(/Users/deepak/Downloads/Projects/StackLens-AI-Deploy/[39mnode_modules/[4msrc[24m/sqlite-core/query-builders/select.ts:896:15[90m)[39m
[2m[WebServer] [22m    at SQLiteSelectBase.then [90m(/Users/deepak/Downloads/Projects/StackLens-AI-Deploy/[39mnode_modules/[4msrc[24m/query-promise.ts:31:15[90m)[39m
[2m[WebServer] [22m[90m    at process.processTicksAndRejections (node:internal/process/task_queues:105:5)[39m {
[2m[WebServer] [22m  code: [32m'SQLITE_ERROR'[39m
[2m[WebServer] [22m}
[2m[WebServer] [22mGet errors failed: SqliteError: no such column: error_logs.notes
[2m[WebServer] [22m    at Database.prepare [90m(/Users/deepak/Downloads/Projects/StackLens-AI-Deploy/[39mnode_modules/[4mbetter-sqlite3[24m/lib/methods/wrappers.js:5:21[90m)[39m
[2m[WebServer] [22m    at BetterSQLiteSession.prepareQuery [90m(/Users/deepak/Downloads/Projects/StackLens-AI-Deploy/[39mnode_modules/[4msrc[24m/better-sqlite3/session.ts:50:28[90m)[39m
[2m[WebServer] [22m    at BetterSQLiteSession.prepareOneTimeQuery [90m(/Users/deepak/Downloads/Projects/StackLens-AI-Deploy/[39mnode_modules/[4msrc[24m/sqlite-core/session.ts:135:15[90m)[39m
[2m[WebServer] [22m    at SQLiteSelectBase._prepare [90m(/Users/deepak/Downloads/Projects/StackLens-AI-Deploy/[39mnode_modules/[4msrc[24m/sqlite-core/query-builders/select.ts:865:85[90m)[39m
[2m[WebServer] [22m    at SQLiteSelectBase.all [90m(/Users/deepak/Downloads/Projects/StackLens-AI-Deploy/[39mnode_modules/[4msrc[24m/sqlite-core/query-builders/select.ts:884:15[90m)[39m
[2m[WebServer] [22m    at SQLiteSelectBase.execute [90m(/Users/deepak/Downloads/Projects/StackLens-AI-Deploy/[39mnode_modules/[4msrc[24m/sqlite-core/query-builders/select.ts:896:15[90m)[39m
[2m[WebServer] [22m    at SQLiteSelectBase.then [90m(/Users/deepak/Downloads/Projects/StackLens-AI-Deploy/[39mnode_modules/[4msrc[24m/query-promise.ts:31:15[90m)[39m
[2m[WebServer] [22m[90m    at process.processTicksAndRejections (node:internal/process/task_queues:105:5)[39m {
[2m[WebServer] [22m  code: [32m'SQLITE_ERROR'[39m
[2m[WebServer] [22m}
[2m[WebServer] [22mGet errors failed: SqliteError: no such column: error_logs.notes
[2m[WebServer] [22m    at Database.prepare [90m(/Users/deepak/Downloads/Projects/StackLens-AI-Deploy/[39mnode_modules/[4mbetter-sqlite3[24m/lib/methods/wrappers.js:5:21[90m)[39m
[2m[WebServer] [22m    at BetterSQLiteSession.prepareQuery [90m(/Users/deepak/Downloads/Projects/StackLens-AI-Deploy/[39mnode_modules/[4msrc[24m/better-sqlite3/session.ts:50:28[90m)[39m
[2m[WebServer] [22m    at BetterSQLiteSession.prepareOneTimeQuery [90m(/Users/deepak/Downloads/Projects/StackLens-AI-Deploy/[39mnode_modules/[4msrc[24m/sqlite-core/session.ts:135:15[90m)[39m
[2m[WebServer] [22m    at SQLiteSelectBase._prepare [90m(/Users/deepak/Downloads/Projects/StackLens-AI-Deploy/[39mnode_modules/[4msrc[24m/sqlite-core/query-builders/select.ts:865:85[90m)[39m
[2m[WebServer] [22m    at SQLiteSelectBase.all [90m(/Users/deepak/Downloads/Projects/StackLens-AI-Deploy/[39mnode_modules/[4msrc[24m/sqlite-core/query-builders/select.ts:884:15[90m)[39m
[2m[WebServer] [22m    at SQLiteSelectBase.execute [90m(/Users/deepak/Downloads/Projects/StackLens-AI-Deploy/[39mnode_modules/[4msrc[24m/sqlite-core/query-builders/select.ts:896:15[90m)[39m
[2m[WebServer] [22m    at SQLiteSelectBase.then [90m(/Users/deepak/Downloads/Projects/StackLens-AI-Deploy/[39mnode_modules/[4msrc[24m/query-promise.ts:31:15[90m)[39m
[2m[WebServer] [22m[90m    at process.processTicksAndRejections (node:internal/process/task_queues:105:5)[39m {
[2m[WebServer] [22m  code: [32m'SQLITE_ERROR'[39m
[2m[WebServer] [22m}
[2m[WebServer] [22mGet errors failed: SqliteError: no such column: error_logs.notes
[2m[WebServer] [22m    at Database.prepare [90m(/Users/deepak/Downloads/Projects/StackLens-AI-Deploy/[39mnode_modules/[4mbetter-sqlite3[24m/lib/methods/wrappers.js:5:21[90m)[39m
[2m[WebServer] [22m    at BetterSQLiteSession.prepareQuery [90m(/Users/deepak/Downloads/Projects/StackLens-AI-Deploy/[39mnode_modules/[4msrc[24m/better-sqlite3/session.ts:50:28[90m)[39m
[2m[WebServer] [22m    at BetterSQLiteSession.prepareOneTimeQuery [90m(/Users/deepak/Downloads/Projects/StackLens-AI-Deploy/[39mnode_modules/[4msrc[24m/sqlite-core/session.ts:135:15[90m)[39m
[2m[WebServer] [22m    at SQLiteSelectBase._prepare [90m(/Users/deepak/Downloads/Projects/StackLens-AI-Deploy/[39mnode_modules/[4msrc[24m/sqlite-core/query-builders/select.ts:865:85[90m)[39m
[2m[WebServer] [22m    at SQLiteSelectBase.all [90m(/Users/deepak/Downloads/Projects/StackLens-AI-Deploy/[39mnode_modules/[4msrc[24m/sqlite-core/query-builders/select.ts:884:15[90m)[39m
[2m[WebServer] [22m    at SQLiteSelectBase.execute [90m(/Users/deepak/Downloads/Projects/StackLens-AI-Deploy/[39mnode_modules/[4msrc[24m/sqlite-core/query-builders/select.ts:896:15[90m)[39m
[2m[WebServer] [22m    at SQLiteSelectBase.then [90m(/Users/deepak/Downloads/Projects/StackLens-AI-Deploy/[39mnode_modules/[4msrc[24m/query-promise.ts:31:15[90m)[39m
[2m[WebServer] [22m[90m    at process.processTicksAndRejections (node:internal/process/task_queues:105:5)[39m {
[2m[WebServer] [22m  code: [32m'SQLITE_ERROR'[39m
[2m[WebServer] [22m}
[2m[WebServer] [22mGet errors failed: SqliteError: no such column: error_logs.notes
[2m[WebServer] [22m    at Database.prepare [90m(/Users/deepak/Downloads/Projects/StackLens-AI-Deploy/[39mnode_modules/[4mbetter-sqlite3[24m/lib/methods/wrappers.js:5:21[90m)[39m
[2m[WebServer] [22m    at BetterSQLiteSession.prepareQuery [90m(/Users/deepak/Downloads/Projects/StackLens-AI-Deploy/[39mnode_modules/[4msrc[24m/better-sqlite3/session.ts:50:28[90m)[39m
[2m[WebServer] [22m    at BetterSQLiteSession.prepareOneTimeQuery [90m(/Users/deepak/Downloads/Projects/StackLens-AI-Deploy/[39mnode_modules/[4msrc[24m/sqlite-core/session.ts:135:15[90m)[39m
[2m[WebServer] [22m    at SQLiteSelectBase._prepare [90m(/Users/deepak/Downloads/Projects/StackLens-AI-Deploy/[39mnode_modules/[4msrc[24m/sqlite-core/query-builders/select.ts:865:85[90m)[39m
[2m[WebServer] [22m    at SQLiteSelectBase.all [90m(/Users/deepak/Downloads/Projects/StackLens-AI-Deploy/[39mnode_modules/[4msrc[24m/sqlite-core/query-builders/select.ts:884:15[90m)[39m
[2m[WebServer] [22m    at SQLiteSelectBase.execute [90m(/Users/deepak/Downloads/Projects/StackLens-AI-Deploy/[39mnode_modules/[4msrc[24m/sqlite-core/query-builders/select.ts:896:15[90m)[39m
[2m[WebServer] [22m    at SQLiteSelectBase.then [90m(/Users/deepak/Downloads/Projects/StackLens-AI-Deploy/[39mnode_modules/[4msrc[24m/query-promise.ts:31:15[90m)[39m
[2m[WebServer] [22m[90m    at process.processTicksAndRejections (node:internal/process/task_queues:105:5)[39m {
[2m[WebServer] [22m  code: [32m'SQLITE_ERROR'[39m
[2m[WebServer] [22m}
[2m[WebServer] [22mGet errors failed: SqliteError: no such column: error_logs.notes
[2m[WebServer] [22m    at Database.prepare [90m(/Users/deepak/Downloads/Projects/StackLens-AI-Deploy/[39mnode_modules/[4mbetter-sqlite3[24m/lib/methods/wrappers.js:5:21[90m)[39m
[2m[WebServer] [22m    at BetterSQLiteSession.prepareQuery [90m(/Users/deepak/Downloads/Projects/StackLens-AI-Deploy/[39mnode_modules/[4msrc[24m/better-sqlite3/session.ts:50:28[90m)[39m
[2m[WebServer] [22m    at BetterSQLiteSession.prepareOneTimeQuery [90m(/Users/deepak/Downloads/Projects/StackLens-AI-Deploy/[39mnode_modules/[4msrc[24m/sqlite-core/session.ts:135:15[90m)[39m
[2m[WebServer] [22m    at SQLiteSelectBase._prepare [90m(/Users/deepak/Downloads/Projects/StackLens-AI-Deploy/[39mnode_modules/[4msrc[24m/sqlite-core/query-builders/select.ts:865:85[90m)[39m
[2m[WebServer] [22m    at SQLiteSelectBase.all [90m(/Users/deepak/Downloads/Projects/StackLens-AI-Deploy/[39mnode_modules/[4msrc[24m/sqlite-core/query-builders/select.ts:884:15[90m)[39m
[2m[WebServer] [22m    at SQLiteSelectBase.execute [90m(/Users/deepak/Downloads/Projects/StackLens-AI-Deploy/[39mnode_modules/[4msrc[24m/sqlite-core/query-builders/select.ts:896:15[90m)[39m
[2m[WebServer] [22m    at SQLiteSelectBase.then [90m(/Users/deepak/Downloads/Projects/StackLens-AI-Deploy/[39mnode_modules/[4msrc[24m/query-promise.ts:31:15[90m)[39m
[2m[WebServer] [22m[90m    at process.processTicksAndRejections (node:internal/process/task_queues:105:5)[39m {
[2m[WebServer] [22m  code: [32m'SQLITE_ERROR'[39m
[2m[WebServer] [22m}
[2m[WebServer] [22mGet errors failed: SqliteError: no such column: error_logs.notes
[2m[WebServer] [22m    at Database.prepare [90m(/Users/deepak/Downloads/Projects/StackLens-AI-Deploy/[39mnode_modules/[4mbetter-sqlite3[24m/lib/methods/wrappers.js:5:21[90m)[39m
[2m[WebServer] [22m    at BetterSQLiteSession.prepareQuery [90m(/Users/deepak/Downloads/Projects/StackLens-AI-Deploy/[39mnode_modules/[4msrc[24m/better-sqlite3/session.ts:50:28[90m)[39m
[2m[WebServer] [22m    at BetterSQLiteSession.prepareOneTimeQuery [90m(/Users/deepak/Downloads/Projects/StackLens-AI-Deploy/[39mnode_modules/[4msrc[24m/sqlite-core/session.ts:135:15[90m)[39m
[2m[WebServer] [22m    at SQLiteSelectBase._prepare [90m(/Users/deepak/Downloads/Projects/StackLens-AI-Deploy/[39mnode_modules/[4msrc[24m/sqlite-core/query-builders/select.ts:865:85[90m)[39m
[2m[WebServer] [22m    at SQLiteSelectBase.all [90m(/Users/deepak/Downloads/Projects/StackLens-AI-Deploy/[39mnode_modules/[4msrc[24m/sqlite-core/query-builders/select.ts:884:15[90m)[39m
[2m[WebServer] [22m    at SQLiteSelectBase.execute [90m(/Users/deepak/Downloads/Projects/StackLens-AI-Deploy/[39mnode_modules/[4msrc[24m/sqlite-core/query-builders/select.ts:896:15[90m)[39m
[2m[WebServer] [22m    at SQLiteSelectBase.then [90m(/Users/deepak/Downloads/Projects/StackLens-AI-Deploy/[39mnode_modules/[4msrc[24m/query-promise.ts:31:15[90m)[39m
[2m[WebServer] [22m[90m    at process.processTicksAndRejections (node:internal/process/task_queues:105:5)[39m {
[2m[WebServer] [22m  code: [32m'SQLITE_ERROR'[39m
[2m[WebServer] [22m}
[2m[WebServer] [22mGet errors failed: SqliteError: no such column: error_logs.notes
[2m[WebServer] [22m    at Database.prepare [90m(/Users/deepak/Downloads/Projects/StackLens-AI-Deploy/[39mnode_modules/[4mbetter-sqlite3[24m/lib/methods/wrappers.js:5:21[90m)[39m
[2m[WebServer] [22m    at BetterSQLiteSession.prepareQuery [90m(/Users/deepak/Downloads/Projects/StackLens-AI-Deploy/[39mnode_modules/[4msrc[24m/better-sqlite3/session.ts:50:28[90m)[39m
[2m[WebServer] [22m    at BetterSQLiteSession.prepareOneTimeQuery [90m(/Users/deepak/Downloads/Projects/StackLens-AI-Deploy/[39mnode_modules/[4msrc[24m/sqlite-core/session.ts:135:15[90m)[39m
[2m[WebServer] [22m    at SQLiteSelectBase._prepare [90m(/Users/deepak/Downloads/Projects/StackLens-AI-Deploy/[39mnode_modules/[4msrc[24m/sqlite-core/query-builders/select.ts:865:85[90m)[39m
[2m[WebServer] [22m    at SQLiteSelectBase.all [90m(/Users/deepak/Downloads/Projects/StackLens-AI-Deploy/[39mnode_modules/[4msrc[24m/sqlite-core/query-builders/select.ts:884:15[90m)[39m
[2m[WebServer] [22m    at SQLiteSelectBase.execute [90m(/Users/deepak/Downloads/Projects/StackLens-AI-Deploy/[39mnode_modules/[4msrc[24m/sqlite-core/query-builders/select.ts:896:15[90m)[39m
[2m[WebServer] [22m    at SQLiteSelectBase.then [90m(/Users/deepak/Downloads/Projects/StackLens-AI-Deploy/[39mnode_modules/[4msrc[24m/query-promise.ts:31:15[90m)[39m
[2m[WebServer] [22m[90m    at process.processTicksAndRejections (node:internal/process/task_queues:105:5)[39m {
[2m[WebServer] [22m  code: [32m'SQLITE_ERROR'[39m
[2m[WebServer] [22m}
[2m[WebServer] [22mGet errors failed: SqliteError: no such column: error_logs.notes
[2m[WebServer] [22m    at Database.prepare [90m(/Users/deepak/Downloads/Projects/StackLens-AI-Deploy/[39mnode_modules/[4mbetter-sqlite3[24m/lib/methods/wrappers.js:5:21[90m)[39m
[2m[WebServer] [22m    at BetterSQLiteSession.prepareQuery [90m(/Users/deepak/Downloads/Projects/StackLens-AI-Deploy/[39mnode_modules/[4msrc[24m/better-sqlite3/session.ts:50:28[90m)[39m
[2m[WebServer] [22m    at BetterSQLiteSession.prepareOneTimeQuery [90m(/Users/deepak/Downloads/Projects/StackLens-AI-Deploy/[39mnode_modules/[4msrc[24m/sqlite-core/session.ts:135:15[90m)[39m
[2m[WebServer] [22m    at SQLiteSelectBase._prepare [90m(/Users/deepak/Downloads/Projects/StackLens-AI-Deploy/[39mnode_modules/[4msrc[24m/sqlite-core/query-builders/select.ts:865:85[90m)[39m
[2m[WebServer] [22m    at SQLiteSelectBase.all [90m(/Users/deepak/Downloads/Projects/StackLens-AI-Deploy/[39mnode_modules/[4msrc[24m/sqlite-core/query-builders/select.ts:884:15[90m)[39m
[2m[WebServer] [22m    at SQLiteSelectBase.execute [90m(/Users/deepak/Downloads/Projects/StackLens-AI-Deploy/[39mnode_modules/[4msrc[24m/sqlite-core/query-builders/select.ts:896:15[90m)[39m
[2m[WebServer] [22m    at SQLiteSelectBase.then [90m(/Users/deepak/Downloads/Projects/StackLens-AI-Deploy/[39mnode_modules/[4msrc[24m/query-promise.ts:31:15[90m)[39m
[2m[WebServer] [22m[90m    at process.processTicksAndRejections (node:internal/process/task_queues:105:5)[39m {
[2m[WebServer] [22m  code: [32m'SQLITE_ERROR'[39m
[2m[WebServer] [22m}
[2m[WebServer] [22mGet errors failed: SqliteError: no such column: error_logs.notes
[2m[WebServer] [22m    at Database.prepare [90m(/Users/deepak/Downloads/Projects/StackLens-AI-Deploy/[39mnode_modules/[4mbetter-sqlite3[24m/lib/methods/wrappers.js:5:21[90m)[39m
[2m[WebServer] [22m    at BetterSQLiteSession.prepareQuery [90m(/Users/deepak/Downloads/Projects/StackLens-AI-Deploy/[39mnode_modules/[4msrc[24m/better-sqlite3/session.ts:50:28[90m)[39m
[2m[WebServer] [22m    at BetterSQLiteSession.prepareOneTimeQuery [90m(/Users/deepak/Downloads/Projects/StackLens-AI-Deploy/[39mnode_modules/[4msrc[24m/sqlite-core/session.ts:135:15[90m)[39m
[2m[WebServer] [22m    at SQLiteSelectBase._prepare [90m(/Users/deepak/Downloads/Projects/StackLens-AI-Deploy/[39mnode_modules/[4msrc[24m/sqlite-core/query-builders/select.ts:865:85[90m)[39m
[2m[WebServer] [22m    at SQLiteSelectBase.all [90m(/Users/deepak/Downloads/Projects/StackLens-AI-Deploy/[39mnode_modules/[4msrc[24m/sqlite-core/query-builders/select.ts:884:15[90m)[39m
[2m[WebServer] [22m    at SQLiteSelectBase.execute [90m(/Users/deepak/Downloads/Projects/StackLens-AI-Deploy/[39mnode_modules/[4msrc[24m/sqlite-core/query-builders/select.ts:896:15[90m)[39m
[2m[WebServer] [22m    at SQLiteSelectBase.then [90m(/Users/deepak/Downloads/Projects/StackLens-AI-Deploy/[39mnode_modules/[4msrc[24m/query-promise.ts:31:15[90m)[39m
[2m[WebServer] [22m[90m    at process.processTicksAndRejections (node:internal/process/task_queues:105:5)[39m {
[2m[WebServer] [22m  code: [32m'SQLITE_ERROR'[39m
[2m[WebServer] [22m}
[2m[WebServer] [22mGet errors failed: SqliteError: no such column: error_logs.notes
[2m[WebServer] [22m    at Database.prepare [90m(/Users/deepak/Downloads/Projects/StackLens-AI-Deploy/[39mnode_modules/[4mbetter-sqlite3[24m/lib/methods/wrappers.js:5:21[90m)[39m
[2m[WebServer] [22m    at BetterSQLiteSession.prepareQuery [90m(/Users/deepak/Downloads/Projects/StackLens-AI-Deploy/[39mnode_modules/[4msrc[24m/better-sqlite3/session.ts:50:28[90m)[39m
[2m[WebServer] [22m    at BetterSQLiteSession.prepareOneTimeQuery [90m(/Users/deepak/Downloads/Projects/StackLens-AI-Deploy/[39mnode_modules/[4msrc[24m/sqlite-core/session.ts:135:15[90m)[39m
[2m[WebServer] [22m    at SQLiteSelectBase._prepare [90m(/Users/deepak/Downloads/Projects/StackLens-AI-Deploy/[39mnode_modules/[4msrc[24m/sqlite-core/query-builders/select.ts:865:85[90m)[39m
[2m[WebServer] [22m    at SQLiteSelectBase.all [90m(/Users/deepak/Downloads/Projects/StackLens-AI-Deploy/[39mnode_modules/[4msrc[24m/sqlite-core/query-builders/select.ts:884:15[90m)[39m
[2m[WebServer] [22m    at SQLiteSelectBase.execute [90m(/Users/deepak/Downloads/Projects/StackLens-AI-Deploy/[39mnode_modules/[4msrc[24m/sqlite-core/query-builders/select.ts:896:15[90m)[39m
[2m[WebServer] [22m    at SQLiteSelectBase.then [90m(/Users/deepak/Downloads/Projects/StackLens-AI-Deploy/[39mnode_modules/[4msrc[24m/query-promise.ts:31:15[90m)[39m
[2m[WebServer] [22m[90m    at process.processTicksAndRejections (node:internal/process/task_queues:105:5)[39m {
[2m[WebServer] [22m  code: [32m'SQLITE_ERROR'[39m
[2m[WebServer] [22m}
[2m[WebServer] [22mGet errors failed: SqliteError: no such column: error_logs.notes
[2m[WebServer] [22m    at Database.prepare [90m(/Users/deepak/Downloads/Projects/StackLens-AI-Deploy/[39mnode_modules/[4mbetter-sqlite3[24m/lib/methods/wrappers.js:5:21[90m)[39m
[2m[WebServer] [22m    at BetterSQLiteSession.prepareQuery [90m(/Users/deepak/Downloads/Projects/StackLens-AI-Deploy/[39mnode_modules/[4msrc[24m/better-sqlite3/session.ts:50:28[90m)[39m
[2m[WebServer] [22m    at BetterSQLiteSession.prepareOneTimeQuery [90m(/Users/deepak/Downloads/Projects/StackLens-AI-Deploy/[39mnode_modules/[4msrc[24m/sqlite-core/session.ts:135:15[90m)[39m
[2m[WebServer] [22m    at SQLiteSelectBase._prepare [90m(/Users/deepak/Downloads/Projects/StackLens-AI-Deploy/[39mnode_modules/[4msrc[24m/sqlite-core/query-builders/select.ts:865:85[90m)[39m
[2m[WebServer] [22m    at SQLiteSelectBase.all [90m(/Users/deepak/Downloads/Projects/StackLens-AI-Deploy/[39mnode_modules/[4msrc[24m/sqlite-core/query-builders/select.ts:884:15[90m)[39m
[2m[WebServer] [22m    at SQLiteSelectBase.execute [90m(/Users/deepak/Downloads/Projects/StackLens-AI-Deploy/[39mnode_modules/[4msrc[24m/sqlite-core/query-builders/select.ts:896:15[90m)[39m
[2m[WebServer] [22m    at SQLiteSelectBase.then [90m(/Users/deepak/Downloads/Projects/StackLens-AI-Deploy/[39mnode_modules/[4msrc[24m/query-promise.ts:31:15[90m)[39m
[2m[WebServer] [22m[90m    at process.processTicksAndRejections (node:internal/process/task_queues:105:5)[39m {
[2m[WebServer] [22m  code: [32m'SQLITE_ERROR'[39m
[2m[WebServer] [22m}
[2m[WebServer] [22mGet errors failed: SqliteError: no such column: error_logs.notes
[2m[WebServer] [22m    at Database.prepare [90m(/Users/deepak/Downloads/Projects/StackLens-AI-Deploy/[39mnode_modules/[4mbetter-sqlite3[24m/lib/methods/wrappers.js:5:21[90m)[39m
[2m[WebServer] [22m    at BetterSQLiteSession.prepareQuery [90m(/Users/deepak/Downloads/Projects/StackLens-AI-Deploy/[39mnode_modules/[4msrc[24m/better-sqlite3/session.ts:50:28[90m)[39m
[2m[WebServer] [22m    at BetterSQLiteSession.prepareOneTimeQuery [90m(/Users/deepak/Downloads/Projects/StackLens-AI-Deploy/[39mnode_modules/[4msrc[24m/sqlite-core/session.ts:135:15[90m)[39m
[2m[WebServer] [22m    at SQLiteSelectBase._prepare [90m(/Users/deepak/Downloads/Projects/StackLens-AI-Deploy/[39mnode_modules/[4msrc[24m/sqlite-core/query-builders/select.ts:865:85[90m)[39m
[2m[WebServer] [22m    at SQLiteSelectBase.all [90m(/Users/deepak/Downloads/Projects/StackLens-AI-Deploy/[39mnode_modules/[4msrc[24m/sqlite-core/query-builders/select.ts:884:15[90m)[39m
[2m[WebServer] [22m    at SQLiteSelectBase.execute [90m(/Users/deepak/Downloads/Projects/StackLens-AI-Deploy/[39mnode_modules/[4msrc[24m/sqlite-core/query-builders/select.ts:896:15[90m)[39m
[2m[WebServer] [22m    at SQLiteSelectBase.then [90m(/Users/deepak/Downloads/Projects/StackLens-AI-Deploy/[39mnode_modules/[4msrc[24m/query-promise.ts:31:15[90m)[39m
[2m[WebServer] [22m[90m    at process.processTicksAndRejections (node:internal/process/task_queues:105:5)[39m {
[2m[WebServer] [22m  code: [32m'SQLITE_ERROR'[39m
[2m[WebServer] [22m}
[2m[WebServer] [22mGet errors failed: SqliteError: no such column: error_logs.notes
[2m[WebServer] [22m    at Database.prepare [90m(/Users/deepak/Downloads/Projects/StackLens-AI-Deploy/[39mnode_modules/[4mbetter-sqlite3[24m/lib/methods/wrappers.js:5:21[90m)[39m
[2m[WebServer] [22m    at BetterSQLiteSession.prepareQuery [90m(/Users/deepak/Downloads/Projects/StackLens-AI-Deploy/[39mnode_modules/[4msrc[24m/better-sqlite3/session.ts:50:28[90m)[39m
[2m[WebServer] [22m    at BetterSQLiteSession.prepareOneTimeQuery [90m(/Users/deepak/Downloads/Projects/StackLens-AI-Deploy/[39mnode_modules/[4msrc[24m/sqlite-core/session.ts:135:15[90m)[39m
[2m[WebServer] [22m    at SQLiteSelectBase._prepare [90m(/Users/deepak/Downloads/Projects/StackLens-AI-Deploy/[39mnode_modules/[4msrc[24m/sqlite-core/query-builders/select.ts:865:85[90m)[39m
[2m[WebServer] [22m    at SQLiteSelectBase.all [90m(/Users/deepak/Downloads/Projects/StackLens-AI-Deploy/[39mnode_modules/[4msrc[24m/sqlite-core/query-builders/select.ts:884:15[90m)[39m
[2m[WebServer] [22m    at SQLiteSelectBase.execute [90m(/Users/deepak/Downloads/Projects/StackLens-AI-Deploy/[39mnode_modules/[4msrc[24m/sqlite-core/query-builders/select.ts:896:15[90m)[39m
[2m[WebServer] [22m    at SQLiteSelectBase.then [90m(/Users/deepak/Downloads/Projects/StackLens-AI-Deploy/[39mnode_modules/[4msrc[24m/query-promise.ts:31:15[90m)[39m
[2m[WebServer] [22m[90m    at process.processTicksAndRejections (node:internal/process/task_queues:105:5)[39m {
[2m[WebServer] [22m  code: [32m'SQLITE_ERROR'[39m
[2m[WebServer] [22m}
[2m[WebServer] [22mGet errors failed: SqliteError: no such column: error_logs.notes
[2m[WebServer] [22m    at Database.prepare [90m(/Users/deepak/Downloads/Projects/StackLens-AI-Deploy/[39mnode_modules/[4mbetter-sqlite3[24m/lib/methods/wrappers.js:5:21[90m)[39m
[2m[WebServer] [22m    at BetterSQLiteSession.prepareQuery [90m(/Users/deepak/Downloads/Projects/StackLens-AI-Deploy/[39mnode_modules/[4msrc[24m/better-sqlite3/session.ts:50:28[90m)[39m
[2m[WebServer] [22m    at BetterSQLiteSession.prepareOneTimeQuery [90m(/Users/deepak/Downloads/Projects/StackLens-AI-Deploy/[39mnode_modules/[4msrc[24m/sqlite-core/session.ts:135:15[90m)[39m
[2m[WebServer] [22m    at SQLiteSelectBase._prepare [90m(/Users/deepak/Downloads/Projects/StackLens-AI-Deploy/[39mnode_modules/[4msrc[24m/sqlite-core/query-builders/select.ts:865:85[90m)[39m
[2m[WebServer] [22m    at SQLiteSelectBase.all [90m(/Users/deepak/Downloads/Projects/StackLens-AI-Deploy/[39mnode_modules/[4msrc[24m/sqlite-core/query-builders/select.ts:884:15[90m)[39m
[2m[WebServer] [22m    at SQLiteSelectBase.execute [90m(/Users/deepak/Downloads/Projects/StackLens-AI-Deploy/[39mnode_modules/[4msrc[24m/sqlite-core/query-builders/select.ts:896:15[90m)[39m
[2m[WebServer] [22m    at SQLiteSelectBase.then [90m(/Users/deepak/Downloads/Projects/StackLens-AI-Deploy/[39mnode_modules/[4msrc[24m/query-promise.ts:31:15[90m)[39m
[2m[WebServer] [22m[90m    at process.processTicksAndRejections (node:internal/process/task_queues:105:5)[39m {
[2m[WebServer] [22m  code: [32m'SQLITE_ERROR'[39m
[2m[WebServer] [22m}
[2m[WebServer] [22mGet errors failed: SqliteError: no such column: error_logs.notes
[2m[WebServer] [22m    at Database.prepare [90m(/Users/deepak/Downloads/Projects/StackLens-AI-Deploy/[39mnode_modules/[4mbetter-sqlite3[24m/lib/methods/wrappers.js:5:21[90m)[39m
[2m[WebServer] [22m    at BetterSQLiteSession.prepareQuery [90m(/Users/deepak/Downloads/Projects/StackLens-AI-Deploy/[39mnode_modules/[4msrc[24m/better-sqlite3/session.ts:50:28[90m)[39m
[2m[WebServer] [22m    at BetterSQLiteSession.prepareOneTimeQuery [90m(/Users/deepak/Downloads/Projects/StackLens-AI-Deploy/[39mnode_modules/[4msrc[24m/sqlite-core/session.ts:135:15[90m)[39m
[2m[WebServer] [22m    at SQLiteSelectBase._prepare [90m(/Users/deepak/Downloads/Projects/StackLens-AI-Deploy/[39mnode_modules/[4msrc[24m/sqlite-core/query-builders/select.ts:865:85[90m)[39m
[2m[WebServer] [22m    at SQLiteSelectBase.all [90m(/Users/deepak/Downloads/Projects/StackLens-AI-Deploy/[39mnode_modules/[4msrc[24m/sqlite-core/query-builders/select.ts:884:15[90m)[39m
[2m[WebServer] [22m    at SQLiteSelectBase.execute [90m(/Users/deepak/Downloads/Projects/StackLens-AI-Deploy/[39mnode_modules/[4msrc[24m/sqlite-core/query-builders/select.ts:896:15[90m)[39m
[2m[WebServer] [22m    at SQLiteSelectBase.then [90m(/Users/deepak/Downloads/Projects/StackLens-AI-Deploy/[39mnode_modules/[4msrc[24m/query-promise.ts:31:15[90m)[39m
[2m[WebServer] [22m[90m    at process.processTicksAndRejections (node:internal/process/task_queues:105:5)[39m {
[2m[WebServer] [22m  code: [32m'SQLITE_ERROR'[39m
[2m[WebServer] [22m}
[2m[WebServer] [22mGet errors failed: SqliteError: no such column: error_logs.notes
[2m[WebServer] [22m    at Database.prepare [90m(/Users/deepak/Downloads/Projects/StackLens-AI-Deploy/[39mnode_modules/[4mbetter-sqlite3[24m/lib/methods/wrappers.js:5:21[90m)[39m
[2m[WebServer] [22m    at BetterSQLiteSession.prepareQuery [90m(/Users/deepak/Downloads/Projects/StackLens-AI-Deploy/[39mnode_modules/[4msrc[24m/better-sqlite3/session.ts:50:28[90m)[39m
[2m[WebServer] [22m    at BetterSQLiteSession.prepareOneTimeQuery [90m(/Users/deepak/Downloads/Projects/StackLens-AI-Deploy/[39mnode_modules/[4msrc[24m/sqlite-core/session.ts:135:15[90m)[39m
[2m[WebServer] [22m    at SQLiteSelectBase._prepare [90m(/Users/deepak/Downloads/Projects/StackLens-AI-Deploy/[39mnode_modules/[4msrc[24m/sqlite-core/query-builders/select.ts:865:85[90m)[39m
[2m[WebServer] [22m    at SQLiteSelectBase.all [90m(/Users/deepak/Downloads/Projects/StackLens-AI-Deploy/[39mnode_modules/[4msrc[24m/sqlite-core/query-builders/select.ts:884:15[90m)[39m
[2m[WebServer] [22m    at SQLiteSelectBase.execute [90m(/Users/deepak/Downloads/Projects/StackLens-AI-Deploy/[39mnode_modules/[4msrc[24m/sqlite-core/query-builders/select.ts:896:15[90m)[39m
[2m[WebServer] [22m    at SQLiteSelectBase.then [90m(/Users/deepak/Downloads/Projects/StackLens-AI-Deploy/[39mnode_modules/[4msrc[24m/query-promise.ts:31:15[90m)[39m
[2m[WebServer] [22m[90m    at process.processTicksAndRejections (node:internal/process/task_queues:105:5)[39m {
[2m[WebServer] [22m  code: [32m'SQLITE_ERROR'[39m
[2m[WebServer] [22m}
[2m[WebServer] [22mGet errors failed: SqliteError: no such column: error_logs.notes
[2m[WebServer] [22m    at Database.prepare [90m(/Users/deepak/Downloads/Projects/StackLens-AI-Deploy/[39mnode_modules/[4mbetter-sqlite3[24m/lib/methods/wrappers.js:5:21[90m)[39m
[2m[WebServer] [22m    at BetterSQLiteSession.prepareQuery [90m(/Users/deepak/Downloads/Projects/StackLens-AI-Deploy/[39mnode_modules/[4msrc[24m/better-sqlite3/session.ts:50:28[90m)[39m
[2m[WebServer] [22m    at BetterSQLiteSession.prepareOneTimeQuery [90m(/Users/deepak/Downloads/Projects/StackLens-AI-Deploy/[39mnode_modules/[4msrc[24m/sqlite-core/session.ts:135:15[90m)[39m
[2m[WebServer] [22m    at SQLiteSelectBase._prepare [90m(/Users/deepak/Downloads/Projects/StackLens-AI-Deploy/[39mnode_modules/[4msrc[24m/sqlite-core/query-builders/select.ts:865:85[90m)[39m
[2m[WebServer] [22m    at SQLiteSelectBase.all [90m(/Users/deepak/Downloads/Projects/StackLens-AI-Deploy/[39mnode_modules/[4msrc[24m/sqlite-core/query-builders/select.ts:884:15[90m)[39m
[2m[WebServer] [22m    at SQLiteSelectBase.execute [90m(/Users/deepak/Downloads/Projects/StackLens-AI-Deploy/[39mnode_modules/[4msrc[24m/sqlite-core/query-builders/select.ts:896:15[90m)[39m
[2m[WebServer] [22m    at SQLiteSelectBase.then [90m(/Users/deepak/Downloads/Projects/StackLens-AI-Deploy/[39mnode_modules/[4msrc[24m/query-promise.ts:31:15[90m)[39m
[2m[WebServer] [22m[90m    at process.processTicksAndRejections (node:internal/process/task_queues:105:5)[39m {
[2m[WebServer] [22m  code: [32m'SQLITE_ERROR'[39m
[2m[WebServer] [22m}
[2m[WebServer] [22mGet errors failed: SqliteError: no such column: error_logs.notes
[2m[WebServer] [22m    at Database.prepare [90m(/Users/deepak/Downloads/Projects/StackLens-AI-Deploy/[39mnode_modules/[4mbetter-sqlite3[24m/lib/methods/wrappers.js:5:21[90m)[39m
[2m[WebServer] [22m    at BetterSQLiteSession.prepareQuery [90m(/Users/deepak/Downloads/Projects/StackLens-AI-Deploy/[39mnode_modules/[4msrc[24m/better-sqlite3/session.ts:50:28[90m)[39m
[2m[WebServer] [22m    at BetterSQLiteSession.prepareOneTimeQuery [90m(/Users/deepak/Downloads/Projects/StackLens-AI-Deploy/[39mnode_modules/[4msrc[24m/sqlite-core/session.ts:135:15[90m)[39m
[2m[WebServer] [22m    at SQLiteSelectBase._prepare [90m(/Users/deepak/Downloads/Projects/StackLens-AI-Deploy/[39mnode_modules/[4msrc[24m/sqlite-core/query-builders/select.ts:865:85[90m)[39m
[2m[WebServer] [22m    at SQLiteSelectBase.all [90m(/Users/deepak/Downloads/Projects/StackLens-AI-Deploy/[39mnode_modules/[4msrc[24m/sqlite-core/query-builders/select.ts:884:15[90m)[39m
[2m[WebServer] [22m    at SQLiteSelectBase.execute [90m(/Users/deepak/Downloads/Projects/StackLens-AI-Deploy/[39mnode_modules/[4msrc[24m/sqlite-core/query-builders/select.ts:896:15[90m)[39m
[2m[WebServer] [22m    at SQLiteSelectBase.then [90m(/Users/deepak/Downloads/Projects/StackLens-AI-Deploy/[39mnode_modules/[4msrc[24m/query-promise.ts:31:15[90m)[39m
[2m[WebServer] [22m[90m    at process.processTicksAndRejections (node:internal/process/task_queues:105:5)[39m {
[2m[WebServer] [22m  code: [32m'SQLITE_ERROR'[39m
[2m[WebServer] [22m}
[2m[WebServer] [22mGet errors failed: SqliteError: no such column: error_logs.notes
[2m[WebServer] [22m    at Database.prepare [90m(/Users/deepak/Downloads/Projects/StackLens-AI-Deploy/[39mnode_modules/[4mbetter-sqlite3[24m/lib/methods/wrappers.js:5:21[90m)[39m
[2m[WebServer] [22m    at BetterSQLiteSession.prepareQuery [90m(/Users/deepak/Downloads/Projects/StackLens-AI-Deploy/[39mnode_modules/[4msrc[24m/better-sqlite3/session.ts:50:28[90m)[39m
[2m[WebServer] [22m    at BetterSQLiteSession.prepareOneTimeQuery [90m(/Users/deepak/Downloads/Projects/StackLens-AI-Deploy/[39mnode_modules/[4msrc[24m/sqlite-core/session.ts:135:15[90m)[39m
[2m[WebServer] [22m    at SQLiteSelectBase._prepare [90m(/Users/deepak/Downloads/Projects/StackLens-AI-Deploy/[39mnode_modules/[4msrc[24m/sqlite-core/query-builders/select.ts:865:85[90m)[39m
[2m[WebServer] [22m    at SQLiteSelectBase.all [90m(/Users/deepak/Downloads/Projects/StackLens-AI-Deploy/[39mnode_modules/[4msrc[24m/sqlite-core/query-builders/select.ts:884:15[90m)[39m
[2m[WebServer] [22m    at SQLiteSelectBase.execute [90m(/Users/deepak/Downloads/Projects/StackLens-AI-Deploy/[39mnode_modules/[4msrc[24m/sqlite-core/query-builders/select.ts:896:15[90m)[39m
[2m[WebServer] [22m    at SQLiteSelectBase.then [90m(/Users/deepak/Downloads/Projects/StackLens-AI-Deploy/[39mnode_modules/[4msrc[24m/query-promise.ts:31:15[90m)[39m
[2m[WebServer] [22m[90m    at process.processTicksAndRejections (node:internal/process/task_queues:105:5)[39m {
[2m[WebServer] [22m  code: [32m'SQLITE_ERROR'[39m
[2m[WebServer] [22m}
[2m[WebServer] [22mGet errors failed: SqliteError: no such column: error_logs.notes
[2m[WebServer] [22m    at Database.prepare [90m(/Users/deepak/Downloads/Projects/StackLens-AI-Deploy/[39mnode_modules/[4mbetter-sqlite3[24m/lib/methods/wrappers.js:5:21[90m)[39m
[2m[WebServer] [22m    at BetterSQLiteSession.prepareQuery [90m(/Users/deepak/Downloads/Projects/StackLens-AI-Deploy/[39mnode_modules/[4msrc[24m/better-sqlite3/session.ts:50:28[90m)[39m
[2m[WebServer] [22m    at BetterSQLiteSession.prepareOneTimeQuery [90m(/Users/deepak/Downloads/Projects/StackLens-AI-Deploy/[39mnode_modules/[4msrc[24m/sqlite-core/session.ts:135:15[90m)[39m
[2m[WebServer] [22m    at SQLiteSelectBase._prepare [90m(/Users/deepak/Downloads/Projects/StackLens-AI-Deploy/[39mnode_modules/[4msrc[24m/sqlite-core/query-builders/select.ts:865:85[90m)[39m
[2m[WebServer] [22m    at SQLiteSelectBase.all [90m(/Users/deepak/Downloads/Projects/StackLens-AI-Deploy/[39mnode_modules/[4msrc[24m/sqlite-core/query-builders/select.ts:884:15[90m)[39m
[2m[WebServer] [22m    at SQLiteSelectBase.execute [90m(/Users/deepak/Downloads/Projects/StackLens-AI-Deploy/[39mnode_modules/[4msrc[24m/sqlite-core/query-builders/select.ts:896:15[90m)[39m
[2m[WebServer] [22m    at SQLiteSelectBase.then [90m(/Users/deepak/Downloads/Projects/StackLens-AI-Deploy/[39mnode_modules/[4msrc[24m/query-promise.ts:31:15[90m)[39m
[2m[WebServer] [22m[90m    at process.processTicksAndRejections (node:internal/process/task_queues:105:5)[39m {
[2m[WebServer] [22m  code: [32m'SQLITE_ERROR'[39m
[2m[WebServer] [22m}
[2m[WebServer] [22mGet errors failed: SqliteError: no such column: error_logs.notes
[2m[WebServer] [22m    at Database.prepare [90m(/Users/deepak/Downloads/Projects/StackLens-AI-Deploy/[39mnode_modules/[4mbetter-sqlite3[24m/lib/methods/wrappers.js:5:21[90m)[39m
[2m[WebServer] [22m    at BetterSQLiteSession.prepareQuery [90m(/Users/deepak/Downloads/Projects/StackLens-AI-Deploy/[39mnode_modules/[4msrc[24m/better-sqlite3/session.ts:50:28[90m)[39m
[2m[WebServer] [22m    at BetterSQLiteSession.prepareOneTimeQuery [90m(/Users/deepak/Downloads/Projects/StackLens-AI-Deploy/[39mnode_modules/[4msrc[24m/sqlite-core/session.ts:135:15[90m)[39m
[2m[WebServer] [22m    at SQLiteSelectBase._prepare [90m(/Users/deepak/Downloads/Projects/StackLens-AI-Deploy/[39mnode_modules/[4msrc[24m/sqlite-core/query-builders/select.ts:865:85[90m)[39m
[2m[WebServer] [22m    at SQLiteSelectBase.all [90m(/Users/deepak/Downloads/Projects/StackLens-AI-Deploy/[39mnode_modules/[4msrc[24m/sqlite-core/query-builders/select.ts:884:15[90m)[39m
[2m[WebServer] [22m    at SQLiteSelectBase.execute [90m(/Users/deepak/Downloads/Projects/StackLens-AI-Deploy/[39mnode_modules/[4msrc[24m/sqlite-core/query-builders/select.ts:896:15[90m)[39m
[2m[WebServer] [22m    at SQLiteSelectBase.then [90m(/Users/deepak/Downloads/Projects/StackLens-AI-Deploy/[39mnode_modules/[4msrc[24m/query-promise.ts:31:15[90m)[39m
[2m[WebServer] [22m[90m    at process.processTicksAndRejections (node:internal/process/task_queues:105:5)[39m {
[2m[WebServer] [22m  code: [32m'SQLITE_ERROR'[39m
[2m[WebServer] [22m}
[2m[WebServer] [22mGet errors failed: SqliteError: no such column: error_logs.notes
[2m[WebServer] [22m    at Database.prepare [90m(/Users/deepak/Downloads/Projects/StackLens-AI-Deploy/[39mnode_modules/[4mbetter-sqlite3[24m/lib/methods/wrappers.js:5:21[90m)[39m
[2m[WebServer] [22m    at BetterSQLiteSession.prepareQuery [90m(/Users/deepak/Downloads/Projects/StackLens-AI-Deploy/[39mnode_modules/[4msrc[24m/better-sqlite3/session.ts:50:28[90m)[39m
[2m[WebServer] [22m    at BetterSQLiteSession.prepareOneTimeQuery [90m(/Users/deepak/Downloads/Projects/StackLens-AI-Deploy/[39mnode_modules/[4msrc[24m/sqlite-core/session.ts:135:15[90m)[39m
[2m[WebServer] [22m    at SQLiteSelectBase._prepare [90m(/Users/deepak/Downloads/Projects/StackLens-AI-Deploy/[39mnode_modules/[4msrc[24m/sqlite-core/query-builders/select.ts:865:85[90m)[39m
[2m[WebServer] [22m    at SQLiteSelectBase.all [90m(/Users/deepak/Downloads/Projects/StackLens-AI-Deploy/[39mnode_modules/[4msrc[24m/sqlite-core/query-builders/select.ts:884:15[90m)[39m
[2m[WebServer] [22m    at SQLiteSelectBase.execute [90m(/Users/deepak/Downloads/Projects/StackLens-AI-Deploy/[39mnode_modules/[4msrc[24m/sqlite-core/query-builders/select.ts:896:15[90m)[39m
[2m[WebServer] [22m    at SQLiteSelectBase.then [90m(/Users/deepak/Downloads/Projects/StackLens-AI-Deploy/[39mnode_modules/[4msrc[24m/query-promise.ts:31:15[90m)[39m
[2m[WebServer] [22m[90m    at process.processTicksAndRejections (node:internal/process/task_queues:105:5)[39m {
[2m[WebServer] [22m  code: [32m'SQLITE_ERROR'[39m
[2m[WebServer] [22m}
[2m[WebServer] [22mGet errors failed: SqliteError: no such column: error_logs.notes
[2m[WebServer] [22m    at Database.prepare [90m(/Users/deepak/Downloads/Projects/StackLens-AI-Deploy/[39mnode_modules/[4mbetter-sqlite3[24m/lib/methods/wrappers.js:5:21[90m)[39m
[2m[WebServer] [22m    at BetterSQLiteSession.prepareQuery [90m(/Users/deepak/Downloads/Projects/StackLens-AI-Deploy/[39mnode_modules/[4msrc[24m/better-sqlite3/session.ts:50:28[90m)[39m
[2m[WebServer] [22m    at BetterSQLiteSession.prepareOneTimeQuery [90m(/Users/deepak/Downloads/Projects/StackLens-AI-Deploy/[39mnode_modules/[4msrc[24m/sqlite-core/session.ts:135:15[90m)[39m
[2m[WebServer] [22m    at SQLiteSelectBase._prepare [90m(/Users/deepak/Downloads/Projects/StackLens-AI-Deploy/[39mnode_modules/[4msrc[24m/sqlite-core/query-builders/select.ts:865:85[90m)[39m
[2m[WebServer] [22m    at SQLiteSelectBase.all [90m(/Users/deepak/Downloads/Projects/StackLens-AI-Deploy/[39mnode_modules/[4msrc[24m/sqlite-core/query-builders/select.ts:884:15[90m)[39m
[2m[WebServer] [22m    at SQLiteSelectBase.execute [90m(/Users/deepak/Downloads/Projects/StackLens-AI-Deploy/[39mnode_modules/[4msrc[24m/sqlite-core/query-builders/select.ts:896:15[90m)[39m
[2m[WebServer] [22m    at SQLiteSelectBase.then [90m(/Users/deepak/Downloads/Projects/StackLens-AI-Deploy/[39mnode_modules/[4msrc[24m/query-promise.ts:31:15[90m)[39m
[2m[WebServer] [22m[90m    at process.processTicksAndRejections (node:internal/process/task_queues:105:5)[39m {
[2m[WebServer] [22m  code: [32m'SQLITE_ERROR'[39m
[2m[WebServer] [22m}
[2m[WebServer] [22mGet errors failed: SqliteError: no such column: error_logs.notes
[2m[WebServer] [22m    at Database.prepare [90m(/Users/deepak/Downloads/Projects/StackLens-AI-Deploy/[39mnode_modules/[4mbetter-sqlite3[24m/lib/methods/wrappers.js:5:21[90m)[39m
[2m[WebServer] [22m    at BetterSQLiteSession.prepareQuery [90m(/Users/deepak/Downloads/Projects/StackLens-AI-Deploy/[39mnode_modules/[4msrc[24m/better-sqlite3/session.ts:50:28[90m)[39m
[2m[WebServer] [22m    at BetterSQLiteSession.prepareOneTimeQuery [90m(/Users/deepak/Downloads/Projects/StackLens-AI-Deploy/[39mnode_modules/[4msrc[24m/sqlite-core/session.ts:135:15[90m)[39m
[2m[WebServer] [22m    at SQLiteSelectBase._prepare [90m(/Users/deepak/Downloads/Projects/StackLens-AI-Deploy/[39mnode_modules/[4msrc[24m/sqlite-core/query-builders/select.ts:865:85[90m)[39m
[2m[WebServer] [22m    at SQLiteSelectBase.all [90m(/Users/deepak/Downloads/Projects/StackLens-AI-Deploy/[39mnode_modules/[4msrc[24m/sqlite-core/query-builders/select.ts:884:15[90m)[39m
[2m[WebServer] [22m    at SQLiteSelectBase.execute [90m(/Users/deepak/Downloads/Projects/StackLens-AI-Deploy/[39mnode_modules/[4msrc[24m/sqlite-core/query-builders/select.ts:896:15[90m)[39m
[2m[WebServer] [22m    at SQLiteSelectBase.then [90m(/Users/deepak/Downloads/Projects/StackLens-AI-Deploy/[39mnode_modules/[4msrc[24m/query-promise.ts:31:15[90m)[39m
[2m[WebServer] [22m[90m    at process.processTicksAndRejections (node:internal/process/task_queues:105:5)[39m {
[2m[WebServer] [22m  code: [32m'SQLITE_ERROR'[39m
[2m[WebServer] [22m}
[2m[WebServer] [22mGet errors failed: SqliteError: no such column: error_logs.notes
[2m[WebServer] [22m    at Database.prepare [90m(/Users/deepak/Downloads/Projects/StackLens-AI-Deploy/[39mnode_modules/[4mbetter-sqlite3[24m/lib/methods/wrappers.js:5:21[90m)[39m
[2m[WebServer] [22m    at BetterSQLiteSession.prepareQuery [90m(/Users/deepak/Downloads/Projects/StackLens-AI-Deploy/[39mnode_modules/[4msrc[24m/better-sqlite3/session.ts:50:28[90m)[39m
[2m[WebServer] [22m    at BetterSQLiteSession.prepareOneTimeQuery [90m(/Users/deepak/Downloads/Projects/StackLens-AI-Deploy/[39mnode_modules/[4msrc[24m/sqlite-core/session.ts:135:15[90m)[39m
[2m[WebServer] [22m    at SQLiteSelectBase._prepare [90m(/Users/deepak/Downloads/Projects/StackLens-AI-Deploy/[39mnode_modules/[4msrc[24m/sqlite-core/query-builders/select.ts:865:85[90m)[39m
[2m[WebServer] [22m    at SQLiteSelectBase.all [90m(/Users/deepak/Downloads/Projects/StackLens-AI-Deploy/[39mnode_modules/[4msrc[24m/sqlite-core/query-builders/select.ts:884:15[90m)[39m
[2m[WebServer] [22m    at SQLiteSelectBase.execute [90m(/Users/deepak/Downloads/Projects/StackLens-AI-Deploy/[39mnode_modules/[4msrc[24m/sqlite-core/query-builders/select.ts:896:15[90m)[39m
[2m[WebServer] [22m    at SQLiteSelectBase.then [90m(/Users/deepak/Downloads/Projects/StackLens-AI-Deploy/[39mnode_modules/[4msrc[24m/query-promise.ts:31:15[90m)[39m
[2m[WebServer] [22m[90m    at process.processTicksAndRejections (node:internal/process/task_queues:105:5)[39m {
[2m[WebServer] [22m  code: [32m'SQLITE_ERROR'[39m
[2m[WebServer] [22m}
[2m[WebServer] [22mGet errors failed: SqliteError: no such column: error_logs.notes
[2m[WebServer] [22m    at Database.prepare [90m(/Users/deepak/Downloads/Projects/StackLens-AI-Deploy/[39mnode_modules/[4mbetter-sqlite3[24m/lib/methods/wrappers.js:5:21[90m)[39m
[2m[WebServer] [22m    at BetterSQLiteSession.prepareQuery [90m(/Users/deepak/Downloads/Projects/StackLens-AI-Deploy/[39mnode_modules/[4msrc[24m/better-sqlite3/session.ts:50:28[90m)[39m
[2m[WebServer] [22m    at BetterSQLiteSession.prepareOneTimeQuery [90m(/Users/deepak/Downloads/Projects/StackLens-AI-Deploy/[39mnode_modules/[4msrc[24m/sqlite-core/session.ts:135:15[90m)[39m
[2m[WebServer] [22m    at SQLiteSelectBase._prepare [90m(/Users/deepak/Downloads/Projects/StackLens-AI-Deploy/[39mnode_modules/[4msrc[24m/sqlite-core/query-builders/select.ts:865:85[90m)[39m
[2m[WebServer] [22m    at SQLiteSelectBase.all [90m(/Users/deepak/Downloads/Projects/StackLens-AI-Deploy/[39mnode_modules/[4msrc[24m/sqlite-core/query-builders/select.ts:884:15[90m)[39m
[2m[WebServer] [22m    at SQLiteSelectBase.execute [90m(/Users/deepak/Downloads/Projects/StackLens-AI-Deploy/[39mnode_modules/[4msrc[24m/sqlite-core/query-builders/select.ts:896:15[90m)[39m
[2m[WebServer] [22m    at SQLiteSelectBase.then [90m(/Users/deepak/Downloads/Projects/StackLens-AI-Deploy/[39mnode_modules/[4msrc[24m/query-promise.ts:31:15[90m)[39m
[2m[WebServer] [22m[90m    at process.processTicksAndRejections (node:internal/process/task_queues:105:5)[39m {
[2m[WebServer] [22m  code: [32m'SQLITE_ERROR'[39m
[2m[WebServer] [22m}
[2m[WebServer] [22mGet errors failed: SqliteError: no such column: error_logs.notes
[2m[WebServer] [22m    at Database.prepare [90m(/Users/deepak/Downloads/Projects/StackLens-AI-Deploy/[39mnode_modules/[4mbetter-sqlite3[24m/lib/methods/wrappers.js:5:21[90m)[39m
[2m[WebServer] [22m    at BetterSQLiteSession.prepareQuery [90m(/Users/deepak/Downloads/Projects/StackLens-AI-Deploy/[39mnode_modules/[4msrc[24m/better-sqlite3/session.ts:50:28[90m)[39m
[2m[WebServer] [22m    at BetterSQLiteSession.prepareOneTimeQuery [90m(/Users/deepak/Downloads/Projects/StackLens-AI-Deploy/[39mnode_modules/[4msrc[24m/sqlite-core/session.ts:135:15[90m)[39m
[2m[WebServer] [22m    at SQLiteSelectBase._prepare [90m(/Users/deepak/Downloads/Projects/StackLens-AI-Deploy/[39mnode_modules/[4msrc[24m/sqlite-core/query-builders/select.ts:865:85[90m)[39m
[2m[WebServer] [22m    at SQLiteSelectBase.all [90m(/Users/deepak/Downloads/Projects/StackLens-AI-Deploy/[39mnode_modules/[4msrc[24m/sqlite-core/query-builders/select.ts:884:15[90m)[39m
[2m[WebServer] [22m    at SQLiteSelectBase.execute [90m(/Users/deepak/Downloads/Projects/StackLens-AI-Deploy/[39mnode_modules/[4msrc[24m/sqlite-core/query-builders/select.ts:896:15[90m)[39m
[2m[WebServer] [22m    at SQLiteSelectBase.then [90m(/Users/deepak/Downloads/Projects/StackLens-AI-Deploy/[39mnode_modules/[4msrc[24m/query-promise.ts:31:15[90m)[39m
[2m[WebServer] [22m[90m    at process.processTicksAndRejections (node:internal/process/task_queues:105:5)[39m {
[2m[WebServer] [22m  code: [32m'SQLITE_ERROR'[39m
[2m[WebServer] [22m}
[2m[WebServer] [22mGet errors failed: SqliteError: no such column: error_logs.notes
[2m[WebServer] [22m    at Database.prepare [90m(/Users/deepak/Downloads/Projects/StackLens-AI-Deploy/[39mnode_modules/[4mbetter-sqlite3[24m/lib/methods/wrappers.js:5:21[90m)[39m
[2m[WebServer] [22m    at BetterSQLiteSession.prepareQuery [90m(/Users/deepak/Downloads/Projects/StackLens-AI-Deploy/[39mnode_modules/[4msrc[24m/better-sqlite3/session.ts:50:28[90m)[39m
[2m[WebServer] [22m    at BetterSQLiteSession.prepareOneTimeQuery [90m(/Users/deepak/Downloads/Projects/StackLens-AI-Deploy/[39mnode_modules/[4msrc[24m/sqlite-core/session.ts:135:15[90m)[39m
[2m[WebServer] [22m    at SQLiteSelectBase._prepare [90m(/Users/deepak/Downloads/Projects/StackLens-AI-Deploy/[39mnode_modules/[4msrc[24m/sqlite-core/query-builders/select.ts:865:85[90m)[39m
[2m[WebServer] [22m    at SQLiteSelectBase.all [90m(/Users/deepak/Downloads/Projects/StackLens-AI-Deploy/[39mnode_modules/[4msrc[24m/sqlite-core/query-builders/select.ts:884:15[90m)[39m
[2m[WebServer] [22m    at SQLiteSelectBase.execute [90m(/Users/deepak/Downloads/Projects/StackLens-AI-Deploy/[39mnode_modules/[4msrc[24m/sqlite-core/query-builders/select.ts:896:15[90m)[39m
[2m[WebServer] [22m    at SQLiteSelectBase.then [90m(/Users/deepak/Downloads/Projects/StackLens-AI-Deploy/[39mnode_modules/[4msrc[24m/query-promise.ts:31:15[90m)[39m
[2m[WebServer] [22m[90m    at process.processTicksAndRejections (node:internal/process/task_queues:105:5)[39m {
[2m[WebServer] [22m  code: [32m'SQLITE_ERROR'[39m
[2m[WebServer] [22m}
[2m[WebServer] [22mGet errors failed: SqliteError: no such column: error_logs.notes
[2m[WebServer] [22m    at Database.prepare [90m(/Users/deepak/Downloads/Projects/StackLens-AI-Deploy/[39mnode_modules/[4mbetter-sqlite3[24m/lib/methods/wrappers.js:5:21[90m)[39m
[2m[WebServer] [22m    at BetterSQLiteSession.prepareQuery [90m(/Users/deepak/Downloads/Projects/StackLens-AI-Deploy/[39mnode_modules/[4msrc[24m/better-sqlite3/session.ts:50:28[90m)[39m
[2m[WebServer] [22m    at BetterSQLiteSession.prepareOneTimeQuery [90m(/Users/deepak/Downloads/Projects/StackLens-AI-Deploy/[39mnode_modules/[4msrc[24m/sqlite-core/session.ts:135:15[90m)[39m
[2m[WebServer] [22m    at SQLiteSelectBase._prepare [90m(/Users/deepak/Downloads/Projects/StackLens-AI-Deploy/[39mnode_modules/[4msrc[24m/sqlite-core/query-builders/select.ts:865:85[90m)[39m
[2m[WebServer] [22m    at SQLiteSelectBase.all [90m(/Users/deepak/Downloads/Projects/StackLens-AI-Deploy/[39mnode_modules/[4msrc[24m/sqlite-core/query-builders/select.ts:884:15[90m)[39m
[2m[WebServer] [22m    at SQLiteSelectBase.execute [90m(/Users/deepak/Downloads/Projects/StackLens-AI-Deploy/[39mnode_modules/[4msrc[24m/sqlite-core/query-builders/select.ts:896:15[90m)[39m
[2m[WebServer] [22m    at SQLiteSelectBase.then [90m(/Users/deepak/Downloads/Projects/StackLens-AI-Deploy/[39mnode_modules/[4msrc[24m/query-promise.ts:31:15[90m)[39m
[2m[WebServer] [22m[90m    at process.processTicksAndRejections (node:internal/process/task_queues:105:5)[39m {
[2m[WebServer] [22m  code: [32m'SQLITE_ERROR'[39m
[2m[WebServer] [22m}
[2m[WebServer] [22mGet errors failed: SqliteError: no such column: error_logs.notes
[2m[WebServer] [22m    at Database.prepare [90m(/Users/deepak/Downloads/Projects/StackLens-AI-Deploy/[39mnode_modules/[4mbetter-sqlite3[24m/lib/methods/wrappers.js:5:21[90m)[39m
[2m[WebServer] [22m    at BetterSQLiteSession.prepareQuery [90m(/Users/deepak/Downloads/Projects/StackLens-AI-Deploy/[39mnode_modules/[4msrc[24m/better-sqlite3/session.ts:50:28[90m)[39m
[2m[WebServer] [22m    at BetterSQLiteSession.prepareOneTimeQuery [90m(/Users/deepak/Downloads/Projects/StackLens-AI-Deploy/[39mnode_modules/[4msrc[24m/sqlite-core/session.ts:135:15[90m)[39m
[2m[WebServer] [22m    at SQLiteSelectBase._prepare [90m(/Users/deepak/Downloads/Projects/StackLens-AI-Deploy/[39mnode_modules/[4msrc[24m/sqlite-core/query-builders/select.ts:865:85[90m)[39m
[2m[WebServer] [22m    at SQLiteSelectBase.all [90m(/Users/deepak/Downloads/Projects/StackLens-AI-Deploy/[39mnode_modules/[4msrc[24m/sqlite-core/query-builders/select.ts:884:15[90m)[39m
[2m[WebServer] [22m    at SQLiteSelectBase.execute [90m(/Users/deepak/Downloads/Projects/StackLens-AI-Deploy/[39mnode_modules/[4msrc[24m/sqlite-core/query-builders/select.ts:896:15[90m)[39m
[2m[WebServer] [22m    at SQLiteSelectBase.then [90m(/Users/deepak/Downloads/Projects/StackLens-AI-Deploy/[39mnode_modules/[4msrc[24m/query-promise.ts:31:15[90m)[39m
[2m[WebServer] [22m[90m    at process.processTicksAndRejections (node:internal/process/task_queues:105:5)[39m {
[2m[WebServer] [22m  code: [32m'SQLITE_ERROR'[39m
[2m[WebServer] [22m}
[2m[WebServer] [22mGet errors failed: SqliteError: no such column: error_logs.notes
[2m[WebServer] [22m    at Database.prepare [90m(/Users/deepak/Downloads/Projects/StackLens-AI-Deploy/[39mnode_modules/[4mbetter-sqlite3[24m/lib/methods/wrappers.js:5:21[90m)[39m
[2m[WebServer] [22m    at BetterSQLiteSession.prepareQuery [90m(/Users/deepak/Downloads/Projects/StackLens-AI-Deploy/[39mnode_modules/[4msrc[24m/better-sqlite3/session.ts:50:28[90m)[39m
[2m[WebServer] [22m    at BetterSQLiteSession.prepareOneTimeQuery [90m(/Users/deepak/Downloads/Projects/StackLens-AI-Deploy/[39mnode_modules/[4msrc[24m/sqlite-core/session.ts:135:15[90m)[39m
[2m[WebServer] [22m    at SQLiteSelectBase._prepare [90m(/Users/deepak/Downloads/Projects/StackLens-AI-Deploy/[39mnode_modules/[4msrc[24m/sqlite-core/query-builders/select.ts:865:85[90m)[39m
[2m[WebServer] [22m    at SQLiteSelectBase.all [90m(/Users/deepak/Downloads/Projects/StackLens-AI-Deploy/[39mnode_modules/[4msrc[24m/sqlite-core/query-builders/select.ts:884:15[90m)[39m
[2m[WebServer] [22m    at SQLiteSelectBase.execute [90m(/Users/deepak/Downloads/Projects/StackLens-AI-Deploy/[39mnode_modules/[4msrc[24m/sqlite-core/query-builders/select.ts:896:15[90m)[39m
[2m[WebServer] [22m    at SQLiteSelectBase.then [90m(/Users/deepak/Downloads/Projects/StackLens-AI-Deploy/[39mnode_modules/[4msrc[24m/query-promise.ts:31:15[90m)[39m
[2m[WebServer] [22m[90m    at process.processTicksAndRejections (node:internal/process/task_queues:105:5)[39m {
[2m[WebServer] [22m  code: [32m'SQLITE_ERROR'[39m
[2m[WebServer] [22m}
[2m[WebServer] [22mGet errors failed: SqliteError: no such column: error_logs.notes
[2m[WebServer] [22m    at Database.prepare [90m(/Users/deepak/Downloads/Projects/StackLens-AI-Deploy/[39mnode_modules/[4mbetter-sqlite3[24m/lib/methods/wrappers.js:5:21[90m)[39m
[2m[WebServer] [22m    at BetterSQLiteSession.prepareQuery [90m(/Users/deepak/Downloads/Projects/StackLens-AI-Deploy/[39mnode_modules/[4msrc[24m/better-sqlite3/session.ts:50:28[90m)[39m
[2m[WebServer] [22m    at BetterSQLiteSession.prepareOneTimeQuery [90m(/Users/deepak/Downloads/Projects/StackLens-AI-Deploy/[39mnode_modules/[4msrc[24m/sqlite-core/session.ts:135:15[90m)[39m
[2m[WebServer] [22m    at SQLiteSelectBase._prepare [90m(/Users/deepak/Downloads/Projects/StackLens-AI-Deploy/[39mnode_modules/[4msrc[24m/sqlite-core/query-builders/select.ts:865:85[90m)[39m
[2m[WebServer] [22m    at SQLiteSelectBase.all [90m(/Users/deepak/Downloads/Projects/StackLens-AI-Deploy/[39mnode_modules/[4msrc[24m/sqlite-core/query-builders/select.ts:884:15[90m)[39m
[2m[WebServer] [22m    at SQLiteSelectBase.execute [90m(/Users/deepak/Downloads/Projects/StackLens-AI-Deploy/[39mnode_modules/[4msrc[24m/sqlite-core/query-builders/select.ts:896:15[90m)[39m
[2m[WebServer] [22m    at SQLiteSelectBase.then [90m(/Users/deepak/Downloads/Projects/StackLens-AI-Deploy/[39mnode_modules/[4msrc[24m/query-promise.ts:31:15[90m)[39m
[2m[WebServer] [22m[90m    at process.processTicksAndRejections (node:internal/process/task_queues:105:5)[39m {
[2m[WebServer] [22m  code: [32m'SQLITE_ERROR'[39m
[2m[WebServer] [22m}
[2m[WebServer] [22mGet errors failed: SqliteError: no such column: error_logs.notes
[2m[WebServer] [22m    at Database.prepare [90m(/Users/deepak/Downloads/Projects/StackLens-AI-Deploy/[39mnode_modules/[4mbetter-sqlite3[24m/lib/methods/wrappers.js:5:21[90m)[39m
[2m[WebServer] [22m    at BetterSQLiteSession.prepareQuery [90m(/Users/deepak/Downloads/Projects/StackLens-AI-Deploy/[39mnode_modules/[4msrc[24m/better-sqlite3/session.ts:50:28[90m)[39m
[2m[WebServer] [22m    at BetterSQLiteSession.prepareOneTimeQuery [90m(/Users/deepak/Downloads/Projects/StackLens-AI-Deploy/[39mnode_modules/[4msrc[24m/sqlite-core/session.ts:135:15[90m)[39m
[2m[WebServer] [22m    at SQLiteSelectBase._prepare [90m(/Users/deepak/Downloads/Projects/StackLens-AI-Deploy/[39mnode_modules/[4msrc[24m/sqlite-core/query-builders/select.ts:865:85[90m)[39m
[2m[WebServer] [22m    at SQLiteSelectBase.all [90m(/Users/deepak/Downloads/Projects/StackLens-AI-Deploy/[39mnode_modules/[4msrc[24m/sqlite-core/query-builders/select.ts:884:15[90m)[39m
[2m[WebServer] [22m    at SQLiteSelectBase.execute [90m(/Users/deepak/Downloads/Projects/StackLens-AI-Deploy/[39mnode_modules/[4msrc[24m/sqlite-core/query-builders/select.ts:896:15[90m)[39m
[2m[WebServer] [22m    at SQLiteSelectBase.then [90m(/Users/deepak/Downloads/Projects/StackLens-AI-Deploy/[39mnode_modules/[4msrc[24m/query-promise.ts:31:15[90m)[39m
[2m[WebServer] [22m[90m    at process.processTicksAndRejections (node:internal/process/task_queues:105:5)[39m {
[2m[WebServer] [22m  code: [32m'SQLITE_ERROR'[39m
[2m[WebServer] [22m}
[2m[WebServer] [22mGet errors failed: SqliteError: no such column: error_logs.notes
[2m[WebServer] [22m    at Database.prepare [90m(/Users/deepak/Downloads/Projects/StackLens-AI-Deploy/[39mnode_modules/[4mbetter-sqlite3[24m/lib/methods/wrappers.js:5:21[90m)[39m
[2m[WebServer] [22m    at BetterSQLiteSession.prepareQuery [90m(/Users/deepak/Downloads/Projects/StackLens-AI-Deploy/[39mnode_modules/[4msrc[24m/better-sqlite3/session.ts:50:28[90m)[39m
[2m[WebServer] [22m    at BetterSQLiteSession.prepareOneTimeQuery [90m(/Users/deepak/Downloads/Projects/StackLens-AI-Deploy/[39mnode_modules/[4msrc[24m/sqlite-core/session.ts:135:15[90m)[39m
[2m[WebServer] [22m    at SQLiteSelectBase._prepare [90m(/Users/deepak/Downloads/Projects/StackLens-AI-Deploy/[39mnode_modules/[4msrc[24m/sqlite-core/query-builders/select.ts:865:85[90m)[39m
[2m[WebServer] [22m    at SQLiteSelectBase.all [90m(/Users/deepak/Downloads/Projects/StackLens-AI-Deploy/[39mnode_modules/[4msrc[24m/sqlite-core/query-builders/select.ts:884:15[90m)[39m
[2m[WebServer] [22m    at SQLiteSelectBase.execute [90m(/Users/deepak/Downloads/Projects/StackLens-AI-Deploy/[39mnode_modules/[4msrc[24m/sqlite-core/query-builders/select.ts:896:15[90m)[39m
[2m[WebServer] [22m    at SQLiteSelectBase.then [90m(/Users/deepak/Downloads/Projects/StackLens-AI-Deploy/[39mnode_modules/[4msrc[24m/query-promise.ts:31:15[90m)[39m
[2m[WebServer] [22m[90m    at process.processTicksAndRejections (node:internal/process/task_queues:105:5)[39m {
[2m[WebServer] [22m  code: [32m'SQLITE_ERROR'[39m
[2m[WebServer] [22m}
[2m[WebServer] [22mGet errors failed: SqliteError: no such column: error_logs.notes
[2m[WebServer] [22m    at Database.prepare [90m(/Users/deepak/Downloads/Projects/StackLens-AI-Deploy/[39mnode_modules/[4mbetter-sqlite3[24m/lib/methods/wrappers.js:5:21[90m)[39m
[2m[WebServer] [22m    at BetterSQLiteSession.prepareQuery [90m(/Users/deepak/Downloads/Projects/StackLens-AI-Deploy/[39mnode_modules/[4msrc[24m/better-sqlite3/session.ts:50:28[90m)[39m
[2m[WebServer] [22m    at BetterSQLiteSession.prepareOneTimeQuery [90m(/Users/deepak/Downloads/Projects/StackLens-AI-Deploy/[39mnode_modules/[4msrc[24m/sqlite-core/session.ts:135:15[90m)[39m
[2m[WebServer] [22m    at SQLiteSelectBase._prepare [90m(/Users/deepak/Downloads/Projects/StackLens-AI-Deploy/[39mnode_modules/[4msrc[24m/sqlite-core/query-builders/select.ts:865:85[90m)[39m
[2m[WebServer] [22m    at SQLiteSelectBase.all [90m(/Users/deepak/Downloads/Projects/StackLens-AI-Deploy/[39mnode_modules/[4msrc[24m/sqlite-core/query-builders/select.ts:884:15[90m)[39m
[2m[WebServer] [22m    at SQLiteSelectBase.execute [90m(/Users/deepak/Downloads/Projects/StackLens-AI-Deploy/[39mnode_modules/[4msrc[24m/sqlite-core/query-builders/select.ts:896:15[90m)[39m
[2m[WebServer] [22m    at SQLiteSelectBase.then [90m(/Users/deepak/Downloads/Projects/StackLens-AI-Deploy/[39mnode_modules/[4msrc[24m/query-promise.ts:31:15[90m)[39m
[2m[WebServer] [22m[90m    at process.processTicksAndRejections (node:internal/process/task_queues:105:5)[39m {
[2m[WebServer] [22m  code: [32m'SQLITE_ERROR'[39m
[2m[WebServer] [22m}
[2m[WebServer] [22mGet errors failed: SqliteError: no such column: error_logs.notes
[2m[WebServer] [22m    at Database.prepare [90m(/Users/deepak/Downloads/Projects/StackLens-AI-Deploy/[39mnode_modules/[4mbetter-sqlite3[24m/lib/methods/wrappers.js:5:21[90m)[39m
[2m[WebServer] [22m    at BetterSQLiteSession.prepareQuery [90m(/Users/deepak/Downloads/Projects/StackLens-AI-Deploy/[39mnode_modules/[4msrc[24m/better-sqlite3/session.ts:50:28[90m)[39m
[2m[WebServer] [22m    at BetterSQLiteSession.prepareOneTimeQuery [90m(/Users/deepak/Downloads/Projects/StackLens-AI-Deploy/[39mnode_modules/[4msrc[24m/sqlite-core/session.ts:135:15[90m)[39m
[2m[WebServer] [22m    at SQLiteSelectBase._prepare [90m(/Users/deepak/Downloads/Projects/StackLens-AI-Deploy/[39mnode_modules/[4msrc[24m/sqlite-core/query-builders/select.ts:865:85[90m)[39m
[2m[WebServer] [22m    at SQLiteSelectBase.all [90m(/Users/deepak/Downloads/Projects/StackLens-AI-Deploy/[39mnode_modules/[4msrc[24m/sqlite-core/query-builders/select.ts:884:15[90m)[39m
[2m[WebServer] [22m    at SQLiteSelectBase.execute [90m(/Users/deepak/Downloads/Projects/StackLens-AI-Deploy/[39mnode_modules/[4msrc[24m/sqlite-core/query-builders/select.ts:896:15[90m)[39m
[2m[WebServer] [22m    at SQLiteSelectBase.then [90m(/Users/deepak/Downloads/Projects/StackLens-AI-Deploy/[39mnode_modules/[4msrc[24m/query-promise.ts:31:15[90m)[39m
[2m[WebServer] [22m[90m    at process.processTicksAndRejections (node:internal/process/task_queues:105:5)[39m {
[2m[WebServer] [22m  code: [32m'SQLITE_ERROR'[39m
[2m[WebServer] [22m}
[2m[WebServer] [22mGet errors failed: SqliteError: no such column: error_logs.notes
[2m[WebServer] [22m    at Database.prepare [90m(/Users/deepak/Downloads/Projects/StackLens-AI-Deploy/[39mnode_modules/[4mbetter-sqlite3[24m/lib/methods/wrappers.js:5:21[90m)[39m
[2m[WebServer] [22m    at BetterSQLiteSession.prepareQuery [90m(/Users/deepak/Downloads/Projects/StackLens-AI-Deploy/[39mnode_modules/[4msrc[24m/better-sqlite3/session.ts:50:28[90m)[39m
[2m[WebServer] [22m    at BetterSQLiteSession.prepareOneTimeQuery [90m(/Users/deepak/Downloads/Projects/StackLens-AI-Deploy/[39mnode_modules/[4msrc[24m/sqlite-core/session.ts:135:15[90m)[39m
[2m[WebServer] [22m    at SQLiteSelectBase._prepare [90m(/Users/deepak/Downloads/Projects/StackLens-AI-Deploy/[39mnode_modules/[4msrc[24m/sqlite-core/query-builders/select.ts:865:85[90m)[39m
[2m[WebServer] [22m    at SQLiteSelectBase.all [90m(/Users/deepak/Downloads/Projects/StackLens-AI-Deploy/[39mnode_modules/[4msrc[24m/sqlite-core/query-builders/select.ts:884:15[90m)[39m
[2m[WebServer] [22m    at SQLiteSelectBase.execute [90m(/Users/deepak/Downloads/Projects/StackLens-AI-Deploy/[39mnode_modules/[4msrc[24m/sqlite-core/query-builders/select.ts:896:15[90m)[39m
[2m[WebServer] [22m    at SQLiteSelectBase.then [90m(/Users/deepak/Downloads/Projects/StackLens-AI-Deploy/[39mnode_modules/[4msrc[24m/query-promise.ts:31:15[90m)[39m
[2m[WebServer] [22m[90m    at process.processTicksAndRejections (node:internal/process/task_queues:105:5)[39m {
[2m[WebServer] [22m  code: [32m'SQLITE_ERROR'[39m
[2m[WebServer] [22m}
[2m[WebServer] [22mGet errors failed: SqliteError: no such column: error_logs.notes
[2m[WebServer] [22m    at Database.prepare [90m(/Users/deepak/Downloads/Projects/StackLens-AI-Deploy/[39mnode_modules/[4mbetter-sqlite3[24m/lib/methods/wrappers.js:5:21[90m)[39m
[2m[WebServer] [22m    at BetterSQLiteSession.prepareQuery [90m(/Users/deepak/Downloads/Projects/StackLens-AI-Deploy/[39mnode_modules/[4msrc[24m/better-sqlite3/session.ts:50:28[90m)[39m
[2m[WebServer] [22m    at BetterSQLiteSession.prepareOneTimeQuery [90m(/Users/deepak/Downloads/Projects/StackLens-AI-Deploy/[39mnode_modules/[4msrc[24m/sqlite-core/session.ts:135:15[90m)[39m
[2m[WebServer] [22m    at SQLiteSelectBase._prepare [90m(/Users/deepak/Downloads/Projects/StackLens-AI-Deploy/[39mnode_modules/[4msrc[24m/sqlite-core/query-builders/select.ts:865:85[90m)[39m
[2m[WebServer] [22m    at SQLiteSelectBase.all [90m(/Users/deepak/Downloads/Projects/StackLens-AI-Deploy/[39mnode_modules/[4msrc[24m/sqlite-core/query-builders/select.ts:884:15[90m)[39m
[2m[WebServer] [22m    at SQLiteSelectBase.execute [90m(/Users/deepak/Downloads/Projects/StackLens-AI-Deploy/[39mnode_modules/[4msrc[24m/sqlite-core/query-builders/select.ts:896:15[90m)[39m
[2m[WebServer] [22m    at SQLiteSelectBase.then [90m(/Users/deepak/Downloads/Projects/StackLens-AI-Deploy/[39mnode_modules/[4msrc[24m/query-promise.ts:31:15[90m)[39m
[2m[WebServer] [22m[90m    at process.processTicksAndRejections (node:internal/process/task_queues:105:5)[39m {
[2m[WebServer] [22m  code: [32m'SQLITE_ERROR'[39m
[2m[WebServer] [22m}
[2m[WebServer] [22mGet errors failed: SqliteError: no such column: error_logs.notes
[2m[WebServer] [22m    at Database.prepare [90m(/Users/deepak/Downloads/Projects/StackLens-AI-Deploy/[39mnode_modules/[4mbetter-sqlite3[24m/lib/methods/wrappers.js:5:21[90m)[39m
[2m[WebServer] [22m    at BetterSQLiteSession.prepareQuery [90m(/Users/deepak/Downloads/Projects/StackLens-AI-Deploy/[39mnode_modules/[4msrc[24m/better-sqlite3/session.ts:50:28[90m)[39m
[2m[WebServer] [22m    at BetterSQLiteSession.prepareOneTimeQuery [90m(/Users/deepak/Downloads/Projects/StackLens-AI-Deploy/[39mnode_modules/[4msrc[24m/sqlite-core/session.ts:135:15[90m)[39m
[2m[WebServer] [22m    at SQLiteSelectBase._prepare [90m(/Users/deepak/Downloads/Projects/StackLens-AI-Deploy/[39mnode_modules/[4msrc[24m/sqlite-core/query-builders/select.ts:865:85[90m)[39m
[2m[WebServer] [22m    at SQLiteSelectBase.all [90m(/Users/deepak/Downloads/Projects/StackLens-AI-Deploy/[39mnode_modules/[4msrc[24m/sqlite-core/query-builders/select.ts:884:15[90m)[39m
[2m[WebServer] [22m    at SQLiteSelectBase.execute [90m(/Users/deepak/Downloads/Projects/StackLens-AI-Deploy/[39mnode_modules/[4msrc[24m/sqlite-core/query-builders/select.ts:896:15[90m)[39m
[2m[WebServer] [22m    at SQLiteSelectBase.then [90m(/Users/deepak/Downloads/Projects/StackLens-AI-Deploy/[39mnode_modules/[4msrc[24m/query-promise.ts:31:15[90m)[39m
[2m[WebServer] [22m[90m    at process.processTicksAndRejections (node:internal/process/task_queues:105:5)[39m {
[2m[WebServer] [22m  code: [32m'SQLITE_ERROR'[39m
[2m[WebServer] [22m}
[2m[WebServer] [22mGet errors failed: SqliteError: no such column: error_logs.notes
[2m[WebServer] [22m    at Database.prepare [90m(/Users/deepak/Downloads/Projects/StackLens-AI-Deploy/[39mnode_modules/[4mbetter-sqlite3[24m/lib/methods/wrappers.js:5:21[90m)[39m
[2m[WebServer] [22m    at BetterSQLiteSession.prepareQuery [90m(/Users/deepak/Downloads/Projects/StackLens-AI-Deploy/[39mnode_modules/[4msrc[24m/better-sqlite3/session.ts:50:28[90m)[39m
[2m[WebServer] [22m    at BetterSQLiteSession.prepareOneTimeQuery [90m(/Users/deepak/Downloads/Projects/StackLens-AI-Deploy/[39mnode_modules/[4msrc[24m/sqlite-core/session.ts:135:15[90m)[39m
[2m[WebServer] [22m    at SQLiteSelectBase._prepare [90m(/Users/deepak/Downloads/Projects/StackLens-AI-Deploy/[39mnode_modules/[4msrc[24m/sqlite-core/query-builders/select.ts:865:85[90m)[39m
[2m[WebServer] [22m    at SQLiteSelectBase.all [90m(/Users/deepak/Downloads/Projects/StackLens-AI-Deploy/[39mnode_modules/[4msrc[24m/sqlite-core/query-builders/select.ts:884:15[90m)[39m
[2m[WebServer] [22m    at SQLiteSelectBase.execute [90m(/Users/deepak/Downloads/Projects/StackLens-AI-Deploy/[39mnode_modules/[4msrc[24m/sqlite-core/query-builders/select.ts:896:15[90m)[39m
[2m[WebServer] [22m    at SQLiteSelectBase.then [90m(/Users/deepak/Downloads/Projects/StackLens-AI-Deploy/[39mnode_modules/[4msrc[24m/query-promise.ts:31:15[90m)[39m
[2m[WebServer] [22m[90m    at process.processTicksAndRejections (node:internal/process/task_queues:105:5)[39m {
[2m[WebServer] [22m  code: [32m'SQLITE_ERROR'[39m
[2m[WebServer] [22m}
[2m[WebServer] [22mGet errors failed: SqliteError: no such column: error_logs.notes
[2m[WebServer] [22m    at Database.prepare [90m(/Users/deepak/Downloads/Projects/StackLens-AI-Deploy/[39mnode_modules/[4mbetter-sqlite3[24m/lib/methods/wrappers.js:5:21[90m)[39m
[2m[WebServer] [22m    at BetterSQLiteSession.prepareQuery [90m(/Users/deepak/Downloads/Projects/StackLens-AI-Deploy/[39mnode_modules/[4msrc[24m/better-sqlite3/session.ts:50:28[90m)[39m
[2m[WebServer] [22m    at BetterSQLiteSession.prepareOneTimeQuery [90m(/Users/deepak/Downloads/Projects/StackLens-AI-Deploy/[39mnode_modules/[4msrc[24m/sqlite-core/session.ts:135:15[90m)[39m
[2m[WebServer] [22m    at SQLiteSelectBase._prepare [90m(/Users/deepak/Downloads/Projects/StackLens-AI-Deploy/[39mnode_modules/[4msrc[24m/sqlite-core/query-builders/select.ts:865:85[90m)[39m
[2m[WebServer] [22m    at SQLiteSelectBase.all [90m(/Users/deepak/Downloads/Projects/StackLens-AI-Deploy/[39mnode_modules/[4msrc[24m/sqlite-core/query-builders/select.ts:884:15[90m)[39m
[2m[WebServer] [22m    at SQLiteSelectBase.execute [90m(/Users/deepak/Downloads/Projects/StackLens-AI-Deploy/[39mnode_modules/[4msrc[24m/sqlite-core/query-builders/select.ts:896:15[90m)[39m
[2m[WebServer] [22m    at SQLiteSelectBase.then [90m(/Users/deepak/Downloads/Projects/StackLens-AI-Deploy/[39mnode_modules/[4msrc[24m/query-promise.ts:31:15[90m)[39m
[2m[WebServer] [22m[90m    at process.processTicksAndRejections (node:internal/process/task_queues:105:5)[39m {
[2m[WebServer] [22m  code: [32m'SQLITE_ERROR'[39m
[2m[WebServer] [22m}
[2m[WebServer] [22mGet errors failed: SqliteError: no such column: error_logs.notes
[2m[WebServer] [22m    at Database.prepare [90m(/Users/deepak/Downloads/Projects/StackLens-AI-Deploy/[39mnode_modules/[4mbetter-sqlite3[24m/lib/methods/wrappers.js:5:21[90m)[39m
[2m[WebServer] [22m    at BetterSQLiteSession.prepareQuery [90m(/Users/deepak/Downloads/Projects/StackLens-AI-Deploy/[39mnode_modules/[4msrc[24m/better-sqlite3/session.ts:50:28[90m)[39m
[2m[WebServer] [22m    at BetterSQLiteSession.prepareOneTimeQuery [90m(/Users/deepak/Downloads/Projects/StackLens-AI-Deploy/[39mnode_modules/[4msrc[24m/sqlite-core/session.ts:135:15[90m)[39m
[2m[WebServer] [22m    at SQLiteSelectBase._prepare [90m(/Users/deepak/Downloads/Projects/StackLens-AI-Deploy/[39mnode_modules/[4msrc[24m/sqlite-core/query-builders/select.ts:865:85[90m)[39m
[2m[WebServer] [22m    at SQLiteSelectBase.all [90m(/Users/deepak/Downloads/Projects/StackLens-AI-Deploy/[39mnode_modules/[4msrc[24m/sqlite-core/query-builders/select.ts:884:15[90m)[39m
[2m[WebServer] [22m    at SQLiteSelectBase.execute [90m(/Users/deepak/Downloads/Projects/StackLens-AI-Deploy/[39mnode_modules/[4msrc[24m/sqlite-core/query-builders/select.ts:896:15[90m)[39m
[2m[WebServer] [22m    at SQLiteSelectBase.then [90m(/Users/deepak/Downloads/Projects/StackLens-AI-Deploy/[39mnode_modules/[4msrc[24m/query-promise.ts:31:15[90m)[39m
[2m[WebServer] [22m[90m    at process.processTicksAndRejections (node:internal/process/task_queues:105:5)[39m {
[2m[WebServer] [22m  code: [32m'SQLITE_ERROR'[39m
[2m[WebServer] [22m}
[2m[WebServer] [22mGet errors failed: SqliteError: no such column: error_logs.notes
[2m[WebServer] [22m    at Database.prepare [90m(/Users/deepak/Downloads/Projects/StackLens-AI-Deploy/[39mnode_modules/[4mbetter-sqlite3[24m/lib/methods/wrappers.js:5:21[90m)[39m
[2m[WebServer] [22m    at BetterSQLiteSession.prepareQuery [90m(/Users/deepak/Downloads/Projects/StackLens-AI-Deploy/[39mnode_modules/[4msrc[24m/better-sqlite3/session.ts:50:28[90m)[39m
[2m[WebServer] [22m    at BetterSQLiteSession.prepareOneTimeQuery [90m(/Users/deepak/Downloads/Projects/StackLens-AI-Deploy/[39mnode_modules/[4msrc[24m/sqlite-core/session.ts:135:15[90m)[39m
[2m[WebServer] [22m    at SQLiteSelectBase._prepare [90m(/Users/deepak/Downloads/Projects/StackLens-AI-Deploy/[39mnode_modules/[4msrc[24m/sqlite-core/query-builders/select.ts:865:85[90m)[39m
[2m[WebServer] [22m    at SQLiteSelectBase.all [90m(/Users/deepak/Downloads/Projects/StackLens-AI-Deploy/[39mnode_modules/[4msrc[24m/sqlite-core/query-builders/select.ts:884:15[90m)[39m
[2m[WebServer] [22m    at SQLiteSelectBase.execute [90m(/Users/deepak/Downloads/Projects/StackLens-AI-Deploy/[39mnode_modules/[4msrc[24m/sqlite-core/query-builders/select.ts:896:15[90m)[39m
[2m[WebServer] [22m    at SQLiteSelectBase.then [90m(/Users/deepak/Downloads/Projects/StackLens-AI-Deploy/[39mnode_modules/[4msrc[24m/query-promise.ts:31:15[90m)[39m
[2m[WebServer] [22m[90m    at process.processTicksAndRejections (node:internal/process/task_queues:105:5)[39m {
[2m[WebServer] [22m  code: [32m'SQLITE_ERROR'[39m
[2m[WebServer] [22m}
[2m[WebServer] [22mGet errors failed: SqliteError: no such column: error_logs.notes
[2m[WebServer] [22m    at Database.prepare [90m(/Users/deepak/Downloads/Projects/StackLens-AI-Deploy/[39mnode_modules/[4mbetter-sqlite3[24m/lib/methods/wrappers.js:5:21[90m)[39m
[2m[WebServer] [22m    at BetterSQLiteSession.prepareQuery [90m(/Users/deepak/Downloads/Projects/StackLens-AI-Deploy/[39mnode_modules/[4msrc[24m/better-sqlite3/session.ts:50:28[90m)[39m
[2m[WebServer] [22m    at BetterSQLiteSession.prepareOneTimeQuery [90m(/Users/deepak/Downloads/Projects/StackLens-AI-Deploy/[39mnode_modules/[4msrc[24m/sqlite-core/session.ts:135:15[90m)[39m
[2m[WebServer] [22m    at SQLiteSelectBase._prepare [90m(/Users/deepak/Downloads/Projects/StackLens-AI-Deploy/[39mnode_modules/[4msrc[24m/sqlite-core/query-builders/select.ts:865:85[90m)[39m
[2m[WebServer] [22m    at SQLiteSelectBase.all [90m(/Users/deepak/Downloads/Projects/StackLens-AI-Deploy/[39mnode_modules/[4msrc[24m/sqlite-core/query-builders/select.ts:884:15[90m)[39m
[2m[WebServer] [22m    at SQLiteSelectBase.execute [90m(/Users/deepak/Downloads/Projects/StackLens-AI-Deploy/[39mnode_modules/[4msrc[24m/sqlite-core/query-builders/select.ts:896:15[90m)[39m
[2m[WebServer] [22m    at SQLiteSelectBase.then [90m(/Users/deepak/Downloads/Projects/StackLens-AI-Deploy/[39mnode_modules/[4msrc[24m/query-promise.ts:31:15[90m)[39m
[2m[WebServer] [22m[90m    at process.processTicksAndRejections (node:internal/process/task_queues:105:5)[39m {
[2m[WebServer] [22m  code: [32m'SQLITE_ERROR'[39m
[2m[WebServer] [22m}
[2m[WebServer] [22mGet errors failed: SqliteError: no such column: error_logs.notes
[2m[WebServer] [22m    at Database.prepare [90m(/Users/deepak/Downloads/Projects/StackLens-AI-Deploy/[39mnode_modules/[4mbetter-sqlite3[24m/lib/methods/wrappers.js:5:21[90m)[39m
[2m[WebServer] [22m    at BetterSQLiteSession.prepareQuery [90m(/Users/deepak/Downloads/Projects/StackLens-AI-Deploy/[39mnode_modules/[4msrc[24m/better-sqlite3/session.ts:50:28[90m)[39m
[2m[WebServer] [22m    at BetterSQLiteSession.prepareOneTimeQuery [90m(/Users/deepak/Downloads/Projects/StackLens-AI-Deploy/[39mnode_modules/[4msrc[24m/sqlite-core/session.ts:135:15[90m)[39m
[2m[WebServer] [22m    at SQLiteSelectBase._prepare [90m(/Users/deepak/Downloads/Projects/StackLens-AI-Deploy/[39mnode_modules/[4msrc[24m/sqlite-core/query-builders/select.ts:865:85[90m)[39m
[2m[WebServer] [22m    at SQLiteSelectBase.all [90m(/Users/deepak/Downloads/Projects/StackLens-AI-Deploy/[39mnode_modules/[4msrc[24m/sqlite-core/query-builders/select.ts:884:15[90m)[39m
[2m[WebServer] [22m    at SQLiteSelectBase.execute [90m(/Users/deepak/Downloads/Projects/StackLens-AI-Deploy/[39mnode_modules/[4msrc[24m/sqlite-core/query-builders/select.ts:896:15[90m)[39m
[2m[WebServer] [22m    at SQLiteSelectBase.then [90m(/Users/deepak/Downloads/Projects/StackLens-AI-Deploy/[39mnode_modules/[4msrc[24m/query-promise.ts:31:15[90m)[39m
[2m[WebServer] [22m[90m    at process.processTicksAndRejections (node:internal/process/task_queues:105:5)[39m {
[2m[WebServer] [22m  code: [32m'SQLITE_ERROR'[39m
[2m[WebServer] [22m}
[2m[WebServer] [22mGet errors failed: SqliteError: no such column: error_logs.notes
[2m[WebServer] [22m    at Database.prepare [90m(/Users/deepak/Downloads/Projects/StackLens-AI-Deploy/[39mnode_modules/[4mbetter-sqlite3[24m/lib/methods/wrappers.js:5:21[90m)[39m
[2m[WebServer] [22m    at BetterSQLiteSession.prepareQuery [90m(/Users/deepak/Downloads/Projects/StackLens-AI-Deploy/[39mnode_modules/[4msrc[24m/better-sqlite3/session.ts:50:28[90m)[39m
[2m[WebServer] [22m    at BetterSQLiteSession.prepareOneTimeQuery [90m(/Users/deepak/Downloads/Projects/StackLens-AI-Deploy/[39mnode_modules/[4msrc[24m/sqlite-core/session.ts:135:15[90m)[39m
[2m[WebServer] [22m    at SQLiteSelectBase._prepare [90m(/Users/deepak/Downloads/Projects/StackLens-AI-Deploy/[39mnode_modules/[4msrc[24m/sqlite-core/query-builders/select.ts:865:85[90m)[39m
[2m[WebServer] [22m    at SQLiteSelectBase.all [90m(/Users/deepak/Downloads/Projects/StackLens-AI-Deploy/[39mnode_modules/[4msrc[24m/sqlite-core/query-builders/select.ts:884:15[90m)[39m
[2m[WebServer] [22m    at SQLiteSelectBase.execute [90m(/Users/deepak/Downloads/Projects/StackLens-AI-Deploy/[39mnode_modules/[4msrc[24m/sqlite-core/query-builders/select.ts:896:15[90m)[39m
[2m[WebServer] [22m    at SQLiteSelectBase.then [90m(/Users/deepak/Downloads/Projects/StackLens-AI-Deploy/[39mnode_modules/[4msrc[24m/query-promise.ts:31:15[90m)[39m
[2m[WebServer] [22m[90m    at process.processTicksAndRejections (node:internal/process/task_queues:105:5)[39m {
[2m[WebServer] [22m  code: [32m'SQLITE_ERROR'[39m
[2m[WebServer] [22m}
[2m[WebServer] [22mGet errors failed: SqliteError: no such column: error_logs.notes
[2m[WebServer] [22m    at Database.prepare [90m(/Users/deepak/Downloads/Projects/StackLens-AI-Deploy/[39mnode_modules/[4mbetter-sqlite3[24m/lib/methods/wrappers.js:5:21[90m)[39m
[2m[WebServer] [22m    at BetterSQLiteSession.prepareQuery [90m(/Users/deepak/Downloads/Projects/StackLens-AI-Deploy/[39mnode_modules/[4msrc[24m/better-sqlite3/session.ts:50:28[90m)[39m
[2m[WebServer] [22m    at BetterSQLiteSession.prepareOneTimeQuery [90m(/Users/deepak/Downloads/Projects/StackLens-AI-Deploy/[39mnode_modules/[4msrc[24m/sqlite-core/session.ts:135:15[90m)[39m
[2m[WebServer] [22m    at SQLiteSelectBase._prepare [90m(/Users/deepak/Downloads/Projects/StackLens-AI-Deploy/[39mnode_modules/[4msrc[24m/sqlite-core/query-builders/select.ts:865:85[90m)[39m
[2m[WebServer] [22m    at SQLiteSelectBase.all [90m(/Users/deepak/Downloads/Projects/StackLens-AI-Deploy/[39mnode_modules/[4msrc[24m/sqlite-core/query-builders/select.ts:884:15[90m)[39m
[2m[WebServer] [22m    at SQLiteSelectBase.execute [90m(/Users/deepak/Downloads/Projects/StackLens-AI-Deploy/[39mnode_modules/[4msrc[24m/sqlite-core/query-builders/select.ts:896:15[90m)[39m
[2m[WebServer] [22m    at SQLiteSelectBase.then [90m(/Users/deepak/Downloads/Projects/StackLens-AI-Deploy/[39mnode_modules/[4msrc[24m/query-promise.ts:31:15[90m)[39m
[2m[WebServer] [22m[90m    at process.processTicksAndRejections (node:internal/process/task_queues:105:5)[39m {
[2m[WebServer] [22m  code: [32m'SQLITE_ERROR'[39m
[2m[WebServer] [22m}
[2m[WebServer] [22mGet errors failed: SqliteError: no such column: error_logs.notes
[2m[WebServer] [22m    at Database.prepare [90m(/Users/deepak/Downloads/Projects/StackLens-AI-Deploy/[39mnode_modules/[4mbetter-sqlite3[24m/lib/methods/wrappers.js:5:21[90m)[39m
[2m[WebServer] [22m    at BetterSQLiteSession.prepareQuery [90m(/Users/deepak/Downloads/Projects/StackLens-AI-Deploy/[39mnode_modules/[4msrc[24m/better-sqlite3/session.ts:50:28[90m)[39m
[2m[WebServer] [22m    at BetterSQLiteSession.prepareOneTimeQuery [90m(/Users/deepak/Downloads/Projects/StackLens-AI-Deploy/[39mnode_modules/[4msrc[24m/sqlite-core/session.ts:135:15[90m)[39m
[2m[WebServer] [22m    at SQLiteSelectBase._prepare [90m(/Users/deepak/Downloads/Projects/StackLens-AI-Deploy/[39mnode_modules/[4msrc[24m/sqlite-core/query-builders/select.ts:865:85[90m)[39m
[2m[WebServer] [22m    at SQLiteSelectBase.all [90m(/Users/deepak/Downloads/Projects/StackLens-AI-Deploy/[39mnode_modules/[4msrc[24m/sqlite-core/query-builders/select.ts:884:15[90m)[39m
[2m[WebServer] [22m    at SQLiteSelectBase.execute [90m(/Users/deepak/Downloads/Projects/StackLens-AI-Deploy/[39mnode_modules/[4msrc[24m/sqlite-core/query-builders/select.ts:896:15[90m)[39m
[2m[WebServer] [22m    at SQLiteSelectBase.then [90m(/Users/deepak/Downloads/Projects/StackLens-AI-Deploy/[39mnode_modules/[4msrc[24m/query-promise.ts:31:15[90m)[39m
[2m[WebServer] [22m[90m    at process.processTicksAndRejections (node:internal/process/task_queues:105:5)[39m {
[2m[WebServer] [22m  code: [32m'SQLITE_ERROR'[39m
[2m[WebServer] [22m}
[2m[WebServer] [22mGet errors failed: SqliteError: no such column: error_logs.notes
[2m[WebServer] [22m    at Database.prepare [90m(/Users/deepak/Downloads/Projects/StackLens-AI-Deploy/[39mnode_modules/[4mbetter-sqlite3[24m/lib/methods/wrappers.js:5:21[90m)[39m
[2m[WebServer] [22m    at BetterSQLiteSession.prepareQuery [90m(/Users/deepak/Downloads/Projects/StackLens-AI-Deploy/[39mnode_modules/[4msrc[24m/better-sqlite3/session.ts:50:28[90m)[39m
[2m[WebServer] [22m    at BetterSQLiteSession.prepareOneTimeQuery [90m(/Users/deepak/Downloads/Projects/StackLens-AI-Deploy/[39mnode_modules/[4msrc[24m/sqlite-core/session.ts:135:15[90m)[39m
[2m[WebServer] [22m    at SQLiteSelectBase._prepare [90m(/Users/deepak/Downloads/Projects/StackLens-AI-Deploy/[39mnode_modules/[4msrc[24m/sqlite-core/query-builders/select.ts:865:85[90m)[39m
[2m[WebServer] [22m    at SQLiteSelectBase.all [90m(/Users/deepak/Downloads/Projects/StackLens-AI-Deploy/[39mnode_modules/[4msrc[24m/sqlite-core/query-builders/select.ts:884:15[90m)[39m
[2m[WebServer] [22m    at SQLiteSelectBase.execute [90m(/Users/deepak/Downloads/Projects/StackLens-AI-Deploy/[39mnode_modules/[4msrc[24m/sqlite-core/query-builders/select.ts:896:15[90m)[39m
[2m[WebServer] [22m    at SQLiteSelectBase.then [90m(/Users/deepak/Downloads/Projects/StackLens-AI-Deploy/[39mnode_modules/[4msrc[24m/query-promise.ts:31:15[90m)[39m
[2m[WebServer] [22m[90m    at process.processTicksAndRejections (node:internal/process/task_queues:105:5)[39m {
[2m[WebServer] [22m  code: [32m'SQLITE_ERROR'[39m
[2m[WebServer] [22m}
[2m[WebServer] [22mGet errors failed: SqliteError: no such column: error_logs.notes
[2m[WebServer] [22m    at Database.prepare [90m(/Users/deepak/Downloads/Projects/StackLens-AI-Deploy/[39mnode_modules/[4mbetter-sqlite3[24m/lib/methods/wrappers.js:5:21[90m)[39m
[2m[WebServer] [22m    at BetterSQLiteSession.prepareQuery [90m(/Users/deepak/Downloads/Projects/StackLens-AI-Deploy/[39mnode_modules/[4msrc[24m/better-sqlite3/session.ts:50:28[90m)[39m
[2m[WebServer] [22m    at BetterSQLiteSession.prepareOneTimeQuery [90m(/Users/deepak/Downloads/Projects/StackLens-AI-Deploy/[39mnode_modules/[4msrc[24m/sqlite-core/session.ts:135:15[90m)[39m
[2m[WebServer] [22m    at SQLiteSelectBase._prepare [90m(/Users/deepak/Downloads/Projects/StackLens-AI-Deploy/[39mnode_modules/[4msrc[24m/sqlite-core/query-builders/select.ts:865:85[90m)[39m
[2m[WebServer] [22m    at SQLiteSelectBase.all [90m(/Users/deepak/Downloads/Projects/StackLens-AI-Deploy/[39mnode_modules/[4msrc[24m/sqlite-core/query-builders/select.ts:884:15[90m)[39m
[2m[WebServer] [22m    at SQLiteSelectBase.execute [90m(/Users/deepak/Downloads/Projects/StackLens-AI-Deploy/[39mnode_modules/[4msrc[24m/sqlite-core/query-builders/select.ts:896:15[90m)[39m
[2m[WebServer] [22m    at SQLiteSelectBase.then [90m(/Users/deepak/Downloads/Projects/StackLens-AI-Deploy/[39mnode_modules/[4msrc[24m/query-promise.ts:31:15[90m)[39m
[2m[WebServer] [22m[90m    at process.processTicksAndRejections (node:internal/process/task_queues:105:5)[39m {
[2m[WebServer] [22m  code: [32m'SQLITE_ERROR'[39m
[2m[WebServer] [22m}
[2m[WebServer] [22mGet errors failed: SqliteError: no such column: error_logs.notes
[2m[WebServer] [22m    at Database.prepare [90m(/Users/deepak/Downloads/Projects/StackLens-AI-Deploy/[39mnode_modules/[4mbetter-sqlite3[24m/lib/methods/wrappers.js:5:21[90m)[39m
[2m[WebServer] [22m    at BetterSQLiteSession.prepareQuery [90m(/Users/deepak/Downloads/Projects/StackLens-AI-Deploy/[39mnode_modules/[4msrc[24m/better-sqlite3/session.ts:50:28[90m)[39m
[2m[WebServer] [22m    at BetterSQLiteSession.prepareOneTimeQuery [90m(/Users/deepak/Downloads/Projects/StackLens-AI-Deploy/[39mnode_modules/[4msrc[24m/sqlite-core/session.ts:135:15[90m)[39m
[2m[WebServer] [22m    at SQLiteSelectBase._prepare [90m(/Users/deepak/Downloads/Projects/StackLens-AI-Deploy/[39mnode_modules/[4msrc[24m/sqlite-core/query-builders/select.ts:865:85[90m)[39m
[2m[WebServer] [22m    at SQLiteSelectBase.all [90m(/Users/deepak/Downloads/Projects/StackLens-AI-Deploy/[39mnode_modules/[4msrc[24m/sqlite-core/query-builders/select.ts:884:15[90m)[39m
[2m[WebServer] [22m    at SQLiteSelectBase.execute [90m(/Users/deepak/Downloads/Projects/StackLens-AI-Deploy/[39mnode_modules/[4msrc[24m/sqlite-core/query-builders/select.ts:896:15[90m)[39m
[2m[WebServer] [22m    at SQLiteSelectBase.then [90m(/Users/deepak/Downloads/Projects/StackLens-AI-Deploy/[39mnode_modules/[4msrc[24m/query-promise.ts:31:15[90m)[39m
[2m[WebServer] [22m[90m    at process.processTicksAndRejections (node:internal/process/task_queues:105:5)[39m {
[2m[WebServer] [22m  code: [32m'SQLITE_ERROR'[39m
[2m[WebServer] [22m}
[2m[WebServer] [22mGet errors failed: SqliteError: no such column: error_logs.notes
[2m[WebServer] [22m    at Database.prepare [90m(/Users/deepak/Downloads/Projects/StackLens-AI-Deploy/[39mnode_modules/[4mbetter-sqlite3[24m/lib/methods/wrappers.js:5:21[90m)[39m
[2m[WebServer] [22m    at BetterSQLiteSession.prepareQuery [90m(/Users/deepak/Downloads/Projects/StackLens-AI-Deploy/[39mnode_modules/[4msrc[24m/better-sqlite3/session.ts:50:28[90m)[39m
[2m[WebServer] [22m    at BetterSQLiteSession.prepareOneTimeQuery [90m(/Users/deepak/Downloads/Projects/StackLens-AI-Deploy/[39mnode_modules/[4msrc[24m/sqlite-core/session.ts:135:15[90m)[39m
[2m[WebServer] [22m    at SQLiteSelectBase._prepare [90m(/Users/deepak/Downloads/Projects/StackLens-AI-Deploy/[39mnode_modules/[4msrc[24m/sqlite-core/query-builders/select.ts:865:85[90m)[39m
[2m[WebServer] [22m    at SQLiteSelectBase.all [90m(/Users/deepak/Downloads/Projects/StackLens-AI-Deploy/[39mnode_modules/[4msrc[24m/sqlite-core/query-builders/select.ts:884:15[90m)[39m
[2m[WebServer] [22m    at SQLiteSelectBase.execute [90m(/Users/deepak/Downloads/Projects/StackLens-AI-Deploy/[39mnode_modules/[4msrc[24m/sqlite-core/query-builders/select.ts:896:15[90m)[39m
[2m[WebServer] [22m    at SQLiteSelectBase.then [90m(/Users/deepak/Downloads/Projects/StackLens-AI-Deploy/[39mnode_modules/[4msrc[24m/query-promise.ts:31:15[90m)[39m
[2m[WebServer] [22m[90m    at process.processTicksAndRejections (node:internal/process/task_queues:105:5)[39m {
[2m[WebServer] [22m  code: [32m'SQLITE_ERROR'[39m
[2m[WebServer] [22m}
[2m[WebServer] [22mGet errors failed: SqliteError: no such column: error_logs.notes
[2m[WebServer] [22m    at Database.prepare [90m(/Users/deepak/Downloads/Projects/StackLens-AI-Deploy/[39mnode_modules/[4mbetter-sqlite3[24m/lib/methods/wrappers.js:5:21[90m)[39m
[2m[WebServer] [22m    at BetterSQLiteSession.prepareQuery [90m(/Users/deepak/Downloads/Projects/StackLens-AI-Deploy/[39mnode_modules/[4msrc[24m/better-sqlite3/session.ts:50:28[90m)[39m
[2m[WebServer] [22m    at BetterSQLiteSession.prepareOneTimeQuery [90m(/Users/deepak/Downloads/Projects/StackLens-AI-Deploy/[39mnode_modules/[4msrc[24m/sqlite-core/session.ts:135:15[90m)[39m
[2m[WebServer] [22m    at SQLiteSelectBase._prepare [90m(/Users/deepak/Downloads/Projects/StackLens-AI-Deploy/[39mnode_modules/[4msrc[24m/sqlite-core/query-builders/select.ts:865:85[90m)[39m
[2m[WebServer] [22m    at SQLiteSelectBase.all [90m(/Users/deepak/Downloads/Projects/StackLens-AI-Deploy/[39mnode_modules/[4msrc[24m/sqlite-core/query-builders/select.ts:884:15[90m)[39m
[2m[WebServer] [22m    at SQLiteSelectBase.execute [90m(/Users/deepak/Downloads/Projects/StackLens-AI-Deploy/[39mnode_modules/[4msrc[24m/sqlite-core/query-builders/select.ts:896:15[90m)[39m
[2m[WebServer] [22m    at SQLiteSelectBase.then [90m(/Users/deepak/Downloads/Projects/StackLens-AI-Deploy/[39mnode_modules/[4msrc[24m/query-promise.ts:31:15[90m)[39m
[2m[WebServer] [22m[90m    at process.processTicksAndRejections (node:internal/process/task_queues:105:5)[39m {
[2m[WebServer] [22m  code: [32m'SQLITE_ERROR'[39m
[2m[WebServer] [22m}
[2m[WebServer] [22mGet errors failed: SqliteError: no such column: error_logs.notes
[2m[WebServer] [22m    at Database.prepare [90m(/Users/deepak/Downloads/Projects/StackLens-AI-Deploy/[39mnode_modules/[4mbetter-sqlite3[24m/lib/methods/wrappers.js:5:21[90m)[39m
[2m[WebServer] [22m    at BetterSQLiteSession.prepareQuery [90m(/Users/deepak/Downloads/Projects/StackLens-AI-Deploy/[39mnode_modules/[4msrc[24m/better-sqlite3/session.ts:50:28[90m)[39m
[2m[WebServer] [22m    at BetterSQLiteSession.prepareOneTimeQuery [90m(/Users/deepak/Downloads/Projects/StackLens-AI-Deploy/[39mnode_modules/[4msrc[24m/sqlite-core/session.ts:135:15[90m)[39m
[2m[WebServer] [22m    at SQLiteSelectBase._prepare [90m(/Users/deepak/Downloads/Projects/StackLens-AI-Deploy/[39mnode_modules/[4msrc[24m/sqlite-core/query-builders/select.ts:865:85[90m)[39m
[2m[WebServer] [22m    at SQLiteSelectBase.all [90m(/Users/deepak/Downloads/Projects/StackLens-AI-Deploy/[39mnode_modules/[4msrc[24m/sqlite-core/query-builders/select.ts:884:15[90m)[39m
[2m[WebServer] [22m    at SQLiteSelectBase.execute [90m(/Users/deepak/Downloads/Projects/StackLens-AI-Deploy/[39mnode_modules/[4msrc[24m/sqlite-core/query-builders/select.ts:896:15[90m)[39m
[2m[WebServer] [22m    at SQLiteSelectBase.then [90m(/Users/deepak/Downloads/Projects/StackLens-AI-Deploy/[39mnode_modules/[4msrc[24m/query-promise.ts:31:15[90m)[39m
[2m[WebServer] [22m[90m    at process.processTicksAndRejections (node:internal/process/task_queues:105:5)[39m {
[2m[WebServer] [22m  code: [32m'SQLITE_ERROR'[39m
[2m[WebServer] [22m}
[2m[WebServer] [22mGet errors failed: SqliteError: no such column: error_logs.notes
[2m[WebServer] [22m    at Database.prepare [90m(/Users/deepak/Downloads/Projects/StackLens-AI-Deploy/[39mnode_modules/[4mbetter-sqlite3[24m/lib/methods/wrappers.js:5:21[90m)[39m
[2m[WebServer] [22m    at BetterSQLiteSession.prepareQuery [90m(/Users/deepak/Downloads/Projects/StackLens-AI-Deploy/[39mnode_modules/[4msrc[24m/better-sqlite3/session.ts:50:28[90m)[39m
[2m[WebServer] [22m    at BetterSQLiteSession.prepareOneTimeQuery [90m(/Users/deepak/Downloads/Projects/StackLens-AI-Deploy/[39mnode_modules/[4msrc[24m/sqlite-core/session.ts:135:15[90m)[39m
[2m[WebServer] [22m    at SQLiteSelectBase._prepare [90m(/Users/deepak/Downloads/Projects/StackLens-AI-Deploy/[39mnode_modules/[4msrc[24m/sqlite-core/query-builders/select.ts:865:85[90m)[39m
[2m[WebServer] [22m    at SQLiteSelectBase.all [90m(/Users/deepak/Downloads/Projects/StackLens-AI-Deploy/[39mnode_modules/[4msrc[24m/sqlite-core/query-builders/select.ts:884:15[90m)[39m
[2m[WebServer] [22m    at SQLiteSelectBase.execute [90m(/Users/deepak/Downloads/Projects/StackLens-AI-Deploy/[39mnode_modules/[4msrc[24m/sqlite-core/query-builders/select.ts:896:15[90m)[39m
[2m[WebServer] [22m    at SQLiteSelectBase.then [90m(/Users/deepak/Downloads/Projects/StackLens-AI-Deploy/[39mnode_modules/[4msrc[24m/query-promise.ts:31:15[90m)[39m
[2m[WebServer] [22m[90m    at process.processTicksAndRejections (node:internal/process/task_queues:105:5)[39m {
[2m[WebServer] [22m  code: [32m'SQLITE_ERROR'[39m
[2m[WebServer] [22m}
[2m[WebServer] [22mGet errors failed: SqliteError: no such column: error_logs.notes
[2m[WebServer] [22m    at Database.prepare [90m(/Users/deepak/Downloads/Projects/StackLens-AI-Deploy/[39mnode_modules/[4mbetter-sqlite3[24m/lib/methods/wrappers.js:5:21[90m)[39m
[2m[WebServer] [22m    at BetterSQLiteSession.prepareQuery [90m(/Users/deepak/Downloads/Projects/StackLens-AI-Deploy/[39mnode_modules/[4msrc[24m/better-sqlite3/session.ts:50:28[90m)[39m
[2m[WebServer] [22m    at BetterSQLiteSession.prepareOneTimeQuery [90m(/Users/deepak/Downloads/Projects/StackLens-AI-Deploy/[39mnode_modules/[4msrc[24m/sqlite-core/session.ts:135:15[90m)[39m
[2m[WebServer] [22m    at SQLiteSelectBase._prepare [90m(/Users/deepak/Downloads/Projects/StackLens-AI-Deploy/[39mnode_modules/[4msrc[24m/sqlite-core/query-builders/select.ts:865:85[90m)[39m
[2m[WebServer] [22m    at SQLiteSelectBase.all [90m(/Users/deepak/Downloads/Projects/StackLens-AI-Deploy/[39mnode_modules/[4msrc[24m/sqlite-core/query-builders/select.ts:884:15[90m)[39m
[2m[WebServer] [22m    at SQLiteSelectBase.execute [90m(/Users/deepak/Downloads/Projects/StackLens-AI-Deploy/[39mnode_modules/[4msrc[24m/sqlite-core/query-builders/select.ts:896:15[90m)[39m
[2m[WebServer] [22m    at SQLiteSelectBase.then [90m(/Users/deepak/Downloads/Projects/StackLens-AI-Deploy/[39mnode_modules/[4msrc[24m/query-promise.ts:31:15[90m)[39m
[2m[WebServer] [22m[90m    at process.processTicksAndRejections (node:internal/process/task_queues:105:5)[39m {
[2m[WebServer] [22m  code: [32m'SQLITE_ERROR'[39m
[2m[WebServer] [22m}
[2m[WebServer] [22mGet errors failed: SqliteError: no such column: error_logs.notes
[2m[WebServer] [22m    at Database.prepare [90m(/Users/deepak/Downloads/Projects/StackLens-AI-Deploy/[39mnode_modules/[4mbetter-sqlite3[24m/lib/methods/wrappers.js:5:21[90m)[39m
[2m[WebServer] [22m    at BetterSQLiteSession.prepareQuery [90m(/Users/deepak/Downloads/Projects/StackLens-AI-Deploy/[39mnode_modules/[4msrc[24m/better-sqlite3/session.ts:50:28[90m)[39m
[2m[WebServer] [22m    at BetterSQLiteSession.prepareOneTimeQuery [90m(/Users/deepak/Downloads/Projects/StackLens-AI-Deploy/[39mnode_modules/[4msrc[24m/sqlite-core/session.ts:135:15[90m)[39m
[2m[WebServer] [22m    at SQLiteSelectBase._prepare [90m(/Users/deepak/Downloads/Projects/StackLens-AI-Deploy/[39mnode_modules/[4msrc[24m/sqlite-core/query-builders/select.ts:865:85[90m)[39m
[2m[WebServer] [22m    at SQLiteSelectBase.all [90m(/Users/deepak/Downloads/Projects/StackLens-AI-Deploy/[39mnode_modules/[4msrc[24m/sqlite-core/query-builders/select.ts:884:15[90m)[39m
[2m[WebServer] [22m    at SQLiteSelectBase.execute [90m(/Users/deepak/Downloads/Projects/StackLens-AI-Deploy/[39mnode_modules/[4msrc[24m/sqlite-core/query-builders/select.ts:896:15[90m)[39m
[2m[WebServer] [22m    at SQLiteSelectBase.then [90m(/Users/deepak/Downloads/Projects/StackLens-AI-Deploy/[39mnode_modules/[4msrc[24m/query-promise.ts:31:15[90m)[39m
[2m[WebServer] [22m[90m    at process.processTicksAndRejections (node:internal/process/task_queues:105:5)[39m {
[2m[WebServer] [22m  code: [32m'SQLITE_ERROR'[39m
[2m[WebServer] [22m}
[2m[WebServer] [22mGet errors failed: SqliteError: no such column: error_logs.notes
[2m[WebServer] [22m    at Database.prepare [90m(/Users/deepak/Downloads/Projects/StackLens-AI-Deploy/[39mnode_modules/[4mbetter-sqlite3[24m/lib/methods/wrappers.js:5:21[90m)[39m
[2m[WebServer] [22m    at BetterSQLiteSession.prepareQuery [90m(/Users/deepak/Downloads/Projects/StackLens-AI-Deploy/[39mnode_modules/[4msrc[24m/better-sqlite3/session.ts:50:28[90m)[39m
[2m[WebServer] [22m    at BetterSQLiteSession.prepareOneTimeQuery [90m(/Users/deepak/Downloads/Projects/StackLens-AI-Deploy/[39mnode_modules/[4msrc[24m/sqlite-core/session.ts:135:15[90m)[39m
[2m[WebServer] [22m    at SQLiteSelectBase._prepare [90m(/Users/deepak/Downloads/Projects/StackLens-AI-Deploy/[39mnode_modules/[4msrc[24m/sqlite-core/query-builders/select.ts:865:85[90m)[39m
[2m[WebServer] [22m    at SQLiteSelectBase.all [90m(/Users/deepak/Downloads/Projects/StackLens-AI-Deploy/[39mnode_modules/[4msrc[24m/sqlite-core/query-builders/select.ts:884:15[90m)[39m
[2m[WebServer] [22m    at SQLiteSelectBase.execute [90m(/Users/deepak/Downloads/Projects/StackLens-AI-Deploy/[39mnode_modules/[4msrc[24m/sqlite-core/query-builders/select.ts:896:15[90m)[39m
[2m[WebServer] [22m    at SQLiteSelectBase.then [90m(/Users/deepak/Downloads/Projects/StackLens-AI-Deploy/[39mnode_modules/[4msrc[24m/query-promise.ts:31:15[90m)[39m
[2m[WebServer] [22m[90m    at process.processTicksAndRejections (node:internal/process/task_queues:105:5)[39m {
[2m[WebServer] [22m  code: [32m'SQLITE_ERROR'[39m
[2m[WebServer] [22m}
[2m[WebServer] [22mGet errors failed: SqliteError: no such column: error_logs.notes
[2m[WebServer] [22m    at Database.prepare [90m(/Users/deepak/Downloads/Projects/StackLens-AI-Deploy/[39mnode_modules/[4mbetter-sqlite3[24m/lib/methods/wrappers.js:5:21[90m)[39m
[2m[WebServer] [22m    at BetterSQLiteSession.prepareQuery [90m(/Users/deepak/Downloads/Projects/StackLens-AI-Deploy/[39mnode_modules/[4msrc[24m/better-sqlite3/session.ts:50:28[90m)[39m
[2m[WebServer] [22m    at BetterSQLiteSession.prepareOneTimeQuery [90m(/Users/deepak/Downloads/Projects/StackLens-AI-Deploy/[39mnode_modules/[4msrc[24m/sqlite-core/session.ts:135:15[90m)[39m
[2m[WebServer] [22m    at SQLiteSelectBase._prepare [90m(/Users/deepak/Downloads/Projects/StackLens-AI-Deploy/[39mnode_modules/[4msrc[24m/sqlite-core/query-builders/select.ts:865:85[90m)[39m
[2m[WebServer] [22m    at SQLiteSelectBase.all [90m(/Users/deepak/Downloads/Projects/StackLens-AI-Deploy/[39mnode_modules/[4msrc[24m/sqlite-core/query-builders/select.ts:884:15[90m)[39m
[2m[WebServer] [22m    at SQLiteSelectBase.execute [90m(/Users/deepak/Downloads/Projects/StackLens-AI-Deploy/[39mnode_modules/[4msrc[24m/sqlite-core/query-builders/select.ts:896:15[90m)[39m
[2m[WebServer] [22m    at SQLiteSelectBase.then [90m(/Users/deepak/Downloads/Projects/StackLens-AI-Deploy/[39mnode_modules/[4msrc[24m/query-promise.ts:31:15[90m)[39m
[2m[WebServer] [22m[90m    at process.processTicksAndRejections (node:internal/process/task_queues:105:5)[39m {
[2m[WebServer] [22m  code: [32m'SQLITE_ERROR'[39m
[2m[WebServer] [22m}
[2m[WebServer] [22mGet errors failed: SqliteError: no such column: error_logs.notes
[2m[WebServer] [22m    at Database.prepare [90m(/Users/deepak/Downloads/Projects/StackLens-AI-Deploy/[39mnode_modules/[4mbetter-sqlite3[24m/lib/methods/wrappers.js:5:21[90m)[39m
[2m[WebServer] [22m    at BetterSQLiteSession.prepareQuery [90m(/Users/deepak/Downloads/Projects/StackLens-AI-Deploy/[39mnode_modules/[4msrc[24m/better-sqlite3/session.ts:50:28[90m)[39m
[2m[WebServer] [22m    at BetterSQLiteSession.prepareOneTimeQuery [90m(/Users/deepak/Downloads/Projects/StackLens-AI-Deploy/[39mnode_modules/[4msrc[24m/sqlite-core/session.ts:135:15[90m)[39m
[2m[WebServer] [22m    at SQLiteSelectBase._prepare [90m(/Users/deepak/Downloads/Projects/StackLens-AI-Deploy/[39mnode_modules/[4msrc[24m/sqlite-core/query-builders/select.ts:865:85[90m)[39m
[2m[WebServer] [22m    at SQLiteSelectBase.all [90m(/Users/deepak/Downloads/Projects/StackLens-AI-Deploy/[39mnode_modules/[4msrc[24m/sqlite-core/query-builders/select.ts:884:15[90m)[39m
[2m[WebServer] [22m    at SQLiteSelectBase.execute [90m(/Users/deepak/Downloads/Projects/StackLens-AI-Deploy/[39mnode_modules/[4msrc[24m/sqlite-core/query-builders/select.ts:896:15[90m)[39m
[2m[WebServer] [22m    at SQLiteSelectBase.then [90m(/Users/deepak/Downloads/Projects/StackLens-AI-Deploy/[39mnode_modules/[4msrc[24m/query-promise.ts:31:15[90m)[39m
[2m[WebServer] [22m[90m    at process.processTicksAndRejections (node:internal/process/task_queues:105:5)[39m {
[2m[WebServer] [22m  code: [32m'SQLITE_ERROR'[39m
[2m[WebServer] [22m}
[2m[WebServer] [22mGet errors failed: SqliteError: no such column: error_logs.notes
[2m[WebServer] [22m    at Database.prepare [90m(/Users/deepak/Downloads/Projects/StackLens-AI-Deploy/[39mnode_modules/[4mbetter-sqlite3[24m/lib/methods/wrappers.js:5:21[90m)[39m
[2m[WebServer] [22m    at BetterSQLiteSession.prepareQuery [90m(/Users/deepak/Downloads/Projects/StackLens-AI-Deploy/[39mnode_modules/[4msrc[24m/better-sqlite3/session.ts:50:28[90m)[39m
[2m[WebServer] [22m    at BetterSQLiteSession.prepareOneTimeQuery [90m(/Users/deepak/Downloads/Projects/StackLens-AI-Deploy/[39mnode_modules/[4msrc[24m/sqlite-core/session.ts:135:15[90m)[39m
[2m[WebServer] [22m    at SQLiteSelectBase._prepare [90m(/Users/deepak/Downloads/Projects/StackLens-AI-Deploy/[39mnode_modules/[4msrc[24m/sqlite-core/query-builders/select.ts:865:85[90m)[39m
[2m[WebServer] [22m    at SQLiteSelectBase.all [90m(/Users/deepak/Downloads/Projects/StackLens-AI-Deploy/[39mnode_modules/[4msrc[24m/sqlite-core/query-builders/select.ts:884:15[90m)[39m
[2m[WebServer] [22m    at SQLiteSelectBase.execute [90m(/Users/deepak/Downloads/Projects/StackLens-AI-Deploy/[39mnode_modules/[4msrc[24m/sqlite-core/query-builders/select.ts:896:15[90m)[39m
[2m[WebServer] [22m    at SQLiteSelectBase.then [90m(/Users/deepak/Downloads/Projects/StackLens-AI-Deploy/[39mnode_modules/[4msrc[24m/query-promise.ts:31:15[90m)[39m
[2m[WebServer] [22m[90m    at process.processTicksAndRejections (node:internal/process/task_queues:105:5)[39m {
[2m[WebServer] [22m  code: [32m'SQLITE_ERROR'[39m
[2m[WebServer] [22m}
[2m[WebServer] [22mGet errors failed: SqliteError: no such column: error_logs.notes
[2m[WebServer] [22m    at Database.prepare [90m(/Users/deepak/Downloads/Projects/StackLens-AI-Deploy/[39mnode_modules/[4mbetter-sqlite3[24m/lib/methods/wrappers.js:5:21[90m)[39m
[2m[WebServer] [22m    at BetterSQLiteSession.prepareQuery [90m(/Users/deepak/Downloads/Projects/StackLens-AI-Deploy/[39mnode_modules/[4msrc[24m/better-sqlite3/session.ts:50:28[90m)[39m
[2m[WebServer] [22m    at BetterSQLiteSession.prepareOneTimeQuery [90m(/Users/deepak/Downloads/Projects/StackLens-AI-Deploy/[39mnode_modules/[4msrc[24m/sqlite-core/session.ts:135:15[90m)[39m
[2m[WebServer] [22m    at SQLiteSelectBase._prepare [90m(/Users/deepak/Downloads/Projects/StackLens-AI-Deploy/[39mnode_modules/[4msrc[24m/sqlite-core/query-builders/select.ts:865:85[90m)[39m
[2m[WebServer] [22m    at SQLiteSelectBase.all [90m(/Users/deepak/Downloads/Projects/StackLens-AI-Deploy/[39mnode_modules/[4msrc[24m/sqlite-core/query-builders/select.ts:884:15[90m)[39m
[2m[WebServer] [22m    at SQLiteSelectBase.execute [90m(/Users/deepak/Downloads/Projects/StackLens-AI-Deploy/[39mnode_modules/[4msrc[24m/sqlite-core/query-builders/select.ts:896:15[90m)[39m
[2m[WebServer] [22m    at SQLiteSelectBase.then [90m(/Users/deepak/Downloads/Projects/StackLens-AI-Deploy/[39mnode_modules/[4msrc[24m/query-promise.ts:31:15[90m)[39m
[2m[WebServer] [22m[90m    at process.processTicksAndRejections (node:internal/process/task_queues:105:5)[39m {
[2m[WebServer] [22m  code: [32m'SQLITE_ERROR'[39m
[2m[WebServer] [22m}
[2m[WebServer] [22mGet errors failed: SqliteError: no such column: error_logs.notes
[2m[WebServer] [22m    at Database.prepare [90m(/Users/deepak/Downloads/Projects/StackLens-AI-Deploy/[39mnode_modules/[4mbetter-sqlite3[24m/lib/methods/wrappers.js:5:21[90m)[39m
[2m[WebServer] [22m    at BetterSQLiteSession.prepareQuery [90m(/Users/deepak/Downloads/Projects/StackLens-AI-Deploy/[39mnode_modules/[4msrc[24m/better-sqlite3/session.ts:50:28[90m)[39m
[2m[WebServer] [22m    at BetterSQLiteSession.prepareOneTimeQuery [90m(/Users/deepak/Downloads/Projects/StackLens-AI-Deploy/[39mnode_modules/[4msrc[24m/sqlite-core/session.ts:135:15[90m)[39m
[2m[WebServer] [22m    at SQLiteSelectBase._prepare [90m(/Users/deepak/Downloads/Projects/StackLens-AI-Deploy/[39mnode_modules/[4msrc[24m/sqlite-core/query-builders/select.ts:865:85[90m)[39m
[2m[WebServer] [22m    at SQLiteSelectBase.all [90m(/Users/deepak/Downloads/Projects/StackLens-AI-Deploy/[39mnode_modules/[4msrc[24m/sqlite-core/query-builders/select.ts:884:15[90m)[39m
[2m[WebServer] [22m    at SQLiteSelectBase.execute [90m(/Users/deepak/Downloads/Projects/StackLens-AI-Deploy/[39mnode_modules/[4msrc[24m/sqlite-core/query-builders/select.ts:896:15[90m)[39m
[2m[WebServer] [22m    at SQLiteSelectBase.then [90m(/Users/deepak/Downloads/Projects/StackLens-AI-Deploy/[39mnode_modules/[4msrc[24m/query-promise.ts:31:15[90m)[39m
[2m[WebServer] [22m[90m    at process.processTicksAndRejections (node:internal/process/task_queues:105:5)[39m {
[2m[WebServer] [22m  code: [32m'SQLITE_ERROR'[39m
[2m[WebServer] [22m}
[2m[WebServer] [22mGet errors failed: SqliteError: no such column: error_logs.notes
[2m[WebServer] [22m    at Database.prepare [90m(/Users/deepak/Downloads/Projects/StackLens-AI-Deploy/[39mnode_modules/[4mbetter-sqlite3[24m/lib/methods/wrappers.js:5:21[90m)[39m
[2m[WebServer] [22m    at BetterSQLiteSession.prepareQuery [90m(/Users/deepak/Downloads/Projects/StackLens-AI-Deploy/[39mnode_modules/[4msrc[24m/better-sqlite3/session.ts:50:28[90m)[39m
[2m[WebServer] [22m    at BetterSQLiteSession.prepareOneTimeQuery [90m(/Users/deepak/Downloads/Projects/StackLens-AI-Deploy/[39mnode_modules/[4msrc[24m/sqlite-core/session.ts:135:15[90m)[39m
[2m[WebServer] [22m    at SQLiteSelectBase._prepare [90m(/Users/deepak/Downloads/Projects/StackLens-AI-Deploy/[39mnode_modules/[4msrc[24m/sqlite-core/query-builders/select.ts:865:85[90m)[39m
[2m[WebServer] [22m    at SQLiteSelectBase.all [90m(/Users/deepak/Downloads/Projects/StackLens-AI-Deploy/[39mnode_modules/[4msrc[24m/sqlite-core/query-builders/select.ts:884:15[90m)[39m
[2m[WebServer] [22m    at SQLiteSelectBase.execute [90m(/Users/deepak/Downloads/Projects/StackLens-AI-Deploy/[39mnode_modules/[4msrc[24m/sqlite-core/query-builders/select.ts:896:15[90m)[39m
[2m[WebServer] [22m    at SQLiteSelectBase.then [90m(/Users/deepak/Downloads/Projects/StackLens-AI-Deploy/[39mnode_modules/[4msrc[24m/query-promise.ts:31:15[90m)[39m
[2m[WebServer] [22m[90m    at process.processTicksAndRejections (node:internal/process/task_queues:105:5)[39m {
[2m[WebServer] [22m  code: [32m'SQLITE_ERROR'[39m
[2m[WebServer] [22m}
[2m[WebServer] [22mGet errors failed: SqliteError: no such column: error_logs.notes
[2m[WebServer] [22m    at Database.prepare [90m(/Users/deepak/Downloads/Projects/StackLens-AI-Deploy/[39mnode_modules/[4mbetter-sqlite3[24m/lib/methods/wrappers.js:5:21[90m)[39m
[2m[WebServer] [22m    at BetterSQLiteSession.prepareQuery [90m(/Users/deepak/Downloads/Projects/StackLens-AI-Deploy/[39mnode_modules/[4msrc[24m/better-sqlite3/session.ts:50:28[90m)[39m
[2m[WebServer] [22m    at BetterSQLiteSession.prepareOneTimeQuery [90m(/Users/deepak/Downloads/Projects/StackLens-AI-Deploy/[39mnode_modules/[4msrc[24m/sqlite-core/session.ts:135:15[90m)[39m
[2m[WebServer] [22m    at SQLiteSelectBase._prepare [90m(/Users/deepak/Downloads/Projects/StackLens-AI-Deploy/[39mnode_modules/[4msrc[24m/sqlite-core/query-builders/select.ts:865:85[90m)[39m
[2m[WebServer] [22m    at SQLiteSelectBase.all [90m(/Users/deepak/Downloads/Projects/StackLens-AI-Deploy/[39mnode_modules/[4msrc[24m/sqlite-core/query-builders/select.ts:884:15[90m)[39m
[2m[WebServer] [22m    at SQLiteSelectBase.execute [90m(/Users/deepak/Downloads/Projects/StackLens-AI-Deploy/[39mnode_modules/[4msrc[24m/sqlite-core/query-builders/select.ts:896:15[90m)[39m
[2m[WebServer] [22m    at SQLiteSelectBase.then [90m(/Users/deepak/Downloads/Projects/StackLens-AI-Deploy/[39mnode_modules/[4msrc[24m/query-promise.ts:31:15[90m)[39m
[2m[WebServer] [22m[90m    at process.processTicksAndRejections (node:internal/process/task_queues:105:5)[39m {
[2m[WebServer] [22m  code: [32m'SQLITE_ERROR'[39m
[2m[WebServer] [22m}
[2m[WebServer] [22mGet errors failed: SqliteError: no such column: error_logs.notes
[2m[WebServer] [22m    at Database.prepare [90m(/Users/deepak/Downloads/Projects/StackLens-AI-Deploy/[39mnode_modules/[4mbetter-sqlite3[24m/lib/methods/wrappers.js:5:21[90m)[39m
[2m[WebServer] [22m    at BetterSQLiteSession.prepareQuery [90m(/Users/deepak/Downloads/Projects/StackLens-AI-Deploy/[39mnode_modules/[4msrc[24m/better-sqlite3/session.ts:50:28[90m)[39m
[2m[WebServer] [22m    at BetterSQLiteSession.prepareOneTimeQuery [90m(/Users/deepak/Downloads/Projects/StackLens-AI-Deploy/[39mnode_modules/[4msrc[24m/sqlite-core/session.ts:135:15[90m)[39m
[2m[WebServer] [22m    at SQLiteSelectBase._prepare [90m(/Users/deepak/Downloads/Projects/StackLens-AI-Deploy/[39mnode_modules/[4msrc[24m/sqlite-core/query-builders/select.ts:865:85[90m)[39m
[2m[WebServer] [22m    at SQLiteSelectBase.all [90m(/Users/deepak/Downloads/Projects/StackLens-AI-Deploy/[39mnode_modules/[4msrc[24m/sqlite-core/query-builders/select.ts:884:15[90m)[39m
[2m[WebServer] [22m    at SQLiteSelectBase.execute [90m(/Users/deepak/Downloads/Projects/StackLens-AI-Deploy/[39mnode_modules/[4msrc[24m/sqlite-core/query-builders/select.ts:896:15[90m)[39m
[2m[WebServer] [22m    at SQLiteSelectBase.then [90m(/Users/deepak/Downloads/Projects/StackLens-AI-Deploy/[39mnode_modules/[4msrc[24m/query-promise.ts:31:15[90m)[39m
[2m[WebServer] [22m[90m    at process.processTicksAndRejections (node:internal/process/task_queues:105:5)[39m {
[2m[WebServer] [22m  code: [32m'SQLITE_ERROR'[39m
[2m[WebServer] [22m}
[2m[WebServer] [22mGet errors failed: SqliteError: no such column: error_logs.notes
[2m[WebServer] [22m    at Database.prepare [90m(/Users/deepak/Downloads/Projects/StackLens-AI-Deploy/[39mnode_modules/[4mbetter-sqlite3[24m/lib/methods/wrappers.js:5:21[90m)[39m
[2m[WebServer] [22m    at BetterSQLiteSession.prepareQuery [90m(/Users/deepak/Downloads/Projects/StackLens-AI-Deploy/[39mnode_modules/[4msrc[24m/better-sqlite3/session.ts:50:28[90m)[39m
[2m[WebServer] [22m    at BetterSQLiteSession.prepareOneTimeQuery [90m(/Users/deepak/Downloads/Projects/StackLens-AI-Deploy/[39mnode_modules/[4msrc[24m/sqlite-core/session.ts:135:15[90m)[39m
[2m[WebServer] [22m    at SQLiteSelectBase._prepare [90m(/Users/deepak/Downloads/Projects/StackLens-AI-Deploy/[39mnode_modules/[4msrc[24m/sqlite-core/query-builders/select.ts:865:85[90m)[39m
[2m[WebServer] [22m    at SQLiteSelectBase.all [90m(/Users/deepak/Downloads/Projects/StackLens-AI-Deploy/[39mnode_modules/[4msrc[24m/sqlite-core/query-builders/select.ts:884:15[90m)[39m
[2m[WebServer] [22m    at SQLiteSelectBase.execute [90m(/Users/deepak/Downloads/Projects/StackLens-AI-Deploy/[39mnode_modules/[4msrc[24m/sqlite-core/query-builders/select.ts:896:15[90m)[39m
[2m[WebServer] [22m    at SQLiteSelectBase.then [90m(/Users/deepak/Downloads/Projects/StackLens-AI-Deploy/[39mnode_modules/[4msrc[24m/query-promise.ts:31:15[90m)[39m
[2m[WebServer] [22m[90m    at process.processTicksAndRejections (node:internal/process/task_queues:105:5)[39m {
[2m[WebServer] [22m  code: [32m'SQLITE_ERROR'[39m
[2m[WebServer] [22m}
[2m[WebServer] [22mGet errors failed: SqliteError: no such column: error_logs.notes
[2m[WebServer] [22m    at Database.prepare [90m(/Users/deepak/Downloads/Projects/StackLens-AI-Deploy/[39mnode_modules/[4mbetter-sqlite3[24m/lib/methods/wrappers.js:5:21[90m)[39m
[2m[WebServer] [22m    at BetterSQLiteSession.prepareQuery [90m(/Users/deepak/Downloads/Projects/StackLens-AI-Deploy/[39mnode_modules/[4msrc[24m/better-sqlite3/session.ts:50:28[90m)[39m
[2m[WebServer] [22m    at BetterSQLiteSession.prepareOneTimeQuery [90m(/Users/deepak/Downloads/Projects/StackLens-AI-Deploy/[39mnode_modules/[4msrc[24m/sqlite-core/session.ts:135:15[90m)[39m
[2m[WebServer] [22m    at SQLiteSelectBase._prepare [90m(/Users/deepak/Downloads/Projects/StackLens-AI-Deploy/[39mnode_modules/[4msrc[24m/sqlite-core/query-builders/select.ts:865:85[90m)[39m
[2m[WebServer] [22m    at SQLiteSelectBase.all [90m(/Users/deepak/Downloads/Projects/StackLens-AI-Deploy/[39mnode_modules/[4msrc[24m/sqlite-core/query-builders/select.ts:884:15[90m)[39m
[2m[WebServer] [22m    at SQLiteSelectBase.execute [90m(/Users/deepak/Downloads/Projects/StackLens-AI-Deploy/[39mnode_modules/[4msrc[24m/sqlite-core/query-builders/select.ts:896:15[90m)[39m
[2m[WebServer] [22m    at SQLiteSelectBase.then [90m(/Users/deepak/Downloads/Projects/StackLens-AI-Deploy/[39mnode_modules/[4msrc[24m/query-promise.ts:31:15[90m)[39m
[2m[WebServer] [22m[90m    at process.processTicksAndRejections (node:internal/process/task_queues:105:5)[39m {
[2m[WebServer] [22m  code: [32m'SQLITE_ERROR'[39m
[2m[WebServer] [22m}
[2m[WebServer] [22mGet errors failed: SqliteError: no such column: error_logs.notes
[2m[WebServer] [22m    at Database.prepare [90m(/Users/deepak/Downloads/Projects/StackLens-AI-Deploy/[39mnode_modules/[4mbetter-sqlite3[24m/lib/methods/wrappers.js:5:21[90m)[39m
[2m[WebServer] [22m    at BetterSQLiteSession.prepareQuery [90m(/Users/deepak/Downloads/Projects/StackLens-AI-Deploy/[39mnode_modules/[4msrc[24m/better-sqlite3/session.ts:50:28[90m)[39m
[2m[WebServer] [22m    at BetterSQLiteSession.prepareOneTimeQuery [90m(/Users/deepak/Downloads/Projects/StackLens-AI-Deploy/[39mnode_modules/[4msrc[24m/sqlite-core/session.ts:135:15[90m)[39m
[2m[WebServer] [22m    at SQLiteSelectBase._prepare [90m(/Users/deepak/Downloads/Projects/StackLens-AI-Deploy/[39mnode_modules/[4msrc[24m/sqlite-core/query-builders/select.ts:865:85[90m)[39m
[2m[WebServer] [22m    at SQLiteSelectBase.all [90m(/Users/deepak/Downloads/Projects/StackLens-AI-Deploy/[39mnode_modules/[4msrc[24m/sqlite-core/query-builders/select.ts:884:15[90m)[39m
[2m[WebServer] [22m    at SQLiteSelectBase.execute [90m(/Users/deepak/Downloads/Projects/StackLens-AI-Deploy/[39mnode_modules/[4msrc[24m/sqlite-core/query-builders/select.ts:896:15[90m)[39m
[2m[WebServer] [22m    at SQLiteSelectBase.then [90m(/Users/deepak/Downloads/Projects/StackLens-AI-Deploy/[39mnode_modules/[4msrc[24m/query-promise.ts:31:15[90m)[39m
[2m[WebServer] [22m[90m    at process.processTicksAndRejections (node:internal/process/task_queues:105:5)[39m {
[2m[WebServer] [22m  code: [32m'SQLITE_ERROR'[39m
[2m[WebServer] [22m}
[2m[WebServer] [22mGet errors failed: SqliteError: no such column: error_logs.notes
[2m[WebServer] [22m    at Database.prepare [90m(/Users/deepak/Downloads/Projects/StackLens-AI-Deploy/[39mnode_modules/[4mbetter-sqlite3[24m/lib/methods/wrappers.js:5:21[90m)[39m
[2m[WebServer] [22m    at BetterSQLiteSession.prepareQuery [90m(/Users/deepak/Downloads/Projects/StackLens-AI-Deploy/[39mnode_modules/[4msrc[24m/better-sqlite3/session.ts:50:28[90m)[39m
[2m[WebServer] [22m    at BetterSQLiteSession.prepareOneTimeQuery [90m(/Users/deepak/Downloads/Projects/StackLens-AI-Deploy/[39mnode_modules/[4msrc[24m/sqlite-core/session.ts:135:15[90m)[39m
[2m[WebServer] [22m    at SQLiteSelectBase._prepare [90m(/Users/deepak/Downloads/Projects/StackLens-AI-Deploy/[39mnode_modules/[4msrc[24m/sqlite-core/query-builders/select.ts:865:85[90m)[39m
[2m[WebServer] [22m    at SQLiteSelectBase.all [90m(/Users/deepak/Downloads/Projects/StackLens-AI-Deploy/[39mnode_modules/[4msrc[24m/sqlite-core/query-builders/select.ts:884:15[90m)[39m
[2m[WebServer] [22m    at SQLiteSelectBase.execute [90m(/Users/deepak/Downloads/Projects/StackLens-AI-Deploy/[39mnode_modules/[4msrc[24m/sqlite-core/query-builders/select.ts:896:15[90m)[39m
[2m[WebServer] [22m    at SQLiteSelectBase.then [90m(/Users/deepak/Downloads/Projects/StackLens-AI-Deploy/[39mnode_modules/[4msrc[24m/query-promise.ts:31:15[90m)[39m
[2m[WebServer] [22m[90m    at process.processTicksAndRejections (node:internal/process/task_queues:105:5)[39m {
[2m[WebServer] [22m  code: [32m'SQLITE_ERROR'[39m
[2m[WebServer] [22m}
[2m[WebServer] [22mGet errors failed: SqliteError: no such column: error_logs.notes
[2m[WebServer] [22m    at Database.prepare [90m(/Users/deepak/Downloads/Projects/StackLens-AI-Deploy/[39mnode_modules/[4mbetter-sqlite3[24m/lib/methods/wrappers.js:5:21[90m)[39m
[2m[WebServer] [22m    at BetterSQLiteSession.prepareQuery [90m(/Users/deepak/Downloads/Projects/StackLens-AI-Deploy/[39mnode_modules/[4msrc[24m/better-sqlite3/session.ts:50:28[90m)[39m
[2m[WebServer] [22m    at BetterSQLiteSession.prepareOneTimeQuery [90m(/Users/deepak/Downloads/Projects/StackLens-AI-Deploy/[39mnode_modules/[4msrc[24m/sqlite-core/session.ts:135:15[90m)[39m
[2m[WebServer] [22m    at SQLiteSelectBase._prepare [90m(/Users/deepak/Downloads/Projects/StackLens-AI-Deploy/[39mnode_modules/[4msrc[24m/sqlite-core/query-builders/select.ts:865:85[90m)[39m
[2m[WebServer] [22m    at SQLiteSelectBase.all [90m(/Users/deepak/Downloads/Projects/StackLens-AI-Deploy/[39mnode_modules/[4msrc[24m/sqlite-core/query-builders/select.ts:884:15[90m)[39m
[2m[WebServer] [22m    at SQLiteSelectBase.execute [90m(/Users/deepak/Downloads/Projects/StackLens-AI-Deploy/[39mnode_modules/[4msrc[24m/sqlite-core/query-builders/select.ts:896:15[90m)[39m
[2m[WebServer] [22m    at SQLiteSelectBase.then [90m(/Users/deepak/Downloads/Projects/StackLens-AI-Deploy/[39mnode_modules/[4msrc[24m/query-promise.ts:31:15[90m)[39m
[2m[WebServer] [22m[90m    at process.processTicksAndRejections (node:internal/process/task_queues:105:5)[39m {
[2m[WebServer] [22m  code: [32m'SQLITE_ERROR'[39m
[2m[WebServer] [22m}
[2m[WebServer] [22mGet errors failed: SqliteError: no such column: error_logs.notes
[2m[WebServer] [22m    at Database.prepare [90m(/Users/deepak/Downloads/Projects/StackLens-AI-Deploy/[39mnode_modules/[4mbetter-sqlite3[24m/lib/methods/wrappers.js:5:21[90m)[39m
[2m[WebServer] [22m    at BetterSQLiteSession.prepareQuery [90m(/Users/deepak/Downloads/Projects/StackLens-AI-Deploy/[39mnode_modules/[4msrc[24m/better-sqlite3/session.ts:50:28[90m)[39m
[2m[WebServer] [22m    at BetterSQLiteSession.prepareOneTimeQuery [90m(/Users/deepak/Downloads/Projects/StackLens-AI-Deploy/[39mnode_modules/[4msrc[24m/sqlite-core/session.ts:135:15[90m)[39m
[2m[WebServer] [22m    at SQLiteSelectBase._prepare [90m(/Users/deepak/Downloads/Projects/StackLens-AI-Deploy/[39mnode_modules/[4msrc[24m/sqlite-core/query-builders/select.ts:865:85[90m)[39m
[2m[WebServer] [22m    at SQLiteSelectBase.all [90m(/Users/deepak/Downloads/Projects/StackLens-AI-Deploy/[39mnode_modules/[4msrc[24m/sqlite-core/query-builders/select.ts:884:15[90m)[39m
[2m[WebServer] [22m    at SQLiteSelectBase.execute [90m(/Users/deepak/Downloads/Projects/StackLens-AI-Deploy/[39mnode_modules/[4msrc[24m/sqlite-core/query-builders/select.ts:896:15[90m)[39m
[2m[WebServer] [22m    at SQLiteSelectBase.then [90m(/Users/deepak/Downloads/Projects/StackLens-AI-Deploy/[39mnode_modules/[4msrc[24m/query-promise.ts:31:15[90m)[39m
[2m[WebServer] [22m[90m    at process.processTicksAndRejections (node:internal/process/task_queues:105:5)[39m {
[2m[WebServer] [22m  code: [32m'SQLITE_ERROR'[39m
[2m[WebServer] [22m}
[2m[WebServer] [22mGet errors failed: SqliteError: no such column: error_logs.notes
[2m[WebServer] [22m    at Database.prepare [90m(/Users/deepak/Downloads/Projects/StackLens-AI-Deploy/[39mnode_modules/[4mbetter-sqlite3[24m/lib/methods/wrappers.js:5:21[90m)[39m
[2m[WebServer] [22m    at BetterSQLiteSession.prepareQuery [90m(/Users/deepak/Downloads/Projects/StackLens-AI-Deploy/[39mnode_modules/[4msrc[24m/better-sqlite3/session.ts:50:28[90m)[39m
[2m[WebServer] [22m    at BetterSQLiteSession.prepareOneTimeQuery [90m(/Users/deepak/Downloads/Projects/StackLens-AI-Deploy/[39mnode_modules/[4msrc[24m/sqlite-core/session.ts:135:15[90m)[39m
[2m[WebServer] [22m    at SQLiteSelectBase._prepare [90m(/Users/deepak/Downloads/Projects/StackLens-AI-Deploy/[39mnode_modules/[4msrc[24m/sqlite-core/query-builders/select.ts:865:85[90m)[39m
[2m[WebServer] [22m    at SQLiteSelectBase.all [90m(/Users/deepak/Downloads/Projects/StackLens-AI-Deploy/[39mnode_modules/[4msrc[24m/sqlite-core/query-builders/select.ts:884:15[90m)[39m
[2m[WebServer] [22m    at SQLiteSelectBase.execute [90m(/Users/deepak/Downloads/Projects/StackLens-AI-Deploy/[39mnode_modules/[4msrc[24m/sqlite-core/query-builders/select.ts:896:15[90m)[39m
[2m[WebServer] [22m    at SQLiteSelectBase.then [90m(/Users/deepak/Downloads/Projects/StackLens-AI-Deploy/[39mnode_modules/[4msrc[24m/query-promise.ts:31:15[90m)[39m
[2m[WebServer] [22m[90m    at process.processTicksAndRejections (node:internal/process/task_queues:105:5)[39m {
[2m[WebServer] [22m  code: [32m'SQLITE_ERROR'[39m
[2m[WebServer] [22m}
[2m[WebServer] [22mGet errors failed: SqliteError: no such column: error_logs.notes
[2m[WebServer] [22m    at Database.prepare [90m(/Users/deepak/Downloads/Projects/StackLens-AI-Deploy/[39mnode_modules/[4mbetter-sqlite3[24m/lib/methods/wrappers.js:5:21[90m)[39m
[2m[WebServer] [22m    at BetterSQLiteSession.prepareQuery [90m(/Users/deepak/Downloads/Projects/StackLens-AI-Deploy/[39mnode_modules/[4msrc[24m/better-sqlite3/session.ts:50:28[90m)[39m
[2m[WebServer] [22m    at BetterSQLiteSession.prepareOneTimeQuery [90m(/Users/deepak/Downloads/Projects/StackLens-AI-Deploy/[39mnode_modules/[4msrc[24m/sqlite-core/session.ts:135:15[90m)[39m
[2m[WebServer] [22m    at SQLiteSelectBase._prepare [90m(/Users/deepak/Downloads/Projects/StackLens-AI-Deploy/[39mnode_modules/[4msrc[24m/sqlite-core/query-builders/select.ts:865:85[90m)[39m
[2m[WebServer] [22m    at SQLiteSelectBase.all [90m(/Users/deepak/Downloads/Projects/StackLens-AI-Deploy/[39mnode_modules/[4msrc[24m/sqlite-core/query-builders/select.ts:884:15[90m)[39m
[2m[WebServer] [22m    at SQLiteSelectBase.execute [90m(/Users/deepak/Downloads/Projects/StackLens-AI-Deploy/[39mnode_modules/[4msrc[24m/sqlite-core/query-builders/select.ts:896:15[90m)[39m
[2m[WebServer] [22m    at SQLiteSelectBase.then [90m(/Users/deepak/Downloads/Projects/StackLens-AI-Deploy/[39mnode_modules/[4msrc[24m/query-promise.ts:31:15[90m)[39m
[2m[WebServer] [22m[90m    at process.processTicksAndRejections (node:internal/process/task_queues:105:5)[39m {
[2m[WebServer] [22m  code: [32m'SQLITE_ERROR'[39m
[2m[WebServer] [22m}
[2m[WebServer] [22mGet errors failed: SqliteError: no such column: error_logs.notes
[2m[WebServer] [22m    at Database.prepare [90m(/Users/deepak/Downloads/Projects/StackLens-AI-Deploy/[39mnode_modules/[4mbetter-sqlite3[24m/lib/methods/wrappers.js:5:21[90m)[39m
[2m[WebServer] [22m    at BetterSQLiteSession.prepareQuery [90m(/Users/deepak/Downloads/Projects/StackLens-AI-Deploy/[39mnode_modules/[4msrc[24m/better-sqlite3/session.ts:50:28[90m)[39m
[2m[WebServer] [22m    at BetterSQLiteSession.prepareOneTimeQuery [90m(/Users/deepak/Downloads/Projects/StackLens-AI-Deploy/[39mnode_modules/[4msrc[24m/sqlite-core/session.ts:135:15[90m)[39m
[2m[WebServer] [22m    at SQLiteSelectBase._prepare [90m(/Users/deepak/Downloads/Projects/StackLens-AI-Deploy/[39mnode_modules/[4msrc[24m/sqlite-core/query-builders/select.ts:865:85[90m)[39m
[2m[WebServer] [22m    at SQLiteSelectBase.all [90m(/Users/deepak/Downloads/Projects/StackLens-AI-Deploy/[39mnode_modules/[4msrc[24m/sqlite-core/query-builders/select.ts:884:15[90m)[39m
[2m[WebServer] [22m    at SQLiteSelectBase.execute [90m(/Users/deepak/Downloads/Projects/StackLens-AI-Deploy/[39mnode_modules/[4msrc[24m/sqlite-core/query-builders/select.ts:896:15[90m)[39m
[2m[WebServer] [22m    at SQLiteSelectBase.then [90m(/Users/deepak/Downloads/Projects/StackLens-AI-Deploy/[39mnode_modules/[4msrc[24m/query-promise.ts:31:15[90m)[39m
[2m[WebServer] [22m[90m    at process.processTicksAndRejections (node:internal/process/task_queues:105:5)[39m {
[2m[WebServer] [22m  code: [32m'SQLITE_ERROR'[39m
[2m[WebServer] [22m}
[2m[WebServer] [22mGet errors failed: SqliteError: no such column: error_logs.notes
[2m[WebServer] [22m    at Database.prepare [90m(/Users/deepak/Downloads/Projects/StackLens-AI-Deploy/[39mnode_modules/[4mbetter-sqlite3[24m/lib/methods/wrappers.js:5:21[90m)[39m
[2m[WebServer] [22m    at BetterSQLiteSession.prepareQuery [90m(/Users/deepak/Downloads/Projects/StackLens-AI-Deploy/[39mnode_modules/[4msrc[24m/better-sqlite3/session.ts:50:28[90m)[39m
[2m[WebServer] [22m    at BetterSQLiteSession.prepareOneTimeQuery [90m(/Users/deepak/Downloads/Projects/StackLens-AI-Deploy/[39mnode_modules/[4msrc[24m/sqlite-core/session.ts:135:15[90m)[39m
[2m[WebServer] [22m    at SQLiteSelectBase._prepare [90m(/Users/deepak/Downloads/Projects/StackLens-AI-Deploy/[39mnode_modules/[4msrc[24m/sqlite-core/query-builders/select.ts:865:85[90m)[39m
[2m[WebServer] [22m    at SQLiteSelectBase.all [90m(/Users/deepak/Downloads/Projects/StackLens-AI-Deploy/[39mnode_modules/[4msrc[24m/sqlite-core/query-builders/select.ts:884:15[90m)[39m
[2m[WebServer] [22m    at SQLiteSelectBase.execute [90m(/Users/deepak/Downloads/Projects/StackLens-AI-Deploy/[39mnode_modules/[4msrc[24m/sqlite-core/query-builders/select.ts:896:15[90m)[39m
[2m[WebServer] [22m    at SQLiteSelectBase.then [90m(/Users/deepak/Downloads/Projects/StackLens-AI-Deploy/[39mnode_modules/[4msrc[24m/query-promise.ts:31:15[90m)[39m
[2m[WebServer] [22m[90m    at process.processTicksAndRejections (node:internal/process/task_queues:105:5)[39m {
[2m[WebServer] [22m  code: [32m'SQLITE_ERROR'[39m
[2m[WebServer] [22m}
[2m[WebServer] [22mGet errors failed: SqliteError: no such column: error_logs.notes
[2m[WebServer] [22m    at Database.prepare [90m(/Users/deepak/Downloads/Projects/StackLens-AI-Deploy/[39mnode_modules/[4mbetter-sqlite3[24m/lib/methods/wrappers.js:5:21[90m)[39m
[2m[WebServer] [22m    at BetterSQLiteSession.prepareQuery [90m(/Users/deepak/Downloads/Projects/StackLens-AI-Deploy/[39mnode_modules/[4msrc[24m/better-sqlite3/session.ts:50:28[90m)[39m
[2m[WebServer] [22m    at BetterSQLiteSession.prepareOneTimeQuery [90m(/Users/deepak/Downloads/Projects/StackLens-AI-Deploy/[39mnode_modules/[4msrc[24m/sqlite-core/session.ts:135:15[90m)[39m
[2m[WebServer] [22m    at SQLiteSelectBase._prepare [90m(/Users/deepak/Downloads/Projects/StackLens-AI-Deploy/[39mnode_modules/[4msrc[24m/sqlite-core/query-builders/select.ts:865:85[90m)[39m
[2m[WebServer] [22m    at SQLiteSelectBase.all [90m(/Users/deepak/Downloads/Projects/StackLens-AI-Deploy/[39mnode_modules/[4msrc[24m/sqlite-core/query-builders/select.ts:884:15[90m)[39m
[2m[WebServer] [22m    at SQLiteSelectBase.execute [90m(/Users/deepak/Downloads/Projects/StackLens-AI-Deploy/[39mnode_modules/[4msrc[24m/sqlite-core/query-builders/select.ts:896:15[90m)[39m
[2m[WebServer] [22m    at SQLiteSelectBase.then [90m(/Users/deepak/Downloads/Projects/StackLens-AI-Deploy/[39mnode_modules/[4msrc[24m/query-promise.ts:31:15[90m)[39m
[2m[WebServer] [22m[90m    at process.processTicksAndRejections (node:internal/process/task_queues:105:5)[39m {
[2m[WebServer] [22m  code: [32m'SQLITE_ERROR'[39m
[2m[WebServer] [22m}
[2m[WebServer] [22mGet errors failed: SqliteError: no such column: error_logs.notes
[2m[WebServer] [22m    at Database.prepare [90m(/Users/deepak/Downloads/Projects/StackLens-AI-Deploy/[39mnode_modules/[4mbetter-sqlite3[24m/lib/methods/wrappers.js:5:21[90m)[39m
[2m[WebServer] [22m    at BetterSQLiteSession.prepareQuery [90m(/Users/deepak/Downloads/Projects/StackLens-AI-Deploy/[39mnode_modules/[4msrc[24m/better-sqlite3/session.ts:50:28[90m)[39m
[2m[WebServer] [22m    at BetterSQLiteSession.prepareOneTimeQuery [90m(/Users/deepak/Downloads/Projects/StackLens-AI-Deploy/[39mnode_modules/[4msrc[24m/sqlite-core/session.ts:135:15[90m)[39m
[2m[WebServer] [22m    at SQLiteSelectBase._prepare [90m(/Users/deepak/Downloads/Projects/StackLens-AI-Deploy/[39mnode_modules/[4msrc[24m/sqlite-core/query-builders/select.ts:865:85[90m)[39m
[2m[WebServer] [22m    at SQLiteSelectBase.all [90m(/Users/deepak/Downloads/Projects/StackLens-AI-Deploy/[39mnode_modules/[4msrc[24m/sqlite-core/query-builders/select.ts:884:15[90m)[39m
[2m[WebServer] [22m    at SQLiteSelectBase.execute [90m(/Users/deepak/Downloads/Projects/StackLens-AI-Deploy/[39mnode_modules/[4msrc[24m/sqlite-core/query-builders/select.ts:896:15[90m)[39m
[2m[WebServer] [22m    at SQLiteSelectBase.then [90m(/Users/deepak/Downloads/Projects/StackLens-AI-Deploy/[39mnode_modules/[4msrc[24m/query-promise.ts:31:15[90m)[39m
[2m[WebServer] [22m[90m    at process.processTicksAndRejections (node:internal/process/task_queues:105:5)[39m {
[2m[WebServer] [22m  code: [32m'SQLITE_ERROR'[39m
[2m[WebServer] [22m}
[2m[WebServer] [22mGet errors failed: SqliteError: no such column: error_logs.notes
[2m[WebServer] [22m    at Database.prepare [90m(/Users/deepak/Downloads/Projects/StackLens-AI-Deploy/[39mnode_modules/[4mbetter-sqlite3[24m/lib/methods/wrappers.js:5:21[90m)[39m
[2m[WebServer] [22m    at BetterSQLiteSession.prepareQuery [90m(/Users/deepak/Downloads/Projects/StackLens-AI-Deploy/[39mnode_modules/[4msrc[24m/better-sqlite3/session.ts:50:28[90m)[39m
[2m[WebServer] [22m    at BetterSQLiteSession.prepareOneTimeQuery [90m(/Users/deepak/Downloads/Projects/StackLens-AI-Deploy/[39mnode_modules/[4msrc[24m/sqlite-core/session.ts:135:15[90m)[39m
[2m[WebServer] [22m    at SQLiteSelectBase._prepare [90m(/Users/deepak/Downloads/Projects/StackLens-AI-Deploy/[39mnode_modules/[4msrc[24m/sqlite-core/query-builders/select.ts:865:85[90m)[39m
[2m[WebServer] [22m    at SQLiteSelectBase.all [90m(/Users/deepak/Downloads/Projects/StackLens-AI-Deploy/[39mnode_modules/[4msrc[24m/sqlite-core/query-builders/select.ts:884:15[90m)[39m
[2m[WebServer] [22m    at SQLiteSelectBase.execute [90m(/Users/deepak/Downloads/Projects/StackLens-AI-Deploy/[39mnode_modules/[4msrc[24m/sqlite-core/query-builders/select.ts:896:15[90m)[39m
[2m[WebServer] [22m    at SQLiteSelectBase.then [90m(/Users/deepak/Downloads/Projects/StackLens-AI-Deploy/[39mnode_modules/[4msrc[24m/query-promise.ts:31:15[90m)[39m
[2m[WebServer] [22m[90m    at process.processTicksAndRejections (node:internal/process/task_queues:105:5)[39m {
[2m[WebServer] [22m  code: [32m'SQLITE_ERROR'[39m
[2m[WebServer] [22m}
[2m[WebServer] [22mGet errors failed: SqliteError: no such column: error_logs.notes
[2m[WebServer] [22m    at Database.prepare [90m(/Users/deepak/Downloads/Projects/StackLens-AI-Deploy/[39mnode_modules/[4mbetter-sqlite3[24m/lib/methods/wrappers.js:5:21[90m)[39m
[2m[WebServer] [22m    at BetterSQLiteSession.prepareQuery [90m(/Users/deepak/Downloads/Projects/StackLens-AI-Deploy/[39mnode_modules/[4msrc[24m/better-sqlite3/session.ts:50:28[90m)[39m
[2m[WebServer] [22m    at BetterSQLiteSession.prepareOneTimeQuery [90m(/Users/deepak/Downloads/Projects/StackLens-AI-Deploy/[39mnode_modules/[4msrc[24m/sqlite-core/session.ts:135:15[90m)[39m
[2m[WebServer] [22m    at SQLiteSelectBase._prepare [90m(/Users/deepak/Downloads/Projects/StackLens-AI-Deploy/[39mnode_modules/[4msrc[24m/sqlite-core/query-builders/select.ts:865:85[90m)[39m
[2m[WebServer] [22m    at SQLiteSelectBase.all [90m(/Users/deepak/Downloads/Projects/StackLens-AI-Deploy/[39mnode_modules/[4msrc[24m/sqlite-core/query-builders/select.ts:884:15[90m)[39m
[2m[WebServer] [22m    at SQLiteSelectBase.execute [90m(/Users/deepak/Downloads/Projects/StackLens-AI-Deploy/[39mnode_modules/[4msrc[24m/sqlite-core/query-builders/select.ts:896:15[90m)[39m
[2m[WebServer] [22m    at SQLiteSelectBase.then [90m(/Users/deepak/Downloads/Projects/StackLens-AI-Deploy/[39mnode_modules/[4msrc[24m/query-promise.ts:31:15[90m)[39m
[2m[WebServer] [22m[90m    at process.processTicksAndRejections (node:internal/process/task_queues:105:5)[39m {
[2m[WebServer] [22m  code: [32m'SQLITE_ERROR'[39m
[2m[WebServer] [22m}
[2m[WebServer] [22mGet errors failed: SqliteError: no such column: error_logs.notes
[2m[WebServer] [22m    at Database.prepare [90m(/Users/deepak/Downloads/Projects/StackLens-AI-Deploy/[39mnode_modules/[4mbetter-sqlite3[24m/lib/methods/wrappers.js:5:21[90m)[39m
[2m[WebServer] [22m    at BetterSQLiteSession.prepareQuery [90m(/Users/deepak/Downloads/Projects/StackLens-AI-Deploy/[39mnode_modules/[4msrc[24m/better-sqlite3/session.ts:50:28[90m)[39m
[2m[WebServer] [22m    at BetterSQLiteSession.prepareOneTimeQuery [90m(/Users/deepak/Downloads/Projects/StackLens-AI-Deploy/[39mnode_modules/[4msrc[24m/sqlite-core/session.ts:135:15[90m)[39m
[2m[WebServer] [22m    at SQLiteSelectBase._prepare [90m(/Users/deepak/Downloads/Projects/StackLens-AI-Deploy/[39mnode_modules/[4msrc[24m/sqlite-core/query-builders/select.ts:865:85[90m)[39m
[2m[WebServer] [22m    at SQLiteSelectBase.all [90m(/Users/deepak/Downloads/Projects/StackLens-AI-Deploy/[39mnode_modules/[4msrc[24m/sqlite-core/query-builders/select.ts:884:15[90m)[39m
[2m[WebServer] [22m    at SQLiteSelectBase.execute [90m(/Users/deepak/Downloads/Projects/StackLens-AI-Deploy/[39mnode_modules/[4msrc[24m/sqlite-core/query-builders/select.ts:896:15[90m)[39m
[2m[WebServer] [22m    at SQLiteSelectBase.then [90m(/Users/deepak/Downloads/Projects/StackLens-AI-Deploy/[39mnode_modules/[4msrc[24m/query-promise.ts:31:15[90m)[39m
[2m[WebServer] [22m[90m    at process.processTicksAndRejections (node:internal/process/task_queues:105:5)[39m {
[2m[WebServer] [22m  code: [32m'SQLITE_ERROR'[39m
[2m[WebServer] [22m}
[2m[WebServer] [22mGet errors failed: SqliteError: no such column: error_logs.notes
[2m[WebServer] [22m    at Database.prepare [90m(/Users/deepak/Downloads/Projects/StackLens-AI-Deploy/[39mnode_modules/[4mbetter-sqlite3[24m/lib/methods/wrappers.js:5:21[90m)[39m
[2m[WebServer] [22m    at BetterSQLiteSession.prepareQuery [90m(/Users/deepak/Downloads/Projects/StackLens-AI-Deploy/[39mnode_modules/[4msrc[24m/better-sqlite3/session.ts:50:28[90m)[39m
[2m[WebServer] [22m    at BetterSQLiteSession.prepareOneTimeQuery [90m(/Users/deepak/Downloads/Projects/StackLens-AI-Deploy/[39mnode_modules/[4msrc[24m/sqlite-core/session.ts:135:15[90m)[39m
[2m[WebServer] [22m    at SQLiteSelectBase._prepare [90m(/Users/deepak/Downloads/Projects/StackLens-AI-Deploy/[39mnode_modules/[4msrc[24m/sqlite-core/query-builders/select.ts:865:85[90m)[39m
[2m[WebServer] [22m    at SQLiteSelectBase.all [90m(/Users/deepak/Downloads/Projects/StackLens-AI-Deploy/[39mnode_modules/[4msrc[24m/sqlite-core/query-builders/select.ts:884:15[90m)[39m
[2m[WebServer] [22m    at SQLiteSelectBase.execute [90m(/Users/deepak/Downloads/Projects/StackLens-AI-Deploy/[39mnode_modules/[4msrc[24m/sqlite-core/query-builders/select.ts:896:15[90m)[39m
[2m[WebServer] [22m    at SQLiteSelectBase.then [90m(/Users/deepak/Downloads/Projects/StackLens-AI-Deploy/[39mnode_modules/[4msrc[24m/query-promise.ts:31:15[90m)[39m
[2m[WebServer] [22m[90m    at process.processTicksAndRejections (node:internal/process/task_queues:105:5)[39m {
[2m[WebServer] [22m  code: [32m'SQLITE_ERROR'[39m
[2m[WebServer] [22m}
[2m[WebServer] [22mGet errors failed: SqliteError: no such column: error_logs.notes
[2m[WebServer] [22m    at Database.prepare [90m(/Users/deepak/Downloads/Projects/StackLens-AI-Deploy/[39mnode_modules/[4mbetter-sqlite3[24m/lib/methods/wrappers.js:5:21[90m)[39m
[2m[WebServer] [22m    at BetterSQLiteSession.prepareQuery [90m(/Users/deepak/Downloads/Projects/StackLens-AI-Deploy/[39mnode_modules/[4msrc[24m/better-sqlite3/session.ts:50:28[90m)[39m
[2m[WebServer] [22m    at BetterSQLiteSession.prepareOneTimeQuery [90m(/Users/deepak/Downloads/Projects/StackLens-AI-Deploy/[39mnode_modules/[4msrc[24m/sqlite-core/session.ts:135:15[90m)[39m
[2m[WebServer] [22m    at SQLiteSelectBase._prepare [90m(/Users/deepak/Downloads/Projects/StackLens-AI-Deploy/[39mnode_modules/[4msrc[24m/sqlite-core/query-builders/select.ts:865:85[90m)[39m
[2m[WebServer] [22m    at SQLiteSelectBase.all [90m(/Users/deepak/Downloads/Projects/StackLens-AI-Deploy/[39mnode_modules/[4msrc[24m/sqlite-core/query-builders/select.ts:884:15[90m)[39m
[2m[WebServer] [22m    at SQLiteSelectBase.execute [90m(/Users/deepak/Downloads/Projects/StackLens-AI-Deploy/[39mnode_modules/[4msrc[24m/sqlite-core/query-builders/select.ts:896:15[90m)[39m
[2m[WebServer] [22m    at SQLiteSelectBase.then [90m(/Users/deepak/Downloads/Projects/StackLens-AI-Deploy/[39mnode_modules/[4msrc[24m/query-promise.ts:31:15[90m)[39m
[2m[WebServer] [22m[90m    at process.processTicksAndRejections (node:internal/process/task_queues:105:5)[39m {
[2m[WebServer] [22m  code: [32m'SQLITE_ERROR'[39m
[2m[WebServer] [22m}
[2m[WebServer] [22mGet errors failed: SqliteError: no such column: error_logs.notes
[2m[WebServer] [22m    at Database.prepare [90m(/Users/deepak/Downloads/Projects/StackLens-AI-Deploy/[39mnode_modules/[4mbetter-sqlite3[24m/lib/methods/wrappers.js:5:21[90m)[39m
[2m[WebServer] [22m    at BetterSQLiteSession.prepareQuery [90m(/Users/deepak/Downloads/Projects/StackLens-AI-Deploy/[39mnode_modules/[4msrc[24m/better-sqlite3/session.ts:50:28[90m)[39m
[2m[WebServer] [22m    at BetterSQLiteSession.prepareOneTimeQuery [90m(/Users/deepak/Downloads/Projects/StackLens-AI-Deploy/[39mnode_modules/[4msrc[24m/sqlite-core/session.ts:135:15[90m)[39m
[2m[WebServer] [22m    at SQLiteSelectBase._prepare [90m(/Users/deepak/Downloads/Projects/StackLens-AI-Deploy/[39mnode_modules/[4msrc[24m/sqlite-core/query-builders/select.ts:865:85[90m)[39m
[2m[WebServer] [22m    at SQLiteSelectBase.all [90m(/Users/deepak/Downloads/Projects/StackLens-AI-Deploy/[39mnode_modules/[4msrc[24m/sqlite-core/query-builders/select.ts:884:15[90m)[39m
[2m[WebServer] [22m    at SQLiteSelectBase.execute [90m(/Users/deepak/Downloads/Projects/StackLens-AI-Deploy/[39mnode_modules/[4msrc[24m/sqlite-core/query-builders/select.ts:896:15[90m)[39m
[2m[WebServer] [22m    at SQLiteSelectBase.then [90m(/Users/deepak/Downloads/Projects/StackLens-AI-Deploy/[39mnode_modules/[4msrc[24m/query-promise.ts:31:15[90m)[39m
[2m[WebServer] [22m[90m    at process.processTicksAndRejections (node:internal/process/task_queues:105:5)[39m {
[2m[WebServer] [22m  code: [32m'SQLITE_ERROR'[39m
[2m[WebServer] [22m}
[2m[WebServer] [22mGet errors failed: SqliteError: no such column: error_logs.notes
[2m[WebServer] [22m    at Database.prepare [90m(/Users/deepak/Downloads/Projects/StackLens-AI-Deploy/[39mnode_modules/[4mbetter-sqlite3[24m/lib/methods/wrappers.js:5:21[90m)[39m
[2m[WebServer] [22m    at BetterSQLiteSession.prepareQuery [90m(/Users/deepak/Downloads/Projects/StackLens-AI-Deploy/[39mnode_modules/[4msrc[24m/better-sqlite3/session.ts:50:28[90m)[39m
[2m[WebServer] [22m    at BetterSQLiteSession.prepareOneTimeQuery [90m(/Users/deepak/Downloads/Projects/StackLens-AI-Deploy/[39mnode_modules/[4msrc[24m/sqlite-core/session.ts:135:15[90m)[39m
[2m[WebServer] [22m    at SQLiteSelectBase._prepare [90m(/Users/deepak/Downloads/Projects/StackLens-AI-Deploy/[39mnode_modules/[4msrc[24m/sqlite-core/query-builders/select.ts:865:85[90m)[39m
[2m[WebServer] [22m    at SQLiteSelectBase.all [90m(/Users/deepak/Downloads/Projects/StackLens-AI-Deploy/[39mnode_modules/[4msrc[24m/sqlite-core/query-builders/select.ts:884:15[90m)[39m
[2m[WebServer] [22m    at SQLiteSelectBase.execute [90m(/Users/deepak/Downloads/Projects/StackLens-AI-Deploy/[39mnode_modules/[4msrc[24m/sqlite-core/query-builders/select.ts:896:15[90m)[39m
[2m[WebServer] [22m    at SQLiteSelectBase.then [90m(/Users/deepak/Downloads/Projects/StackLens-AI-Deploy/[39mnode_modules/[4msrc[24m/query-promise.ts:31:15[90m)[39m
[2m[WebServer] [22m[90m    at process.processTicksAndRejections (node:internal/process/task_queues:105:5)[39m {
[2m[WebServer] [22m  code: [32m'SQLITE_ERROR'[39m
[2m[WebServer] [22m}
[2m[WebServer] [22mGet errors failed: SqliteError: no such column: error_logs.notes
[2m[WebServer] [22m    at Database.prepare [90m(/Users/deepak/Downloads/Projects/StackLens-AI-Deploy/[39mnode_modules/[4mbetter-sqlite3[24m/lib/methods/wrappers.js:5:21[90m)[39m
[2m[WebServer] [22m    at BetterSQLiteSession.prepareQuery [90m(/Users/deepak/Downloads/Projects/StackLens-AI-Deploy/[39mnode_modules/[4msrc[24m/better-sqlite3/session.ts:50:28[90m)[39m
[2m[WebServer] [22m    at BetterSQLiteSession.prepareOneTimeQuery [90m(/Users/deepak/Downloads/Projects/StackLens-AI-Deploy/[39mnode_modules/[4msrc[24m/sqlite-core/session.ts:135:15[90m)[39m
[2m[WebServer] [22m    at SQLiteSelectBase._prepare [90m(/Users/deepak/Downloads/Projects/StackLens-AI-Deploy/[39mnode_modules/[4msrc[24m/sqlite-core/query-builders/select.ts:865:85[90m)[39m
[2m[WebServer] [22m    at SQLiteSelectBase.all [90m(/Users/deepak/Downloads/Projects/StackLens-AI-Deploy/[39mnode_modules/[4msrc[24m/sqlite-core/query-builders/select.ts:884:15[90m)[39m
[2m[WebServer] [22m    at SQLiteSelectBase.execute [90m(/Users/deepak/Downloads/Projects/StackLens-AI-Deploy/[39mnode_modules/[4msrc[24m/sqlite-core/query-builders/select.ts:896:15[90m)[39m
[2m[WebServer] [22m    at SQLiteSelectBase.then [90m(/Users/deepak/Downloads/Projects/StackLens-AI-Deploy/[39mnode_modules/[4msrc[24m/query-promise.ts:31:15[90m)[39m
[2m[WebServer] [22m[90m    at process.processTicksAndRejections (node:internal/process/task_queues:105:5)[39m {
[2m[WebServer] [22m  code: [32m'SQLITE_ERROR'[39m
[2m[WebServer] [22m}
[2m[WebServer] [22mGet errors failed: SqliteError: no such column: error_logs.notes
[2m[WebServer] [22m    at Database.prepare [90m(/Users/deepak/Downloads/Projects/StackLens-AI-Deploy/[39mnode_modules/[4mbetter-sqlite3[24m/lib/methods/wrappers.js:5:21[90m)[39m
[2m[WebServer] [22m    at BetterSQLiteSession.prepareQuery [90m(/Users/deepak/Downloads/Projects/StackLens-AI-Deploy/[39mnode_modules/[4msrc[24m/better-sqlite3/session.ts:50:28[90m)[39m
[2m[WebServer] [22m    at BetterSQLiteSession.prepareOneTimeQuery [90m(/Users/deepak/Downloads/Projects/StackLens-AI-Deploy/[39mnode_modules/[4msrc[24m/sqlite-core/session.ts:135:15[90m)[39m
[2m[WebServer] [22m    at SQLiteSelectBase._prepare [90m(/Users/deepak/Downloads/Projects/StackLens-AI-Deploy/[39mnode_modules/[4msrc[24m/sqlite-core/query-builders/select.ts:865:85[90m)[39m
[2m[WebServer] [22m    at SQLiteSelectBase.all [90m(/Users/deepak/Downloads/Projects/StackLens-AI-Deploy/[39mnode_modules/[4msrc[24m/sqlite-core/query-builders/select.ts:884:15[90m)[39m
[2m[WebServer] [22m    at SQLiteSelectBase.execute [90m(/Users/deepak/Downloads/Projects/StackLens-AI-Deploy/[39mnode_modules/[4msrc[24m/sqlite-core/query-builders/select.ts:896:15[90m)[39m
[2m[WebServer] [22m    at SQLiteSelectBase.then [90m(/Users/deepak/Downloads/Projects/StackLens-AI-Deploy/[39mnode_modules/[4msrc[24m/query-promise.ts:31:15[90m)[39m
[2m[WebServer] [22m[90m    at process.processTicksAndRejections (node:internal/process/task_queues:105:5)[39m {
[2m[WebServer] [22m  code: [32m'SQLITE_ERROR'[39m
[2m[WebServer] [22m}
[2m[WebServer] [22mGet errors failed: SqliteError: no such column: error_logs.notes
[2m[WebServer] [22m    at Database.prepare [90m(/Users/deepak/Downloads/Projects/StackLens-AI-Deploy/[39mnode_modules/[4mbetter-sqlite3[24m/lib/methods/wrappers.js:5:21[90m)[39m
[2m[WebServer] [22m    at BetterSQLiteSession.prepareQuery [90m(/Users/deepak/Downloads/Projects/StackLens-AI-Deploy/[39mnode_modules/[4msrc[24m/better-sqlite3/session.ts:50:28[90m)[39m
[2m[WebServer] [22m    at BetterSQLiteSession.prepareOneTimeQuery [90m(/Users/deepak/Downloads/Projects/StackLens-AI-Deploy/[39mnode_modules/[4msrc[24m/sqlite-core/session.ts:135:15[90m)[39m
[2m[WebServer] [22m    at SQLiteSelectBase._prepare [90m(/Users/deepak/Downloads/Projects/StackLens-AI-Deploy/[39mnode_modules/[4msrc[24m/sqlite-core/query-builders/select.ts:865:85[90m)[39m
[2m[WebServer] [22m    at SQLiteSelectBase.all [90m(/Users/deepak/Downloads/Projects/StackLens-AI-Deploy/[39mnode_modules/[4msrc[24m/sqlite-core/query-builders/select.ts:884:15[90m)[39m
[2m[WebServer] [22m    at SQLiteSelectBase.execute [90m(/Users/deepak/Downloads/Projects/StackLens-AI-Deploy/[39mnode_modules/[4msrc[24m/sqlite-core/query-builders/select.ts:896:15[90m)[39m
[2m[WebServer] [22m    at SQLiteSelectBase.then [90m(/Users/deepak/Downloads/Projects/StackLens-AI-Deploy/[39mnode_modules/[4msrc[24m/query-promise.ts:31:15[90m)[39m
[2m[WebServer] [22m[90m    at process.processTicksAndRejections (node:internal/process/task_queues:105:5)[39m {
[2m[WebServer] [22m  code: [32m'SQLITE_ERROR'[39m
[2m[WebServer] [22m}
[2m[WebServer] [22mGet errors failed: SqliteError: no such column: error_logs.notes
[2m[WebServer] [22m    at Database.prepare [90m(/Users/deepak/Downloads/Projects/StackLens-AI-Deploy/[39mnode_modules/[4mbetter-sqlite3[24m/lib/methods/wrappers.js:5:21[90m)[39m
[2m[WebServer] [22m    at BetterSQLiteSession.prepareQuery [90m(/Users/deepak/Downloads/Projects/StackLens-AI-Deploy/[39mnode_modules/[4msrc[24m/better-sqlite3/session.ts:50:28[90m)[39m
[2m[WebServer] [22m    at BetterSQLiteSession.prepareOneTimeQuery [90m(/Users/deepak/Downloads/Projects/StackLens-AI-Deploy/[39mnode_modules/[4msrc[24m/sqlite-core/session.ts:135:15[90m)[39m
[2m[WebServer] [22m    at SQLiteSelectBase._prepare [90m(/Users/deepak/Downloads/Projects/StackLens-AI-Deploy/[39mnode_modules/[4msrc[24m/sqlite-core/query-builders/select.ts:865:85[90m)[39m
[2m[WebServer] [22m    at SQLiteSelectBase.all [90m(/Users/deepak/Downloads/Projects/StackLens-AI-Deploy/[39mnode_modules/[4msrc[24m/sqlite-core/query-builders/select.ts:884:15[90m)[39m
[2m[WebServer] [22m    at SQLiteSelectBase.execute [90m(/Users/deepak/Downloads/Projects/StackLens-AI-Deploy/[39mnode_modules/[4msrc[24m/sqlite-core/query-builders/select.ts:896:15[90m)[39m
[2m[WebServer] [22m    at SQLiteSelectBase.then [90m(/Users/deepak/Downloads/Projects/StackLens-AI-Deploy/[39mnode_modules/[4msrc[24m/query-promise.ts:31:15[90m)[39m
[2m[WebServer] [22m[90m    at process.processTicksAndRejections (node:internal/process/task_queues:105:5)[39m {
[2m[WebServer] [22m  code: [32m'SQLITE_ERROR'[39m
[2m[WebServer] [22m}
[2m[WebServer] [22mGet errors failed: SqliteError: no such column: error_logs.notes
[2m[WebServer] [22m    at Database.prepare [90m(/Users/deepak/Downloads/Projects/StackLens-AI-Deploy/[39mnode_modules/[4mbetter-sqlite3[24m/lib/methods/wrappers.js:5:21[90m)[39m
[2m[WebServer] [22m    at BetterSQLiteSession.prepareQuery [90m(/Users/deepak/Downloads/Projects/StackLens-AI-Deploy/[39mnode_modules/[4msrc[24m/better-sqlite3/session.ts:50:28[90m)[39m
[2m[WebServer] [22m    at BetterSQLiteSession.prepareOneTimeQuery [90m(/Users/deepak/Downloads/Projects/StackLens-AI-Deploy/[39mnode_modules/[4msrc[24m/sqlite-core/session.ts:135:15[90m)[39m
[2m[WebServer] [22m    at SQLiteSelectBase._prepare [90m(/Users/deepak/Downloads/Projects/StackLens-AI-Deploy/[39mnode_modules/[4msrc[24m/sqlite-core/query-builders/select.ts:865:85[90m)[39m
[2m[WebServer] [22m    at SQLiteSelectBase.all [90m(/Users/deepak/Downloads/Projects/StackLens-AI-Deploy/[39mnode_modules/[4msrc[24m/sqlite-core/query-builders/select.ts:884:15[90m)[39m
[2m[WebServer] [22m    at SQLiteSelectBase.execute [90m(/Users/deepak/Downloads/Projects/StackLens-AI-Deploy/[39mnode_modules/[4msrc[24m/sqlite-core/query-builders/select.ts:896:15[90m)[39m
[2m[WebServer] [22m    at SQLiteSelectBase.then [90m(/Users/deepak/Downloads/Projects/StackLens-AI-Deploy/[39mnode_modules/[4msrc[24m/query-promise.ts:31:15[90m)[39m
[2m[WebServer] [22m[90m    at process.processTicksAndRejections (node:internal/process/task_queues:105:5)[39m {
[2m[WebServer] [22m  code: [32m'SQLITE_ERROR'[39m
[2m[WebServer] [22m}
[2m[WebServer] [22mGet errors failed: SqliteError: no such column: error_logs.notes
[2m[WebServer] [22m    at Database.prepare [90m(/Users/deepak/Downloads/Projects/StackLens-AI-Deploy/[39mnode_modules/[4mbetter-sqlite3[24m/lib/methods/wrappers.js:5:21[90m)[39m
[2m[WebServer] [22m    at BetterSQLiteSession.prepareQuery [90m(/Users/deepak/Downloads/Projects/StackLens-AI-Deploy/[39mnode_modules/[4msrc[24m/better-sqlite3/session.ts:50:28[90m)[39m
[2m[WebServer] [22m    at BetterSQLiteSession.prepareOneTimeQuery [90m(/Users/deepak/Downloads/Projects/StackLens-AI-Deploy/[39mnode_modules/[4msrc[24m/sqlite-core/session.ts:135:15[90m)[39m
[2m[WebServer] [22m    at SQLiteSelectBase._prepare [90m(/Users/deepak/Downloads/Projects/StackLens-AI-Deploy/[39mnode_modules/[4msrc[24m/sqlite-core/query-builders/select.ts:865:85[90m)[39m
[2m[WebServer] [22m    at SQLiteSelectBase.all [90m(/Users/deepak/Downloads/Projects/StackLens-AI-Deploy/[39mnode_modules/[4msrc[24m/sqlite-core/query-builders/select.ts:884:15[90m)[39m
[2m[WebServer] [22m    at SQLiteSelectBase.execute [90m(/Users/deepak/Downloads/Projects/StackLens-AI-Deploy/[39mnode_modules/[4msrc[24m/sqlite-core/query-builders/select.ts:896:15[90m)[39m
[2m[WebServer] [22m    at SQLiteSelectBase.then [90m(/Users/deepak/Downloads/Projects/StackLens-AI-Deploy/[39mnode_modules/[4msrc[24m/query-promise.ts:31:15[90m)[39m
[2m[WebServer] [22m[90m    at process.processTicksAndRejections (node:internal/process/task_queues:105:5)[39m {
[2m[WebServer] [22m  code: [32m'SQLITE_ERROR'[39m
[2m[WebServer] [22m}
[2m[WebServer] [22mGet errors failed: SqliteError: no such column: error_logs.notes
[2m[WebServer] [22m    at Database.prepare [90m(/Users/deepak/Downloads/Projects/StackLens-AI-Deploy/[39mnode_modules/[4mbetter-sqlite3[24m/lib/methods/wrappers.js:5:21[90m)[39m
[2m[WebServer] [22m    at BetterSQLiteSession.prepareQuery [90m(/Users/deepak/Downloads/Projects/StackLens-AI-Deploy/[39mnode_modules/[4msrc[24m/better-sqlite3/session.ts:50:28[90m)[39m
[2m[WebServer] [22m    at BetterSQLiteSession.prepareOneTimeQuery [90m(/Users/deepak/Downloads/Projects/StackLens-AI-Deploy/[39mnode_modules/[4msrc[24m/sqlite-core/session.ts:135:15[90m)[39m
[2m[WebServer] [22m    at SQLiteSelectBase._prepare [90m(/Users/deepak/Downloads/Projects/StackLens-AI-Deploy/[39mnode_modules/[4msrc[24m/sqlite-core/query-builders/select.ts:865:85[90m)[39m
[2m[WebServer] [22m    at SQLiteSelectBase.all [90m(/Users/deepak/Downloads/Projects/StackLens-AI-Deploy/[39mnode_modules/[4msrc[24m/sqlite-core/query-builders/select.ts:884:15[90m)[39m
[2m[WebServer] [22m    at SQLiteSelectBase.execute [90m(/Users/deepak/Downloads/Projects/StackLens-AI-Deploy/[39mnode_modules/[4msrc[24m/sqlite-core/query-builders/select.ts:896:15[90m)[39m
[2m[WebServer] [22m    at SQLiteSelectBase.then [90m(/Users/deepak/Downloads/Projects/StackLens-AI-Deploy/[39mnode_modules/[4msrc[24m/query-promise.ts:31:15[90m)[39m
[2m[WebServer] [22m[90m    at process.processTicksAndRejections (node:internal/process/task_queues:105:5)[39m {
[2m[WebServer] [22m  code: [32m'SQLITE_ERROR'[39m
[2m[WebServer] [22m}
[2m[WebServer] [22mGet errors failed: SqliteError: no such column: error_logs.notes
[2m[WebServer] [22m    at Database.prepare [90m(/Users/deepak/Downloads/Projects/StackLens-AI-Deploy/[39mnode_modules/[4mbetter-sqlite3[24m/lib/methods/wrappers.js:5:21[90m)[39m
[2m[WebServer] [22m    at BetterSQLiteSession.prepareQuery [90m(/Users/deepak/Downloads/Projects/StackLens-AI-Deploy/[39mnode_modules/[4msrc[24m/better-sqlite3/session.ts:50:28[90m)[39m
[2m[WebServer] [22m    at BetterSQLiteSession.prepareOneTimeQuery [90m(/Users/deepak/Downloads/Projects/StackLens-AI-Deploy/[39mnode_modules/[4msrc[24m/sqlite-core/session.ts:135:15[90m)[39m
[2m[WebServer] [22m    at SQLiteSelectBase._prepare [90m(/Users/deepak/Downloads/Projects/StackLens-AI-Deploy/[39mnode_modules/[4msrc[24m/sqlite-core/query-builders/select.ts:865:85[90m)[39m
[2m[WebServer] [22m    at SQLiteSelectBase.all [90m(/Users/deepak/Downloads/Projects/StackLens-AI-Deploy/[39mnode_modules/[4msrc[24m/sqlite-core/query-builders/select.ts:884:15[90m)[39m
[2m[WebServer] [22m    at SQLiteSelectBase.execute [90m(/Users/deepak/Downloads/Projects/StackLens-AI-Deploy/[39mnode_modules/[4msrc[24m/sqlite-core/query-builders/select.ts:896:15[90m)[39m
[2m[WebServer] [22m    at SQLiteSelectBase.then [90m(/Users/deepak/Downloads/Projects/StackLens-AI-Deploy/[39mnode_modules/[4msrc[24m/query-promise.ts:31:15[90m)[39m
[2m[WebServer] [22m[90m    at process.processTicksAndRejections (node:internal/process/task_queues:105:5)[39m {
[2m[WebServer] [22m  code: [32m'SQLITE_ERROR'[39m
[2m[WebServer] [22m}
[2m[WebServer] [22mGet errors failed: SqliteError: no such column: error_logs.notes
[2m[WebServer] [22m    at Database.prepare [90m(/Users/deepak/Downloads/Projects/StackLens-AI-Deploy/[39mnode_modules/[4mbetter-sqlite3[24m/lib/methods/wrappers.js:5:21[90m)[39m
[2m[WebServer] [22m    at BetterSQLiteSession.prepareQuery [90m(/Users/deepak/Downloads/Projects/StackLens-AI-Deploy/[39mnode_modules/[4msrc[24m/better-sqlite3/session.ts:50:28[90m)[39m
[2m[WebServer] [22m    at BetterSQLiteSession.prepareOneTimeQuery [90m(/Users/deepak/Downloads/Projects/StackLens-AI-Deploy/[39mnode_modules/[4msrc[24m/sqlite-core/session.ts:135:15[90m)[39m
[2m[WebServer] [22m    at SQLiteSelectBase._prepare [90m(/Users/deepak/Downloads/Projects/StackLens-AI-Deploy/[39mnode_modules/[4msrc[24m/sqlite-core/query-builders/select.ts:865:85[90m)[39m
[2m[WebServer] [22m    at SQLiteSelectBase.all [90m(/Users/deepak/Downloads/Projects/StackLens-AI-Deploy/[39mnode_modules/[4msrc[24m/sqlite-core/query-builders/select.ts:884:15[90m)[39m
[2m[WebServer] [22m    at SQLiteSelectBase.execute [90m(/Users/deepak/Downloads/Projects/StackLens-AI-Deploy/[39mnode_modules/[4msrc[24m/sqlite-core/query-builders/select.ts:896:15[90m)[39m
[2m[WebServer] [22m    at SQLiteSelectBase.then [90m(/Users/deepak/Downloads/Projects/StackLens-AI-Deploy/[39mnode_modules/[4msrc[24m/query-promise.ts:31:15[90m)[39m
[2m[WebServer] [22m[90m    at process.processTicksAndRejections (node:internal/process/task_queues:105:5)[39m {
[2m[WebServer] [22m  code: [32m'SQLITE_ERROR'[39m
[2m[WebServer] [22m}
[2m[WebServer] [22mGet errors failed: SqliteError: no such column: error_logs.notes
[2m[WebServer] [22m    at Database.prepare [90m(/Users/deepak/Downloads/Projects/StackLens-AI-Deploy/[39mnode_modules/[4mbetter-sqlite3[24m/lib/methods/wrappers.js:5:21[90m)[39m
[2m[WebServer] [22m    at BetterSQLiteSession.prepareQuery [90m(/Users/deepak/Downloads/Projects/StackLens-AI-Deploy/[39mnode_modules/[4msrc[24m/better-sqlite3/session.ts:50:28[90m)[39m
[2m[WebServer] [22m    at BetterSQLiteSession.prepareOneTimeQuery [90m(/Users/deepak/Downloads/Projects/StackLens-AI-Deploy/[39mnode_modules/[4msrc[24m/sqlite-core/session.ts:135:15[90m)[39m
[2m[WebServer] [22m    at SQLiteSelectBase._prepare [90m(/Users/deepak/Downloads/Projects/StackLens-AI-Deploy/[39mnode_modules/[4msrc[24m/sqlite-core/query-builders/select.ts:865:85[90m)[39m
[2m[WebServer] [22m    at SQLiteSelectBase.all [90m(/Users/deepak/Downloads/Projects/StackLens-AI-Deploy/[39mnode_modules/[4msrc[24m/sqlite-core/query-builders/select.ts:884:15[90m)[39m
[2m[WebServer] [22m    at SQLiteSelectBase.execute [90m(/Users/deepak/Downloads/Projects/StackLens-AI-Deploy/[39mnode_modules/[4msrc[24m/sqlite-core/query-builders/select.ts:896:15[90m)[39m
[2m[WebServer] [22m    at SQLiteSelectBase.then [90m(/Users/deepak/Downloads/Projects/StackLens-AI-Deploy/[39mnode_modules/[4msrc[24m/query-promise.ts:31:15[90m)[39m
[2m[WebServer] [22m[90m    at process.processTicksAndRejections (node:internal/process/task_queues:105:5)[39m {
[2m[WebServer] [22m  code: [32m'SQLITE_ERROR'[39m
[2m[WebServer] [22m}
[2m[WebServer] [22mGet errors failed: SqliteError: no such column: error_logs.notes
[2m[WebServer] [22m    at Database.prepare [90m(/Users/deepak/Downloads/Projects/StackLens-AI-Deploy/[39mnode_modules/[4mbetter-sqlite3[24m/lib/methods/wrappers.js:5:21[90m)[39m
[2m[WebServer] [22m    at BetterSQLiteSession.prepareQuery [90m(/Users/deepak/Downloads/Projects/StackLens-AI-Deploy/[39mnode_modules/[4msrc[24m/better-sqlite3/session.ts:50:28[90m)[39m
[2m[WebServer] [22m    at BetterSQLiteSession.prepareOneTimeQuery [90m(/Users/deepak/Downloads/Projects/StackLens-AI-Deploy/[39mnode_modules/[4msrc[24m/sqlite-core/session.ts:135:15[90m)[39m
[2m[WebServer] [22m    at SQLiteSelectBase._prepare [90m(/Users/deepak/Downloads/Projects/StackLens-AI-Deploy/[39mnode_modules/[4msrc[24m/sqlite-core/query-builders/select.ts:865:85[90m)[39m
[2m[WebServer] [22m    at SQLiteSelectBase.all [90m(/Users/deepak/Downloads/Projects/StackLens-AI-Deploy/[39mnode_modules/[4msrc[24m/sqlite-core/query-builders/select.ts:884:15[90m)[39m
[2m[WebServer] [22m    at SQLiteSelectBase.execute [90m(/Users/deepak/Downloads/Projects/StackLens-AI-Deploy/[39mnode_modules/[4msrc[24m/sqlite-core/query-builders/select.ts:896:15[90m)[39m
[2m[WebServer] [22m    at SQLiteSelectBase.then [90m(/Users/deepak/Downloads/Projects/StackLens-AI-Deploy/[39mnode_modules/[4msrc[24m/query-promise.ts:31:15[90m)[39m
[2m[WebServer] [22m[90m    at process.processTicksAndRejections (node:internal/process/task_queues:105:5)[39m {
[2m[WebServer] [22m  code: [32m'SQLITE_ERROR'[39m
[2m[WebServer] [22m}
[2m[WebServer] [22mGet errors failed: SqliteError: no such column: error_logs.notes
[2m[WebServer] [22m    at Database.prepare [90m(/Users/deepak/Downloads/Projects/StackLens-AI-Deploy/[39mnode_modules/[4mbetter-sqlite3[24m/lib/methods/wrappers.js:5:21[90m)[39m
[2m[WebServer] [22m    at BetterSQLiteSession.prepareQuery [90m(/Users/deepak/Downloads/Projects/StackLens-AI-Deploy/[39mnode_modules/[4msrc[24m/better-sqlite3/session.ts:50:28[90m)[39m
[2m[WebServer] [22m    at BetterSQLiteSession.prepareOneTimeQuery [90m(/Users/deepak/Downloads/Projects/StackLens-AI-Deploy/[39mnode_modules/[4msrc[24m/sqlite-core/session.ts:135:15[90m)[39m
[2m[WebServer] [22m    at SQLiteSelectBase._prepare [90m(/Users/deepak/Downloads/Projects/StackLens-AI-Deploy/[39mnode_modules/[4msrc[24m/sqlite-core/query-builders/select.ts:865:85[90m)[39m
[2m[WebServer] [22m    at SQLiteSelectBase.all [90m(/Users/deepak/Downloads/Projects/StackLens-AI-Deploy/[39mnode_modules/[4msrc[24m/sqlite-core/query-builders/select.ts:884:15[90m)[39m
[2m[WebServer] [22m    at SQLiteSelectBase.execute [90m(/Users/deepak/Downloads/Projects/StackLens-AI-Deploy/[39mnode_modules/[4msrc[24m/sqlite-core/query-builders/select.ts:896:15[90m)[39m
[2m[WebServer] [22m    at SQLiteSelectBase.then [90m(/Users/deepak/Downloads/Projects/StackLens-AI-Deploy/[39mnode_modules/[4msrc[24m/query-promise.ts:31:15[90m)[39m
[2m[WebServer] [22m[90m    at process.processTicksAndRejections (node:internal/process/task_queues:105:5)[39m {
[2m[WebServer] [22m  code: [32m'SQLITE_ERROR'[39m
[2m[WebServer] [22m}
[2m[WebServer] [22mGet errors failed: SqliteError: no such column: error_logs.notes
[2m[WebServer] [22m    at Database.prepare [90m(/Users/deepak/Downloads/Projects/StackLens-AI-Deploy/[39mnode_modules/[4mbetter-sqlite3[24m/lib/methods/wrappers.js:5:21[90m)[39m
[2m[WebServer] [22m    at BetterSQLiteSession.prepareQuery [90m(/Users/deepak/Downloads/Projects/StackLens-AI-Deploy/[39mnode_modules/[4msrc[24m/better-sqlite3/session.ts:50:28[90m)[39m
[2m[WebServer] [22m    at BetterSQLiteSession.prepareOneTimeQuery [90m(/Users/deepak/Downloads/Projects/StackLens-AI-Deploy/[39mnode_modules/[4msrc[24m/sqlite-core/session.ts:135:15[90m)[39m
[2m[WebServer] [22m    at SQLiteSelectBase._prepare [90m(/Users/deepak/Downloads/Projects/StackLens-AI-Deploy/[39mnode_modules/[4msrc[24m/sqlite-core/query-builders/select.ts:865:85[90m)[39m
[2m[WebServer] [22m    at SQLiteSelectBase.all [90m(/Users/deepak/Downloads/Projects/StackLens-AI-Deploy/[39mnode_modules/[4msrc[24m/sqlite-core/query-builders/select.ts:884:15[90m)[39m
[2m[WebServer] [22m    at SQLiteSelectBase.execute [90m(/Users/deepak/Downloads/Projects/StackLens-AI-Deploy/[39mnode_modules/[4msrc[24m/sqlite-core/query-builders/select.ts:896:15[90m)[39m
[2m[WebServer] [22m    at SQLiteSelectBase.then [90m(/Users/deepak/Downloads/Projects/StackLens-AI-Deploy/[39mnode_modules/[4msrc[24m/query-promise.ts:31:15[90m)[39m
[2m[WebServer] [22m[90m    at process.processTicksAndRejections (node:internal/process/task_queues:105:5)[39m {
[2m[WebServer] [22m  code: [32m'SQLITE_ERROR'[39m
[2m[WebServer] [22m}
[2m[WebServer] [22mGet errors failed: SqliteError: no such column: error_logs.notes
[2m[WebServer] [22m    at Database.prepare [90m(/Users/deepak/Downloads/Projects/StackLens-AI-Deploy/[39mnode_modules/[4mbetter-sqlite3[24m/lib/methods/wrappers.js:5:21[90m)[39m
[2m[WebServer] [22m    at BetterSQLiteSession.prepareQuery [90m(/Users/deepak/Downloads/Projects/StackLens-AI-Deploy/[39mnode_modules/[4msrc[24m/better-sqlite3/session.ts:50:28[90m)[39m
[2m[WebServer] [22m    at BetterSQLiteSession.prepareOneTimeQuery [90m(/Users/deepak/Downloads/Projects/StackLens-AI-Deploy/[39mnode_modules/[4msrc[24m/sqlite-core/session.ts:135:15[90m)[39m
[2m[WebServer] [22m    at SQLiteSelectBase._prepare [90m(/Users/deepak/Downloads/Projects/StackLens-AI-Deploy/[39mnode_modules/[4msrc[24m/sqlite-core/query-builders/select.ts:865:85[90m)[39m
[2m[WebServer] [22m    at SQLiteSelectBase.all [90m(/Users/deepak/Downloads/Projects/StackLens-AI-Deploy/[39mnode_modules/[4msrc[24m/sqlite-core/query-builders/select.ts:884:15[90m)[39m
[2m[WebServer] [22m    at SQLiteSelectBase.execute [90m(/Users/deepak/Downloads/Projects/StackLens-AI-Deploy/[39mnode_modules/[4msrc[24m/sqlite-core/query-builders/select.ts:896:15[90m)[39m
[2m[WebServer] [22m    at SQLiteSelectBase.then [90m(/Users/deepak/Downloads/Projects/StackLens-AI-Deploy/[39mnode_modules/[4msrc[24m/query-promise.ts:31:15[90m)[39m
[2m[WebServer] [22m[90m    at process.processTicksAndRejections (node:internal/process/task_queues:105:5)[39m {
[2m[WebServer] [22m  code: [32m'SQLITE_ERROR'[39m
[2m[WebServer] [22m}
[2m[WebServer] [22mGet errors failed: SqliteError: no such column: error_logs.notes
[2m[WebServer] [22m    at Database.prepare [90m(/Users/deepak/Downloads/Projects/StackLens-AI-Deploy/[39mnode_modules/[4mbetter-sqlite3[24m/lib/methods/wrappers.js:5:21[90m)[39m
[2m[WebServer] [22m    at BetterSQLiteSession.prepareQuery [90m(/Users/deepak/Downloads/Projects/StackLens-AI-Deploy/[39mnode_modules/[4msrc[24m/better-sqlite3/session.ts:50:28[90m)[39m
[2m[WebServer] [22m    at BetterSQLiteSession.prepareOneTimeQuery [90m(/Users/deepak/Downloads/Projects/StackLens-AI-Deploy/[39mnode_modules/[4msrc[24m/sqlite-core/session.ts:135:15[90m)[39m
[2m[WebServer] [22m    at SQLiteSelectBase._prepare [90m(/Users/deepak/Downloads/Projects/StackLens-AI-Deploy/[39mnode_modules/[4msrc[24m/sqlite-core/query-builders/select.ts:865:85[90m)[39m
[2m[WebServer] [22m    at SQLiteSelectBase.all [90m(/Users/deepak/Downloads/Projects/StackLens-AI-Deploy/[39mnode_modules/[4msrc[24m/sqlite-core/query-builders/select.ts:884:15[90m)[39m
[2m[WebServer] [22m    at SQLiteSelectBase.execute [90m(/Users/deepak/Downloads/Projects/StackLens-AI-Deploy/[39mnode_modules/[4msrc[24m/sqlite-core/query-builders/select.ts:896:15[90m)[39m
[2m[WebServer] [22m    at SQLiteSelectBase.then [90m(/Users/deepak/Downloads/Projects/StackLens-AI-Deploy/[39mnode_modules/[4msrc[24m/query-promise.ts:31:15[90m)[39m
[2m[WebServer] [22m[90m    at process.processTicksAndRejections (node:internal/process/task_queues:105:5)[39m {
[2m[WebServer] [22m  code: [32m'SQLITE_ERROR'[39m
[2m[WebServer] [22m}
[2m[WebServer] [22mGet errors failed: SqliteError: no such column: error_logs.notes
[2m[WebServer] [22m    at Database.prepare [90m(/Users/deepak/Downloads/Projects/StackLens-AI-Deploy/[39mnode_modules/[4mbetter-sqlite3[24m/lib/methods/wrappers.js:5:21[90m)[39m
[2m[WebServer] [22m    at BetterSQLiteSession.prepareQuery [90m(/Users/deepak/Downloads/Projects/StackLens-AI-Deploy/[39mnode_modules/[4msrc[24m/better-sqlite3/session.ts:50:28[90m)[39m
[2m[WebServer] [22m    at BetterSQLiteSession.prepareOneTimeQuery [90m(/Users/deepak/Downloads/Projects/StackLens-AI-Deploy/[39mnode_modules/[4msrc[24m/sqlite-core/session.ts:135:15[90m)[39m
[2m[WebServer] [22m    at SQLiteSelectBase._prepare [90m(/Users/deepak/Downloads/Projects/StackLens-AI-Deploy/[39mnode_modules/[4msrc[24m/sqlite-core/query-builders/select.ts:865:85[90m)[39m
[2m[WebServer] [22m    at SQLiteSelectBase.all [90m(/Users/deepak/Downloads/Projects/StackLens-AI-Deploy/[39mnode_modules/[4msrc[24m/sqlite-core/query-builders/select.ts:884:15[90m)[39m
[2m[WebServer] [22m    at SQLiteSelectBase.execute [90m(/Users/deepak/Downloads/Projects/StackLens-AI-Deploy/[39mnode_modules/[4msrc[24m/sqlite-core/query-builders/select.ts:896:15[90m)[39m
[2m[WebServer] [22m    at SQLiteSelectBase.then [90m(/Users/deepak/Downloads/Projects/StackLens-AI-Deploy/[39mnode_modules/[4msrc[24m/query-promise.ts:31:15[90m)[39m
[2m[WebServer] [22m[90m    at process.processTicksAndRejections (node:internal/process/task_queues:105:5)[39m {
[2m[WebServer] [22m  code: [32m'SQLITE_ERROR'[39m
[2m[WebServer] [22m}
[2m[WebServer] [22mGet errors failed: SqliteError: no such column: error_logs.notes
[2m[WebServer] [22m    at Database.prepare [90m(/Users/deepak/Downloads/Projects/StackLens-AI-Deploy/[39mnode_modules/[4mbetter-sqlite3[24m/lib/methods/wrappers.js:5:21[90m)[39m
[2m[WebServer] [22m    at BetterSQLiteSession.prepareQuery [90m(/Users/deepak/Downloads/Projects/StackLens-AI-Deploy/[39mnode_modules/[4msrc[24m/better-sqlite3/session.ts:50:28[90m)[39m
[2m[WebServer] [22m    at BetterSQLiteSession.prepareOneTimeQuery [90m(/Users/deepak/Downloads/Projects/StackLens-AI-Deploy/[39mnode_modules/[4msrc[24m/sqlite-core/session.ts:135:15[90m)[39m
[2m[WebServer] [22m    at SQLiteSelectBase._prepare [90m(/Users/deepak/Downloads/Projects/StackLens-AI-Deploy/[39mnode_modules/[4msrc[24m/sqlite-core/query-builders/select.ts:865:85[90m)[39m
[2m[WebServer] [22m    at SQLiteSelectBase.all [90m(/Users/deepak/Downloads/Projects/StackLens-AI-Deploy/[39mnode_modules/[4msrc[24m/sqlite-core/query-builders/select.ts:884:15[90m)[39m
[2m[WebServer] [22m    at SQLiteSelectBase.execute [90m(/Users/deepak/Downloads/Projects/StackLens-AI-Deploy/[39mnode_modules/[4msrc[24m/sqlite-core/query-builders/select.ts:896:15[90m)[39m
[2m[WebServer] [22m    at SQLiteSelectBase.then [90m(/Users/deepak/Downloads/Projects/StackLens-AI-Deploy/[39mnode_modules/[4msrc[24m/query-promise.ts:31:15[90m)[39m
[2m[WebServer] [22m[90m    at process.processTicksAndRejections (node:internal/process/task_queues:105:5)[39m {
[2m[WebServer] [22m  code: [32m'SQLITE_ERROR'[39m
[2m[WebServer] [22m}
[2m[WebServer] [22mGet errors failed: SqliteError: no such column: error_logs.notes
[2m[WebServer] [22m    at Database.prepare [90m(/Users/deepak/Downloads/Projects/StackLens-AI-Deploy/[39mnode_modules/[4mbetter-sqlite3[24m/lib/methods/wrappers.js:5:21[90m)[39m
[2m[WebServer] [22m    at BetterSQLiteSession.prepareQuery [90m(/Users/deepak/Downloads/Projects/StackLens-AI-Deploy/[39mnode_modules/[4msrc[24m/better-sqlite3/session.ts:50:28[90m)[39m
[2m[WebServer] [22m    at BetterSQLiteSession.prepareOneTimeQuery [90m(/Users/deepak/Downloads/Projects/StackLens-AI-Deploy/[39mnode_modules/[4msrc[24m/sqlite-core/session.ts:135:15[90m)[39m
[2m[WebServer] [22m    at SQLiteSelectBase._prepare [90m(/Users/deepak/Downloads/Projects/StackLens-AI-Deploy/[39mnode_modules/[4msrc[24m/sqlite-core/query-builders/select.ts:865:85[90m)[39m
[2m[WebServer] [22m    at SQLiteSelectBase.all [90m(/Users/deepak/Downloads/Projects/StackLens-AI-Deploy/[39mnode_modules/[4msrc[24m/sqlite-core/query-builders/select.ts:884:15[90m)[39m
[2m[WebServer] [22m    at SQLiteSelectBase.execute [90m(/Users/deepak/Downloads/Projects/StackLens-AI-Deploy/[39mnode_modules/[4msrc[24m/sqlite-core/query-builders/select.ts:896:15[90m)[39m
[2m[WebServer] [22m    at SQLiteSelectBase.then [90m(/Users/deepak/Downloads/Projects/StackLens-AI-Deploy/[39mnode_modules/[4msrc[24m/query-promise.ts:31:15[90m)[39m
[2m[WebServer] [22m[90m    at process.processTicksAndRejections (node:internal/process/task_queues:105:5)[39m {
[2m[WebServer] [22m  code: [32m'SQLITE_ERROR'[39m
[2m[WebServer] [22m}
[2m[WebServer] [22mGet errors failed: SqliteError: no such column: error_logs.notes
[2m[WebServer] [22m    at Database.prepare [90m(/Users/deepak/Downloads/Projects/StackLens-AI-Deploy/[39mnode_modules/[4mbetter-sqlite3[24m/lib/methods/wrappers.js:5:21[90m)[39m
[2m[WebServer] [22m    at BetterSQLiteSession.prepareQuery [90m(/Users/deepak/Downloads/Projects/StackLens-AI-Deploy/[39mnode_modules/[4msrc[24m/better-sqlite3/session.ts:50:28[90m)[39m
[2m[WebServer] [22m    at BetterSQLiteSession.prepareOneTimeQuery [90m(/Users/deepak/Downloads/Projects/StackLens-AI-Deploy/[39mnode_modules/[4msrc[24m/sqlite-core/session.ts:135:15[90m)[39m
[2m[WebServer] [22m    at SQLiteSelectBase._prepare [90m(/Users/deepak/Downloads/Projects/StackLens-AI-Deploy/[39mnode_modules/[4msrc[24m/sqlite-core/query-builders/select.ts:865:85[90m)[39m
[2m[WebServer] [22m    at SQLiteSelectBase.all [90m(/Users/deepak/Downloads/Projects/StackLens-AI-Deploy/[39mnode_modules/[4msrc[24m/sqlite-core/query-builders/select.ts:884:15[90m)[39m
[2m[WebServer] [22m    at SQLiteSelectBase.execute [90m(/Users/deepak/Downloads/Projects/StackLens-AI-Deploy/[39mnode_modules/[4msrc[24m/sqlite-core/query-builders/select.ts:896:15[90m)[39m
[2m[WebServer] [22m    at SQLiteSelectBase.then [90m(/Users/deepak/Downloads/Projects/StackLens-AI-Deploy/[39mnode_modules/[4msrc[24m/query-promise.ts:31:15[90m)[39m
[2m[WebServer] [22m[90m    at process.processTicksAndRejections (node:internal/process/task_queues:105:5)[39m {
[2m[WebServer] [22m  code: [32m'SQLITE_ERROR'[39m
[2m[WebServer] [22m}
[2m[WebServer] [22mGet errors failed: SqliteError: no such column: error_logs.notes
[2m[WebServer] [22m    at Database.prepare [90m(/Users/deepak/Downloads/Projects/StackLens-AI-Deploy/[39mnode_modules/[4mbetter-sqlite3[24m/lib/methods/wrappers.js:5:21[90m)[39m
[2m[WebServer] [22m    at BetterSQLiteSession.prepareQuery [90m(/Users/deepak/Downloads/Projects/StackLens-AI-Deploy/[39mnode_modules/[4msrc[24m/better-sqlite3/session.ts:50:28[90m)[39m
[2m[WebServer] [22m    at BetterSQLiteSession.prepareOneTimeQuery [90m(/Users/deepak/Downloads/Projects/StackLens-AI-Deploy/[39mnode_modules/[4msrc[24m/sqlite-core/session.ts:135:15[90m)[39m
[2m[WebServer] [22m    at SQLiteSelectBase._prepare [90m(/Users/deepak/Downloads/Projects/StackLens-AI-Deploy/[39mnode_modules/[4msrc[24m/sqlite-core/query-builders/select.ts:865:85[90m)[39m
[2m[WebServer] [22m    at SQLiteSelectBase.all [90m(/Users/deepak/Downloads/Projects/StackLens-AI-Deploy/[39mnode_modules/[4msrc[24m/sqlite-core/query-builders/select.ts:884:15[90m)[39m
[2m[WebServer] [22m    at SQLiteSelectBase.execute [90m(/Users/deepak/Downloads/Projects/StackLens-AI-Deploy/[39mnode_modules/[4msrc[24m/sqlite-core/query-builders/select.ts:896:15[90m)[39m
[2m[WebServer] [22m    at SQLiteSelectBase.then [90m(/Users/deepak/Downloads/Projects/StackLens-AI-Deploy/[39mnode_modules/[4msrc[24m/query-promise.ts:31:15[90m)[39m
[2m[WebServer] [22m[90m    at process.processTicksAndRejections (node:internal/process/task_queues:105:5)[39m {
[2m[WebServer] [22m  code: [32m'SQLITE_ERROR'[39m
[2m[WebServer] [22m}
[2m[WebServer] [22mGet errors failed: SqliteError: no such column: error_logs.notes
[2m[WebServer] [22m    at Database.prepare [90m(/Users/deepak/Downloads/Projects/StackLens-AI-Deploy/[39mnode_modules/[4mbetter-sqlite3[24m/lib/methods/wrappers.js:5:21[90m)[39m
[2m[WebServer] [22m    at BetterSQLiteSession.prepareQuery [90m(/Users/deepak/Downloads/Projects/StackLens-AI-Deploy/[39mnode_modules/[4msrc[24m/better-sqlite3/session.ts:50:28[90m)[39m
[2m[WebServer] [22m    at BetterSQLiteSession.prepareOneTimeQuery [90m(/Users/deepak/Downloads/Projects/StackLens-AI-Deploy/[39mnode_modules/[4msrc[24m/sqlite-core/session.ts:135:15[90m)[39m
[2m[WebServer] [22m    at SQLiteSelectBase._prepare [90m(/Users/deepak/Downloads/Projects/StackLens-AI-Deploy/[39mnode_modules/[4msrc[24m/sqlite-core/query-builders/select.ts:865:85[90m)[39m
[2m[WebServer] [22m    at SQLiteSelectBase.all [90m(/Users/deepak/Downloads/Projects/StackLens-AI-Deploy/[39mnode_modules/[4msrc[24m/sqlite-core/query-builders/select.ts:884:15[90m)[39m
[2m[WebServer] [22m    at SQLiteSelectBase.execute [90m(/Users/deepak/Downloads/Projects/StackLens-AI-Deploy/[39mnode_modules/[4msrc[24m/sqlite-core/query-builders/select.ts:896:15[90m)[39m
[2m[WebServer] [22m    at SQLiteSelectBase.then [90m(/Users/deepak/Downloads/Projects/StackLens-AI-Deploy/[39mnode_modules/[4msrc[24m/query-promise.ts:31:15[90m)[39m
[2m[WebServer] [22m[90m    at process.processTicksAndRejections (node:internal/process/task_queues:105:5)[39m {
[2m[WebServer] [22m  code: [32m'SQLITE_ERROR'[39m
[2m[WebServer] [22m}
[2m[WebServer] [22mGet errors failed: SqliteError: no such column: error_logs.notes
[2m[WebServer] [22m    at Database.prepare [90m(/Users/deepak/Downloads/Projects/StackLens-AI-Deploy/[39mnode_modules/[4mbetter-sqlite3[24m/lib/methods/wrappers.js:5:21[90m)[39m
[2m[WebServer] [22m    at BetterSQLiteSession.prepareQuery [90m(/Users/deepak/Downloads/Projects/StackLens-AI-Deploy/[39mnode_modules/[4msrc[24m/better-sqlite3/session.ts:50:28[90m)[39m
[2m[WebServer] [22m    at BetterSQLiteSession.prepareOneTimeQuery [90m(/Users/deepak/Downloads/Projects/StackLens-AI-Deploy/[39mnode_modules/[4msrc[24m/sqlite-core/session.ts:135:15[90m)[39m
[2m[WebServer] [22m    at SQLiteSelectBase._prepare [90m(/Users/deepak/Downloads/Projects/StackLens-AI-Deploy/[39mnode_modules/[4msrc[24m/sqlite-core/query-builders/select.ts:865:85[90m)[39m
[2m[WebServer] [22m    at SQLiteSelectBase.all [90m(/Users/deepak/Downloads/Projects/StackLens-AI-Deploy/[39mnode_modules/[4msrc[24m/sqlite-core/query-builders/select.ts:884:15[90m)[39m
[2m[WebServer] [22m    at SQLiteSelectBase.execute [90m(/Users/deepak/Downloads/Projects/StackLens-AI-Deploy/[39mnode_modules/[4msrc[24m/sqlite-core/query-builders/select.ts:896:15[90m)[39m
[2m[WebServer] [22m    at SQLiteSelectBase.then [90m(/Users/deepak/Downloads/Projects/StackLens-AI-Deploy/[39mnode_modules/[4msrc[24m/query-promise.ts:31:15[90m)[39m
[2m[WebServer] [22m[90m    at process.processTicksAndRejections (node:internal/process/task_queues:105:5)[39m {
[2m[WebServer] [22m  code: [32m'SQLITE_ERROR'[39m
[2m[WebServer] [22m}
[2m[WebServer] [22mGet errors failed: SqliteError: no such column: error_logs.notes
[2m[WebServer] [22m    at Database.prepare [90m(/Users/deepak/Downloads/Projects/StackLens-AI-Deploy/[39mnode_modules/[4mbetter-sqlite3[24m/lib/methods/wrappers.js:5:21[90m)[39m
[2m[WebServer] [22m    at BetterSQLiteSession.prepareQuery [90m(/Users/deepak/Downloads/Projects/StackLens-AI-Deploy/[39mnode_modules/[4msrc[24m/better-sqlite3/session.ts:50:28[90m)[39m
[2m[WebServer] [22m    at BetterSQLiteSession.prepareOneTimeQuery [90m(/Users/deepak/Downloads/Projects/StackLens-AI-Deploy/[39mnode_modules/[4msrc[24m/sqlite-core/session.ts:135:15[90m)[39m
[2m[WebServer] [22m    at SQLiteSelectBase._prepare [90m(/Users/deepak/Downloads/Projects/StackLens-AI-Deploy/[39mnode_modules/[4msrc[24m/sqlite-core/query-builders/select.ts:865:85[90m)[39m
[2m[WebServer] [22m    at SQLiteSelectBase.all [90m(/Users/deepak/Downloads/Projects/StackLens-AI-Deploy/[39mnode_modules/[4msrc[24m/sqlite-core/query-builders/select.ts:884:15[90m)[39m
[2m[WebServer] [22m    at SQLiteSelectBase.execute [90m(/Users/deepak/Downloads/Projects/StackLens-AI-Deploy/[39mnode_modules/[4msrc[24m/sqlite-core/query-builders/select.ts:896:15[90m)[39m
[2m[WebServer] [22m    at SQLiteSelectBase.then [90m(/Users/deepak/Downloads/Projects/StackLens-AI-Deploy/[39mnode_modules/[4msrc[24m/query-promise.ts:31:15[90m)[39m
[2m[WebServer] [22m[90m    at process.processTicksAndRejections (node:internal/process/task_queues:105:5)[39m {
[2m[WebServer] [22m  code: [32m'SQLITE_ERROR'[39m
[2m[WebServer] [22m}
[2m[WebServer] [22mGet errors failed: SqliteError: no such column: error_logs.notes
[2m[WebServer] [22m    at Database.prepare [90m(/Users/deepak/Downloads/Projects/StackLens-AI-Deploy/[39mnode_modules/[4mbetter-sqlite3[24m/lib/methods/wrappers.js:5:21[90m)[39m
[2m[WebServer] [22m    at BetterSQLiteSession.prepareQuery [90m(/Users/deepak/Downloads/Projects/StackLens-AI-Deploy/[39mnode_modules/[4msrc[24m/better-sqlite3/session.ts:50:28[90m)[39m
[2m[WebServer] [22m    at BetterSQLiteSession.prepareOneTimeQuery [90m(/Users/deepak/Downloads/Projects/StackLens-AI-Deploy/[39mnode_modules/[4msrc[24m/sqlite-core/session.ts:135:15[90m)[39m
[2m[WebServer] [22m    at SQLiteSelectBase._prepare [90m(/Users/deepak/Downloads/Projects/StackLens-AI-Deploy/[39mnode_modules/[4msrc[24m/sqlite-core/query-builders/select.ts:865:85[90m)[39m
[2m[WebServer] [22m    at SQLiteSelectBase.all [90m(/Users/deepak/Downloads/Projects/StackLens-AI-Deploy/[39mnode_modules/[4msrc[24m/sqlite-core/query-builders/select.ts:884:15[90m)[39m
[2m[WebServer] [22m    at SQLiteSelectBase.execute [90m(/Users/deepak/Downloads/Projects/StackLens-AI-Deploy/[39mnode_modules/[4msrc[24m/sqlite-core/query-builders/select.ts:896:15[90m)[39m
[2m[WebServer] [22m    at SQLiteSelectBase.then [90m(/Users/deepak/Downloads/Projects/StackLens-AI-Deploy/[39mnode_modules/[4msrc[24m/query-promise.ts:31:15[90m)[39m
[2m[WebServer] [22m[90m    at process.processTicksAndRejections (node:internal/process/task_queues:105:5)[39m {
[2m[WebServer] [22m  code: [32m'SQLITE_ERROR'[39m
[2m[WebServer] [22m}
[2m[WebServer] [22mGet errors failed: SqliteError: no such column: error_logs.notes
[2m[WebServer] [22m    at Database.prepare [90m(/Users/deepak/Downloads/Projects/StackLens-AI-Deploy/[39mnode_modules/[4mbetter-sqlite3[24m/lib/methods/wrappers.js:5:21[90m)[39m
[2m[WebServer] [22m    at BetterSQLiteSession.prepareQuery [90m(/Users/deepak/Downloads/Projects/StackLens-AI-Deploy/[39mnode_modules/[4msrc[24m/better-sqlite3/session.ts:50:28[90m)[39m
[2m[WebServer] [22m    at BetterSQLiteSession.prepareOneTimeQuery [90m(/Users/deepak/Downloads/Projects/StackLens-AI-Deploy/[39mnode_modules/[4msrc[24m/sqlite-core/session.ts:135:15[90m)[39m
[2m[WebServer] [22m    at SQLiteSelectBase._prepare [90m(/Users/deepak/Downloads/Projects/StackLens-AI-Deploy/[39mnode_modules/[4msrc[24m/sqlite-core/query-builders/select.ts:865:85[90m)[39m
[2m[WebServer] [22m    at SQLiteSelectBase.all [90m(/Users/deepak/Downloads/Projects/StackLens-AI-Deploy/[39mnode_modules/[4msrc[24m/sqlite-core/query-builders/select.ts:884:15[90m)[39m
[2m[WebServer] [22m    at SQLiteSelectBase.execute [90m(/Users/deepak/Downloads/Projects/StackLens-AI-Deploy/[39mnode_modules/[4msrc[24m/sqlite-core/query-builders/select.ts:896:15[90m)[39m
[2m[WebServer] [22m    at SQLiteSelectBase.then [90m(/Users/deepak/Downloads/Projects/StackLens-AI-Deploy/[39mnode_modules/[4msrc[24m/query-promise.ts:31:15[90m)[39m
[2m[WebServer] [22m[90m    at process.processTicksAndRejections (node:internal/process/task_queues:105:5)[39m {
[2m[WebServer] [22m  code: [32m'SQLITE_ERROR'[39m
[2m[WebServer] [22m}
[2m[WebServer] [22mGet errors failed: SqliteError: no such column: error_logs.notes
[2m[WebServer] [22m    at Database.prepare [90m(/Users/deepak/Downloads/Projects/StackLens-AI-Deploy/[39mnode_modules/[4mbetter-sqlite3[24m/lib/methods/wrappers.js:5:21[90m)[39m
[2m[WebServer] [22m    at BetterSQLiteSession.prepareQuery [90m(/Users/deepak/Downloads/Projects/StackLens-AI-Deploy/[39mnode_modules/[4msrc[24m/better-sqlite3/session.ts:50:28[90m)[39m
[2m[WebServer] [22m    at BetterSQLiteSession.prepareOneTimeQuery [90m(/Users/deepak/Downloads/Projects/StackLens-AI-Deploy/[39mnode_modules/[4msrc[24m/sqlite-core/session.ts:135:15[90m)[39m
[2m[WebServer] [22m    at SQLiteSelectBase._prepare [90m(/Users/deepak/Downloads/Projects/StackLens-AI-Deploy/[39mnode_modules/[4msrc[24m/sqlite-core/query-builders/select.ts:865:85[90m)[39m
[2m[WebServer] [22m    at SQLiteSelectBase.all [90m(/Users/deepak/Downloads/Projects/StackLens-AI-Deploy/[39mnode_modules/[4msrc[24m/sqlite-core/query-builders/select.ts:884:15[90m)[39m
[2m[WebServer] [22m    at SQLiteSelectBase.execute [90m(/Users/deepak/Downloads/Projects/StackLens-AI-Deploy/[39mnode_modules/[4msrc[24m/sqlite-core/query-builders/select.ts:896:15[90m)[39m
[2m[WebServer] [22m    at SQLiteSelectBase.then [90m(/Users/deepak/Downloads/Projects/StackLens-AI-Deploy/[39mnode_modules/[4msrc[24m/query-promise.ts:31:15[90m)[39m
[2m[WebServer] [22m[90m    at process.processTicksAndRejections (node:internal/process/task_queues:105:5)[39m {
[2m[WebServer] [22m  code: [32m'SQLITE_ERROR'[39m
[2m[WebServer] [22m}
[2m[WebServer] [22mGet errors failed: SqliteError: no such column: error_logs.notes
[2m[WebServer] [22m    at Database.prepare [90m(/Users/deepak/Downloads/Projects/StackLens-AI-Deploy/[39mnode_modules/[4mbetter-sqlite3[24m/lib/methods/wrappers.js:5:21[90m)[39m
[2m[WebServer] [22m    at BetterSQLiteSession.prepareQuery [90m(/Users/deepak/Downloads/Projects/StackLens-AI-Deploy/[39mnode_modules/[4msrc[24m/better-sqlite3/session.ts:50:28[90m)[39m
[2m[WebServer] [22m    at BetterSQLiteSession.prepareOneTimeQuery [90m(/Users/deepak/Downloads/Projects/StackLens-AI-Deploy/[39mnode_modules/[4msrc[24m/sqlite-core/session.ts:135:15[90m)[39m
[2m[WebServer] [22m    at SQLiteSelectBase._prepare [90m(/Users/deepak/Downloads/Projects/StackLens-AI-Deploy/[39mnode_modules/[4msrc[24m/sqlite-core/query-builders/select.ts:865:85[90m)[39m
[2m[WebServer] [22m    at SQLiteSelectBase.all [90m(/Users/deepak/Downloads/Projects/StackLens-AI-Deploy/[39mnode_modules/[4msrc[24m/sqlite-core/query-builders/select.ts:884:15[90m)[39m
[2m[WebServer] [22m    at SQLiteSelectBase.execute [90m(/Users/deepak/Downloads/Projects/StackLens-AI-Deploy/[39mnode_modules/[4msrc[24m/sqlite-core/query-builders/select.ts:896:15[90m)[39m
[2m[WebServer] [22m    at SQLiteSelectBase.then [90m(/Users/deepak/Downloads/Projects/StackLens-AI-Deploy/[39mnode_modules/[4msrc[24m/query-promise.ts:31:15[90m)[39m
[2m[WebServer] [22m[90m    at process.processTicksAndRejections (node:internal/process/task_queues:105:5)[39m {
[2m[WebServer] [22m  code: [32m'SQLITE_ERROR'[39m
[2m[WebServer] [22m}
[2m[WebServer] [22mGet errors failed: SqliteError: no such column: error_logs.notes
[2m[WebServer] [22m    at Database.prepare [90m(/Users/deepak/Downloads/Projects/StackLens-AI-Deploy/[39mnode_modules/[4mbetter-sqlite3[24m/lib/methods/wrappers.js:5:21[90m)[39m
[2m[WebServer] [22m    at BetterSQLiteSession.prepareQuery [90m(/Users/deepak/Downloads/Projects/StackLens-AI-Deploy/[39mnode_modules/[4msrc[24m/better-sqlite3/session.ts:50:28[90m)[39m
[2m[WebServer] [22m    at BetterSQLiteSession.prepareOneTimeQuery [90m(/Users/deepak/Downloads/Projects/StackLens-AI-Deploy/[39mnode_modules/[4msrc[24m/sqlite-core/session.ts:135:15[90m)[39m
[2m[WebServer] [22m    at SQLiteSelectBase._prepare [90m(/Users/deepak/Downloads/Projects/StackLens-AI-Deploy/[39mnode_modules/[4msrc[24m/sqlite-core/query-builders/select.ts:865:85[90m)[39m
[2m[WebServer] [22m    at SQLiteSelectBase.all [90m(/Users/deepak/Downloads/Projects/StackLens-AI-Deploy/[39mnode_modules/[4msrc[24m/sqlite-core/query-builders/select.ts:884:15[90m)[39m
[2m[WebServer] [22m    at SQLiteSelectBase.execute [90m(/Users/deepak/Downloads/Projects/StackLens-AI-Deploy/[39mnode_modules/[4msrc[24m/sqlite-core/query-builders/select.ts:896:15[90m)[39m
[2m[WebServer] [22m    at SQLiteSelectBase.then [90m(/Users/deepak/Downloads/Projects/StackLens-AI-Deploy/[39mnode_modules/[4msrc[24m/query-promise.ts:31:15[90m)[39m
[2m[WebServer] [22m[90m    at process.processTicksAndRejections (node:internal/process/task_queues:105:5)[39m {
[2m[WebServer] [22m  code: [32m'SQLITE_ERROR'[39m
[2m[WebServer] [22m}
[2m[WebServer] [22mGet errors failed: SqliteError: no such column: error_logs.notes
[2m[WebServer] [22m    at Database.prepare [90m(/Users/deepak/Downloads/Projects/StackLens-AI-Deploy/[39mnode_modules/[4mbetter-sqlite3[24m/lib/methods/wrappers.js:5:21[90m)[39m
[2m[WebServer] [22m    at BetterSQLiteSession.prepareQuery [90m(/Users/deepak/Downloads/Projects/StackLens-AI-Deploy/[39mnode_modules/[4msrc[24m/better-sqlite3/session.ts:50:28[90m)[39m
[2m[WebServer] [22m    at BetterSQLiteSession.prepareOneTimeQuery [90m(/Users/deepak/Downloads/Projects/StackLens-AI-Deploy/[39mnode_modules/[4msrc[24m/sqlite-core/session.ts:135:15[90m)[39m
[2m[WebServer] [22m    at SQLiteSelectBase._prepare [90m(/Users/deepak/Downloads/Projects/StackLens-AI-Deploy/[39mnode_modules/[4msrc[24m/sqlite-core/query-builders/select.ts:865:85[90m)[39m
[2m[WebServer] [22m    at SQLiteSelectBase.all [90m(/Users/deepak/Downloads/Projects/StackLens-AI-Deploy/[39mnode_modules/[4msrc[24m/sqlite-core/query-builders/select.ts:884:15[90m)[39m
[2m[WebServer] [22m    at SQLiteSelectBase.execute [90m(/Users/deepak/Downloads/Projects/StackLens-AI-Deploy/[39mnode_modules/[4msrc[24m/sqlite-core/query-builders/select.ts:896:15[90m)[39m
[2m[WebServer] [22m    at SQLiteSelectBase.then [90m(/Users/deepak/Downloads/Projects/StackLens-AI-Deploy/[39mnode_modules/[4msrc[24m/query-promise.ts:31:15[90m)[39m
[2m[WebServer] [22m[90m    at process.processTicksAndRejections (node:internal/process/task_queues:105:5)[39m {
[2m[WebServer] [22m  code: [32m'SQLITE_ERROR'[39m
[2m[WebServer] [22m}
[2m[WebServer] [22mGet errors failed: SqliteError: no such column: error_logs.notes
[2m[WebServer] [22m    at Database.prepare [90m(/Users/deepak/Downloads/Projects/StackLens-AI-Deploy/[39mnode_modules/[4mbetter-sqlite3[24m/lib/methods/wrappers.js:5:21[90m)[39m
[2m[WebServer] [22m    at BetterSQLiteSession.prepareQuery [90m(/Users/deepak/Downloads/Projects/StackLens-AI-Deploy/[39mnode_modules/[4msrc[24m/better-sqlite3/session.ts:50:28[90m)[39m
[2m[WebServer] [22m    at BetterSQLiteSession.prepareOneTimeQuery [90m(/Users/deepak/Downloads/Projects/StackLens-AI-Deploy/[39mnode_modules/[4msrc[24m/sqlite-core/session.ts:135:15[90m)[39m
[2m[WebServer] [22m    at SQLiteSelectBase._prepare [90m(/Users/deepak/Downloads/Projects/StackLens-AI-Deploy/[39mnode_modules/[4msrc[24m/sqlite-core/query-builders/select.ts:865:85[90m)[39m
[2m[WebServer] [22m    at SQLiteSelectBase.all [90m(/Users/deepak/Downloads/Projects/StackLens-AI-Deploy/[39mnode_modules/[4msrc[24m/sqlite-core/query-builders/select.ts:884:15[90m)[39m
[2m[WebServer] [22m    at SQLiteSelectBase.execute [90m(/Users/deepak/Downloads/Projects/StackLens-AI-Deploy/[39mnode_modules/[4msrc[24m/sqlite-core/query-builders/select.ts:896:15[90m)[39m
[2m[WebServer] [22m    at SQLiteSelectBase.then [90m(/Users/deepak/Downloads/Projects/StackLens-AI-Deploy/[39mnode_modules/[4msrc[24m/query-promise.ts:31:15[90m)[39m
[2m[WebServer] [22m[90m    at process.processTicksAndRejections (node:internal/process/task_queues:105:5)[39m {
[2m[WebServer] [22m  code: [32m'SQLITE_ERROR'[39m
[2m[WebServer] [22m}
[2m[WebServer] [22mGet errors failed: SqliteError: no such column: error_logs.notes
[2m[WebServer] [22m    at Database.prepare [90m(/Users/deepak/Downloads/Projects/StackLens-AI-Deploy/[39mnode_modules/[4mbetter-sqlite3[24m/lib/methods/wrappers.js:5:21[90m)[39m
[2m[WebServer] [22m    at BetterSQLiteSession.prepareQuery [90m(/Users/deepak/Downloads/Projects/StackLens-AI-Deploy/[39mnode_modules/[4msrc[24m/better-sqlite3/session.ts:50:28[90m)[39m
[2m[WebServer] [22m    at BetterSQLiteSession.prepareOneTimeQuery [90m(/Users/deepak/Downloads/Projects/StackLens-AI-Deploy/[39mnode_modules/[4msrc[24m/sqlite-core/session.ts:135:15[90m)[39m
[2m[WebServer] [22m    at SQLiteSelectBase._prepare [90m(/Users/deepak/Downloads/Projects/StackLens-AI-Deploy/[39mnode_modules/[4msrc[24m/sqlite-core/query-builders/select.ts:865:85[90m)[39m
[2m[WebServer] [22m    at SQLiteSelectBase.all [90m(/Users/deepak/Downloads/Projects/StackLens-AI-Deploy/[39mnode_modules/[4msrc[24m/sqlite-core/query-builders/select.ts:884:15[90m)[39m
[2m[WebServer] [22m    at SQLiteSelectBase.execute [90m(/Users/deepak/Downloads/Projects/StackLens-AI-Deploy/[39mnode_modules/[4msrc[24m/sqlite-core/query-builders/select.ts:896:15[90m)[39m
[2m[WebServer] [22m    at SQLiteSelectBase.then [90m(/Users/deepak/Downloads/Projects/StackLens-AI-Deploy/[39mnode_modules/[4msrc[24m/query-promise.ts:31:15[90m)[39m
[2m[WebServer] [22m[90m    at process.processTicksAndRejections (node:internal/process/task_queues:105:5)[39m {
[2m[WebServer] [22m  code: [32m'SQLITE_ERROR'[39m
[2m[WebServer] [22m}
[2m[WebServer] [22mGet errors failed: SqliteError: no such column: error_logs.notes
[2m[WebServer] [22m    at Database.prepare [90m(/Users/deepak/Downloads/Projects/StackLens-AI-Deploy/[39mnode_modules/[4mbetter-sqlite3[24m/lib/methods/wrappers.js:5:21[90m)[39m
[2m[WebServer] [22m    at BetterSQLiteSession.prepareQuery [90m(/Users/deepak/Downloads/Projects/StackLens-AI-Deploy/[39mnode_modules/[4msrc[24m/better-sqlite3/session.ts:50:28[90m)[39m
[2m[WebServer] [22m    at BetterSQLiteSession.prepareOneTimeQuery [90m(/Users/deepak/Downloads/Projects/StackLens-AI-Deploy/[39mnode_modules/[4msrc[24m/sqlite-core/session.ts:135:15[90m)[39m
[2m[WebServer] [22m    at SQLiteSelectBase._prepare [90m(/Users/deepak/Downloads/Projects/StackLens-AI-Deploy/[39mnode_modules/[4msrc[24m/sqlite-core/query-builders/select.ts:865:85[90m)[39m
[2m[WebServer] [22m    at SQLiteSelectBase.all [90m(/Users/deepak/Downloads/Projects/StackLens-AI-Deploy/[39mnode_modules/[4msrc[24m/sqlite-core/query-builders/select.ts:884:15[90m)[39m
[2m[WebServer] [22m    at SQLiteSelectBase.execute [90m(/Users/deepak/Downloads/Projects/StackLens-AI-Deploy/[39mnode_modules/[4msrc[24m/sqlite-core/query-builders/select.ts:896:15[90m)[39m
[2m[WebServer] [22m    at SQLiteSelectBase.then [90m(/Users/deepak/Downloads/Projects/StackLens-AI-Deploy/[39mnode_modules/[4msrc[24m/query-promise.ts:31:15[90m)[39m
[2m[WebServer] [22m[90m    at process.processTicksAndRejections (node:internal/process/task_queues:105:5)[39m {
[2m[WebServer] [22m  code: [32m'SQLITE_ERROR'[39m
[2m[WebServer] [22m}
[2m[WebServer] [22mGet errors failed: SqliteError: no such column: error_logs.notes
[2m[WebServer] [22m    at Database.prepare [90m(/Users/deepak/Downloads/Projects/StackLens-AI-Deploy/[39mnode_modules/[4mbetter-sqlite3[24m/lib/methods/wrappers.js:5:21[90m)[39m
[2m[WebServer] [22m    at BetterSQLiteSession.prepareQuery [90m(/Users/deepak/Downloads/Projects/StackLens-AI-Deploy/[39mnode_modules/[4msrc[24m/better-sqlite3/session.ts:50:28[90m)[39m
[2m[WebServer] [22m    at BetterSQLiteSession.prepareOneTimeQuery [90m(/Users/deepak/Downloads/Projects/StackLens-AI-Deploy/[39mnode_modules/[4msrc[24m/sqlite-core/session.ts:135:15[90m)[39m
[2m[WebServer] [22m    at SQLiteSelectBase._prepare [90m(/Users/deepak/Downloads/Projects/StackLens-AI-Deploy/[39mnode_modules/[4msrc[24m/sqlite-core/query-builders/select.ts:865:85[90m)[39m
[2m[WebServer] [22m    at SQLiteSelectBase.all [90m(/Users/deepak/Downloads/Projects/StackLens-AI-Deploy/[39mnode_modules/[4msrc[24m/sqlite-core/query-builders/select.ts:884:15[90m)[39m
[2m[WebServer] [22m    at SQLiteSelectBase.execute [90m(/Users/deepak/Downloads/Projects/StackLens-AI-Deploy/[39mnode_modules/[4msrc[24m/sqlite-core/query-builders/select.ts:896:15[90m)[39m
[2m[WebServer] [22m    at SQLiteSelectBase.then [90m(/Users/deepak/Downloads/Projects/StackLens-AI-Deploy/[39mnode_modules/[4msrc[24m/query-promise.ts:31:15[90m)[39m
[2m[WebServer] [22m[90m    at process.processTicksAndRejections (node:internal/process/task_queues:105:5)[39m {
[2m[WebServer] [22m  code: [32m'SQLITE_ERROR'[39m
[2m[WebServer] [22m}
[2m[WebServer] [22mGet errors failed: SqliteError: no such column: error_logs.notes
[2m[WebServer] [22m    at Database.prepare [90m(/Users/deepak/Downloads/Projects/StackLens-AI-Deploy/[39mnode_modules/[4mbetter-sqlite3[24m/lib/methods/wrappers.js:5:21[90m)[39m
[2m[WebServer] [22m    at BetterSQLiteSession.prepareQuery [90m(/Users/deepak/Downloads/Projects/StackLens-AI-Deploy/[39mnode_modules/[4msrc[24m/better-sqlite3/session.ts:50:28[90m)[39m
[2m[WebServer] [22m    at BetterSQLiteSession.prepareOneTimeQuery [90m(/Users/deepak/Downloads/Projects/StackLens-AI-Deploy/[39mnode_modules/[4msrc[24m/sqlite-core/session.ts:135:15[90m)[39m
[2m[WebServer] [22m    at SQLiteSelectBase._prepare [90m(/Users/deepak/Downloads/Projects/StackLens-AI-Deploy/[39mnode_modules/[4msrc[24m/sqlite-core/query-builders/select.ts:865:85[90m)[39m
[2m[WebServer] [22m    at SQLiteSelectBase.all [90m(/Users/deepak/Downloads/Projects/StackLens-AI-Deploy/[39mnode_modules/[4msrc[24m/sqlite-core/query-builders/select.ts:884:15[90m)[39m
[2m[WebServer] [22m    at SQLiteSelectBase.execute [90m(/Users/deepak/Downloads/Projects/StackLens-AI-Deploy/[39mnode_modules/[4msrc[24m/sqlite-core/query-builders/select.ts:896:15[90m)[39m
[2m[WebServer] [22m    at SQLiteSelectBase.then [90m(/Users/deepak/Downloads/Projects/StackLens-AI-Deploy/[39mnode_modules/[4msrc[24m/query-promise.ts:31:15[90m)[39m
[2m[WebServer] [22m[90m    at process.processTicksAndRejections (node:internal/process/task_queues:105:5)[39m {
[2m[WebServer] [22m  code: [32m'SQLITE_ERROR'[39m
[2m[WebServer] [22m}
[2m[WebServer] [22mGet errors failed: SqliteError: no such column: error_logs.notes
[2m[WebServer] [22m    at Database.prepare [90m(/Users/deepak/Downloads/Projects/StackLens-AI-Deploy/[39mnode_modules/[4mbetter-sqlite3[24m/lib/methods/wrappers.js:5:21[90m)[39m
[2m[WebServer] [22m    at BetterSQLiteSession.prepareQuery [90m(/Users/deepak/Downloads/Projects/StackLens-AI-Deploy/[39mnode_modules/[4msrc[24m/better-sqlite3/session.ts:50:28[90m)[39m
[2m[WebServer] [22m    at BetterSQLiteSession.prepareOneTimeQuery [90m(/Users/deepak/Downloads/Projects/StackLens-AI-Deploy/[39mnode_modules/[4msrc[24m/sqlite-core/session.ts:135:15[90m)[39m
[2m[WebServer] [22m    at SQLiteSelectBase._prepare [90m(/Users/deepak/Downloads/Projects/StackLens-AI-Deploy/[39mnode_modules/[4msrc[24m/sqlite-core/query-builders/select.ts:865:85[90m)[39m
[2m[WebServer] [22m    at SQLiteSelectBase.all [90m(/Users/deepak/Downloads/Projects/StackLens-AI-Deploy/[39mnode_modules/[4msrc[24m/sqlite-core/query-builders/select.ts:884:15[90m)[39m
[2m[WebServer] [22m    at SQLiteSelectBase.execute [90m(/Users/deepak/Downloads/Projects/StackLens-AI-Deploy/[39mnode_modules/[4msrc[24m/sqlite-core/query-builders/select.ts:896:15[90m)[39m
[2m[WebServer] [22m    at SQLiteSelectBase.then [90m(/Users/deepak/Downloads/Projects/StackLens-AI-Deploy/[39mnode_modules/[4msrc[24m/query-promise.ts:31:15[90m)[39m
[2m[WebServer] [22m[90m    at process.processTicksAndRejections (node:internal/process/task_queues:105:5)[39m {
[2m[WebServer] [22m  code: [32m'SQLITE_ERROR'[39m
[2m[WebServer] [22m}
[2m[WebServer] [22mGet errors failed: SqliteError: no such column: error_logs.notes
[2m[WebServer] [22m    at Database.prepare [90m(/Users/deepak/Downloads/Projects/StackLens-AI-Deploy/[39mnode_modules/[4mbetter-sqlite3[24m/lib/methods/wrappers.js:5:21[90m)[39m
[2m[WebServer] [22m    at BetterSQLiteSession.prepareQuery [90m(/Users/deepak/Downloads/Projects/StackLens-AI-Deploy/[39mnode_modules/[4msrc[24m/better-sqlite3/session.ts:50:28[90m)[39m
[2m[WebServer] [22m    at BetterSQLiteSession.prepareOneTimeQuery [90m(/Users/deepak/Downloads/Projects/StackLens-AI-Deploy/[39mnode_modules/[4msrc[24m/sqlite-core/session.ts:135:15[90m)[39m
[2m[WebServer] [22m    at SQLiteSelectBase._prepare [90m(/Users/deepak/Downloads/Projects/StackLens-AI-Deploy/[39mnode_modules/[4msrc[24m/sqlite-core/query-builders/select.ts:865:85[90m)[39m
[2m[WebServer] [22m    at SQLiteSelectBase.all [90m(/Users/deepak/Downloads/Projects/StackLens-AI-Deploy/[39mnode_modules/[4msrc[24m/sqlite-core/query-builders/select.ts:884:15[90m)[39m
[2m[WebServer] [22m    at SQLiteSelectBase.execute [90m(/Users/deepak/Downloads/Projects/StackLens-AI-Deploy/[39mnode_modules/[4msrc[24m/sqlite-core/query-builders/select.ts:896:15[90m)[39m
[2m[WebServer] [22m    at SQLiteSelectBase.then [90m(/Users/deepak/Downloads/Projects/StackLens-AI-Deploy/[39mnode_modules/[4msrc[24m/query-promise.ts:31:15[90m)[39m
[2m[WebServer] [22m[90m    at process.processTicksAndRejections (node:internal/process/task_queues:105:5)[39m {
[2m[WebServer] [22m  code: [32m'SQLITE_ERROR'[39m
[2m[WebServer] [22m}
[2m[WebServer] [22mGet errors failed: SqliteError: no such column: error_logs.notes
[2m[WebServer] [22m    at Database.prepare [90m(/Users/deepak/Downloads/Projects/StackLens-AI-Deploy/[39mnode_modules/[4mbetter-sqlite3[24m/lib/methods/wrappers.js:5:21[90m)[39m
[2m[WebServer] [22m    at BetterSQLiteSession.prepareQuery [90m(/Users/deepak/Downloads/Projects/StackLens-AI-Deploy/[39mnode_modules/[4msrc[24m/better-sqlite3/session.ts:50:28[90m)[39m
[2m[WebServer] [22m    at BetterSQLiteSession.prepareOneTimeQuery [90m(/Users/deepak/Downloads/Projects/StackLens-AI-Deploy/[39mnode_modules/[4msrc[24m/sqlite-core/session.ts:135:15[90m)[39m
[2m[WebServer] [22m    at SQLiteSelectBase._prepare [90m(/Users/deepak/Downloads/Projects/StackLens-AI-Deploy/[39mnode_modules/[4msrc[24m/sqlite-core/query-builders/select.ts:865:85[90m)[39m
[2m[WebServer] [22m    at SQLiteSelectBase.all [90m(/Users/deepak/Downloads/Projects/StackLens-AI-Deploy/[39mnode_modules/[4msrc[24m/sqlite-core/query-builders/select.ts:884:15[90m)[39m
[2m[WebServer] [22m    at SQLiteSelectBase.execute [90m(/Users/deepak/Downloads/Projects/StackLens-AI-Deploy/[39mnode_modules/[4msrc[24m/sqlite-core/query-builders/select.ts:896:15[90m)[39m
[2m[WebServer] [22m    at SQLiteSelectBase.then [90m(/Users/deepak/Downloads/Projects/StackLens-AI-Deploy/[39mnode_modules/[4msrc[24m/query-promise.ts:31:15[90m)[39m
[2m[WebServer] [22m[90m    at process.processTicksAndRejections (node:internal/process/task_queues:105:5)[39m {
[2m[WebServer] [22m  code: [32m'SQLITE_ERROR'[39m
[2m[WebServer] [22m}
[2m[WebServer] [22mGet errors failed: SqliteError: no such column: error_logs.notes
[2m[WebServer] [22m    at Database.prepare [90m(/Users/deepak/Downloads/Projects/StackLens-AI-Deploy/[39mnode_modules/[4mbetter-sqlite3[24m/lib/methods/wrappers.js:5:21[90m)[39m
[2m[WebServer] [22m    at BetterSQLiteSession.prepareQuery [90m(/Users/deepak/Downloads/Projects/StackLens-AI-Deploy/[39mnode_modules/[4msrc[24m/better-sqlite3/session.ts:50:28[90m)[39m
[2m[WebServer] [22m    at BetterSQLiteSession.prepareOneTimeQuery [90m(/Users/deepak/Downloads/Projects/StackLens-AI-Deploy/[39mnode_modules/[4msrc[24m/sqlite-core/session.ts:135:15[90m)[39m
[2m[WebServer] [22m    at SQLiteSelectBase._prepare [90m(/Users/deepak/Downloads/Projects/StackLens-AI-Deploy/[39mnode_modules/[4msrc[24m/sqlite-core/query-builders/select.ts:865:85[90m)[39m
[2m[WebServer] [22m    at SQLiteSelectBase.all [90m(/Users/deepak/Downloads/Projects/StackLens-AI-Deploy/[39mnode_modules/[4msrc[24m/sqlite-core/query-builders/select.ts:884:15[90m)[39m
[2m[WebServer] [22m    at SQLiteSelectBase.execute [90m(/Users/deepak/Downloads/Projects/StackLens-AI-Deploy/[39mnode_modules/[4msrc[24m/sqlite-core/query-builders/select.ts:896:15[90m)[39m
[2m[WebServer] [22m    at SQLiteSelectBase.then [90m(/Users/deepak/Downloads/Projects/StackLens-AI-Deploy/[39mnode_modules/[4msrc[24m/query-promise.ts:31:15[90m)[39m
[2m[WebServer] [22m[90m    at process.processTicksAndRejections (node:internal/process/task_queues:105:5)[39m {
[2m[WebServer] [22m  code: [32m'SQLITE_ERROR'[39m
[2m[WebServer] [22m}
[2m[WebServer] [22mGet errors failed: SqliteError: no such column: error_logs.notes
[2m[WebServer] [22m    at Database.prepare [90m(/Users/deepak/Downloads/Projects/StackLens-AI-Deploy/[39mnode_modules/[4mbetter-sqlite3[24m/lib/methods/wrappers.js:5:21[90m)[39m
[2m[WebServer] [22m    at BetterSQLiteSession.prepareQuery [90m(/Users/deepak/Downloads/Projects/StackLens-AI-Deploy/[39mnode_modules/[4msrc[24m/better-sqlite3/session.ts:50:28[90m)[39m
[2m[WebServer] [22m    at BetterSQLiteSession.prepareOneTimeQuery [90m(/Users/deepak/Downloads/Projects/StackLens-AI-Deploy/[39mnode_modules/[4msrc[24m/sqlite-core/session.ts:135:15[90m)[39m
[2m[WebServer] [22m    at SQLiteSelectBase._prepare [90m(/Users/deepak/Downloads/Projects/StackLens-AI-Deploy/[39mnode_modules/[4msrc[24m/sqlite-core/query-builders/select.ts:865:85[90m)[39m
[2m[WebServer] [22m    at SQLiteSelectBase.all [90m(/Users/deepak/Downloads/Projects/StackLens-AI-Deploy/[39mnode_modules/[4msrc[24m/sqlite-core/query-builders/select.ts:884:15[90m)[39m
[2m[WebServer] [22m    at SQLiteSelectBase.execute [90m(/Users/deepak/Downloads/Projects/StackLens-AI-Deploy/[39mnode_modules/[4msrc[24m/sqlite-core/query-builders/select.ts:896:15[90m)[39m
[2m[WebServer] [22m    at SQLiteSelectBase.then [90m(/Users/deepak/Downloads/Projects/StackLens-AI-Deploy/[39mnode_modules/[4msrc[24m/query-promise.ts:31:15[90m)[39m
[2m[WebServer] [22m[90m    at process.processTicksAndRejections (node:internal/process/task_queues:105:5)[39m {
[2m[WebServer] [22m  code: [32m'SQLITE_ERROR'[39m
[2m[WebServer] [22m}
[2m[WebServer] [22mGet errors failed: SqliteError: no such column: error_logs.notes
[2m[WebServer] [22m    at Database.prepare [90m(/Users/deepak/Downloads/Projects/StackLens-AI-Deploy/[39mnode_modules/[4mbetter-sqlite3[24m/lib/methods/wrappers.js:5:21[90m)[39m
[2m[WebServer] [22m    at BetterSQLiteSession.prepareQuery [90m(/Users/deepak/Downloads/Projects/StackLens-AI-Deploy/[39mnode_modules/[4msrc[24m/better-sqlite3/session.ts:50:28[90m)[39m
[2m[WebServer] [22m    at BetterSQLiteSession.prepareOneTimeQuery [90m(/Users/deepak/Downloads/Projects/StackLens-AI-Deploy/[39mnode_modules/[4msrc[24m/sqlite-core/session.ts:135:15[90m)[39m
[2m[WebServer] [22m    at SQLiteSelectBase._prepare [90m(/Users/deepak/Downloads/Projects/StackLens-AI-Deploy/[39mnode_modules/[4msrc[24m/sqlite-core/query-builders/select.ts:865:85[90m)[39m
[2m[WebServer] [22m    at SQLiteSelectBase.all [90m(/Users/deepak/Downloads/Projects/StackLens-AI-Deploy/[39mnode_modules/[4msrc[24m/sqlite-core/query-builders/select.ts:884:15[90m)[39m
[2m[WebServer] [22m    at SQLiteSelectBase.execute [90m(/Users/deepak/Downloads/Projects/StackLens-AI-Deploy/[39mnode_modules/[4msrc[24m/sqlite-core/query-builders/select.ts:896:15[90m)[39m
[2m[WebServer] [22m    at SQLiteSelectBase.then [90m(/Users/deepak/Downloads/Projects/StackLens-AI-Deploy/[39mnode_modules/[4msrc[24m/query-promise.ts:31:15[90m)[39m
[2m[WebServer] [22m[90m    at process.processTicksAndRejections (node:internal/process/task_queues:105:5)[39m {
[2m[WebServer] [22m  code: [32m'SQLITE_ERROR'[39m
[2m[WebServer] [22m}
[2m[WebServer] [22mGet errors failed: SqliteError: no such column: error_logs.notes
[2m[WebServer] [22m    at Database.prepare [90m(/Users/deepak/Downloads/Projects/StackLens-AI-Deploy/[39mnode_modules/[4mbetter-sqlite3[24m/lib/methods/wrappers.js:5:21[90m)[39m
[2m[WebServer] [22m    at BetterSQLiteSession.prepareQuery [90m(/Users/deepak/Downloads/Projects/StackLens-AI-Deploy/[39mnode_modules/[4msrc[24m/better-sqlite3/session.ts:50:28[90m)[39m
[2m[WebServer] [22m    at BetterSQLiteSession.prepareOneTimeQuery [90m(/Users/deepak/Downloads/Projects/StackLens-AI-Deploy/[39mnode_modules/[4msrc[24m/sqlite-core/session.ts:135:15[90m)[39m
[2m[WebServer] [22m    at SQLiteSelectBase._prepare [90m(/Users/deepak/Downloads/Projects/StackLens-AI-Deploy/[39mnode_modules/[4msrc[24m/sqlite-core/query-builders/select.ts:865:85[90m)[39m
[2m[WebServer] [22m    at SQLiteSelectBase.all [90m(/Users/deepak/Downloads/Projects/StackLens-AI-Deploy/[39mnode_modules/[4msrc[24m/sqlite-core/query-builders/select.ts:884:15[90m)[39m
[2m[WebServer] [22m    at SQLiteSelectBase.execute [90m(/Users/deepak/Downloads/Projects/StackLens-AI-Deploy/[39mnode_modules/[4msrc[24m/sqlite-core/query-builders/select.ts:896:15[90m)[39m
[2m[WebServer] [22m    at SQLiteSelectBase.then [90m(/Users/deepak/Downloads/Projects/StackLens-AI-Deploy/[39mnode_modules/[4msrc[24m/query-promise.ts:31:15[90m)[39m
[2m[WebServer] [22m[90m    at process.processTicksAndRejections (node:internal/process/task_queues:105:5)[39m {
[2m[WebServer] [22m  code: [32m'SQLITE_ERROR'[39m
[2m[WebServer] [22m}
[2m[WebServer] [22mGet errors failed: SqliteError: no such column: error_logs.notes
[2m[WebServer] [22m    at Database.prepare [90m(/Users/deepak/Downloads/Projects/StackLens-AI-Deploy/[39mnode_modules/[4mbetter-sqlite3[24m/lib/methods/wrappers.js:5:21[90m)[39m
[2m[WebServer] [22m    at BetterSQLiteSession.prepareQuery [90m(/Users/deepak/Downloads/Projects/StackLens-AI-Deploy/[39mnode_modules/[4msrc[24m/better-sqlite3/session.ts:50:28[90m)[39m
[2m[WebServer] [22m    at BetterSQLiteSession.prepareOneTimeQuery [90m(/Users/deepak/Downloads/Projects/StackLens-AI-Deploy/[39mnode_modules/[4msrc[24m/sqlite-core/session.ts:135:15[90m)[39m
[2m[WebServer] [22m    at SQLiteSelectBase._prepare [90m(/Users/deepak/Downloads/Projects/StackLens-AI-Deploy/[39mnode_modules/[4msrc[24m/sqlite-core/query-builders/select.ts:865:85[90m)[39m
[2m[WebServer] [22m    at SQLiteSelectBase.all [90m(/Users/deepak/Downloads/Projects/StackLens-AI-Deploy/[39mnode_modules/[4msrc[24m/sqlite-core/query-builders/select.ts:884:15[90m)[39m
[2m[WebServer] [22m    at SQLiteSelectBase.execute [90m(/Users/deepak/Downloads/Projects/StackLens-AI-Deploy/[39mnode_modules/[4msrc[24m/sqlite-core/query-builders/select.ts:896:15[90m)[39m
[2m[WebServer] [22m    at SQLiteSelectBase.then [90m(/Users/deepak/Downloads/Projects/StackLens-AI-Deploy/[39mnode_modules/[4msrc[24m/query-promise.ts:31:15[90m)[39m
[2m[WebServer] [22m[90m    at process.processTicksAndRejections (node:internal/process/task_queues:105:5)[39m {
[2m[WebServer] [22m  code: [32m'SQLITE_ERROR'[39m
[2m[WebServer] [22m}
[2m[WebServer] [22mGet errors failed: SqliteError: no such column: error_logs.notes
[2m[WebServer] [22m    at Database.prepare [90m(/Users/deepak/Downloads/Projects/StackLens-AI-Deploy/[39mnode_modules/[4mbetter-sqlite3[24m/lib/methods/wrappers.js:5:21[90m)[39m
[2m[WebServer] [22m    at BetterSQLiteSession.prepareQuery [90m(/Users/deepak/Downloads/Projects/StackLens-AI-Deploy/[39mnode_modules/[4msrc[24m/better-sqlite3/session.ts:50:28[90m)[39m
[2m[WebServer] [22m    at BetterSQLiteSession.prepareOneTimeQuery [90m(/Users/deepak/Downloads/Projects/StackLens-AI-Deploy/[39mnode_modules/[4msrc[24m/sqlite-core/session.ts:135:15[90m)[39m
[2m[WebServer] [22m    at SQLiteSelectBase._prepare [90m(/Users/deepak/Downloads/Projects/StackLens-AI-Deploy/[39mnode_modules/[4msrc[24m/sqlite-core/query-builders/select.ts:865:85[90m)[39m
[2m[WebServer] [22m    at SQLiteSelectBase.all [90m(/Users/deepak/Downloads/Projects/StackLens-AI-Deploy/[39mnode_modules/[4msrc[24m/sqlite-core/query-builders/select.ts:884:15[90m)[39m
[2m[WebServer] [22m    at SQLiteSelectBase.execute [90m(/Users/deepak/Downloads/Projects/StackLens-AI-Deploy/[39mnode_modules/[4msrc[24m/sqlite-core/query-builders/select.ts:896:15[90m)[39m
[2m[WebServer] [22m    at SQLiteSelectBase.then [90m(/Users/deepak/Downloads/Projects/StackLens-AI-Deploy/[39mnode_modules/[4msrc[24m/query-promise.ts:31:15[90m)[39m
[2m[WebServer] [22m[90m    at process.processTicksAndRejections (node:internal/process/task_queues:105:5)[39m {
[2m[WebServer] [22m  code: [32m'SQLITE_ERROR'[39m
[2m[WebServer] [22m}
[2m[WebServer] [22mGet errors failed: SqliteError: no such column: error_logs.notes
[2m[WebServer] [22m    at Database.prepare [90m(/Users/deepak/Downloads/Projects/StackLens-AI-Deploy/[39mnode_modules/[4mbetter-sqlite3[24m/lib/methods/wrappers.js:5:21[90m)[39m
[2m[WebServer] [22m    at BetterSQLiteSession.prepareQuery [90m(/Users/deepak/Downloads/Projects/StackLens-AI-Deploy/[39mnode_modules/[4msrc[24m/better-sqlite3/session.ts:50:28[90m)[39m
[2m[WebServer] [22m    at BetterSQLiteSession.prepareOneTimeQuery [90m(/Users/deepak/Downloads/Projects/StackLens-AI-Deploy/[39mnode_modules/[4msrc[24m/sqlite-core/session.ts:135:15[90m)[39m
[2m[WebServer] [22m    at SQLiteSelectBase._prepare [90m(/Users/deepak/Downloads/Projects/StackLens-AI-Deploy/[39mnode_modules/[4msrc[24m/sqlite-core/query-builders/select.ts:865:85[90m)[39m
[2m[WebServer] [22m    at SQLiteSelectBase.all [90m(/Users/deepak/Downloads/Projects/StackLens-AI-Deploy/[39mnode_modules/[4msrc[24m/sqlite-core/query-builders/select.ts:884:15[90m)[39m
[2m[WebServer] [22m    at SQLiteSelectBase.execute [90m(/Users/deepak/Downloads/Projects/StackLens-AI-Deploy/[39mnode_modules/[4msrc[24m/sqlite-core/query-builders/select.ts:896:15[90m)[39m
[2m[WebServer] [22m    at SQLiteSelectBase.then [90m(/Users/deepak/Downloads/Projects/StackLens-AI-Deploy/[39mnode_modules/[4msrc[24m/query-promise.ts:31:15[90m)[39m
[2m[WebServer] [22m[90m    at process.processTicksAndRejections (node:internal/process/task_queues:105:5)[39m {
[2m[WebServer] [22m  code: [32m'SQLITE_ERROR'[39m
[2m[WebServer] [22m}
[2m[WebServer] [22mGet errors failed: SqliteError: no such column: error_logs.notes
[2m[WebServer] [22m    at Database.prepare [90m(/Users/deepak/Downloads/Projects/StackLens-AI-Deploy/[39mnode_modules/[4mbetter-sqlite3[24m/lib/methods/wrappers.js:5:21[90m)[39m
[2m[WebServer] [22m    at BetterSQLiteSession.prepareQuery [90m(/Users/deepak/Downloads/Projects/StackLens-AI-Deploy/[39mnode_modules/[4msrc[24m/better-sqlite3/session.ts:50:28[90m)[39m
[2m[WebServer] [22m    at BetterSQLiteSession.prepareOneTimeQuery [90m(/Users/deepak/Downloads/Projects/StackLens-AI-Deploy/[39mnode_modules/[4msrc[24m/sqlite-core/session.ts:135:15[90m)[39m
[2m[WebServer] [22m    at SQLiteSelectBase._prepare [90m(/Users/deepak/Downloads/Projects/StackLens-AI-Deploy/[39mnode_modules/[4msrc[24m/sqlite-core/query-builders/select.ts:865:85[90m)[39m
[2m[WebServer] [22m    at SQLiteSelectBase.all [90m(/Users/deepak/Downloads/Projects/StackLens-AI-Deploy/[39mnode_modules/[4msrc[24m/sqlite-core/query-builders/select.ts:884:15[90m)[39m
[2m[WebServer] [22m    at SQLiteSelectBase.execute [90m(/Users/deepak/Downloads/Projects/StackLens-AI-Deploy/[39mnode_modules/[4msrc[24m/sqlite-core/query-builders/select.ts:896:15[90m)[39m
[2m[WebServer] [22m    at SQLiteSelectBase.then [90m(/Users/deepak/Downloads/Projects/StackLens-AI-Deploy/[39mnode_modules/[4msrc[24m/query-promise.ts:31:15[90m)[39m
[2m[WebServer] [22m[90m    at process.processTicksAndRejections (node:internal/process/task_queues:105:5)[39m {
[2m[WebServer] [22m  code: [32m'SQLITE_ERROR'[39m
[2m[WebServer] [22m}
[2m[WebServer] [22mGet errors failed: SqliteError: no such column: error_logs.notes
[2m[WebServer] [22m    at Database.prepare [90m(/Users/deepak/Downloads/Projects/StackLens-AI-Deploy/[39mnode_modules/[4mbetter-sqlite3[24m/lib/methods/wrappers.js:5:21[90m)[39m
[2m[WebServer] [22m    at BetterSQLiteSession.prepareQuery [90m(/Users/deepak/Downloads/Projects/StackLens-AI-Deploy/[39mnode_modules/[4msrc[24m/better-sqlite3/session.ts:50:28[90m)[39m
[2m[WebServer] [22m    at BetterSQLiteSession.prepareOneTimeQuery [90m(/Users/deepak/Downloads/Projects/StackLens-AI-Deploy/[39mnode_modules/[4msrc[24m/sqlite-core/session.ts:135:15[90m)[39m
[2m[WebServer] [22m    at SQLiteSelectBase._prepare [90m(/Users/deepak/Downloads/Projects/StackLens-AI-Deploy/[39mnode_modules/[4msrc[24m/sqlite-core/query-builders/select.ts:865:85[90m)[39m
[2m[WebServer] [22m    at SQLiteSelectBase.all [90m(/Users/deepak/Downloads/Projects/StackLens-AI-Deploy/[39mnode_modules/[4msrc[24m/sqlite-core/query-builders/select.ts:884:15[90m)[39m
[2m[WebServer] [22m    at SQLiteSelectBase.execute [90m(/Users/deepak/Downloads/Projects/StackLens-AI-Deploy/[39mnode_modules/[4msrc[24m/sqlite-core/query-builders/select.ts:896:15[90m)[39m
[2m[WebServer] [22m    at SQLiteSelectBase.then [90m(/Users/deepak/Downloads/Projects/StackLens-AI-Deploy/[39mnode_modules/[4msrc[24m/query-promise.ts:31:15[90m)[39m
[2m[WebServer] [22m[90m    at process.processTicksAndRejections (node:internal/process/task_queues:105:5)[39m {
[2m[WebServer] [22m  code: [32m'SQLITE_ERROR'[39m
[2m[WebServer] [22m}
[2m[WebServer] [22mGet errors failed: SqliteError: no such column: error_logs.notes
[2m[WebServer] [22m    at Database.prepare [90m(/Users/deepak/Downloads/Projects/StackLens-AI-Deploy/[39mnode_modules/[4mbetter-sqlite3[24m/lib/methods/wrappers.js:5:21[90m)[39m
[2m[WebServer] [22m    at BetterSQLiteSession.prepareQuery [90m(/Users/deepak/Downloads/Projects/StackLens-AI-Deploy/[39mnode_modules/[4msrc[24m/better-sqlite3/session.ts:50:28[90m)[39m
[2m[WebServer] [22m    at BetterSQLiteSession.prepareOneTimeQuery [90m(/Users/deepak/Downloads/Projects/StackLens-AI-Deploy/[39mnode_modules/[4msrc[24m/sqlite-core/session.ts:135:15[90m)[39m
[2m[WebServer] [22m    at SQLiteSelectBase._prepare [90m(/Users/deepak/Downloads/Projects/StackLens-AI-Deploy/[39mnode_modules/[4msrc[24m/sqlite-core/query-builders/select.ts:865:85[90m)[39m
[2m[WebServer] [22m    at SQLiteSelectBase.all [90m(/Users/deepak/Downloads/Projects/StackLens-AI-Deploy/[39mnode_modules/[4msrc[24m/sqlite-core/query-builders/select.ts:884:15[90m)[39m
[2m[WebServer] [22m    at SQLiteSelectBase.execute [90m(/Users/deepak/Downloads/Projects/StackLens-AI-Deploy/[39mnode_modules/[4msrc[24m/sqlite-core/query-builders/select.ts:896:15[90m)[39m
[2m[WebServer] [22m    at SQLiteSelectBase.then [90m(/Users/deepak/Downloads/Projects/StackLens-AI-Deploy/[39mnode_modules/[4msrc[24m/query-promise.ts:31:15[90m)[39m
[2m[WebServer] [22m[90m    at process.processTicksAndRejections (node:internal/process/task_queues:105:5)[39m {
[2m[WebServer] [22m  code: [32m'SQLITE_ERROR'[39m
[2m[WebServer] [22m}
[2m[WebServer] [22mGet errors failed: SqliteError: no such column: error_logs.notes
[2m[WebServer] [22m    at Database.prepare [90m(/Users/deepak/Downloads/Projects/StackLens-AI-Deploy/[39mnode_modules/[4mbetter-sqlite3[24m/lib/methods/wrappers.js:5:21[90m)[39m
[2m[WebServer] [22m    at BetterSQLiteSession.prepareQuery [90m(/Users/deepak/Downloads/Projects/StackLens-AI-Deploy/[39mnode_modules/[4msrc[24m/better-sqlite3/session.ts:50:28[90m)[39m
[2m[WebServer] [22m    at BetterSQLiteSession.prepareOneTimeQuery [90m(/Users/deepak/Downloads/Projects/StackLens-AI-Deploy/[39mnode_modules/[4msrc[24m/sqlite-core/session.ts:135:15[90m)[39m
[2m[WebServer] [22m    at SQLiteSelectBase._prepare [90m(/Users/deepak/Downloads/Projects/StackLens-AI-Deploy/[39mnode_modules/[4msrc[24m/sqlite-core/query-builders/select.ts:865:85[90m)[39m
[2m[WebServer] [22m    at SQLiteSelectBase.all [90m(/Users/deepak/Downloads/Projects/StackLens-AI-Deploy/[39mnode_modules/[4msrc[24m/sqlite-core/query-builders/select.ts:884:15[90m)[39m
[2m[WebServer] [22m    at SQLiteSelectBase.execute [90m(/Users/deepak/Downloads/Projects/StackLens-AI-Deploy/[39mnode_modules/[4msrc[24m/sqlite-core/query-builders/select.ts:896:15[90m)[39m
[2m[WebServer] [22m    at SQLiteSelectBase.then [90m(/Users/deepak/Downloads/Projects/StackLens-AI-Deploy/[39mnode_modules/[4msrc[24m/query-promise.ts:31:15[90m)[39m
[2m[WebServer] [22m[90m    at process.processTicksAndRejections (node:internal/process/task_queues:105:5)[39m {
[2m[WebServer] [22m  code: [32m'SQLITE_ERROR'[39m
[2m[WebServer] [22m}
[2m[WebServer] [22mGet errors failed: SqliteError: no such column: error_logs.notes
[2m[WebServer] [22m    at Database.prepare [90m(/Users/deepak/Downloads/Projects/StackLens-AI-Deploy/[39mnode_modules/[4mbetter-sqlite3[24m/lib/methods/wrappers.js:5:21[90m)[39m
[2m[WebServer] [22m    at BetterSQLiteSession.prepareQuery [90m(/Users/deepak/Downloads/Projects/StackLens-AI-Deploy/[39mnode_modules/[4msrc[24m/better-sqlite3/session.ts:50:28[90m)[39m
[2m[WebServer] [22m    at BetterSQLiteSession.prepareOneTimeQuery [90m(/Users/deepak/Downloads/Projects/StackLens-AI-Deploy/[39mnode_modules/[4msrc[24m/sqlite-core/session.ts:135:15[90m)[39m
[2m[WebServer] [22m    at SQLiteSelectBase._prepare [90m(/Users/deepak/Downloads/Projects/StackLens-AI-Deploy/[39mnode_modules/[4msrc[24m/sqlite-core/query-builders/select.ts:865:85[90m)[39m
[2m[WebServer] [22m    at SQLiteSelectBase.all [90m(/Users/deepak/Downloads/Projects/StackLens-AI-Deploy/[39mnode_modules/[4msrc[24m/sqlite-core/query-builders/select.ts:884:15[90m)[39m
[2m[WebServer] [22m    at SQLiteSelectBase.execute [90m(/Users/deepak/Downloads/Projects/StackLens-AI-Deploy/[39mnode_modules/[4msrc[24m/sqlite-core/query-builders/select.ts:896:15[90m)[39m
[2m[WebServer] [22m    at SQLiteSelectBase.then [90m(/Users/deepak/Downloads/Projects/StackLens-AI-Deploy/[39mnode_modules/[4msrc[24m/query-promise.ts:31:15[90m)[39m
[2m[WebServer] [22m[90m    at process.processTicksAndRejections (node:internal/process/task_queues:105:5)[39m {
[2m[WebServer] [22m  code: [32m'SQLITE_ERROR'[39m
[2m[WebServer] [22m}
[2m[WebServer] [22mGet errors failed: SqliteError: no such column: error_logs.notes
[2m[WebServer] [22m    at Database.prepare [90m(/Users/deepak/Downloads/Projects/StackLens-AI-Deploy/[39mnode_modules/[4mbetter-sqlite3[24m/lib/methods/wrappers.js:5:21[90m)[39m
[2m[WebServer] [22m    at BetterSQLiteSession.prepareQuery [90m(/Users/deepak/Downloads/Projects/StackLens-AI-Deploy/[39mnode_modules/[4msrc[24m/better-sqlite3/session.ts:50:28[90m)[39m
[2m[WebServer] [22m    at BetterSQLiteSession.prepareOneTimeQuery [90m(/Users/deepak/Downloads/Projects/StackLens-AI-Deploy/[39mnode_modules/[4msrc[24m/sqlite-core/session.ts:135:15[90m)[39m
[2m[WebServer] [22m    at SQLiteSelectBase._prepare [90m(/Users/deepak/Downloads/Projects/StackLens-AI-Deploy/[39mnode_modules/[4msrc[24m/sqlite-core/query-builders/select.ts:865:85[90m)[39m
[2m[WebServer] [22m    at SQLiteSelectBase.all [90m(/Users/deepak/Downloads/Projects/StackLens-AI-Deploy/[39mnode_modules/[4msrc[24m/sqlite-core/query-builders/select.ts:884:15[90m)[39m
[2m[WebServer] [22m    at SQLiteSelectBase.execute [90m(/Users/deepak/Downloads/Projects/StackLens-AI-Deploy/[39mnode_modules/[4msrc[24m/sqlite-core/query-builders/select.ts:896:15[90m)[39m
[2m[WebServer] [22m    at SQLiteSelectBase.then [90m(/Users/deepak/Downloads/Projects/StackLens-AI-Deploy/[39mnode_modules/[4msrc[24m/query-promise.ts:31:15[90m)[39m
[2m[WebServer] [22m[90m    at process.processTicksAndRejections (node:internal/process/task_queues:105:5)[39m {
[2m[WebServer] [22m  code: [32m'SQLITE_ERROR'[39m
[2m[WebServer] [22m}
[2m[WebServer] [22mGet errors failed: SqliteError: no such column: error_logs.notes
[2m[WebServer] [22m    at Database.prepare [90m(/Users/deepak/Downloads/Projects/StackLens-AI-Deploy/[39mnode_modules/[4mbetter-sqlite3[24m/lib/methods/wrappers.js:5:21[90m)[39m
[2m[WebServer] [22m    at BetterSQLiteSession.prepareQuery [90m(/Users/deepak/Downloads/Projects/StackLens-AI-Deploy/[39mnode_modules/[4msrc[24m/better-sqlite3/session.ts:50:28[90m)[39m
[2m[WebServer] [22m    at BetterSQLiteSession.prepareOneTimeQuery [90m(/Users/deepak/Downloads/Projects/StackLens-AI-Deploy/[39mnode_modules/[4msrc[24m/sqlite-core/session.ts:135:15[90m)[39m
[2m[WebServer] [22m    at SQLiteSelectBase._prepare [90m(/Users/deepak/Downloads/Projects/StackLens-AI-Deploy/[39mnode_modules/[4msrc[24m/sqlite-core/query-builders/select.ts:865:85[90m)[39m
[2m[WebServer] [22m    at SQLiteSelectBase.all [90m(/Users/deepak/Downloads/Projects/StackLens-AI-Deploy/[39mnode_modules/[4msrc[24m/sqlite-core/query-builders/select.ts:884:15[90m)[39m
[2m[WebServer] [22m    at SQLiteSelectBase.execute [90m(/Users/deepak/Downloads/Projects/StackLens-AI-Deploy/[39mnode_modules/[4msrc[24m/sqlite-core/query-builders/select.ts:896:15[90m)[39m
[2m[WebServer] [22m    at SQLiteSelectBase.then [90m(/Users/deepak/Downloads/Projects/StackLens-AI-Deploy/[39mnode_modules/[4msrc[24m/query-promise.ts:31:15[90m)[39m
[2m[WebServer] [22m[90m    at process.processTicksAndRejections (node:internal/process/task_queues:105:5)[39m {
[2m[WebServer] [22m  code: [32m'SQLITE_ERROR'[39m
[2m[WebServer] [22m}
[2m[WebServer] [22mGet errors failed: SqliteError: no such column: error_logs.notes
[2m[WebServer] [22m    at Database.prepare [90m(/Users/deepak/Downloads/Projects/StackLens-AI-Deploy/[39mnode_modules/[4mbetter-sqlite3[24m/lib/methods/wrappers.js:5:21[90m)[39m
[2m[WebServer] [22m    at BetterSQLiteSession.prepareQuery [90m(/Users/deepak/Downloads/Projects/StackLens-AI-Deploy/[39mnode_modules/[4msrc[24m/better-sqlite3/session.ts:50:28[90m)[39m
[2m[WebServer] [22m    at BetterSQLiteSession.prepareOneTimeQuery [90m(/Users/deepak/Downloads/Projects/StackLens-AI-Deploy/[39mnode_modules/[4msrc[24m/sqlite-core/session.ts:135:15[90m)[39m
[2m[WebServer] [22m    at SQLiteSelectBase._prepare [90m(/Users/deepak/Downloads/Projects/StackLens-AI-Deploy/[39mnode_modules/[4msrc[24m/sqlite-core/query-builders/select.ts:865:85[90m)[39m
[2m[WebServer] [22m    at SQLiteSelectBase.all [90m(/Users/deepak/Downloads/Projects/StackLens-AI-Deploy/[39mnode_modules/[4msrc[24m/sqlite-core/query-builders/select.ts:884:15[90m)[39m
[2m[WebServer] [22m    at SQLiteSelectBase.execute [90m(/Users/deepak/Downloads/Projects/StackLens-AI-Deploy/[39mnode_modules/[4msrc[24m/sqlite-core/query-builders/select.ts:896:15[90m)[39m
[2m[WebServer] [22m    at SQLiteSelectBase.then [90m(/Users/deepak/Downloads/Projects/StackLens-AI-Deploy/[39mnode_modules/[4msrc[24m/query-promise.ts:31:15[90m)[39m
[2m[WebServer] [22m[90m    at process.processTicksAndRejections (node:internal/process/task_queues:105:5)[39m {
[2m[WebServer] [22m  code: [32m'SQLITE_ERROR'[39m
[2m[WebServer] [22m}
[2m[WebServer] [22mGet errors failed: SqliteError: no such column: error_logs.notes
[2m[WebServer] [22m    at Database.prepare [90m(/Users/deepak/Downloads/Projects/StackLens-AI-Deploy/[39mnode_modules/[4mbetter-sqlite3[24m/lib/methods/wrappers.js:5:21[90m)[39m
[2m[WebServer] [22m    at BetterSQLiteSession.prepareQuery [90m(/Users/deepak/Downloads/Projects/StackLens-AI-Deploy/[39mnode_modules/[4msrc[24m/better-sqlite3/session.ts:50:28[90m)[39m
[2m[WebServer] [22m    at BetterSQLiteSession.prepareOneTimeQuery [90m(/Users/deepak/Downloads/Projects/StackLens-AI-Deploy/[39mnode_modules/[4msrc[24m/sqlite-core/session.ts:135:15[90m)[39m
[2m[WebServer] [22m    at SQLiteSelectBase._prepare [90m(/Users/deepak/Downloads/Projects/StackLens-AI-Deploy/[39mnode_modules/[4msrc[24m/sqlite-core/query-builders/select.ts:865:85[90m)[39m
[2m[WebServer] [22m    at SQLiteSelectBase.all [90m(/Users/deepak/Downloads/Projects/StackLens-AI-Deploy/[39mnode_modules/[4msrc[24m/sqlite-core/query-builders/select.ts:884:15[90m)[39m
[2m[WebServer] [22m    at SQLiteSelectBase.execute [90m(/Users/deepak/Downloads/Projects/StackLens-AI-Deploy/[39mnode_modules/[4msrc[24m/sqlite-core/query-builders/select.ts:896:15[90m)[39m
[2m[WebServer] [22m    at SQLiteSelectBase.then [90m(/Users/deepak/Downloads/Projects/StackLens-AI-Deploy/[39mnode_modules/[4msrc[24m/query-promise.ts:31:15[90m)[39m
[2m[WebServer] [22m[90m    at process.processTicksAndRejections (node:internal/process/task_queues:105:5)[39m {
[2m[WebServer] [22m  code: [32m'SQLITE_ERROR'[39m
[2m[WebServer] [22m}
[2m[WebServer] [22mGet errors failed: SqliteError: no such column: error_logs.notes
[2m[WebServer] [22m    at Database.prepare [90m(/Users/deepak/Downloads/Projects/StackLens-AI-Deploy/[39mnode_modules/[4mbetter-sqlite3[24m/lib/methods/wrappers.js:5:21[90m)[39m
[2m[WebServer] [22m    at BetterSQLiteSession.prepareQuery [90m(/Users/deepak/Downloads/Projects/StackLens-AI-Deploy/[39mnode_modules/[4msrc[24m/better-sqlite3/session.ts:50:28[90m)[39m
[2m[WebServer] [22m    at BetterSQLiteSession.prepareOneTimeQuery [90m(/Users/deepak/Downloads/Projects/StackLens-AI-Deploy/[39mnode_modules/[4msrc[24m/sqlite-core/session.ts:135:15[90m)[39m
[2m[WebServer] [22m    at SQLiteSelectBase._prepare [90m(/Users/deepak/Downloads/Projects/StackLens-AI-Deploy/[39mnode_modules/[4msrc[24m/sqlite-core/query-builders/select.ts:865:85[90m)[39m
[2m[WebServer] [22m    at SQLiteSelectBase.all [90m(/Users/deepak/Downloads/Projects/StackLens-AI-Deploy/[39mnode_modules/[4msrc[24m/sqlite-core/query-builders/select.ts:884:15[90m)[39m
[2m[WebServer] [22m    at SQLiteSelectBase.execute [90m(/Users/deepak/Downloads/Projects/StackLens-AI-Deploy/[39mnode_modules/[4msrc[24m/sqlite-core/query-builders/select.ts:896:15[90m)[39m
[2m[WebServer] [22m    at SQLiteSelectBase.then [90m(/Users/deepak/Downloads/Projects/StackLens-AI-Deploy/[39mnode_modules/[4msrc[24m/query-promise.ts:31:15[90m)[39m
[2m[WebServer] [22m[90m    at process.processTicksAndRejections (node:internal/process/task_queues:105:5)[39m {
[2m[WebServer] [22m  code: [32m'SQLITE_ERROR'[39m
[2m[WebServer] [22m}
[2m[WebServer] [22mGet errors failed: SqliteError: no such column: error_logs.notes
[2m[WebServer] [22m    at Database.prepare [90m(/Users/deepak/Downloads/Projects/StackLens-AI-Deploy/[39mnode_modules/[4mbetter-sqlite3[24m/lib/methods/wrappers.js:5:21[90m)[39m
[2m[WebServer] [22m    at BetterSQLiteSession.prepareQuery [90m(/Users/deepak/Downloads/Projects/StackLens-AI-Deploy/[39mnode_modules/[4msrc[24m/better-sqlite3/session.ts:50:28[90m)[39m
[2m[WebServer] [22m    at BetterSQLiteSession.prepareOneTimeQuery [90m(/Users/deepak/Downloads/Projects/StackLens-AI-Deploy/[39mnode_modules/[4msrc[24m/sqlite-core/session.ts:135:15[90m)[39m
[2m[WebServer] [22m    at SQLiteSelectBase._prepare [90m(/Users/deepak/Downloads/Projects/StackLens-AI-Deploy/[39mnode_modules/[4msrc[24m/sqlite-core/query-builders/select.ts:865:85[90m)[39m
[2m[WebServer] [22m    at SQLiteSelectBase.all [90m(/Users/deepak/Downloads/Projects/StackLens-AI-Deploy/[39mnode_modules/[4msrc[24m/sqlite-core/query-builders/select.ts:884:15[90m)[39m
[2m[WebServer] [22m    at SQLiteSelectBase.execute [90m(/Users/deepak/Downloads/Projects/StackLens-AI-Deploy/[39mnode_modules/[4msrc[24m/sqlite-core/query-builders/select.ts:896:15[90m)[39m
[2m[WebServer] [22m    at SQLiteSelectBase.then [90m(/Users/deepak/Downloads/Projects/StackLens-AI-Deploy/[39mnode_modules/[4msrc[24m/query-promise.ts:31:15[90m)[39m
[2m[WebServer] [22m[90m    at process.processTicksAndRejections (node:internal/process/task_queues:105:5)[39m {
[2m[WebServer] [22m  code: [32m'SQLITE_ERROR'[39m
[2m[WebServer] [22m}
[2m[WebServer] [22mGet errors failed: SqliteError: no such column: error_logs.notes
[2m[WebServer] [22m    at Database.prepare [90m(/Users/deepak/Downloads/Projects/StackLens-AI-Deploy/[39mnode_modules/[4mbetter-sqlite3[24m/lib/methods/wrappers.js:5:21[90m)[39m
[2m[WebServer] [22m    at BetterSQLiteSession.prepareQuery [90m(/Users/deepak/Downloads/Projects/StackLens-AI-Deploy/[39mnode_modules/[4msrc[24m/better-sqlite3/session.ts:50:28[90m)[39m
[2m[WebServer] [22m    at BetterSQLiteSession.prepareOneTimeQuery [90m(/Users/deepak/Downloads/Projects/StackLens-AI-Deploy/[39mnode_modules/[4msrc[24m/sqlite-core/session.ts:135:15[90m)[39m
[2m[WebServer] [22m    at SQLiteSelectBase._prepare [90m(/Users/deepak/Downloads/Projects/StackLens-AI-Deploy/[39mnode_modules/[4msrc[24m/sqlite-core/query-builders/select.ts:865:85[90m)[39m
[2m[WebServer] [22m    at SQLiteSelectBase.all [90m(/Users/deepak/Downloads/Projects/StackLens-AI-Deploy/[39mnode_modules/[4msrc[24m/sqlite-core/query-builders/select.ts:884:15[90m)[39m
[2m[WebServer] [22m    at SQLiteSelectBase.execute [90m(/Users/deepak/Downloads/Projects/StackLens-AI-Deploy/[39mnode_modules/[4msrc[24m/sqlite-core/query-builders/select.ts:896:15[90m)[39m
[2m[WebServer] [22m    at SQLiteSelectBase.then [90m(/Users/deepak/Downloads/Projects/StackLens-AI-Deploy/[39mnode_modules/[4msrc[24m/query-promise.ts:31:15[90m)[39m
[2m[WebServer] [22m[90m    at process.processTicksAndRejections (node:internal/process/task_queues:105:5)[39m {
[2m[WebServer] [22m  code: [32m'SQLITE_ERROR'[39m
[2m[WebServer] [22m}
[2m[WebServer] [22mGet errors failed: SqliteError: no such column: error_logs.notes
[2m[WebServer] [22m    at Database.prepare [90m(/Users/deepak/Downloads/Projects/StackLens-AI-Deploy/[39mnode_modules/[4mbetter-sqlite3[24m/lib/methods/wrappers.js:5:21[90m)[39m
[2m[WebServer] [22m    at BetterSQLiteSession.prepareQuery [90m(/Users/deepak/Downloads/Projects/StackLens-AI-Deploy/[39mnode_modules/[4msrc[24m/better-sqlite3/session.ts:50:28[90m)[39m
[2m[WebServer] [22m    at BetterSQLiteSession.prepareOneTimeQuery [90m(/Users/deepak/Downloads/Projects/StackLens-AI-Deploy/[39mnode_modules/[4msrc[24m/sqlite-core/session.ts:135:15[90m)[39m
[2m[WebServer] [22m    at SQLiteSelectBase._prepare [90m(/Users/deepak/Downloads/Projects/StackLens-AI-Deploy/[39mnode_modules/[4msrc[24m/sqlite-core/query-builders/select.ts:865:85[90m)[39m
[2m[WebServer] [22m    at SQLiteSelectBase.all [90m(/Users/deepak/Downloads/Projects/StackLens-AI-Deploy/[39mnode_modules/[4msrc[24m/sqlite-core/query-builders/select.ts:884:15[90m)[39m
[2m[WebServer] [22m    at SQLiteSelectBase.execute [90m(/Users/deepak/Downloads/Projects/StackLens-AI-Deploy/[39mnode_modules/[4msrc[24m/sqlite-core/query-builders/select.ts:896:15[90m)[39m
[2m[WebServer] [22m    at SQLiteSelectBase.then [90m(/Users/deepak/Downloads/Projects/StackLens-AI-Deploy/[39mnode_modules/[4msrc[24m/query-promise.ts:31:15[90m)[39m
[2m[WebServer] [22m[90m    at process.processTicksAndRejections (node:internal/process/task_queues:105:5)[39m {
[2m[WebServer] [22m  code: [32m'SQLITE_ERROR'[39m
[2m[WebServer] [22m}
[2m[WebServer] [22mGet errors failed: SqliteError: no such column: error_logs.notes
[2m[WebServer] [22m    at Database.prepare [90m(/Users/deepak/Downloads/Projects/StackLens-AI-Deploy/[39mnode_modules/[4mbetter-sqlite3[24m/lib/methods/wrappers.js:5:21[90m)[39m
[2m[WebServer] [22m    at BetterSQLiteSession.prepareQuery [90m(/Users/deepak/Downloads/Projects/StackLens-AI-Deploy/[39mnode_modules/[4msrc[24m/better-sqlite3/session.ts:50:28[90m)[39m
[2m[WebServer] [22m    at BetterSQLiteSession.prepareOneTimeQuery [90m(/Users/deepak/Downloads/Projects/StackLens-AI-Deploy/[39mnode_modules/[4msrc[24m/sqlite-core/session.ts:135:15[90m)[39m
[2m[WebServer] [22m    at SQLiteSelectBase._prepare [90m(/Users/deepak/Downloads/Projects/StackLens-AI-Deploy/[39mnode_modules/[4msrc[24m/sqlite-core/query-builders/select.ts:865:85[90m)[39m
[2m[WebServer] [22m    at SQLiteSelectBase.all [90m(/Users/deepak/Downloads/Projects/StackLens-AI-Deploy/[39mnode_modules/[4msrc[24m/sqlite-core/query-builders/select.ts:884:15[90m)[39m
[2m[WebServer] [22m    at SQLiteSelectBase.execute [90m(/Users/deepak/Downloads/Projects/StackLens-AI-Deploy/[39mnode_modules/[4msrc[24m/sqlite-core/query-builders/select.ts:896:15[90m)[39m
[2m[WebServer] [22m    at SQLiteSelectBase.then [90m(/Users/deepak/Downloads/Projects/StackLens-AI-Deploy/[39mnode_modules/[4msrc[24m/query-promise.ts:31:15[90m)[39m
[2m[WebServer] [22m[90m    at process.processTicksAndRejections (node:internal/process/task_queues:105:5)[39m {
[2m[WebServer] [22m  code: [32m'SQLITE_ERROR'[39m
[2m[WebServer] [22m}
[2m[WebServer] [22mGet errors failed: SqliteError: no such column: error_logs.notes
[2m[WebServer] [22m    at Database.prepare [90m(/Users/deepak/Downloads/Projects/StackLens-AI-Deploy/[39mnode_modules/[4mbetter-sqlite3[24m/lib/methods/wrappers.js:5:21[90m)[39m
[2m[WebServer] [22m    at BetterSQLiteSession.prepareQuery [90m(/Users/deepak/Downloads/Projects/StackLens-AI-Deploy/[39mnode_modules/[4msrc[24m/better-sqlite3/session.ts:50:28[90m)[39m
[2m[WebServer] [22m    at BetterSQLiteSession.prepareOneTimeQuery [90m(/Users/deepak/Downloads/Projects/StackLens-AI-Deploy/[39mnode_modules/[4msrc[24m/sqlite-core/session.ts:135:15[90m)[39m
[2m[WebServer] [22m    at SQLiteSelectBase._prepare [90m(/Users/deepak/Downloads/Projects/StackLens-AI-Deploy/[39mnode_modules/[4msrc[24m/sqlite-core/query-builders/select.ts:865:85[90m)[39m
[2m[WebServer] [22m    at SQLiteSelectBase.all [90m(/Users/deepak/Downloads/Projects/StackLens-AI-Deploy/[39mnode_modules/[4msrc[24m/sqlite-core/query-builders/select.ts:884:15[90m)[39m
[2m[WebServer] [22m    at SQLiteSelectBase.execute [90m(/Users/deepak/Downloads/Projects/StackLens-AI-Deploy/[39mnode_modules/[4msrc[24m/sqlite-core/query-builders/select.ts:896:15[90m)[39m
[2m[WebServer] [22m    at SQLiteSelectBase.then [90m(/Users/deepak/Downloads/Projects/StackLens-AI-Deploy/[39mnode_modules/[4msrc[24m/query-promise.ts:31:15[90m)[39m
[2m[WebServer] [22m[90m    at process.processTicksAndRejections (node:internal/process/task_queues:105:5)[39m {
[2m[WebServer] [22m  code: [32m'SQLITE_ERROR'[39m
[2m[WebServer] [22m}
[2m[WebServer] [22mGet errors failed: SqliteError: no such column: error_logs.notes
[2m[WebServer] [22m    at Database.prepare [90m(/Users/deepak/Downloads/Projects/StackLens-AI-Deploy/[39mnode_modules/[4mbetter-sqlite3[24m/lib/methods/wrappers.js:5:21[90m)[39m
[2m[WebServer] [22m    at BetterSQLiteSession.prepareQuery [90m(/Users/deepak/Downloads/Projects/StackLens-AI-Deploy/[39mnode_modules/[4msrc[24m/better-sqlite3/session.ts:50:28[90m)[39m
[2m[WebServer] [22m    at BetterSQLiteSession.prepareOneTimeQuery [90m(/Users/deepak/Downloads/Projects/StackLens-AI-Deploy/[39mnode_modules/[4msrc[24m/sqlite-core/session.ts:135:15[90m)[39m
[2m[WebServer] [22m    at SQLiteSelectBase._prepare [90m(/Users/deepak/Downloads/Projects/StackLens-AI-Deploy/[39mnode_modules/[4msrc[24m/sqlite-core/query-builders/select.ts:865:85[90m)[39m
[2m[WebServer] [22m    at SQLiteSelectBase.all [90m(/Users/deepak/Downloads/Projects/StackLens-AI-Deploy/[39mnode_modules/[4msrc[24m/sqlite-core/query-builders/select.ts:884:15[90m)[39m
[2m[WebServer] [22m    at SQLiteSelectBase.execute [90m(/Users/deepak/Downloads/Projects/StackLens-AI-Deploy/[39mnode_modules/[4msrc[24m/sqlite-core/query-builders/select.ts:896:15[90m)[39m
[2m[WebServer] [22m    at SQLiteSelectBase.then [90m(/Users/deepak/Downloads/Projects/StackLens-AI-Deploy/[39mnode_modules/[4msrc[24m/query-promise.ts:31:15[90m)[39m
[2m[WebServer] [22m[90m    at process.processTicksAndRejections (node:internal/process/task_queues:105:5)[39m {
[2m[WebServer] [22m  code: [32m'SQLITE_ERROR'[39m
[2m[WebServer] [22m}
[2m[WebServer] [22mGet errors failed: SqliteError: no such column: error_logs.notes
[2m[WebServer] [22m    at Database.prepare [90m(/Users/deepak/Downloads/Projects/StackLens-AI-Deploy/[39mnode_modules/[4mbetter-sqlite3[24m/lib/methods/wrappers.js:5:21[90m)[39m
[2m[WebServer] [22m    at BetterSQLiteSession.prepareQuery [90m(/Users/deepak/Downloads/Projects/StackLens-AI-Deploy/[39mnode_modules/[4msrc[24m/better-sqlite3/session.ts:50:28[90m)[39m
[2m[WebServer] [22m    at BetterSQLiteSession.prepareOneTimeQuery [90m(/Users/deepak/Downloads/Projects/StackLens-AI-Deploy/[39mnode_modules/[4msrc[24m/sqlite-core/session.ts:135:15[90m)[39m
[2m[WebServer] [22m    at SQLiteSelectBase._prepare [90m(/Users/deepak/Downloads/Projects/StackLens-AI-Deploy/[39mnode_modules/[4msrc[24m/sqlite-core/query-builders/select.ts:865:85[90m)[39m
[2m[WebServer] [22m    at SQLiteSelectBase.all [90m(/Users/deepak/Downloads/Projects/StackLens-AI-Deploy/[39mnode_modules/[4msrc[24m/sqlite-core/query-builders/select.ts:884:15[90m)[39m
[2m[WebServer] [22m    at SQLiteSelectBase.execute [90m(/Users/deepak/Downloads/Projects/StackLens-AI-Deploy/[39mnode_modules/[4msrc[24m/sqlite-core/query-builders/select.ts:896:15[90m)[39m
[2m[WebServer] [22m    at SQLiteSelectBase.then [90m(/Users/deepak/Downloads/Projects/StackLens-AI-Deploy/[39mnode_modules/[4msrc[24m/query-promise.ts:31:15[90m)[39m
[2m[WebServer] [22m[90m    at process.processTicksAndRejections (node:internal/process/task_queues:105:5)[39m {
[2m[WebServer] [22m  code: [32m'SQLITE_ERROR'[39m
[2m[WebServer] [22m}
[2m[WebServer] [22mGet errors failed: SqliteError: no such column: error_logs.notes
[2m[WebServer] [22m    at Database.prepare [90m(/Users/deepak/Downloads/Projects/StackLens-AI-Deploy/[39mnode_modules/[4mbetter-sqlite3[24m/lib/methods/wrappers.js:5:21[90m)[39m
[2m[WebServer] [22m    at BetterSQLiteSession.prepareQuery [90m(/Users/deepak/Downloads/Projects/StackLens-AI-Deploy/[39mnode_modules/[4msrc[24m/better-sqlite3/session.ts:50:28[90m)[39m
[2m[WebServer] [22m    at BetterSQLiteSession.prepareOneTimeQuery [90m(/Users/deepak/Downloads/Projects/StackLens-AI-Deploy/[39mnode_modules/[4msrc[24m/sqlite-core/session.ts:135:15[90m)[39m
[2m[WebServer] [22m    at SQLiteSelectBase._prepare [90m(/Users/deepak/Downloads/Projects/StackLens-AI-Deploy/[39mnode_modules/[4msrc[24m/sqlite-core/query-builders/select.ts:865:85[90m)[39m
[2m[WebServer] [22m    at SQLiteSelectBase.all [90m(/Users/deepak/Downloads/Projects/StackLens-AI-Deploy/[39mnode_modules/[4msrc[24m/sqlite-core/query-builders/select.ts:884:15[90m)[39m
[2m[WebServer] [22m    at SQLiteSelectBase.execute [90m(/Users/deepak/Downloads/Projects/StackLens-AI-Deploy/[39mnode_modules/[4msrc[24m/sqlite-core/query-builders/select.ts:896:15[90m)[39m
[2m[WebServer] [22m    at SQLiteSelectBase.then [90m(/Users/deepak/Downloads/Projects/StackLens-AI-Deploy/[39mnode_modules/[4msrc[24m/query-promise.ts:31:15[90m)[39m
[2m[WebServer] [22m[90m    at process.processTicksAndRejections (node:internal/process/task_queues:105:5)[39m {
[2m[WebServer] [22m  code: [32m'SQLITE_ERROR'[39m
[2m[WebServer] [22m}
[2m[WebServer] [22mGet errors failed: SqliteError: no such column: error_logs.notes
[2m[WebServer] [22m    at Database.prepare [90m(/Users/deepak/Downloads/Projects/StackLens-AI-Deploy/[39mnode_modules/[4mbetter-sqlite3[24m/lib/methods/wrappers.js:5:21[90m)[39m
[2m[WebServer] [22m    at BetterSQLiteSession.prepareQuery [90m(/Users/deepak/Downloads/Projects/StackLens-AI-Deploy/[39mnode_modules/[4msrc[24m/better-sqlite3/session.ts:50:28[90m)[39m
[2m[WebServer] [22m    at BetterSQLiteSession.prepareOneTimeQuery [90m(/Users/deepak/Downloads/Projects/StackLens-AI-Deploy/[39mnode_modules/[4msrc[24m/sqlite-core/session.ts:135:15[90m)[39m
[2m[WebServer] [22m    at SQLiteSelectBase._prepare [90m(/Users/deepak/Downloads/Projects/StackLens-AI-Deploy/[39mnode_modules/[4msrc[24m/sqlite-core/query-builders/select.ts:865:85[90m)[39m
[2m[WebServer] [22m    at SQLiteSelectBase.all [90m(/Users/deepak/Downloads/Projects/StackLens-AI-Deploy/[39mnode_modules/[4msrc[24m/sqlite-core/query-builders/select.ts:884:15[90m)[39m
[2m[WebServer] [22m    at SQLiteSelectBase.execute [90m(/Users/deepak/Downloads/Projects/StackLens-AI-Deploy/[39mnode_modules/[4msrc[24m/sqlite-core/query-builders/select.ts:896:15[90m)[39m
[2m[WebServer] [22m    at SQLiteSelectBase.then [90m(/Users/deepak/Downloads/Projects/StackLens-AI-Deploy/[39mnode_modules/[4msrc[24m/query-promise.ts:31:15[90m)[39m
[2m[WebServer] [22m[90m    at process.processTicksAndRejections (node:internal/process/task_queues:105:5)[39m {
[2m[WebServer] [22m  code: [32m'SQLITE_ERROR'[39m
[2m[WebServer] [22m}
[2m[WebServer] [22mGet errors failed: SqliteError: no such column: error_logs.notes
[2m[WebServer] [22m    at Database.prepare [90m(/Users/deepak/Downloads/Projects/StackLens-AI-Deploy/[39mnode_modules/[4mbetter-sqlite3[24m/lib/methods/wrappers.js:5:21[90m)[39m
[2m[WebServer] [22m    at BetterSQLiteSession.prepareQuery [90m(/Users/deepak/Downloads/Projects/StackLens-AI-Deploy/[39mnode_modules/[4msrc[24m/better-sqlite3/session.ts:50:28[90m)[39m
[2m[WebServer] [22m    at BetterSQLiteSession.prepareOneTimeQuery [90m(/Users/deepak/Downloads/Projects/StackLens-AI-Deploy/[39mnode_modules/[4msrc[24m/sqlite-core/session.ts:135:15[90m)[39m
[2m[WebServer] [22m    at SQLiteSelectBase._prepare [90m(/Users/deepak/Downloads/Projects/StackLens-AI-Deploy/[39mnode_modules/[4msrc[24m/sqlite-core/query-builders/select.ts:865:85[90m)[39m
[2m[WebServer] [22m    at SQLiteSelectBase.all [90m(/Users/deepak/Downloads/Projects/StackLens-AI-Deploy/[39mnode_modules/[4msrc[24m/sqlite-core/query-builders/select.ts:884:15[90m)[39m
[2m[WebServer] [22m    at SQLiteSelectBase.execute [90m(/Users/deepak/Downloads/Projects/StackLens-AI-Deploy/[39mnode_modules/[4msrc[24m/sqlite-core/query-builders/select.ts:896:15[90m)[39m
[2m[WebServer] [22m    at SQLiteSelectBase.then [90m(/Users/deepak/Downloads/Projects/StackLens-AI-Deploy/[39mnode_modules/[4msrc[24m/query-promise.ts:31:15[90m)[39m
[2m[WebServer] [22m[90m    at process.processTicksAndRejections (node:internal/process/task_queues:105:5)[39m {
[2m[WebServer] [22m  code: [32m'SQLITE_ERROR'[39m
[2m[WebServer] [22m}
[2m[WebServer] [22mGet errors failed: SqliteError: no such column: error_logs.notes
[2m[WebServer] [22m    at Database.prepare [90m(/Users/deepak/Downloads/Projects/StackLens-AI-Deploy/[39mnode_modules/[4mbetter-sqlite3[24m/lib/methods/wrappers.js:5:21[90m)[39m
[2m[WebServer] [22m    at BetterSQLiteSession.prepareQuery [90m(/Users/deepak/Downloads/Projects/StackLens-AI-Deploy/[39mnode_modules/[4msrc[24m/better-sqlite3/session.ts:50:28[90m)[39m
[2m[WebServer] [22m    at BetterSQLiteSession.prepareOneTimeQuery [90m(/Users/deepak/Downloads/Projects/StackLens-AI-Deploy/[39mnode_modules/[4msrc[24m/sqlite-core/session.ts:135:15[90m)[39m
[2m[WebServer] [22m    at SQLiteSelectBase._prepare [90m(/Users/deepak/Downloads/Projects/StackLens-AI-Deploy/[39mnode_modules/[4msrc[24m/sqlite-core/query-builders/select.ts:865:85[90m)[39m
[2m[WebServer] [22m    at SQLiteSelectBase.all [90m(/Users/deepak/Downloads/Projects/StackLens-AI-Deploy/[39mnode_modules/[4msrc[24m/sqlite-core/query-builders/select.ts:884:15[90m)[39m
[2m[WebServer] [22m    at SQLiteSelectBase.execute [90m(/Users/deepak/Downloads/Projects/StackLens-AI-Deploy/[39mnode_modules/[4msrc[24m/sqlite-core/query-builders/select.ts:896:15[90m)[39m
[2m[WebServer] [22m    at SQLiteSelectBase.then [90m(/Users/deepak/Downloads/Projects/StackLens-AI-Deploy/[39mnode_modules/[4msrc[24m/query-promise.ts:31:15[90m)[39m
[2m[WebServer] [22m[90m    at process.processTicksAndRejections (node:internal/process/task_queues:105:5)[39m {
[2m[WebServer] [22m  code: [32m'SQLITE_ERROR'[39m
[2m[WebServer] [22m}
[2m[WebServer] [22mGet errors failed: SqliteError: no such column: error_logs.notes
[2m[WebServer] [22m    at Database.prepare [90m(/Users/deepak/Downloads/Projects/StackLens-AI-Deploy/[39mnode_modules/[4mbetter-sqlite3[24m/lib/methods/wrappers.js:5:21[90m)[39m
[2m[WebServer] [22m    at BetterSQLiteSession.prepareQuery [90m(/Users/deepak/Downloads/Projects/StackLens-AI-Deploy/[39mnode_modules/[4msrc[24m/better-sqlite3/session.ts:50:28[90m)[39m
[2m[WebServer] [22m    at BetterSQLiteSession.prepareOneTimeQuery [90m(/Users/deepak/Downloads/Projects/StackLens-AI-Deploy/[39mnode_modules/[4msrc[24m/sqlite-core/session.ts:135:15[90m)[39m
[2m[WebServer] [22m    at SQLiteSelectBase._prepare [90m(/Users/deepak/Downloads/Projects/StackLens-AI-Deploy/[39mnode_modules/[4msrc[24m/sqlite-core/query-builders/select.ts:865:85[90m)[39m
[2m[WebServer] [22m    at SQLiteSelectBase.all [90m(/Users/deepak/Downloads/Projects/StackLens-AI-Deploy/[39mnode_modules/[4msrc[24m/sqlite-core/query-builders/select.ts:884:15[90m)[39m
[2m[WebServer] [22m    at SQLiteSelectBase.execute [90m(/Users/deepak/Downloads/Projects/StackLens-AI-Deploy/[39mnode_modules/[4msrc[24m/sqlite-core/query-builders/select.ts:896:15[90m)[39m
[2m[WebServer] [22m    at SQLiteSelectBase.then [90m(/Users/deepak/Downloads/Projects/StackLens-AI-Deploy/[39mnode_modules/[4msrc[24m/query-promise.ts:31:15[90m)[39m
[2m[WebServer] [22m[90m    at process.processTicksAndRejections (node:internal/process/task_queues:105:5)[39m {
[2m[WebServer] [22m  code: [32m'SQLITE_ERROR'[39m
[2m[WebServer] [22m}
[2m[WebServer] [22mGet errors failed: SqliteError: no such column: error_logs.notes
[2m[WebServer] [22m    at Database.prepare [90m(/Users/deepak/Downloads/Projects/StackLens-AI-Deploy/[39mnode_modules/[4mbetter-sqlite3[24m/lib/methods/wrappers.js:5:21[90m)[39m
[2m[WebServer] [22m    at BetterSQLiteSession.prepareQuery [90m(/Users/deepak/Downloads/Projects/StackLens-AI-Deploy/[39mnode_modules/[4msrc[24m/better-sqlite3/session.ts:50:28[90m)[39m
[2m[WebServer] [22m    at BetterSQLiteSession.prepareOneTimeQuery [90m(/Users/deepak/Downloads/Projects/StackLens-AI-Deploy/[39mnode_modules/[4msrc[24m/sqlite-core/session.ts:135:15[90m)[39m
[2m[WebServer] [22m    at SQLiteSelectBase._prepare [90m(/Users/deepak/Downloads/Projects/StackLens-AI-Deploy/[39mnode_modules/[4msrc[24m/sqlite-core/query-builders/select.ts:865:85[90m)[39m
[2m[WebServer] [22m    at SQLiteSelectBase.all [90m(/Users/deepak/Downloads/Projects/StackLens-AI-Deploy/[39mnode_modules/[4msrc[24m/sqlite-core/query-builders/select.ts:884:15[90m)[39m
[2m[WebServer] [22m    at SQLiteSelectBase.execute [90m(/Users/deepak/Downloads/Projects/StackLens-AI-Deploy/[39mnode_modules/[4msrc[24m/sqlite-core/query-builders/select.ts:896:15[90m)[39m
[2m[WebServer] [22m    at SQLiteSelectBase.then [90m(/Users/deepak/Downloads/Projects/StackLens-AI-Deploy/[39mnode_modules/[4msrc[24m/query-promise.ts:31:15[90m)[39m
[2m[WebServer] [22m[90m    at process.processTicksAndRejections (node:internal/process/task_queues:105:5)[39m {
[2m[WebServer] [22m  code: [32m'SQLITE_ERROR'[39m
[2m[WebServer] [22m}
[2m[WebServer] [22mGet errors failed: SqliteError: no such column: error_logs.notes
[2m[WebServer] [22m    at Database.prepare [90m(/Users/deepak/Downloads/Projects/StackLens-AI-Deploy/[39mnode_modules/[4mbetter-sqlite3[24m/lib/methods/wrappers.js:5:21[90m)[39m
[2m[WebServer] [22m    at BetterSQLiteSession.prepareQuery [90m(/Users/deepak/Downloads/Projects/StackLens-AI-Deploy/[39mnode_modules/[4msrc[24m/better-sqlite3/session.ts:50:28[90m)[39m
[2m[WebServer] [22m    at BetterSQLiteSession.prepareOneTimeQuery [90m(/Users/deepak/Downloads/Projects/StackLens-AI-Deploy/[39mnode_modules/[4msrc[24m/sqlite-core/session.ts:135:15[90m)[39m
[2m[WebServer] [22m    at SQLiteSelectBase._prepare [90m(/Users/deepak/Downloads/Projects/StackLens-AI-Deploy/[39mnode_modules/[4msrc[24m/sqlite-core/query-builders/select.ts:865:85[90m)[39m
[2m[WebServer] [22m    at SQLiteSelectBase.all [90m(/Users/deepak/Downloads/Projects/StackLens-AI-Deploy/[39mnode_modules/[4msrc[24m/sqlite-core/query-builders/select.ts:884:15[90m)[39m
[2m[WebServer] [22m    at SQLiteSelectBase.execute [90m(/Users/deepak/Downloads/Projects/StackLens-AI-Deploy/[39mnode_modules/[4msrc[24m/sqlite-core/query-builders/select.ts:896:15[90m)[39m
[2m[WebServer] [22m    at SQLiteSelectBase.then [90m(/Users/deepak/Downloads/Projects/StackLens-AI-Deploy/[39mnode_modules/[4msrc[24m/query-promise.ts:31:15[90m)[39m
[2m[WebServer] [22m[90m    at process.processTicksAndRejections (node:internal/process/task_queues:105:5)[39m {
[2m[WebServer] [22m  code: [32m'SQLITE_ERROR'[39m
[2m[WebServer] [22m}
[2m[WebServer] [22mGet errors failed: SqliteError: no such column: error_logs.notes
[2m[WebServer] [22m    at Database.prepare [90m(/Users/deepak/Downloads/Projects/StackLens-AI-Deploy/[39mnode_modules/[4mbetter-sqlite3[24m/lib/methods/wrappers.js:5:21[90m)[39m
[2m[WebServer] [22m    at BetterSQLiteSession.prepareQuery [90m(/Users/deepak/Downloads/Projects/StackLens-AI-Deploy/[39mnode_modules/[4msrc[24m/better-sqlite3/session.ts:50:28[90m)[39m
[2m[WebServer] [22m    at BetterSQLiteSession.prepareOneTimeQuery [90m(/Users/deepak/Downloads/Projects/StackLens-AI-Deploy/[39mnode_modules/[4msrc[24m/sqlite-core/session.ts:135:15[90m)[39m
[2m[WebServer] [22m    at SQLiteSelectBase._prepare [90m(/Users/deepak/Downloads/Projects/StackLens-AI-Deploy/[39mnode_modules/[4msrc[24m/sqlite-core/query-builders/select.ts:865:85[90m)[39m
[2m[WebServer] [22m    at SQLiteSelectBase.all [90m(/Users/deepak/Downloads/Projects/StackLens-AI-Deploy/[39mnode_modules/[4msrc[24m/sqlite-core/query-builders/select.ts:884:15[90m)[39m
[2m[WebServer] [22m    at SQLiteSelectBase.execute [90m(/Users/deepak/Downloads/Projects/StackLens-AI-Deploy/[39mnode_modules/[4msrc[24m/sqlite-core/query-builders/select.ts:896:15[90m)[39m
[2m[WebServer] [22m    at SQLiteSelectBase.then [90m(/Users/deepak/Downloads/Projects/StackLens-AI-Deploy/[39mnode_modules/[4msrc[24m/query-promise.ts:31:15[90m)[39m
[2m[WebServer] [22m[90m    at process.processTicksAndRejections (node:internal/process/task_queues:105:5)[39m {
[2m[WebServer] [22m  code: [32m'SQLITE_ERROR'[39m
[2m[WebServer] [22m}
[2m[WebServer] [22mGet errors failed: SqliteError: no such column: error_logs.notes
[2m[WebServer] [22m    at Database.prepare [90m(/Users/deepak/Downloads/Projects/StackLens-AI-Deploy/[39mnode_modules/[4mbetter-sqlite3[24m/lib/methods/wrappers.js:5:21[90m)[39m
[2m[WebServer] [22m    at BetterSQLiteSession.prepareQuery [90m(/Users/deepak/Downloads/Projects/StackLens-AI-Deploy/[39mnode_modules/[4msrc[24m/better-sqlite3/session.ts:50:28[90m)[39m
[2m[WebServer] [22m    at BetterSQLiteSession.prepareOneTimeQuery [90m(/Users/deepak/Downloads/Projects/StackLens-AI-Deploy/[39mnode_modules/[4msrc[24m/sqlite-core/session.ts:135:15[90m)[39m
[2m[WebServer] [22m    at SQLiteSelectBase._prepare [90m(/Users/deepak/Downloads/Projects/StackLens-AI-Deploy/[39mnode_modules/[4msrc[24m/sqlite-core/query-builders/select.ts:865:85[90m)[39m
[2m[WebServer] [22m    at SQLiteSelectBase.all [90m(/Users/deepak/Downloads/Projects/StackLens-AI-Deploy/[39mnode_modules/[4msrc[24m/sqlite-core/query-builders/select.ts:884:15[90m)[39m
[2m[WebServer] [22m    at SQLiteSelectBase.execute [90m(/Users/deepak/Downloads/Projects/StackLens-AI-Deploy/[39mnode_modules/[4msrc[24m/sqlite-core/query-builders/select.ts:896:15[90m)[39m
[2m[WebServer] [22m    at SQLiteSelectBase.then [90m(/Users/deepak/Downloads/Projects/StackLens-AI-Deploy/[39mnode_modules/[4msrc[24m/query-promise.ts:31:15[90m)[39m
[2m[WebServer] [22m[90m    at process.processTicksAndRejections (node:internal/process/task_queues:105:5)[39m {
[2m[WebServer] [22m  code: [32m'SQLITE_ERROR'[39m
[2m[WebServer] [22m}
[2m[WebServer] [22mGet errors failed: SqliteError: no such column: error_logs.notes
[2m[WebServer] [22m    at Database.prepare [90m(/Users/deepak/Downloads/Projects/StackLens-AI-Deploy/[39mnode_modules/[4mbetter-sqlite3[24m/lib/methods/wrappers.js:5:21[90m)[39m
[2m[WebServer] [22m    at BetterSQLiteSession.prepareQuery [90m(/Users/deepak/Downloads/Projects/StackLens-AI-Deploy/[39mnode_modules/[4msrc[24m/better-sqlite3/session.ts:50:28[90m)[39m
[2m[WebServer] [22m    at BetterSQLiteSession.prepareOneTimeQuery [90m(/Users/deepak/Downloads/Projects/StackLens-AI-Deploy/[39mnode_modules/[4msrc[24m/sqlite-core/session.ts:135:15[90m)[39m
[2m[WebServer] [22m    at SQLiteSelectBase._prepare [90m(/Users/deepak/Downloads/Projects/StackLens-AI-Deploy/[39mnode_modules/[4msrc[24m/sqlite-core/query-builders/select.ts:865:85[90m)[39m
[2m[WebServer] [22m    at SQLiteSelectBase.all [90m(/Users/deepak/Downloads/Projects/StackLens-AI-Deploy/[39mnode_modules/[4msrc[24m/sqlite-core/query-builders/select.ts:884:15[90m)[39m
[2m[WebServer] [22m    at SQLiteSelectBase.execute [90m(/Users/deepak/Downloads/Projects/StackLens-AI-Deploy/[39mnode_modules/[4msrc[24m/sqlite-core/query-builders/select.ts:896:15[90m)[39m
[2m[WebServer] [22m    at SQLiteSelectBase.then [90m(/Users/deepak/Downloads/Projects/StackLens-AI-Deploy/[39mnode_modules/[4msrc[24m/query-promise.ts:31:15[90m)[39m
[2m[WebServer] [22m[90m    at process.processTicksAndRejections (node:internal/process/task_queues:105:5)[39m {
[2m[WebServer] [22m  code: [32m'SQLITE_ERROR'[39m
[2m[WebServer] [22m}
[2m[WebServer] [22mGet errors failed: SqliteError: no such column: error_logs.notes
[2m[WebServer] [22m    at Database.prepare [90m(/Users/deepak/Downloads/Projects/StackLens-AI-Deploy/[39mnode_modules/[4mbetter-sqlite3[24m/lib/methods/wrappers.js:5:21[90m)[39m
[2m[WebServer] [22m    at BetterSQLiteSession.prepareQuery [90m(/Users/deepak/Downloads/Projects/StackLens-AI-Deploy/[39mnode_modules/[4msrc[24m/better-sqlite3/session.ts:50:28[90m)[39m
[2m[WebServer] [22m    at BetterSQLiteSession.prepareOneTimeQuery [90m(/Users/deepak/Downloads/Projects/StackLens-AI-Deploy/[39mnode_modules/[4msrc[24m/sqlite-core/session.ts:135:15[90m)[39m
[2m[WebServer] [22m    at SQLiteSelectBase._prepare [90m(/Users/deepak/Downloads/Projects/StackLens-AI-Deploy/[39mnode_modules/[4msrc[24m/sqlite-core/query-builders/select.ts:865:85[90m)[39m
[2m[WebServer] [22m    at SQLiteSelectBase.all [90m(/Users/deepak/Downloads/Projects/StackLens-AI-Deploy/[39mnode_modules/[4msrc[24m/sqlite-core/query-builders/select.ts:884:15[90m)[39m
[2m[WebServer] [22m    at SQLiteSelectBase.execute [90m(/Users/deepak/Downloads/Projects/StackLens-AI-Deploy/[39mnode_modules/[4msrc[24m/sqlite-core/query-builders/select.ts:896:15[90m)[39m
[2m[WebServer] [22m    at SQLiteSelectBase.then [90m(/Users/deepak/Downloads/Projects/StackLens-AI-Deploy/[39mnode_modules/[4msrc[24m/query-promise.ts:31:15[90m)[39m
[2m[WebServer] [22m[90m    at process.processTicksAndRejections (node:internal/process/task_queues:105:5)[39m {
[2m[WebServer] [22m  code: [32m'SQLITE_ERROR'[39m
[2m[WebServer] [22m}
[2m[WebServer] [22mGet errors failed: SqliteError: no such column: error_logs.notes
[2m[WebServer] [22m    at Database.prepare [90m(/Users/deepak/Downloads/Projects/StackLens-AI-Deploy/[39mnode_modules/[4mbetter-sqlite3[24m/lib/methods/wrappers.js:5:21[90m)[39m
[2m[WebServer] [22m    at BetterSQLiteSession.prepareQuery [90m(/Users/deepak/Downloads/Projects/StackLens-AI-Deploy/[39mnode_modules/[4msrc[24m/better-sqlite3/session.ts:50:28[90m)[39m
[2m[WebServer] [22m    at BetterSQLiteSession.prepareOneTimeQuery [90m(/Users/deepak/Downloads/Projects/StackLens-AI-Deploy/[39mnode_modules/[4msrc[24m/sqlite-core/session.ts:135:15[90m)[39m
[2m[WebServer] [22m    at SQLiteSelectBase._prepare [90m(/Users/deepak/Downloads/Projects/StackLens-AI-Deploy/[39mnode_modules/[4msrc[24m/sqlite-core/query-builders/select.ts:865:85[90m)[39m
[2m[WebServer] [22m    at SQLiteSelectBase.all [90m(/Users/deepak/Downloads/Projects/StackLens-AI-Deploy/[39mnode_modules/[4msrc[24m/sqlite-core/query-builders/select.ts:884:15[90m)[39m
[2m[WebServer] [22m    at SQLiteSelectBase.execute [90m(/Users/deepak/Downloads/Projects/StackLens-AI-Deploy/[39mnode_modules/[4msrc[24m/sqlite-core/query-builders/select.ts:896:15[90m)[39m
[2m[WebServer] [22m    at SQLiteSelectBase.then [90m(/Users/deepak/Downloads/Projects/StackLens-AI-Deploy/[39mnode_modules/[4msrc[24m/query-promise.ts:31:15[90m)[39m
[2m[WebServer] [22m[90m    at process.processTicksAndRejections (node:internal/process/task_queues:105:5)[39m {
[2m[WebServer] [22m  code: [32m'SQLITE_ERROR'[39m
[2m[WebServer] [22m}
[2m[WebServer] [22mGet errors failed: SqliteError: no such column: error_logs.notes
[2m[WebServer] [22m    at Database.prepare [90m(/Users/deepak/Downloads/Projects/StackLens-AI-Deploy/[39mnode_modules/[4mbetter-sqlite3[24m/lib/methods/wrappers.js:5:21[90m)[39m
[2m[WebServer] [22m    at BetterSQLiteSession.prepareQuery [90m(/Users/deepak/Downloads/Projects/StackLens-AI-Deploy/[39mnode_modules/[4msrc[24m/better-sqlite3/session.ts:50:28[90m)[39m
[2m[WebServer] [22m    at BetterSQLiteSession.prepareOneTimeQuery [90m(/Users/deepak/Downloads/Projects/StackLens-AI-Deploy/[39mnode_modules/[4msrc[24m/sqlite-core/session.ts:135:15[90m)[39m
[2m[WebServer] [22m    at SQLiteSelectBase._prepare [90m(/Users/deepak/Downloads/Projects/StackLens-AI-Deploy/[39mnode_modules/[4msrc[24m/sqlite-core/query-builders/select.ts:865:85[90m)[39m
[2m[WebServer] [22m    at SQLiteSelectBase.all [90m(/Users/deepak/Downloads/Projects/StackLens-AI-Deploy/[39mnode_modules/[4msrc[24m/sqlite-core/query-builders/select.ts:884:15[90m)[39m
[2m[WebServer] [22m    at SQLiteSelectBase.execute [90m(/Users/deepak/Downloads/Projects/StackLens-AI-Deploy/[39mnode_modules/[4msrc[24m/sqlite-core/query-builders/select.ts:896:15[90m)[39m
[2m[WebServer] [22m    at SQLiteSelectBase.then [90m(/Users/deepak/Downloads/Projects/StackLens-AI-Deploy/[39mnode_modules/[4msrc[24m/query-promise.ts:31:15[90m)[39m
[2m[WebServer] [22m[90m    at process.processTicksAndRejections (node:internal/process/task_queues:105:5)[39m {
[2m[WebServer] [22m  code: [32m'SQLITE_ERROR'[39m
[2m[WebServer] [22m}
[2m[WebServer] [22mGet errors failed: SqliteError: no such column: error_logs.notes
[2m[WebServer] [22m    at Database.prepare [90m(/Users/deepak/Downloads/Projects/StackLens-AI-Deploy/[39mnode_modules/[4mbetter-sqlite3[24m/lib/methods/wrappers.js:5:21[90m)[39m
[2m[WebServer] [22m    at BetterSQLiteSession.prepareQuery [90m(/Users/deepak/Downloads/Projects/StackLens-AI-Deploy/[39mnode_modules/[4msrc[24m/better-sqlite3/session.ts:50:28[90m)[39m
[2m[WebServer] [22m    at BetterSQLiteSession.prepareOneTimeQuery [90m(/Users/deepak/Downloads/Projects/StackLens-AI-Deploy/[39mnode_modules/[4msrc[24m/sqlite-core/session.ts:135:15[90m)[39m
[2m[WebServer] [22m    at SQLiteSelectBase._prepare [90m(/Users/deepak/Downloads/Projects/StackLens-AI-Deploy/[39mnode_modules/[4msrc[24m/sqlite-core/query-builders/select.ts:865:85[90m)[39m
[2m[WebServer] [22m    at SQLiteSelectBase.all [90m(/Users/deepak/Downloads/Projects/StackLens-AI-Deploy/[39mnode_modules/[4msrc[24m/sqlite-core/query-builders/select.ts:884:15[90m)[39m
[2m[WebServer] [22m    at SQLiteSelectBase.execute [90m(/Users/deepak/Downloads/Projects/StackLens-AI-Deploy/[39mnode_modules/[4msrc[24m/sqlite-core/query-builders/select.ts:896:15[90m)[39m
[2m[WebServer] [22m    at SQLiteSelectBase.then [90m(/Users/deepak/Downloads/Projects/StackLens-AI-Deploy/[39mnode_modules/[4msrc[24m/query-promise.ts:31:15[90m)[39m
[2m[WebServer] [22m[90m    at process.processTicksAndRejections (node:internal/process/task_queues:105:5)[39m {
[2m[WebServer] [22m  code: [32m'SQLITE_ERROR'[39m
[2m[WebServer] [22m}
[2m[WebServer] [22mGet errors failed: SqliteError: no such column: error_logs.notes
[2m[WebServer] [22m    at Database.prepare [90m(/Users/deepak/Downloads/Projects/StackLens-AI-Deploy/[39mnode_modules/[4mbetter-sqlite3[24m/lib/methods/wrappers.js:5:21[90m)[39m
[2m[WebServer] [22m    at BetterSQLiteSession.prepareQuery [90m(/Users/deepak/Downloads/Projects/StackLens-AI-Deploy/[39mnode_modules/[4msrc[24m/better-sqlite3/session.ts:50:28[90m)[39m
[2m[WebServer] [22m    at BetterSQLiteSession.prepareOneTimeQuery [90m(/Users/deepak/Downloads/Projects/StackLens-AI-Deploy/[39mnode_modules/[4msrc[24m/sqlite-core/session.ts:135:15[90m)[39m
[2m[WebServer] [22m    at SQLiteSelectBase._prepare [90m(/Users/deepak/Downloads/Projects/StackLens-AI-Deploy/[39mnode_modules/[4msrc[24m/sqlite-core/query-builders/select.ts:865:85[90m)[39m
[2m[WebServer] [22m    at SQLiteSelectBase.all [90m(/Users/deepak/Downloads/Projects/StackLens-AI-Deploy/[39mnode_modules/[4msrc[24m/sqlite-core/query-builders/select.ts:884:15[90m)[39m
[2m[WebServer] [22m    at SQLiteSelectBase.execute [90m(/Users/deepak/Downloads/Projects/StackLens-AI-Deploy/[39mnode_modules/[4msrc[24m/sqlite-core/query-builders/select.ts:896:15[90m)[39m
[2m[WebServer] [22m    at SQLiteSelectBase.then [90m(/Users/deepak/Downloads/Projects/StackLens-AI-Deploy/[39mnode_modules/[4msrc[24m/query-promise.ts:31:15[90m)[39m
[2m[WebServer] [22m[90m    at process.processTicksAndRejections (node:internal/process/task_queues:105:5)[39m {
[2m[WebServer] [22m  code: [32m'SQLITE_ERROR'[39m
[2m[WebServer] [22m}
[2m[WebServer] [22mGet errors failed: SqliteError: no such column: error_logs.notes
[2m[WebServer] [22m    at Database.prepare [90m(/Users/deepak/Downloads/Projects/StackLens-AI-Deploy/[39mnode_modules/[4mbetter-sqlite3[24m/lib/methods/wrappers.js:5:21[90m)[39m
[2m[WebServer] [22m    at BetterSQLiteSession.prepareQuery [90m(/Users/deepak/Downloads/Projects/StackLens-AI-Deploy/[39mnode_modules/[4msrc[24m/better-sqlite3/session.ts:50:28[90m)[39m
[2m[WebServer] [22m    at BetterSQLiteSession.prepareOneTimeQuery [90m(/Users/deepak/Downloads/Projects/StackLens-AI-Deploy/[39mnode_modules/[4msrc[24m/sqlite-core/session.ts:135:15[90m)[39m
[2m[WebServer] [22m    at SQLiteSelectBase._prepare [90m(/Users/deepak/Downloads/Projects/StackLens-AI-Deploy/[39mnode_modules/[4msrc[24m/sqlite-core/query-builders/select.ts:865:85[90m)[39m
[2m[WebServer] [22m    at SQLiteSelectBase.all [90m(/Users/deepak/Downloads/Projects/StackLens-AI-Deploy/[39mnode_modules/[4msrc[24m/sqlite-core/query-builders/select.ts:884:15[90m)[39m
[2m[WebServer] [22m    at SQLiteSelectBase.execute [90m(/Users/deepak/Downloads/Projects/StackLens-AI-Deploy/[39mnode_modules/[4msrc[24m/sqlite-core/query-builders/select.ts:896:15[90m)[39m
[2m[WebServer] [22m    at SQLiteSelectBase.then [90m(/Users/deepak/Downloads/Projects/StackLens-AI-Deploy/[39mnode_modules/[4msrc[24m/query-promise.ts:31:15[90m)[39m
[2m[WebServer] [22m[90m    at process.processTicksAndRejections (node:internal/process/task_queues:105:5)[39m {
[2m[WebServer] [22m  code: [32m'SQLITE_ERROR'[39m
[2m[WebServer] [22m}
[2m[WebServer] [22mGet errors failed: SqliteError: no such column: error_logs.notes
[2m[WebServer] [22m    at Database.prepare [90m(/Users/deepak/Downloads/Projects/StackLens-AI-Deploy/[39mnode_modules/[4mbetter-sqlite3[24m/lib/methods/wrappers.js:5:21[90m)[39m
[2m[WebServer] [22m    at BetterSQLiteSession.prepareQuery [90m(/Users/deepak/Downloads/Projects/StackLens-AI-Deploy/[39mnode_modules/[4msrc[24m/better-sqlite3/session.ts:50:28[90m)[39m
[2m[WebServer] [22m    at BetterSQLiteSession.prepareOneTimeQuery [90m(/Users/deepak/Downloads/Projects/StackLens-AI-Deploy/[39mnode_modules/[4msrc[24m/sqlite-core/session.ts:135:15[90m)[39m
[2m[WebServer] [22m    at SQLiteSelectBase._prepare [90m(/Users/deepak/Downloads/Projects/StackLens-AI-Deploy/[39mnode_modules/[4msrc[24m/sqlite-core/query-builders/select.ts:865:85[90m)[39m
[2m[WebServer] [22m    at SQLiteSelectBase.all [90m(/Users/deepak/Downloads/Projects/StackLens-AI-Deploy/[39mnode_modules/[4msrc[24m/sqlite-core/query-builders/select.ts:884:15[90m)[39m
[2m[WebServer] [22m    at SQLiteSelectBase.execute [90m(/Users/deepak/Downloads/Projects/StackLens-AI-Deploy/[39mnode_modules/[4msrc[24m/sqlite-core/query-builders/select.ts:896:15[90m)[39m
[2m[WebServer] [22m    at SQLiteSelectBase.then [90m(/Users/deepak/Downloads/Projects/StackLens-AI-Deploy/[39mnode_modules/[4msrc[24m/query-promise.ts:31:15[90m)[39m
[2m[WebServer] [22m[90m    at process.processTicksAndRejections (node:internal/process/task_queues:105:5)[39m {
[2m[WebServer] [22m  code: [32m'SQLITE_ERROR'[39m
[2m[WebServer] [22m}
[2m[WebServer] [22mGet errors failed: SqliteError: no such column: error_logs.notes
[2m[WebServer] [22m    at Database.prepare [90m(/Users/deepak/Downloads/Projects/StackLens-AI-Deploy/[39mnode_modules/[4mbetter-sqlite3[24m/lib/methods/wrappers.js:5:21[90m)[39m
[2m[WebServer] [22m    at BetterSQLiteSession.prepareQuery [90m(/Users/deepak/Downloads/Projects/StackLens-AI-Deploy/[39mnode_modules/[4msrc[24m/better-sqlite3/session.ts:50:28[90m)[39m
[2m[WebServer] [22m    at BetterSQLiteSession.prepareOneTimeQuery [90m(/Users/deepak/Downloads/Projects/StackLens-AI-Deploy/[39mnode_modules/[4msrc[24m/sqlite-core/session.ts:135:15[90m)[39m
[2m[WebServer] [22m    at SQLiteSelectBase._prepare [90m(/Users/deepak/Downloads/Projects/StackLens-AI-Deploy/[39mnode_modules/[4msrc[24m/sqlite-core/query-builders/select.ts:865:85[90m)[39m
[2m[WebServer] [22m    at SQLiteSelectBase.all [90m(/Users/deepak/Downloads/Projects/StackLens-AI-Deploy/[39mnode_modules/[4msrc[24m/sqlite-core/query-builders/select.ts:884:15[90m)[39m
[2m[WebServer] [22m    at SQLiteSelectBase.execute [90m(/Users/deepak/Downloads/Projects/StackLens-AI-Deploy/[39mnode_modules/[4msrc[24m/sqlite-core/query-builders/select.ts:896:15[90m)[39m
[2m[WebServer] [22m    at SQLiteSelectBase.then [90m(/Users/deepak/Downloads/Projects/StackLens-AI-Deploy/[39mnode_modules/[4msrc[24m/query-promise.ts:31:15[90m)[39m
[2m[WebServer] [22m[90m    at process.processTicksAndRejections (node:internal/process/task_queues:105:5)[39m {
[2m[WebServer] [22m  code: [32m'SQLITE_ERROR'[39m
[2m[WebServer] [22m}
[2m[WebServer] [22mGet errors failed: SqliteError: no such column: error_logs.notes
[2m[WebServer] [22m    at Database.prepare [90m(/Users/deepak/Downloads/Projects/StackLens-AI-Deploy/[39mnode_modules/[4mbetter-sqlite3[24m/lib/methods/wrappers.js:5:21[90m)[39m
[2m[WebServer] [22m    at BetterSQLiteSession.prepareQuery [90m(/Users/deepak/Downloads/Projects/StackLens-AI-Deploy/[39mnode_modules/[4msrc[24m/better-sqlite3/session.ts:50:28[90m)[39m
[2m[WebServer] [22m    at BetterSQLiteSession.prepareOneTimeQuery [90m(/Users/deepak/Downloads/Projects/StackLens-AI-Deploy/[39mnode_modules/[4msrc[24m/sqlite-core/session.ts:135:15[90m)[39m
[2m[WebServer] [22m    at SQLiteSelectBase._prepare [90m(/Users/deepak/Downloads/Projects/StackLens-AI-Deploy/[39mnode_modules/[4msrc[24m/sqlite-core/query-builders/select.ts:865:85[90m)[39m
[2m[WebServer] [22m    at SQLiteSelectBase.all [90m(/Users/deepak/Downloads/Projects/StackLens-AI-Deploy/[39mnode_modules/[4msrc[24m/sqlite-core/query-builders/select.ts:884:15[90m)[39m
[2m[WebServer] [22m    at SQLiteSelectBase.execute [90m(/Users/deepak/Downloads/Projects/StackLens-AI-Deploy/[39mnode_modules/[4msrc[24m/sqlite-core/query-builders/select.ts:896:15[90m)[39m
[2m[WebServer] [22m    at SQLiteSelectBase.then [90m(/Users/deepak/Downloads/Projects/StackLens-AI-Deploy/[39mnode_modules/[4msrc[24m/query-promise.ts:31:15[90m)[39m
[2m[WebServer] [22m[90m    at process.processTicksAndRejections (node:internal/process/task_queues:105:5)[39m {
[2m[WebServer] [22m  code: [32m'SQLITE_ERROR'[39m
[2m[WebServer] [22m}
[2m[WebServer] [22mGet errors failed: SqliteError: no such column: error_logs.notes
[2m[WebServer] [22m    at Database.prepare [90m(/Users/deepak/Downloads/Projects/StackLens-AI-Deploy/[39mnode_modules/[4mbetter-sqlite3[24m/lib/methods/wrappers.js:5:21[90m)[39m
[2m[WebServer] [22m    at BetterSQLiteSession.prepareQuery [90m(/Users/deepak/Downloads/Projects/StackLens-AI-Deploy/[39mnode_modules/[4msrc[24m/better-sqlite3/session.ts:50:28[90m)[39m
[2m[WebServer] [22m    at BetterSQLiteSession.prepareOneTimeQuery [90m(/Users/deepak/Downloads/Projects/StackLens-AI-Deploy/[39mnode_modules/[4msrc[24m/sqlite-core/session.ts:135:15[90m)[39m
[2m[WebServer] [22m    at SQLiteSelectBase._prepare [90m(/Users/deepak/Downloads/Projects/StackLens-AI-Deploy/[39mnode_modules/[4msrc[24m/sqlite-core/query-builders/select.ts:865:85[90m)[39m
[2m[WebServer] [22m    at SQLiteSelectBase.all [90m(/Users/deepak/Downloads/Projects/StackLens-AI-Deploy/[39mnode_modules/[4msrc[24m/sqlite-core/query-builders/select.ts:884:15[90m)[39m
[2m[WebServer] [22m    at SQLiteSelectBase.execute [90m(/Users/deepak/Downloads/Projects/StackLens-AI-Deploy/[39mnode_modules/[4msrc[24m/sqlite-core/query-builders/select.ts:896:15[90m)[39m
[2m[WebServer] [22m    at SQLiteSelectBase.then [90m(/Users/deepak/Downloads/Projects/StackLens-AI-Deploy/[39mnode_modules/[4msrc[24m/query-promise.ts:31:15[90m)[39m
[2m[WebServer] [22m[90m    at process.processTicksAndRejections (node:internal/process/task_queues:105:5)[39m {
[2m[WebServer] [22m  code: [32m'SQLITE_ERROR'[39m
[2m[WebServer] [22m}
[2m[WebServer] [22mGet errors failed: SqliteError: no such column: error_logs.notes
[2m[WebServer] [22m    at Database.prepare [90m(/Users/deepak/Downloads/Projects/StackLens-AI-Deploy/[39mnode_modules/[4mbetter-sqlite3[24m/lib/methods/wrappers.js:5:21[90m)[39m
[2m[WebServer] [22m    at BetterSQLiteSession.prepareQuery [90m(/Users/deepak/Downloads/Projects/StackLens-AI-Deploy/[39mnode_modules/[4msrc[24m/better-sqlite3/session.ts:50:28[90m)[39m
[2m[WebServer] [22m    at BetterSQLiteSession.prepareOneTimeQuery [90m(/Users/deepak/Downloads/Projects/StackLens-AI-Deploy/[39mnode_modules/[4msrc[24m/sqlite-core/session.ts:135:15[90m)[39m
[2m[WebServer] [22m    at SQLiteSelectBase._prepare [90m(/Users/deepak/Downloads/Projects/StackLens-AI-Deploy/[39mnode_modules/[4msrc[24m/sqlite-core/query-builders/select.ts:865:85[90m)[39m
[2m[WebServer] [22m    at SQLiteSelectBase.all [90m(/Users/deepak/Downloads/Projects/StackLens-AI-Deploy/[39mnode_modules/[4msrc[24m/sqlite-core/query-builders/select.ts:884:15[90m)[39m
[2m[WebServer] [22m    at SQLiteSelectBase.execute [90m(/Users/deepak/Downloads/Projects/StackLens-AI-Deploy/[39mnode_modules/[4msrc[24m/sqlite-core/query-builders/select.ts:896:15[90m)[39m
[2m[WebServer] [22m    at SQLiteSelectBase.then [90m(/Users/deepak/Downloads/Projects/StackLens-AI-Deploy/[39mnode_modules/[4msrc[24m/query-promise.ts:31:15[90m)[39m
[2m[WebServer] [22m[90m    at process.processTicksAndRejections (node:internal/process/task_queues:105:5)[39m {
[2m[WebServer] [22m  code: [32m'SQLITE_ERROR'[39m
[2m[WebServer] [22m}
[2m[WebServer] [22mGet errors failed: SqliteError: no such column: error_logs.notes
[2m[WebServer] [22m    at Database.prepare [90m(/Users/deepak/Downloads/Projects/StackLens-AI-Deploy/[39mnode_modules/[4mbetter-sqlite3[24m/lib/methods/wrappers.js:5:21[90m)[39m
[2m[WebServer] [22m    at BetterSQLiteSession.prepareQuery [90m(/Users/deepak/Downloads/Projects/StackLens-AI-Deploy/[39mnode_modules/[4msrc[24m/better-sqlite3/session.ts:50:28[90m)[39m
[2m[WebServer] [22m    at BetterSQLiteSession.prepareOneTimeQuery [90m(/Users/deepak/Downloads/Projects/StackLens-AI-Deploy/[39mnode_modules/[4msrc[24m/sqlite-core/session.ts:135:15[90m)[39m
[2m[WebServer] [22m    at SQLiteSelectBase._prepare [90m(/Users/deepak/Downloads/Projects/StackLens-AI-Deploy/[39mnode_modules/[4msrc[24m/sqlite-core/query-builders/select.ts:865:85[90m)[39m
[2m[WebServer] [22m    at SQLiteSelectBase.all [90m(/Users/deepak/Downloads/Projects/StackLens-AI-Deploy/[39mnode_modules/[4msrc[24m/sqlite-core/query-builders/select.ts:884:15[90m)[39m
[2m[WebServer] [22m    at SQLiteSelectBase.execute [90m(/Users/deepak/Downloads/Projects/StackLens-AI-Deploy/[39mnode_modules/[4msrc[24m/sqlite-core/query-builders/select.ts:896:15[90m)[39m
[2m[WebServer] [22m    at SQLiteSelectBase.then [90m(/Users/deepak/Downloads/Projects/StackLens-AI-Deploy/[39mnode_modules/[4msrc[24m/query-promise.ts:31:15[90m)[39m
[2m[WebServer] [22m[90m    at process.processTicksAndRejections (node:internal/process/task_queues:105:5)[39m {
[2m[WebServer] [22m  code: [32m'SQLITE_ERROR'[39m
[2m[WebServer] [22m}
[2m[WebServer] [22mGet errors failed: SqliteError: no such column: error_logs.notes
[2m[WebServer] [22m    at Database.prepare [90m(/Users/deepak/Downloads/Projects/StackLens-AI-Deploy/[39mnode_modules/[4mbetter-sqlite3[24m/lib/methods/wrappers.js:5:21[90m)[39m
[2m[WebServer] [22m    at BetterSQLiteSession.prepareQuery [90m(/Users/deepak/Downloads/Projects/StackLens-AI-Deploy/[39mnode_modules/[4msrc[24m/better-sqlite3/session.ts:50:28[90m)[39m
[2m[WebServer] [22m    at BetterSQLiteSession.prepareOneTimeQuery [90m(/Users/deepak/Downloads/Projects/StackLens-AI-Deploy/[39mnode_modules/[4msrc[24m/sqlite-core/session.ts:135:15[90m)[39m
[2m[WebServer] [22m    at SQLiteSelectBase._prepare [90m(/Users/deepak/Downloads/Projects/StackLens-AI-Deploy/[39mnode_modules/[4msrc[24m/sqlite-core/query-builders/select.ts:865:85[90m)[39m
[2m[WebServer] [22m    at SQLiteSelectBase.all [90m(/Users/deepak/Downloads/Projects/StackLens-AI-Deploy/[39mnode_modules/[4msrc[24m/sqlite-core/query-builders/select.ts:884:15[90m)[39m
[2m[WebServer] [22m    at SQLiteSelectBase.execute [90m(/Users/deepak/Downloads/Projects/StackLens-AI-Deploy/[39mnode_modules/[4msrc[24m/sqlite-core/query-builders/select.ts:896:15[90m)[39m
[2m[WebServer] [22m    at SQLiteSelectBase.then [90m(/Users/deepak/Downloads/Projects/StackLens-AI-Deploy/[39mnode_modules/[4msrc[24m/query-promise.ts:31:15[90m)[39m
[2m[WebServer] [22m[90m    at process.processTicksAndRejections (node:internal/process/task_queues:105:5)[39m {
[2m[WebServer] [22m  code: [32m'SQLITE_ERROR'[39m
[2m[WebServer] [22m}
[2m[WebServer] [22mGet errors failed: SqliteError: no such column: error_logs.notes
[2m[WebServer] [22m    at Database.prepare [90m(/Users/deepak/Downloads/Projects/StackLens-AI-Deploy/[39mnode_modules/[4mbetter-sqlite3[24m/lib/methods/wrappers.js:5:21[90m)[39m
[2m[WebServer] [22m    at BetterSQLiteSession.prepareQuery [90m(/Users/deepak/Downloads/Projects/StackLens-AI-Deploy/[39mnode_modules/[4msrc[24m/better-sqlite3/session.ts:50:28[90m)[39m
[2m[WebServer] [22m    at BetterSQLiteSession.prepareOneTimeQuery [90m(/Users/deepak/Downloads/Projects/StackLens-AI-Deploy/[39mnode_modules/[4msrc[24m/sqlite-core/session.ts:135:15[90m)[39m
[2m[WebServer] [22m    at SQLiteSelectBase._prepare [90m(/Users/deepak/Downloads/Projects/StackLens-AI-Deploy/[39mnode_modules/[4msrc[24m/sqlite-core/query-builders/select.ts:865:85[90m)[39m
[2m[WebServer] [22m    at SQLiteSelectBase.all [90m(/Users/deepak/Downloads/Projects/StackLens-AI-Deploy/[39mnode_modules/[4msrc[24m/sqlite-core/query-builders/select.ts:884:15[90m)[39m
[2m[WebServer] [22m    at SQLiteSelectBase.execute [90m(/Users/deepak/Downloads/Projects/StackLens-AI-Deploy/[39mnode_modules/[4msrc[24m/sqlite-core/query-builders/select.ts:896:15[90m)[39m
[2m[WebServer] [22m    at SQLiteSelectBase.then [90m(/Users/deepak/Downloads/Projects/StackLens-AI-Deploy/[39mnode_modules/[4msrc[24m/query-promise.ts:31:15[90m)[39m
[2m[WebServer] [22m[90m    at process.processTicksAndRejections (node:internal/process/task_queues:105:5)[39m {
[2m[WebServer] [22m  code: [32m'SQLITE_ERROR'[39m
[2m[WebServer] [22m}
[2m[WebServer] [22mGet errors failed: SqliteError: no such column: error_logs.notes
[2m[WebServer] [22m    at Database.prepare [90m(/Users/deepak/Downloads/Projects/StackLens-AI-Deploy/[39mnode_modules/[4mbetter-sqlite3[24m/lib/methods/wrappers.js:5:21[90m)[39m
[2m[WebServer] [22m    at BetterSQLiteSession.prepareQuery [90m(/Users/deepak/Downloads/Projects/StackLens-AI-Deploy/[39mnode_modules/[4msrc[24m/better-sqlite3/session.ts:50:28[90m)[39m
[2m[WebServer] [22m    at BetterSQLiteSession.prepareOneTimeQuery [90m(/Users/deepak/Downloads/Projects/StackLens-AI-Deploy/[39mnode_modules/[4msrc[24m/sqlite-core/session.ts:135:15[90m)[39m
[2m[WebServer] [22m    at SQLiteSelectBase._prepare [90m(/Users/deepak/Downloads/Projects/StackLens-AI-Deploy/[39mnode_modules/[4msrc[24m/sqlite-core/query-builders/select.ts:865:85[90m)[39m
[2m[WebServer] [22m    at SQLiteSelectBase.all [90m(/Users/deepak/Downloads/Projects/StackLens-AI-Deploy/[39mnode_modules/[4msrc[24m/sqlite-core/query-builders/select.ts:884:15[90m)[39m
[2m[WebServer] [22m    at SQLiteSelectBase.execute [90m(/Users/deepak/Downloads/Projects/StackLens-AI-Deploy/[39mnode_modules/[4msrc[24m/sqlite-core/query-builders/select.ts:896:15[90m)[39m
[2m[WebServer] [22m    at SQLiteSelectBase.then [90m(/Users/deepak/Downloads/Projects/StackLens-AI-Deploy/[39mnode_modules/[4msrc[24m/query-promise.ts:31:15[90m)[39m
[2m[WebServer] [22m[90m    at process.processTicksAndRejections (node:internal/process/task_queues:105:5)[39m {
[2m[WebServer] [22m  code: [32m'SQLITE_ERROR'[39m
[2m[WebServer] [22m}
[2m[WebServer] [22mGet errors failed: SqliteError: no such column: error_logs.notes
[2m[WebServer] [22m    at Database.prepare [90m(/Users/deepak/Downloads/Projects/StackLens-AI-Deploy/[39mnode_modules/[4mbetter-sqlite3[24m/lib/methods/wrappers.js:5:21[90m)[39m
[2m[WebServer] [22m    at BetterSQLiteSession.prepareQuery [90m(/Users/deepak/Downloads/Projects/StackLens-AI-Deploy/[39mnode_modules/[4msrc[24m/better-sqlite3/session.ts:50:28[90m)[39m
[2m[WebServer] [22m    at BetterSQLiteSession.prepareOneTimeQuery [90m(/Users/deepak/Downloads/Projects/StackLens-AI-Deploy/[39mnode_modules/[4msrc[24m/sqlite-core/session.ts:135:15[90m)[39m
[2m[WebServer] [22m    at SQLiteSelectBase._prepare [90m(/Users/deepak/Downloads/Projects/StackLens-AI-Deploy/[39mnode_modules/[4msrc[24m/sqlite-core/query-builders/select.ts:865:85[90m)[39m
[2m[WebServer] [22m    at SQLiteSelectBase.all [90m(/Users/deepak/Downloads/Projects/StackLens-AI-Deploy/[39mnode_modules/[4msrc[24m/sqlite-core/query-builders/select.ts:884:15[90m)[39m
[2m[WebServer] [22m    at SQLiteSelectBase.execute [90m(/Users/deepak/Downloads/Projects/StackLens-AI-Deploy/[39mnode_modules/[4msrc[24m/sqlite-core/query-builders/select.ts:896:15[90m)[39m
[2m[WebServer] [22m    at SQLiteSelectBase.then [90m(/Users/deepak/Downloads/Projects/StackLens-AI-Deploy/[39mnode_modules/[4msrc[24m/query-promise.ts:31:15[90m)[39m
[2m[WebServer] [22m[90m    at process.processTicksAndRejections (node:internal/process/task_queues:105:5)[39m {
[2m[WebServer] [22m  code: [32m'SQLITE_ERROR'[39m
[2m[WebServer] [22m}
[2m[WebServer] [22mGet errors failed: SqliteError: no such column: error_logs.notes
[2m[WebServer] [22m    at Database.prepare [90m(/Users/deepak/Downloads/Projects/StackLens-AI-Deploy/[39mnode_modules/[4mbetter-sqlite3[24m/lib/methods/wrappers.js:5:21[90m)[39m
[2m[WebServer] [22m    at BetterSQLiteSession.prepareQuery [90m(/Users/deepak/Downloads/Projects/StackLens-AI-Deploy/[39mnode_modules/[4msrc[24m/better-sqlite3/session.ts:50:28[90m)[39m
[2m[WebServer] [22m    at BetterSQLiteSession.prepareOneTimeQuery [90m(/Users/deepak/Downloads/Projects/StackLens-AI-Deploy/[39mnode_modules/[4msrc[24m/sqlite-core/session.ts:135:15[90m)[39m
[2m[WebServer] [22m    at SQLiteSelectBase._prepare [90m(/Users/deepak/Downloads/Projects/StackLens-AI-Deploy/[39mnode_modules/[4msrc[24m/sqlite-core/query-builders/select.ts:865:85[90m)[39m
[2m[WebServer] [22m    at SQLiteSelectBase.all [90m(/Users/deepak/Downloads/Projects/StackLens-AI-Deploy/[39mnode_modules/[4msrc[24m/sqlite-core/query-builders/select.ts:884:15[90m)[39m
[2m[WebServer] [22m    at SQLiteSelectBase.execute [90m(/Users/deepak/Downloads/Projects/StackLens-AI-Deploy/[39mnode_modules/[4msrc[24m/sqlite-core/query-builders/select.ts:896:15[90m)[39m
[2m[WebServer] [22m    at SQLiteSelectBase.then [90m(/Users/deepak/Downloads/Projects/StackLens-AI-Deploy/[39mnode_modules/[4msrc[24m/query-promise.ts:31:15[90m)[39m
[2m[WebServer] [22m[90m    at process.processTicksAndRejections (node:internal/process/task_queues:105:5)[39m {
[2m[WebServer] [22m  code: [32m'SQLITE_ERROR'[39m
[2m[WebServer] [22m}
[2m[WebServer] [22mGet errors failed: SqliteError: no such column: error_logs.notes
[2m[WebServer] [22m    at Database.prepare [90m(/Users/deepak/Downloads/Projects/StackLens-AI-Deploy/[39mnode_modules/[4mbetter-sqlite3[24m/lib/methods/wrappers.js:5:21[90m)[39m
[2m[WebServer] [22m    at BetterSQLiteSession.prepareQuery [90m(/Users/deepak/Downloads/Projects/StackLens-AI-Deploy/[39mnode_modules/[4msrc[24m/better-sqlite3/session.ts:50:28[90m)[39m
[2m[WebServer] [22m    at BetterSQLiteSession.prepareOneTimeQuery [90m(/Users/deepak/Downloads/Projects/StackLens-AI-Deploy/[39mnode_modules/[4msrc[24m/sqlite-core/session.ts:135:15[90m)[39m
[2m[WebServer] [22m    at SQLiteSelectBase._prepare [90m(/Users/deepak/Downloads/Projects/StackLens-AI-Deploy/[39mnode_modules/[4msrc[24m/sqlite-core/query-builders/select.ts:865:85[90m)[39m
[2m[WebServer] [22m    at SQLiteSelectBase.all [90m(/Users/deepak/Downloads/Projects/StackLens-AI-Deploy/[39mnode_modules/[4msrc[24m/sqlite-core/query-builders/select.ts:884:15[90m)[39m
[2m[WebServer] [22m    at SQLiteSelectBase.execute [90m(/Users/deepak/Downloads/Projects/StackLens-AI-Deploy/[39mnode_modules/[4msrc[24m/sqlite-core/query-builders/select.ts:896:15[90m)[39m
[2m[WebServer] [22m    at SQLiteSelectBase.then [90m(/Users/deepak/Downloads/Projects/StackLens-AI-Deploy/[39mnode_modules/[4msrc[24m/query-promise.ts:31:15[90m)[39m
[2m[WebServer] [22m[90m    at process.processTicksAndRejections (node:internal/process/task_queues:105:5)[39m {
[2m[WebServer] [22m  code: [32m'SQLITE_ERROR'[39m
[2m[WebServer] [22m}
[2m[WebServer] [22mGet errors failed: SqliteError: no such column: error_logs.notes
[2m[WebServer] [22m    at Database.prepare [90m(/Users/deepak/Downloads/Projects/StackLens-AI-Deploy/[39mnode_modules/[4mbetter-sqlite3[24m/lib/methods/wrappers.js:5:21[90m)[39m
[2m[WebServer] [22m    at BetterSQLiteSession.prepareQuery [90m(/Users/deepak/Downloads/Projects/StackLens-AI-Deploy/[39mnode_modules/[4msrc[24m/better-sqlite3/session.ts:50:28[90m)[39m
[2m[WebServer] [22m    at BetterSQLiteSession.prepareOneTimeQuery [90m(/Users/deepak/Downloads/Projects/StackLens-AI-Deploy/[39mnode_modules/[4msrc[24m/sqlite-core/session.ts:135:15[90m)[39m
[2m[WebServer] [22m    at SQLiteSelectBase._prepare [90m(/Users/deepak/Downloads/Projects/StackLens-AI-Deploy/[39mnode_modules/[4msrc[24m/sqlite-core/query-builders/select.ts:865:85[90m)[39m
[2m[WebServer] [22m    at SQLiteSelectBase.all [90m(/Users/deepak/Downloads/Projects/StackLens-AI-Deploy/[39mnode_modules/[4msrc[24m/sqlite-core/query-builders/select.ts:884:15[90m)[39m
[2m[WebServer] [22m    at SQLiteSelectBase.execute [90m(/Users/deepak/Downloads/Projects/StackLens-AI-Deploy/[39mnode_modules/[4msrc[24m/sqlite-core/query-builders/select.ts:896:15[90m)[39m
[2m[WebServer] [22m    at SQLiteSelectBase.then [90m(/Users/deepak/Downloads/Projects/StackLens-AI-Deploy/[39mnode_modules/[4msrc[24m/query-promise.ts:31:15[90m)[39m
[2m[WebServer] [22m[90m    at process.processTicksAndRejections (node:internal/process/task_queues:105:5)[39m {
[2m[WebServer] [22m  code: [32m'SQLITE_ERROR'[39m
[2m[WebServer] [22m}
[2m[WebServer] [22mGet errors failed: SqliteError: no such column: error_logs.notes
[2m[WebServer] [22m    at Database.prepare [90m(/Users/deepak/Downloads/Projects/StackLens-AI-Deploy/[39mnode_modules/[4mbetter-sqlite3[24m/lib/methods/wrappers.js:5:21[90m)[39m
[2m[WebServer] [22m    at BetterSQLiteSession.prepareQuery [90m(/Users/deepak/Downloads/Projects/StackLens-AI-Deploy/[39mnode_modules/[4msrc[24m/better-sqlite3/session.ts:50:28[90m)[39m
[2m[WebServer] [22m    at BetterSQLiteSession.prepareOneTimeQuery [90m(/Users/deepak/Downloads/Projects/StackLens-AI-Deploy/[39mnode_modules/[4msrc[24m/sqlite-core/session.ts:135:15[90m)[39m
[2m[WebServer] [22m    at SQLiteSelectBase._prepare [90m(/Users/deepak/Downloads/Projects/StackLens-AI-Deploy/[39mnode_modules/[4msrc[24m/sqlite-core/query-builders/select.ts:865:85[90m)[39m
[2m[WebServer] [22m    at SQLiteSelectBase.all [90m(/Users/deepak/Downloads/Projects/StackLens-AI-Deploy/[39mnode_modules/[4msrc[24m/sqlite-core/query-builders/select.ts:884:15[90m)[39m
[2m[WebServer] [22m    at SQLiteSelectBase.execute [90m(/Users/deepak/Downloads/Projects/StackLens-AI-Deploy/[39mnode_modules/[4msrc[24m/sqlite-core/query-builders/select.ts:896:15[90m)[39m
[2m[WebServer] [22m    at SQLiteSelectBase.then [90m(/Users/deepak/Downloads/Projects/StackLens-AI-Deploy/[39mnode_modules/[4msrc[24m/query-promise.ts:31:15[90m)[39m
[2m[WebServer] [22m[90m    at process.processTicksAndRejections (node:internal/process/task_queues:105:5)[39m {
[2m[WebServer] [22m  code: [32m'SQLITE_ERROR'[39m
[2m[WebServer] [22m}
[2m[WebServer] [22mGet errors failed: SqliteError: no such column: error_logs.notes
[2m[WebServer] [22m    at Database.prepare [90m(/Users/deepak/Downloads/Projects/StackLens-AI-Deploy/[39mnode_modules/[4mbetter-sqlite3[24m/lib/methods/wrappers.js:5:21[90m)[39m
[2m[WebServer] [22m    at BetterSQLiteSession.prepareQuery [90m(/Users/deepak/Downloads/Projects/StackLens-AI-Deploy/[39mnode_modules/[4msrc[24m/better-sqlite3/session.ts:50:28[90m)[39m
[2m[WebServer] [22m    at BetterSQLiteSession.prepareOneTimeQuery [90m(/Users/deepak/Downloads/Projects/StackLens-AI-Deploy/[39mnode_modules/[4msrc[24m/sqlite-core/session.ts:135:15[90m)[39m
[2m[WebServer] [22m    at SQLiteSelectBase._prepare [90m(/Users/deepak/Downloads/Projects/StackLens-AI-Deploy/[39mnode_modules/[4msrc[24m/sqlite-core/query-builders/select.ts:865:85[90m)[39m
[2m[WebServer] [22m    at SQLiteSelectBase.all [90m(/Users/deepak/Downloads/Projects/StackLens-AI-Deploy/[39mnode_modules/[4msrc[24m/sqlite-core/query-builders/select.ts:884:15[90m)[39m
[2m[WebServer] [22m    at SQLiteSelectBase.execute [90m(/Users/deepak/Downloads/Projects/StackLens-AI-Deploy/[39mnode_modules/[4msrc[24m/sqlite-core/query-builders/select.ts:896:15[90m)[39m
[2m[WebServer] [22m    at SQLiteSelectBase.then [90m(/Users/deepak/Downloads/Projects/StackLens-AI-Deploy/[39mnode_modules/[4msrc[24m/query-promise.ts:31:15[90m)[39m
[2m[WebServer] [22m[90m    at process.processTicksAndRejections (node:internal/process/task_queues:105:5)[39m {
[2m[WebServer] [22m  code: [32m'SQLITE_ERROR'[39m
[2m[WebServer] [22m}
[2m[WebServer] [22mGet errors failed: SqliteError: no such column: error_logs.notes
[2m[WebServer] [22m    at Database.prepare [90m(/Users/deepak/Downloads/Projects/StackLens-AI-Deploy/[39mnode_modules/[4mbetter-sqlite3[24m/lib/methods/wrappers.js:5:21[90m)[39m
[2m[WebServer] [22m    at BetterSQLiteSession.prepareQuery [90m(/Users/deepak/Downloads/Projects/StackLens-AI-Deploy/[39mnode_modules/[4msrc[24m/better-sqlite3/session.ts:50:28[90m)[39m
[2m[WebServer] [22m    at BetterSQLiteSession.prepareOneTimeQuery [90m(/Users/deepak/Downloads/Projects/StackLens-AI-Deploy/[39mnode_modules/[4msrc[24m/sqlite-core/session.ts:135:15[90m)[39m
[2m[WebServer] [22m    at SQLiteSelectBase._prepare [90m(/Users/deepak/Downloads/Projects/StackLens-AI-Deploy/[39mnode_modules/[4msrc[24m/sqlite-core/query-builders/select.ts:865:85[90m)[39m
[2m[WebServer] [22m    at SQLiteSelectBase.all [90m(/Users/deepak/Downloads/Projects/StackLens-AI-Deploy/[39mnode_modules/[4msrc[24m/sqlite-core/query-builders/select.ts:884:15[90m)[39m
[2m[WebServer] [22m    at SQLiteSelectBase.execute [90m(/Users/deepak/Downloads/Projects/StackLens-AI-Deploy/[39mnode_modules/[4msrc[24m/sqlite-core/query-builders/select.ts:896:15[90m)[39m
[2m[WebServer] [22m    at SQLiteSelectBase.then [90m(/Users/deepak/Downloads/Projects/StackLens-AI-Deploy/[39mnode_modules/[4msrc[24m/query-promise.ts:31:15[90m)[39m
[2m[WebServer] [22m[90m    at process.processTicksAndRejections (node:internal/process/task_queues:105:5)[39m {
[2m[WebServer] [22m  code: [32m'SQLITE_ERROR'[39m
[2m[WebServer] [22m}
[2m[WebServer] [22mGet errors failed: SqliteError: no such column: error_logs.notes
[2m[WebServer] [22m    at Database.prepare [90m(/Users/deepak/Downloads/Projects/StackLens-AI-Deploy/[39mnode_modules/[4mbetter-sqlite3[24m/lib/methods/wrappers.js:5:21[90m)[39m
[2m[WebServer] [22m    at BetterSQLiteSession.prepareQuery [90m(/Users/deepak/Downloads/Projects/StackLens-AI-Deploy/[39mnode_modules/[4msrc[24m/better-sqlite3/session.ts:50:28[90m)[39m
[2m[WebServer] [22m    at BetterSQLiteSession.prepareOneTimeQuery [90m(/Users/deepak/Downloads/Projects/StackLens-AI-Deploy/[39mnode_modules/[4msrc[24m/sqlite-core/session.ts:135:15[90m)[39m
[2m[WebServer] [22m    at SQLiteSelectBase._prepare [90m(/Users/deepak/Downloads/Projects/StackLens-AI-Deploy/[39mnode_modules/[4msrc[24m/sqlite-core/query-builders/select.ts:865:85[90m)[39m
[2m[WebServer] [22m    at SQLiteSelectBase.all [90m(/Users/deepak/Downloads/Projects/StackLens-AI-Deploy/[39mnode_modules/[4msrc[24m/sqlite-core/query-builders/select.ts:884:15[90m)[39m
[2m[WebServer] [22m    at SQLiteSelectBase.execute [90m(/Users/deepak/Downloads/Projects/StackLens-AI-Deploy/[39mnode_modules/[4msrc[24m/sqlite-core/query-builders/select.ts:896:15[90m)[39m
[2m[WebServer] [22m    at SQLiteSelectBase.then [90m(/Users/deepak/Downloads/Projects/StackLens-AI-Deploy/[39mnode_modules/[4msrc[24m/query-promise.ts:31:15[90m)[39m
[2m[WebServer] [22m[90m    at process.processTicksAndRejections (node:internal/process/task_queues:105:5)[39m {
[2m[WebServer] [22m  code: [32m'SQLITE_ERROR'[39m
[2m[WebServer] [22m}
[2m[WebServer] [22mGet errors failed: SqliteError: no such column: error_logs.notes
[2m[WebServer] [22m    at Database.prepare [90m(/Users/deepak/Downloads/Projects/StackLens-AI-Deploy/[39mnode_modules/[4mbetter-sqlite3[24m/lib/methods/wrappers.js:5:21[90m)[39m
[2m[WebServer] [22m    at BetterSQLiteSession.prepareQuery [90m(/Users/deepak/Downloads/Projects/StackLens-AI-Deploy/[39mnode_modules/[4msrc[24m/better-sqlite3/session.ts:50:28[90m)[39m
[2m[WebServer] [22m    at BetterSQLiteSession.prepareOneTimeQuery [90m(/Users/deepak/Downloads/Projects/StackLens-AI-Deploy/[39mnode_modules/[4msrc[24m/sqlite-core/session.ts:135:15[90m)[39m
[2m[WebServer] [22m    at SQLiteSelectBase._prepare [90m(/Users/deepak/Downloads/Projects/StackLens-AI-Deploy/[39mnode_modules/[4msrc[24m/sqlite-core/query-builders/select.ts:865:85[90m)[39m
[2m[WebServer] [22m    at SQLiteSelectBase.all [90m(/Users/deepak/Downloads/Projects/StackLens-AI-Deploy/[39mnode_modules/[4msrc[24m/sqlite-core/query-builders/select.ts:884:15[90m)[39m
[2m[WebServer] [22m    at SQLiteSelectBase.execute [90m(/Users/deepak/Downloads/Projects/StackLens-AI-Deploy/[39mnode_modules/[4msrc[24m/sqlite-core/query-builders/select.ts:896:15[90m)[39m
[2m[WebServer] [22m    at SQLiteSelectBase.then [90m(/Users/deepak/Downloads/Projects/StackLens-AI-Deploy/[39mnode_modules/[4msrc[24m/query-promise.ts:31:15[90m)[39m
[2m[WebServer] [22m[90m    at process.processTicksAndRejections (node:internal/process/task_queues:105:5)[39m {
[2m[WebServer] [22m  code: [32m'SQLITE_ERROR'[39m
[2m[WebServer] [22m}
[2m[WebServer] [22mGet errors failed: SqliteError: no such column: error_logs.notes
[2m[WebServer] [22m    at Database.prepare [90m(/Users/deepak/Downloads/Projects/StackLens-AI-Deploy/[39mnode_modules/[4mbetter-sqlite3[24m/lib/methods/wrappers.js:5:21[90m)[39m
[2m[WebServer] [22m    at BetterSQLiteSession.prepareQuery [90m(/Users/deepak/Downloads/Projects/StackLens-AI-Deploy/[39mnode_modules/[4msrc[24m/better-sqlite3/session.ts:50:28[90m)[39m
[2m[WebServer] [22m    at BetterSQLiteSession.prepareOneTimeQuery [90m(/Users/deepak/Downloads/Projects/StackLens-AI-Deploy/[39mnode_modules/[4msrc[24m/sqlite-core/session.ts:135:15[90m)[39m
[2m[WebServer] [22m    at SQLiteSelectBase._prepare [90m(/Users/deepak/Downloads/Projects/StackLens-AI-Deploy/[39mnode_modules/[4msrc[24m/sqlite-core/query-builders/select.ts:865:85[90m)[39m
[2m[WebServer] [22m    at SQLiteSelectBase.all [90m(/Users/deepak/Downloads/Projects/StackLens-AI-Deploy/[39mnode_modules/[4msrc[24m/sqlite-core/query-builders/select.ts:884:15[90m)[39m
[2m[WebServer] [22m    at SQLiteSelectBase.execute [90m(/Users/deepak/Downloads/Projects/StackLens-AI-Deploy/[39mnode_modules/[4msrc[24m/sqlite-core/query-builders/select.ts:896:15[90m)[39m
[2m[WebServer] [22m    at SQLiteSelectBase.then [90m(/Users/deepak/Downloads/Projects/StackLens-AI-Deploy/[39mnode_modules/[4msrc[24m/query-promise.ts:31:15[90m)[39m
[2m[WebServer] [22m[90m    at process.processTicksAndRejections (node:internal/process/task_queues:105:5)[39m {
[2m[WebServer] [22m  code: [32m'SQLITE_ERROR'[39m
[2m[WebServer] [22m}
[2m[WebServer] [22mGet errors failed: SqliteError: no such column: error_logs.notes
[2m[WebServer] [22m    at Database.prepare [90m(/Users/deepak/Downloads/Projects/StackLens-AI-Deploy/[39mnode_modules/[4mbetter-sqlite3[24m/lib/methods/wrappers.js:5:21[90m)[39m
[2m[WebServer] [22m    at BetterSQLiteSession.prepareQuery [90m(/Users/deepak/Downloads/Projects/StackLens-AI-Deploy/[39mnode_modules/[4msrc[24m/better-sqlite3/session.ts:50:28[90m)[39m
[2m[WebServer] [22m    at BetterSQLiteSession.prepareOneTimeQuery [90m(/Users/deepak/Downloads/Projects/StackLens-AI-Deploy/[39mnode_modules/[4msrc[24m/sqlite-core/session.ts:135:15[90m)[39m
[2m[WebServer] [22m    at SQLiteSelectBase._prepare [90m(/Users/deepak/Downloads/Projects/StackLens-AI-Deploy/[39mnode_modules/[4msrc[24m/sqlite-core/query-builders/select.ts:865:85[90m)[39m
[2m[WebServer] [22m    at SQLiteSelectBase.all [90m(/Users/deepak/Downloads/Projects/StackLens-AI-Deploy/[39mnode_modules/[4msrc[24m/sqlite-core/query-builders/select.ts:884:15[90m)[39m
[2m[WebServer] [22m    at SQLiteSelectBase.execute [90m(/Users/deepak/Downloads/Projects/StackLens-AI-Deploy/[39mnode_modules/[4msrc[24m/sqlite-core/query-builders/select.ts:896:15[90m)[39m
[2m[WebServer] [22m    at SQLiteSelectBase.then [90m(/Users/deepak/Downloads/Projects/StackLens-AI-Deploy/[39mnode_modules/[4msrc[24m/query-promise.ts:31:15[90m)[39m
[2m[WebServer] [22m[90m    at process.processTicksAndRejections (node:internal/process/task_queues:105:5)[39m {
[2m[WebServer] [22m  code: [32m'SQLITE_ERROR'[39m
[2m[WebServer] [22m}
[2m[WebServer] [22mGet errors failed: SqliteError: no such column: error_logs.notes
[2m[WebServer] [22m    at Database.prepare [90m(/Users/deepak/Downloads/Projects/StackLens-AI-Deploy/[39mnode_modules/[4mbetter-sqlite3[24m/lib/methods/wrappers.js:5:21[90m)[39m
[2m[WebServer] [22m    at BetterSQLiteSession.prepareQuery [90m(/Users/deepak/Downloads/Projects/StackLens-AI-Deploy/[39mnode_modules/[4msrc[24m/better-sqlite3/session.ts:50:28[90m)[39m
[2m[WebServer] [22m    at BetterSQLiteSession.prepareOneTimeQuery [90m(/Users/deepak/Downloads/Projects/StackLens-AI-Deploy/[39mnode_modules/[4msrc[24m/sqlite-core/session.ts:135:15[90m)[39m
[2m[WebServer] [22m    at SQLiteSelectBase._prepare [90m(/Users/deepak/Downloads/Projects/StackLens-AI-Deploy/[39mnode_modules/[4msrc[24m/sqlite-core/query-builders/select.ts:865:85[90m)[39m
[2m[WebServer] [22m    at SQLiteSelectBase.all [90m(/Users/deepak/Downloads/Projects/StackLens-AI-Deploy/[39mnode_modules/[4msrc[24m/sqlite-core/query-builders/select.ts:884:15[90m)[39m
[2m[WebServer] [22m    at SQLiteSelectBase.execute [90m(/Users/deepak/Downloads/Projects/StackLens-AI-Deploy/[39mnode_modules/[4msrc[24m/sqlite-core/query-builders/select.ts:896:15[90m)[39m
[2m[WebServer] [22m    at SQLiteSelectBase.then [90m(/Users/deepak/Downloads/Projects/StackLens-AI-Deploy/[39mnode_modules/[4msrc[24m/query-promise.ts:31:15[90m)[39m
[2m[WebServer] [22m[90m    at process.processTicksAndRejections (node:internal/process/task_queues:105:5)[39m {
[2m[WebServer] [22m  code: [32m'SQLITE_ERROR'[39m
[2m[WebServer] [22m}
[2m[WebServer] [22mGet errors failed: SqliteError: no such column: error_logs.notes
[2m[WebServer] [22m    at Database.prepare [90m(/Users/deepak/Downloads/Projects/StackLens-AI-Deploy/[39mnode_modules/[4mbetter-sqlite3[24m/lib/methods/wrappers.js:5:21[90m)[39m
[2m[WebServer] [22m    at BetterSQLiteSession.prepareQuery [90m(/Users/deepak/Downloads/Projects/StackLens-AI-Deploy/[39mnode_modules/[4msrc[24m/better-sqlite3/session.ts:50:28[90m)[39m
[2m[WebServer] [22m    at BetterSQLiteSession.prepareOneTimeQuery [90m(/Users/deepak/Downloads/Projects/StackLens-AI-Deploy/[39mnode_modules/[4msrc[24m/sqlite-core/session.ts:135:15[90m)[39m
[2m[WebServer] [22m    at SQLiteSelectBase._prepare [90m(/Users/deepak/Downloads/Projects/StackLens-AI-Deploy/[39mnode_modules/[4msrc[24m/sqlite-core/query-builders/select.ts:865:85[90m)[39m
[2m[WebServer] [22m    at SQLiteSelectBase.all [90m(/Users/deepak/Downloads/Projects/StackLens-AI-Deploy/[39mnode_modules/[4msrc[24m/sqlite-core/query-builders/select.ts:884:15[90m)[39m
[2m[WebServer] [22m    at SQLiteSelectBase.execute [90m(/Users/deepak/Downloads/Projects/StackLens-AI-Deploy/[39mnode_modules/[4msrc[24m/sqlite-core/query-builders/select.ts:896:15[90m)[39m
[2m[WebServer] [22m    at SQLiteSelectBase.then [90m(/Users/deepak/Downloads/Projects/StackLens-AI-Deploy/[39mnode_modules/[4msrc[24m/query-promise.ts:31:15[90m)[39m
[2m[WebServer] [22m[90m    at process.processTicksAndRejections (node:internal/process/task_queues:105:5)[39m {
[2m[WebServer] [22m  code: [32m'SQLITE_ERROR'[39m
[2m[WebServer] [22m}
[2m[WebServer] [22mGet errors failed: SqliteError: no such column: error_logs.notes
[2m[WebServer] [22m    at Database.prepare [90m(/Users/deepak/Downloads/Projects/StackLens-AI-Deploy/[39mnode_modules/[4mbetter-sqlite3[24m/lib/methods/wrappers.js:5:21[90m)[39m
[2m[WebServer] [22m    at BetterSQLiteSession.prepareQuery [90m(/Users/deepak/Downloads/Projects/StackLens-AI-Deploy/[39mnode_modules/[4msrc[24m/better-sqlite3/session.ts:50:28[90m)[39m
[2m[WebServer] [22m    at BetterSQLiteSession.prepareOneTimeQuery [90m(/Users/deepak/Downloads/Projects/StackLens-AI-Deploy/[39mnode_modules/[4msrc[24m/sqlite-core/session.ts:135:15[90m)[39m
[2m[WebServer] [22m    at SQLiteSelectBase._prepare [90m(/Users/deepak/Downloads/Projects/StackLens-AI-Deploy/[39mnode_modules/[4msrc[24m/sqlite-core/query-builders/select.ts:865:85[90m)[39m
[2m[WebServer] [22m    at SQLiteSelectBase.all [90m(/Users/deepak/Downloads/Projects/StackLens-AI-Deploy/[39mnode_modules/[4msrc[24m/sqlite-core/query-builders/select.ts:884:15[90m)[39m
[2m[WebServer] [22m    at SQLiteSelectBase.execute [90m(/Users/deepak/Downloads/Projects/StackLens-AI-Deploy/[39mnode_modules/[4msrc[24m/sqlite-core/query-builders/select.ts:896:15[90m)[39m
[2m[WebServer] [22m    at SQLiteSelectBase.then [90m(/Users/deepak/Downloads/Projects/StackLens-AI-Deploy/[39mnode_modules/[4msrc[24m/query-promise.ts:31:15[90m)[39m
[2m[WebServer] [22m[90m    at process.processTicksAndRejections (node:internal/process/task_queues:105:5)[39m {
[2m[WebServer] [22m  code: [32m'SQLITE_ERROR'[39m
[2m[WebServer] [22m}
[2m[WebServer] [22mGet errors failed: SqliteError: no such column: error_logs.notes
[2m[WebServer] [22m    at Database.prepare [90m(/Users/deepak/Downloads/Projects/StackLens-AI-Deploy/[39mnode_modules/[4mbetter-sqlite3[24m/lib/methods/wrappers.js:5:21[90m)[39m
[2m[WebServer] [22m    at BetterSQLiteSession.prepareQuery [90m(/Users/deepak/Downloads/Projects/StackLens-AI-Deploy/[39mnode_modules/[4msrc[24m/better-sqlite3/session.ts:50:28[90m)[39m
[2m[WebServer] [22m    at BetterSQLiteSession.prepareOneTimeQuery [90m(/Users/deepak/Downloads/Projects/StackLens-AI-Deploy/[39mnode_modules/[4msrc[24m/sqlite-core/session.ts:135:15[90m)[39m
[2m[WebServer] [22m    at SQLiteSelectBase._prepare [90m(/Users/deepak/Downloads/Projects/StackLens-AI-Deploy/[39mnode_modules/[4msrc[24m/sqlite-core/query-builders/select.ts:865:85[90m)[39m
[2m[WebServer] [22m    at SQLiteSelectBase.all [90m(/Users/deepak/Downloads/Projects/StackLens-AI-Deploy/[39mnode_modules/[4msrc[24m/sqlite-core/query-builders/select.ts:884:15[90m)[39m
[2m[WebServer] [22m    at SQLiteSelectBase.execute [90m(/Users/deepak/Downloads/Projects/StackLens-AI-Deploy/[39mnode_modules/[4msrc[24m/sqlite-core/query-builders/select.ts:896:15[90m)[39m
[2m[WebServer] [22m    at SQLiteSelectBase.then [90m(/Users/deepak/Downloads/Projects/StackLens-AI-Deploy/[39mnode_modules/[4msrc[24m/query-promise.ts:31:15[90m)[39m
[2m[WebServer] [22m[90m    at process.processTicksAndRejections (node:internal/process/task_queues:105:5)[39m {
[2m[WebServer] [22m  code: [32m'SQLITE_ERROR'[39m
[2m[WebServer] [22m}
[2m[WebServer] [22mGet errors failed: SqliteError: no such column: error_logs.notes
[2m[WebServer] [22m    at Database.prepare [90m(/Users/deepak/Downloads/Projects/StackLens-AI-Deploy/[39mnode_modules/[4mbetter-sqlite3[24m/lib/methods/wrappers.js:5:21[90m)[39m
[2m[WebServer] [22m    at BetterSQLiteSession.prepareQuery [90m(/Users/deepak/Downloads/Projects/StackLens-AI-Deploy/[39mnode_modules/[4msrc[24m/better-sqlite3/session.ts:50:28[90m)[39m
[2m[WebServer] [22m    at BetterSQLiteSession.prepareOneTimeQuery [90m(/Users/deepak/Downloads/Projects/StackLens-AI-Deploy/[39mnode_modules/[4msrc[24m/sqlite-core/session.ts:135:15[90m)[39m
[2m[WebServer] [22m    at SQLiteSelectBase._prepare [90m(/Users/deepak/Downloads/Projects/StackLens-AI-Deploy/[39mnode_modules/[4msrc[24m/sqlite-core/query-builders/select.ts:865:85[90m)[39m
[2m[WebServer] [22m    at SQLiteSelectBase.all [90m(/Users/deepak/Downloads/Projects/StackLens-AI-Deploy/[39mnode_modules/[4msrc[24m/sqlite-core/query-builders/select.ts:884:15[90m)[39m
[2m[WebServer] [22m    at SQLiteSelectBase.execute [90m(/Users/deepak/Downloads/Projects/StackLens-AI-Deploy/[39mnode_modules/[4msrc[24m/sqlite-core/query-builders/select.ts:896:15[90m)[39m
[2m[WebServer] [22m    at SQLiteSelectBase.then [90m(/Users/deepak/Downloads/Projects/StackLens-AI-Deploy/[39mnode_modules/[4msrc[24m/query-promise.ts:31:15[90m)[39m
[2m[WebServer] [22m[90m    at process.processTicksAndRejections (node:internal/process/task_queues:105:5)[39m {
[2m[WebServer] [22m  code: [32m'SQLITE_ERROR'[39m
[2m[WebServer] [22m}
[2m[WebServer] [22mGet errors failed: SqliteError: no such column: error_logs.notes
[2m[WebServer] [22m    at Database.prepare [90m(/Users/deepak/Downloads/Projects/StackLens-AI-Deploy/[39mnode_modules/[4mbetter-sqlite3[24m/lib/methods/wrappers.js:5:21[90m)[39m
[2m[WebServer] [22m    at BetterSQLiteSession.prepareQuery [90m(/Users/deepak/Downloads/Projects/StackLens-AI-Deploy/[39mnode_modules/[4msrc[24m/better-sqlite3/session.ts:50:28[90m)[39m
[2m[WebServer] [22m    at BetterSQLiteSession.prepareOneTimeQuery [90m(/Users/deepak/Downloads/Projects/StackLens-AI-Deploy/[39mnode_modules/[4msrc[24m/sqlite-core/session.ts:135:15[90m)[39m
[2m[WebServer] [22m    at SQLiteSelectBase._prepare [90m(/Users/deepak/Downloads/Projects/StackLens-AI-Deploy/[39mnode_modules/[4msrc[24m/sqlite-core/query-builders/select.ts:865:85[90m)[39m
[2m[WebServer] [22m    at SQLiteSelectBase.all [90m(/Users/deepak/Downloads/Projects/StackLens-AI-Deploy/[39mnode_modules/[4msrc[24m/sqlite-core/query-builders/select.ts:884:15[90m)[39m
[2m[WebServer] [22m    at SQLiteSelectBase.execute [90m(/Users/deepak/Downloads/Projects/StackLens-AI-Deploy/[39mnode_modules/[4msrc[24m/sqlite-core/query-builders/select.ts:896:15[90m)[39m
[2m[WebServer] [22m    at SQLiteSelectBase.then [90m(/Users/deepak/Downloads/Projects/StackLens-AI-Deploy/[39mnode_modules/[4msrc[24m/query-promise.ts:31:15[90m)[39m
[2m[WebServer] [22m[90m    at process.processTicksAndRejections (node:internal/process/task_queues:105:5)[39m {
[2m[WebServer] [22m  code: [32m'SQLITE_ERROR'[39m
[2m[WebServer] [22m}
[2m[WebServer] [22mGet errors failed: SqliteError: no such column: error_logs.notes
[2m[WebServer] [22m    at Database.prepare [90m(/Users/deepak/Downloads/Projects/StackLens-AI-Deploy/[39mnode_modules/[4mbetter-sqlite3[24m/lib/methods/wrappers.js:5:21[90m)[39m
[2m[WebServer] [22m    at BetterSQLiteSession.prepareQuery [90m(/Users/deepak/Downloads/Projects/StackLens-AI-Deploy/[39mnode_modules/[4msrc[24m/better-sqlite3/session.ts:50:28[90m)[39m
[2m[WebServer] [22m    at BetterSQLiteSession.prepareOneTimeQuery [90m(/Users/deepak/Downloads/Projects/StackLens-AI-Deploy/[39mnode_modules/[4msrc[24m/sqlite-core/session.ts:135:15[90m)[39m
[2m[WebServer] [22m    at SQLiteSelectBase._prepare [90m(/Users/deepak/Downloads/Projects/StackLens-AI-Deploy/[39mnode_modules/[4msrc[24m/sqlite-core/query-builders/select.ts:865:85[90m)[39m
[2m[WebServer] [22m    at SQLiteSelectBase.all [90m(/Users/deepak/Downloads/Projects/StackLens-AI-Deploy/[39mnode_modules/[4msrc[24m/sqlite-core/query-builders/select.ts:884:15[90m)[39m
[2m[WebServer] [22m    at SQLiteSelectBase.execute [90m(/Users/deepak/Downloads/Projects/StackLens-AI-Deploy/[39mnode_modules/[4msrc[24m/sqlite-core/query-builders/select.ts:896:15[90m)[39m
[2m[WebServer] [22m    at SQLiteSelectBase.then [90m(/Users/deepak/Downloads/Projects/StackLens-AI-Deploy/[39mnode_modules/[4msrc[24m/query-promise.ts:31:15[90m)[39m
[2m[WebServer] [22m[90m    at process.processTicksAndRejections (node:internal/process/task_queues:105:5)[39m {
[2m[WebServer] [22m  code: [32m'SQLITE_ERROR'[39m
[2m[WebServer] [22m}
[2m[WebServer] [22mGet errors failed: SqliteError: no such column: error_logs.notes
[2m[WebServer] [22m    at Database.prepare [90m(/Users/deepak/Downloads/Projects/StackLens-AI-Deploy/[39mnode_modules/[4mbetter-sqlite3[24m/lib/methods/wrappers.js:5:21[90m)[39m
[2m[WebServer] [22m    at BetterSQLiteSession.prepareQuery [90m(/Users/deepak/Downloads/Projects/StackLens-AI-Deploy/[39mnode_modules/[4msrc[24m/better-sqlite3/session.ts:50:28[90m)[39m
[2m[WebServer] [22m    at BetterSQLiteSession.prepareOneTimeQuery [90m(/Users/deepak/Downloads/Projects/StackLens-AI-Deploy/[39mnode_modules/[4msrc[24m/sqlite-core/session.ts:135:15[90m)[39m
[2m[WebServer] [22m    at SQLiteSelectBase._prepare [90m(/Users/deepak/Downloads/Projects/StackLens-AI-Deploy/[39mnode_modules/[4msrc[24m/sqlite-core/query-builders/select.ts:865:85[90m)[39m
[2m[WebServer] [22m    at SQLiteSelectBase.all [90m(/Users/deepak/Downloads/Projects/StackLens-AI-Deploy/[39mnode_modules/[4msrc[24m/sqlite-core/query-builders/select.ts:884:15[90m)[39m
[2m[WebServer] [22m    at SQLiteSelectBase.execute [90m(/Users/deepak/Downloads/Projects/StackLens-AI-Deploy/[39mnode_modules/[4msrc[24m/sqlite-core/query-builders/select.ts:896:15[90m)[39m
[2m[WebServer] [22m    at SQLiteSelectBase.then [90m(/Users/deepak/Downloads/Projects/StackLens-AI-Deploy/[39mnode_modules/[4msrc[24m/query-promise.ts:31:15[90m)[39m
[2m[WebServer] [22m[90m    at process.processTicksAndRejections (node:internal/process/task_queues:105:5)[39m {
[2m[WebServer] [22m  code: [32m'SQLITE_ERROR'[39m
[2m[WebServer] [22m}
[2m[WebServer] [22mGet errors failed: SqliteError: no such column: error_logs.notes
[2m[WebServer] [22m    at Database.prepare [90m(/Users/deepak/Downloads/Projects/StackLens-AI-Deploy/[39mnode_modules/[4mbetter-sqlite3[24m/lib/methods/wrappers.js:5:21[90m)[39m
[2m[WebServer] [22m    at BetterSQLiteSession.prepareQuery [90m(/Users/deepak/Downloads/Projects/StackLens-AI-Deploy/[39mnode_modules/[4msrc[24m/better-sqlite3/session.ts:50:28[90m)[39m
[2m[WebServer] [22m    at BetterSQLiteSession.prepareOneTimeQuery [90m(/Users/deepak/Downloads/Projects/StackLens-AI-Deploy/[39mnode_modules/[4msrc[24m/sqlite-core/session.ts:135:15[90m)[39m
[2m[WebServer] [22m    at SQLiteSelectBase._prepare [90m(/Users/deepak/Downloads/Projects/StackLens-AI-Deploy/[39mnode_modules/[4msrc[24m/sqlite-core/query-builders/select.ts:865:85[90m)[39m
[2m[WebServer] [22m    at SQLiteSelectBase.all [90m(/Users/deepak/Downloads/Projects/StackLens-AI-Deploy/[39mnode_modules/[4msrc[24m/sqlite-core/query-builders/select.ts:884:15[90m)[39m
[2m[WebServer] [22m    at SQLiteSelectBase.execute [90m(/Users/deepak/Downloads/Projects/StackLens-AI-Deploy/[39mnode_modules/[4msrc[24m/sqlite-core/query-builders/select.ts:896:15[90m)[39m
[2m[WebServer] [22m    at SQLiteSelectBase.then [90m(/Users/deepak/Downloads/Projects/StackLens-AI-Deploy/[39mnode_modules/[4msrc[24m/query-promise.ts:31:15[90m)[39m
[2m[WebServer] [22m[90m    at process.processTicksAndRejections (node:internal/process/task_queues:105:5)[39m {
[2m[WebServer] [22m  code: [32m'SQLITE_ERROR'[39m
[2m[WebServer] [22m}
[2m[WebServer] [22mGet errors failed: SqliteError: no such column: error_logs.notes
[2m[WebServer] [22m    at Database.prepare [90m(/Users/deepak/Downloads/Projects/StackLens-AI-Deploy/[39mnode_modules/[4mbetter-sqlite3[24m/lib/methods/wrappers.js:5:21[90m)[39m
[2m[WebServer] [22m    at BetterSQLiteSession.prepareQuery [90m(/Users/deepak/Downloads/Projects/StackLens-AI-Deploy/[39mnode_modules/[4msrc[24m/better-sqlite3/session.ts:50:28[90m)[39m
[2m[WebServer] [22m    at BetterSQLiteSession.prepareOneTimeQuery [90m(/Users/deepak/Downloads/Projects/StackLens-AI-Deploy/[39mnode_modules/[4msrc[24m/sqlite-core/session.ts:135:15[90m)[39m
[2m[WebServer] [22m    at SQLiteSelectBase._prepare [90m(/Users/deepak/Downloads/Projects/StackLens-AI-Deploy/[39mnode_modules/[4msrc[24m/sqlite-core/query-builders/select.ts:865:85[90m)[39m
[2m[WebServer] [22m    at SQLiteSelectBase.all [90m(/Users/deepak/Downloads/Projects/StackLens-AI-Deploy/[39mnode_modules/[4msrc[24m/sqlite-core/query-builders/select.ts:884:15[90m)[39m
[2m[WebServer] [22m    at SQLiteSelectBase.execute [90m(/Users/deepak/Downloads/Projects/StackLens-AI-Deploy/[39mnode_modules/[4msrc[24m/sqlite-core/query-builders/select.ts:896:15[90m)[39m
[2m[WebServer] [22m    at SQLiteSelectBase.then [90m(/Users/deepak/Downloads/Projects/StackLens-AI-Deploy/[39mnode_modules/[4msrc[24m/query-promise.ts:31:15[90m)[39m
[2m[WebServer] [22m[90m    at process.processTicksAndRejections (node:internal/process/task_queues:105:5)[39m {
[2m[WebServer] [22m  code: [32m'SQLITE_ERROR'[39m
[2m[WebServer] [22m}
[2m[WebServer] [22mGet errors failed: SqliteError: no such column: error_logs.notes
[2m[WebServer] [22m    at Database.prepare [90m(/Users/deepak/Downloads/Projects/StackLens-AI-Deploy/[39mnode_modules/[4mbetter-sqlite3[24m/lib/methods/wrappers.js:5:21[90m)[39m
[2m[WebServer] [22m    at BetterSQLiteSession.prepareQuery [90m(/Users/deepak/Downloads/Projects/StackLens-AI-Deploy/[39mnode_modules/[4msrc[24m/better-sqlite3/session.ts:50:28[90m)[39m
[2m[WebServer] [22m    at BetterSQLiteSession.prepareOneTimeQuery [90m(/Users/deepak/Downloads/Projects/StackLens-AI-Deploy/[39mnode_modules/[4msrc[24m/sqlite-core/session.ts:135:15[90m)[39m
[2m[WebServer] [22m    at SQLiteSelectBase._prepare [90m(/Users/deepak/Downloads/Projects/StackLens-AI-Deploy/[39mnode_modules/[4msrc[24m/sqlite-core/query-builders/select.ts:865:85[90m)[39m
[2m[WebServer] [22m    at SQLiteSelectBase.all [90m(/Users/deepak/Downloads/Projects/StackLens-AI-Deploy/[39mnode_modules/[4msrc[24m/sqlite-core/query-builders/select.ts:884:15[90m)[39m
[2m[WebServer] [22m    at SQLiteSelectBase.execute [90m(/Users/deepak/Downloads/Projects/StackLens-AI-Deploy/[39mnode_modules/[4msrc[24m/sqlite-core/query-builders/select.ts:896:15[90m)[39m
[2m[WebServer] [22m    at SQLiteSelectBase.then [90m(/Users/deepak/Downloads/Projects/StackLens-AI-Deploy/[39mnode_modules/[4msrc[24m/query-promise.ts:31:15[90m)[39m
[2m[WebServer] [22m[90m    at process.processTicksAndRejections (node:internal/process/task_queues:105:5)[39m {
[2m[WebServer] [22m  code: [32m'SQLITE_ERROR'[39m
[2m[WebServer] [22m}
[2m[WebServer] [22mGet errors failed: SqliteError: no such column: error_logs.notes
[2m[WebServer] [22m    at Database.prepare [90m(/Users/deepak/Downloads/Projects/StackLens-AI-Deploy/[39mnode_modules/[4mbetter-sqlite3[24m/lib/methods/wrappers.js:5:21[90m)[39m
[2m[WebServer] [22m    at BetterSQLiteSession.prepareQuery [90m(/Users/deepak/Downloads/Projects/StackLens-AI-Deploy/[39mnode_modules/[4msrc[24m/better-sqlite3/session.ts:50:28[90m)[39m
[2m[WebServer] [22m    at BetterSQLiteSession.prepareOneTimeQuery [90m(/Users/deepak/Downloads/Projects/StackLens-AI-Deploy/[39mnode_modules/[4msrc[24m/sqlite-core/session.ts:135:15[90m)[39m
[2m[WebServer] [22m    at SQLiteSelectBase._prepare [90m(/Users/deepak/Downloads/Projects/StackLens-AI-Deploy/[39mnode_modules/[4msrc[24m/sqlite-core/query-builders/select.ts:865:85[90m)[39m
[2m[WebServer] [22m    at SQLiteSelectBase.all [90m(/Users/deepak/Downloads/Projects/StackLens-AI-Deploy/[39mnode_modules/[4msrc[24m/sqlite-core/query-builders/select.ts:884:15[90m)[39m
[2m[WebServer] [22m    at SQLiteSelectBase.execute [90m(/Users/deepak/Downloads/Projects/StackLens-AI-Deploy/[39mnode_modules/[4msrc[24m/sqlite-core/query-builders/select.ts:896:15[90m)[39m
[2m[WebServer] [22m    at SQLiteSelectBase.then [90m(/Users/deepak/Downloads/Projects/StackLens-AI-Deploy/[39mnode_modules/[4msrc[24m/query-promise.ts:31:15[90m)[39m
[2m[WebServer] [22m[90m    at process.processTicksAndRejections (node:internal/process/task_queues:105:5)[39m {
[2m[WebServer] [22m  code: [32m'SQLITE_ERROR'[39m
[2m[WebServer] [22m}
[2m[WebServer] [22mGet errors failed: SqliteError: no such column: error_logs.notes
[2m[WebServer] [22m    at Database.prepare [90m(/Users/deepak/Downloads/Projects/StackLens-AI-Deploy/[39mnode_modules/[4mbetter-sqlite3[24m/lib/methods/wrappers.js:5:21[90m)[39m
[2m[WebServer] [22m    at BetterSQLiteSession.prepareQuery [90m(/Users/deepak/Downloads/Projects/StackLens-AI-Deploy/[39mnode_modules/[4msrc[24m/better-sqlite3/session.ts:50:28[90m)[39m
[2m[WebServer] [22m    at BetterSQLiteSession.prepareOneTimeQuery [90m(/Users/deepak/Downloads/Projects/StackLens-AI-Deploy/[39mnode_modules/[4msrc[24m/sqlite-core/session.ts:135:15[90m)[39m
[2m[WebServer] [22m    at SQLiteSelectBase._prepare [90m(/Users/deepak/Downloads/Projects/StackLens-AI-Deploy/[39mnode_modules/[4msrc[24m/sqlite-core/query-builders/select.ts:865:85[90m)[39m
[2m[WebServer] [22m    at SQLiteSelectBase.all [90m(/Users/deepak/Downloads/Projects/StackLens-AI-Deploy/[39mnode_modules/[4msrc[24m/sqlite-core/query-builders/select.ts:884:15[90m)[39m
[2m[WebServer] [22m    at SQLiteSelectBase.execute [90m(/Users/deepak/Downloads/Projects/StackLens-AI-Deploy/[39mnode_modules/[4msrc[24m/sqlite-core/query-builders/select.ts:896:15[90m)[39m
[2m[WebServer] [22m    at SQLiteSelectBase.then [90m(/Users/deepak/Downloads/Projects/StackLens-AI-Deploy/[39mnode_modules/[4msrc[24m/query-promise.ts:31:15[90m)[39m
[2m[WebServer] [22m[90m    at process.processTicksAndRejections (node:internal/process/task_queues:105:5)[39m {
[2m[WebServer] [22m  code: [32m'SQLITE_ERROR'[39m
[2m[WebServer] [22m}
[2m[WebServer] [22mGet errors failed: SqliteError: no such column: error_logs.notes
[2m[WebServer] [22m    at Database.prepare [90m(/Users/deepak/Downloads/Projects/StackLens-AI-Deploy/[39mnode_modules/[4mbetter-sqlite3[24m/lib/methods/wrappers.js:5:21[90m)[39m
[2m[WebServer] [22m    at BetterSQLiteSession.prepareQuery [90m(/Users/deepak/Downloads/Projects/StackLens-AI-Deploy/[39mnode_modules/[4msrc[24m/better-sqlite3/session.ts:50:28[90m)[39m
[2m[WebServer] [22m    at BetterSQLiteSession.prepareOneTimeQuery [90m(/Users/deepak/Downloads/Projects/StackLens-AI-Deploy/[39mnode_modules/[4msrc[24m/sqlite-core/session.ts:135:15[90m)[39m
[2m[WebServer] [22m    at SQLiteSelectBase._prepare [90m(/Users/deepak/Downloads/Projects/StackLens-AI-Deploy/[39mnode_modules/[4msrc[24m/sqlite-core/query-builders/select.ts:865:85[90m)[39m
[2m[WebServer] [22m    at SQLiteSelectBase.all [90m(/Users/deepak/Downloads/Projects/StackLens-AI-Deploy/[39mnode_modules/[4msrc[24m/sqlite-core/query-builders/select.ts:884:15[90m)[39m
[2m[WebServer] [22m    at SQLiteSelectBase.execute [90m(/Users/deepak/Downloads/Projects/StackLens-AI-Deploy/[39mnode_modules/[4msrc[24m/sqlite-core/query-builders/select.ts:896:15[90m)[39m
[2m[WebServer] [22m    at SQLiteSelectBase.then [90m(/Users/deepak/Downloads/Projects/StackLens-AI-Deploy/[39mnode_modules/[4msrc[24m/query-promise.ts:31:15[90m)[39m
[2m[WebServer] [22m[90m    at process.processTicksAndRejections (node:internal/process/task_queues:105:5)[39m {
[2m[WebServer] [22m  code: [32m'SQLITE_ERROR'[39m
[2m[WebServer] [22m}
[2m[WebServer] [22mGet errors failed: SqliteError: no such column: error_logs.notes
[2m[WebServer] [22m    at Database.prepare [90m(/Users/deepak/Downloads/Projects/StackLens-AI-Deploy/[39mnode_modules/[4mbetter-sqlite3[24m/lib/methods/wrappers.js:5:21[90m)[39m
[2m[WebServer] [22m    at BetterSQLiteSession.prepareQuery [90m(/Users/deepak/Downloads/Projects/StackLens-AI-Deploy/[39mnode_modules/[4msrc[24m/better-sqlite3/session.ts:50:28[90m)[39m
[2m[WebServer] [22m    at BetterSQLiteSession.prepareOneTimeQuery [90m(/Users/deepak/Downloads/Projects/StackLens-AI-Deploy/[39mnode_modules/[4msrc[24m/sqlite-core/session.ts:135:15[90m)[39m
[2m[WebServer] [22m    at SQLiteSelectBase._prepare [90m(/Users/deepak/Downloads/Projects/StackLens-AI-Deploy/[39mnode_modules/[4msrc[24m/sqlite-core/query-builders/select.ts:865:85[90m)[39m
[2m[WebServer] [22m    at SQLiteSelectBase.all [90m(/Users/deepak/Downloads/Projects/StackLens-AI-Deploy/[39mnode_modules/[4msrc[24m/sqlite-core/query-builders/select.ts:884:15[90m)[39m
[2m[WebServer] [22m    at SQLiteSelectBase.execute [90m(/Users/deepak/Downloads/Projects/StackLens-AI-Deploy/[39mnode_modules/[4msrc[24m/sqlite-core/query-builders/select.ts:896:15[90m)[39m
[2m[WebServer] [22m    at SQLiteSelectBase.then [90m(/Users/deepak/Downloads/Projects/StackLens-AI-Deploy/[39mnode_modules/[4msrc[24m/query-promise.ts:31:15[90m)[39m
[2m[WebServer] [22m[90m    at process.processTicksAndRejections (node:internal/process/task_queues:105:5)[39m {
[2m[WebServer] [22m  code: [32m'SQLITE_ERROR'[39m
[2m[WebServer] [22m}
[2m[WebServer] [22mGet errors failed: SqliteError: no such column: error_logs.notes
[2m[WebServer] [22m    at Database.prepare [90m(/Users/deepak/Downloads/Projects/StackLens-AI-Deploy/[39mnode_modules/[4mbetter-sqlite3[24m/lib/methods/wrappers.js:5:21[90m)[39m
[2m[WebServer] [22m    at BetterSQLiteSession.prepareQuery [90m(/Users/deepak/Downloads/Projects/StackLens-AI-Deploy/[39mnode_modules/[4msrc[24m/better-sqlite3/session.ts:50:28[90m)[39m
[2m[WebServer] [22m    at BetterSQLiteSession.prepareOneTimeQuery [90m(/Users/deepak/Downloads/Projects/StackLens-AI-Deploy/[39mnode_modules/[4msrc[24m/sqlite-core/session.ts:135:15[90m)[39m
[2m[WebServer] [22m    at SQLiteSelectBase._prepare [90m(/Users/deepak/Downloads/Projects/StackLens-AI-Deploy/[39mnode_modules/[4msrc[24m/sqlite-core/query-builders/select.ts:865:85[90m)[39m
[2m[WebServer] [22m    at SQLiteSelectBase.all [90m(/Users/deepak/Downloads/Projects/StackLens-AI-Deploy/[39mnode_modules/[4msrc[24m/sqlite-core/query-builders/select.ts:884:15[90m)[39m
[2m[WebServer] [22m    at SQLiteSelectBase.execute [90m(/Users/deepak/Downloads/Projects/StackLens-AI-Deploy/[39mnode_modules/[4msrc[24m/sqlite-core/query-builders/select.ts:896:15[90m)[39m
[2m[WebServer] [22m    at SQLiteSelectBase.then [90m(/Users/deepak/Downloads/Projects/StackLens-AI-Deploy/[39mnode_modules/[4msrc[24m/query-promise.ts:31:15[90m)[39m
[2m[WebServer] [22m[90m    at process.processTicksAndRejections (node:internal/process/task_queues:105:5)[39m {
[2m[WebServer] [22m  code: [32m'SQLITE_ERROR'[39m
[2m[WebServer] [22m}
[2m[WebServer] [22mGet errors failed: SqliteError: no such column: error_logs.notes
[2m[WebServer] [22m    at Database.prepare [90m(/Users/deepak/Downloads/Projects/StackLens-AI-Deploy/[39mnode_modules/[4mbetter-sqlite3[24m/lib/methods/wrappers.js:5:21[90m)[39m
[2m[WebServer] [22m    at BetterSQLiteSession.prepareQuery [90m(/Users/deepak/Downloads/Projects/StackLens-AI-Deploy/[39mnode_modules/[4msrc[24m/better-sqlite3/session.ts:50:28[90m)[39m
[2m[WebServer] [22m    at BetterSQLiteSession.prepareOneTimeQuery [90m(/Users/deepak/Downloads/Projects/StackLens-AI-Deploy/[39mnode_modules/[4msrc[24m/sqlite-core/session.ts:135:15[90m)[39m
[2m[WebServer] [22m    at SQLiteSelectBase._prepare [90m(/Users/deepak/Downloads/Projects/StackLens-AI-Deploy/[39mnode_modules/[4msrc[24m/sqlite-core/query-builders/select.ts:865:85[90m)[39m
[2m[WebServer] [22m    at SQLiteSelectBase.all [90m(/Users/deepak/Downloads/Projects/StackLens-AI-Deploy/[39mnode_modules/[4msrc[24m/sqlite-core/query-builders/select.ts:884:15[90m)[39m
[2m[WebServer] [22m    at SQLiteSelectBase.execute [90m(/Users/deepak/Downloads/Projects/StackLens-AI-Deploy/[39mnode_modules/[4msrc[24m/sqlite-core/query-builders/select.ts:896:15[90m)[39m
[2m[WebServer] [22m    at SQLiteSelectBase.then [90m(/Users/deepak/Downloads/Projects/StackLens-AI-Deploy/[39mnode_modules/[4msrc[24m/query-promise.ts:31:15[90m)[39m
[2m[WebServer] [22m[90m    at process.processTicksAndRejections (node:internal/process/task_queues:105:5)[39m {
[2m[WebServer] [22m  code: [32m'SQLITE_ERROR'[39m
[2m[WebServer] [22m}
[2m[WebServer] [22mGet errors failed: SqliteError: no such column: error_logs.notes
[2m[WebServer] [22m    at Database.prepare [90m(/Users/deepak/Downloads/Projects/StackLens-AI-Deploy/[39mnode_modules/[4mbetter-sqlite3[24m/lib/methods/wrappers.js:5:21[90m)[39m
[2m[WebServer] [22m    at BetterSQLiteSession.prepareQuery [90m(/Users/deepak/Downloads/Projects/StackLens-AI-Deploy/[39mnode_modules/[4msrc[24m/better-sqlite3/session.ts:50:28[90m)[39m
[2m[WebServer] [22m    at BetterSQLiteSession.prepareOneTimeQuery [90m(/Users/deepak/Downloads/Projects/StackLens-AI-Deploy/[39mnode_modules/[4msrc[24m/sqlite-core/session.ts:135:15[90m)[39m
[2m[WebServer] [22m    at SQLiteSelectBase._prepare [90m(/Users/deepak/Downloads/Projects/StackLens-AI-Deploy/[39mnode_modules/[4msrc[24m/sqlite-core/query-builders/select.ts:865:85[90m)[39m
[2m[WebServer] [22m    at SQLiteSelectBase.all [90m(/Users/deepak/Downloads/Projects/StackLens-AI-Deploy/[39mnode_modules/[4msrc[24m/sqlite-core/query-builders/select.ts:884:15[90m)[39m
[2m[WebServer] [22m    at SQLiteSelectBase.execute [90m(/Users/deepak/Downloads/Projects/StackLens-AI-Deploy/[39mnode_modules/[4msrc[24m/sqlite-core/query-builders/select.ts:896:15[90m)[39m
[2m[WebServer] [22m    at SQLiteSelectBase.then [90m(/Users/deepak/Downloads/Projects/StackLens-AI-Deploy/[39mnode_modules/[4msrc[24m/query-promise.ts:31:15[90m)[39m
[2m[WebServer] [22m[90m    at process.processTicksAndRejections (node:internal/process/task_queues:105:5)[39m {
[2m[WebServer] [22m  code: [32m'SQLITE_ERROR'[39m
[2m[WebServer] [22m}
[2m[WebServer] [22mGet errors failed: SqliteError: no such column: error_logs.notes
[2m[WebServer] [22m    at Database.prepare [90m(/Users/deepak/Downloads/Projects/StackLens-AI-Deploy/[39mnode_modules/[4mbetter-sqlite3[24m/lib/methods/wrappers.js:5:21[90m)[39m
[2m[WebServer] [22m    at BetterSQLiteSession.prepareQuery [90m(/Users/deepak/Downloads/Projects/StackLens-AI-Deploy/[39mnode_modules/[4msrc[24m/better-sqlite3/session.ts:50:28[90m)[39m
[2m[WebServer] [22m    at BetterSQLiteSession.prepareOneTimeQuery [90m(/Users/deepak/Downloads/Projects/StackLens-AI-Deploy/[39mnode_modules/[4msrc[24m/sqlite-core/session.ts:135:15[90m)[39m
[2m[WebServer] [22m    at SQLiteSelectBase._prepare [90m(/Users/deepak/Downloads/Projects/StackLens-AI-Deploy/[39mnode_modules/[4msrc[24m/sqlite-core/query-builders/select.ts:865:85[90m)[39m
[2m[WebServer] [22m    at SQLiteSelectBase.all [90m(/Users/deepak/Downloads/Projects/StackLens-AI-Deploy/[39mnode_modules/[4msrc[24m/sqlite-core/query-builders/select.ts:884:15[90m)[39m
[2m[WebServer] [22m    at SQLiteSelectBase.execute [90m(/Users/deepak/Downloads/Projects/StackLens-AI-Deploy/[39mnode_modules/[4msrc[24m/sqlite-core/query-builders/select.ts:896:15[90m)[39m
[2m[WebServer] [22m    at SQLiteSelectBase.then [90m(/Users/deepak/Downloads/Projects/StackLens-AI-Deploy/[39mnode_modules/[4msrc[24m/query-promise.ts:31:15[90m)[39m
[2m[WebServer] [22m[90m    at process.processTicksAndRejections (node:internal/process/task_queues:105:5)[39m {
[2m[WebServer] [22m  code: [32m'SQLITE_ERROR'[39m
[2m[WebServer] [22m}
[2m[WebServer] [22mGet errors failed: SqliteError: no such column: error_logs.notes
[2m[WebServer] [22m    at Database.prepare [90m(/Users/deepak/Downloads/Projects/StackLens-AI-Deploy/[39mnode_modules/[4mbetter-sqlite3[24m/lib/methods/wrappers.js:5:21[90m)[39m
[2m[WebServer] [22m    at BetterSQLiteSession.prepareQuery [90m(/Users/deepak/Downloads/Projects/StackLens-AI-Deploy/[39mnode_modules/[4msrc[24m/better-sqlite3/session.ts:50:28[90m)[39m
[2m[WebServer] [22m    at BetterSQLiteSession.prepareOneTimeQuery [90m(/Users/deepak/Downloads/Projects/StackLens-AI-Deploy/[39mnode_modules/[4msrc[24m/sqlite-core/session.ts:135:15[90m)[39m
[2m[WebServer] [22m    at SQLiteSelectBase._prepare [90m(/Users/deepak/Downloads/Projects/StackLens-AI-Deploy/[39mnode_modules/[4msrc[24m/sqlite-core/query-builders/select.ts:865:85[90m)[39m
[2m[WebServer] [22m    at SQLiteSelectBase.all [90m(/Users/deepak/Downloads/Projects/StackLens-AI-Deploy/[39mnode_modules/[4msrc[24m/sqlite-core/query-builders/select.ts:884:15[90m)[39m
[2m[WebServer] [22m    at SQLiteSelectBase.execute [90m(/Users/deepak/Downloads/Projects/StackLens-AI-Deploy/[39mnode_modules/[4msrc[24m/sqlite-core/query-builders/select.ts:896:15[90m)[39m
[2m[WebServer] [22m    at SQLiteSelectBase.then [90m(/Users/deepak/Downloads/Projects/StackLens-AI-Deploy/[39mnode_modules/[4msrc[24m/query-promise.ts:31:15[90m)[39m
[2m[WebServer] [22m[90m    at process.processTicksAndRejections (node:internal/process/task_queues:105:5)[39m {
[2m[WebServer] [22m  code: [32m'SQLITE_ERROR'[39m
[2m[WebServer] [22m}
[2m[WebServer] [22mGet errors failed: SqliteError: no such column: error_logs.notes
[2m[WebServer] [22m    at Database.prepare [90m(/Users/deepak/Downloads/Projects/StackLens-AI-Deploy/[39mnode_modules/[4mbetter-sqlite3[24m/lib/methods/wrappers.js:5:21[90m)[39m
[2m[WebServer] [22m    at BetterSQLiteSession.prepareQuery [90m(/Users/deepak/Downloads/Projects/StackLens-AI-Deploy/[39mnode_modules/[4msrc[24m/better-sqlite3/session.ts:50:28[90m)[39m
[2m[WebServer] [22m    at BetterSQLiteSession.prepareOneTimeQuery [90m(/Users/deepak/Downloads/Projects/StackLens-AI-Deploy/[39mnode_modules/[4msrc[24m/sqlite-core/session.ts:135:15[90m)[39m
[2m[WebServer] [22m    at SQLiteSelectBase._prepare [90m(/Users/deepak/Downloads/Projects/StackLens-AI-Deploy/[39mnode_modules/[4msrc[24m/sqlite-core/query-builders/select.ts:865:85[90m)[39m
[2m[WebServer] [22m    at SQLiteSelectBase.all [90m(/Users/deepak/Downloads/Projects/StackLens-AI-Deploy/[39mnode_modules/[4msrc[24m/sqlite-core/query-builders/select.ts:884:15[90m)[39m
[2m[WebServer] [22m    at SQLiteSelectBase.execute [90m(/Users/deepak/Downloads/Projects/StackLens-AI-Deploy/[39mnode_modules/[4msrc[24m/sqlite-core/query-builders/select.ts:896:15[90m)[39m
[2m[WebServer] [22m    at SQLiteSelectBase.then [90m(/Users/deepak/Downloads/Projects/StackLens-AI-Deploy/[39mnode_modules/[4msrc[24m/query-promise.ts:31:15[90m)[39m
[2m[WebServer] [22m[90m    at process.processTicksAndRejections (node:internal/process/task_queues:105:5)[39m {
[2m[WebServer] [22m  code: [32m'SQLITE_ERROR'[39m
[2m[WebServer] [22m}
[2m[WebServer] [22mGet errors failed: SqliteError: no such column: error_logs.notes
[2m[WebServer] [22m    at Database.prepare [90m(/Users/deepak/Downloads/Projects/StackLens-AI-Deploy/[39mnode_modules/[4mbetter-sqlite3[24m/lib/methods/wrappers.js:5:21[90m)[39m
[2m[WebServer] [22m    at BetterSQLiteSession.prepareQuery [90m(/Users/deepak/Downloads/Projects/StackLens-AI-Deploy/[39mnode_modules/[4msrc[24m/better-sqlite3/session.ts:50:28[90m)[39m
[2m[WebServer] [22m    at BetterSQLiteSession.prepareOneTimeQuery [90m(/Users/deepak/Downloads/Projects/StackLens-AI-Deploy/[39mnode_modules/[4msrc[24m/sqlite-core/session.ts:135:15[90m)[39m
[2m[WebServer] [22m    at SQLiteSelectBase._prepare [90m(/Users/deepak/Downloads/Projects/StackLens-AI-Deploy/[39mnode_modules/[4msrc[24m/sqlite-core/query-builders/select.ts:865:85[90m)[39m
[2m[WebServer] [22m    at SQLiteSelectBase.all [90m(/Users/deepak/Downloads/Projects/StackLens-AI-Deploy/[39mnode_modules/[4msrc[24m/sqlite-core/query-builders/select.ts:884:15[90m)[39m
[2m[WebServer] [22m    at SQLiteSelectBase.execute [90m(/Users/deepak/Downloads/Projects/StackLens-AI-Deploy/[39mnode_modules/[4msrc[24m/sqlite-core/query-builders/select.ts:896:15[90m)[39m
[2m[WebServer] [22m    at SQLiteSelectBase.then [90m(/Users/deepak/Downloads/Projects/StackLens-AI-Deploy/[39mnode_modules/[4msrc[24m/query-promise.ts:31:15[90m)[39m
[2m[WebServer] [22m[90m    at process.processTicksAndRejections (node:internal/process/task_queues:105:5)[39m {
[2m[WebServer] [22m  code: [32m'SQLITE_ERROR'[39m
[2m[WebServer] [22m}
[2m[WebServer] [22mGet errors failed: SqliteError: no such column: error_logs.notes
[2m[WebServer] [22m    at Database.prepare [90m(/Users/deepak/Downloads/Projects/StackLens-AI-Deploy/[39mnode_modules/[4mbetter-sqlite3[24m/lib/methods/wrappers.js:5:21[90m)[39m
[2m[WebServer] [22m    at BetterSQLiteSession.prepareQuery [90m(/Users/deepak/Downloads/Projects/StackLens-AI-Deploy/[39mnode_modules/[4msrc[24m/better-sqlite3/session.ts:50:28[90m)[39m
[2m[WebServer] [22m    at BetterSQLiteSession.prepareOneTimeQuery [90m(/Users/deepak/Downloads/Projects/StackLens-AI-Deploy/[39mnode_modules/[4msrc[24m/sqlite-core/session.ts:135:15[90m)[39m
[2m[WebServer] [22m    at SQLiteSelectBase._prepare [90m(/Users/deepak/Downloads/Projects/StackLens-AI-Deploy/[39mnode_modules/[4msrc[24m/sqlite-core/query-builders/select.ts:865:85[90m)[39m
[2m[WebServer] [22m    at SQLiteSelectBase.all [90m(/Users/deepak/Downloads/Projects/StackLens-AI-Deploy/[39mnode_modules/[4msrc[24m/sqlite-core/query-builders/select.ts:884:15[90m)[39m
[2m[WebServer] [22m    at SQLiteSelectBase.execute [90m(/Users/deepak/Downloads/Projects/StackLens-AI-Deploy/[39mnode_modules/[4msrc[24m/sqlite-core/query-builders/select.ts:896:15[90m)[39m
[2m[WebServer] [22m    at SQLiteSelectBase.then [90m(/Users/deepak/Downloads/Projects/StackLens-AI-Deploy/[39mnode_modules/[4msrc[24m/query-promise.ts:31:15[90m)[39m
[2m[WebServer] [22m[90m    at process.processTicksAndRejections (node:internal/process/task_queues:105:5)[39m {
[2m[WebServer] [22m  code: [32m'SQLITE_ERROR'[39m
[2m[WebServer] [22m}
[2m[WebServer] [22mGet errors failed: SqliteError: no such column: error_logs.notes
[2m[WebServer] [22m    at Database.prepare [90m(/Users/deepak/Downloads/Projects/StackLens-AI-Deploy/[39mnode_modules/[4mbetter-sqlite3[24m/lib/methods/wrappers.js:5:21[90m)[39m
[2m[WebServer] [22m    at BetterSQLiteSession.prepareQuery [90m(/Users/deepak/Downloads/Projects/StackLens-AI-Deploy/[39mnode_modules/[4msrc[24m/better-sqlite3/session.ts:50:28[90m)[39m
[2m[WebServer] [22m    at BetterSQLiteSession.prepareOneTimeQuery [90m(/Users/deepak/Downloads/Projects/StackLens-AI-Deploy/[39mnode_modules/[4msrc[24m/sqlite-core/session.ts:135:15[90m)[39m
[2m[WebServer] [22m    at SQLiteSelectBase._prepare [90m(/Users/deepak/Downloads/Projects/StackLens-AI-Deploy/[39mnode_modules/[4msrc[24m/sqlite-core/query-builders/select.ts:865:85[90m)[39m
[2m[WebServer] [22m    at SQLiteSelectBase.all [90m(/Users/deepak/Downloads/Projects/StackLens-AI-Deploy/[39mnode_modules/[4msrc[24m/sqlite-core/query-builders/select.ts:884:15[90m)[39m
[2m[WebServer] [22m    at SQLiteSelectBase.execute [90m(/Users/deepak/Downloads/Projects/StackLens-AI-Deploy/[39mnode_modules/[4msrc[24m/sqlite-core/query-builders/select.ts:896:15[90m)[39m
[2m[WebServer] [22m    at SQLiteSelectBase.then [90m(/Users/deepak/Downloads/Projects/StackLens-AI-Deploy/[39mnode_modules/[4msrc[24m/query-promise.ts:31:15[90m)[39m
[2m[WebServer] [22m[90m    at process.processTicksAndRejections (node:internal/process/task_queues:105:5)[39m {
[2m[WebServer] [22m  code: [32m'SQLITE_ERROR'[39m
[2m[WebServer] [22m}
[2m[WebServer] [22mGet errors failed: SqliteError: no such column: error_logs.notes
[2m[WebServer] [22m    at Database.prepare [90m(/Users/deepak/Downloads/Projects/StackLens-AI-Deploy/[39mnode_modules/[4mbetter-sqlite3[24m/lib/methods/wrappers.js:5:21[90m)[39m
[2m[WebServer] [22m    at BetterSQLiteSession.prepareQuery [90m(/Users/deepak/Downloads/Projects/StackLens-AI-Deploy/[39mnode_modules/[4msrc[24m/better-sqlite3/session.ts:50:28[90m)[39m
[2m[WebServer] [22m    at BetterSQLiteSession.prepareOneTimeQuery [90m(/Users/deepak/Downloads/Projects/StackLens-AI-Deploy/[39mnode_modules/[4msrc[24m/sqlite-core/session.ts:135:15[90m)[39m
[2m[WebServer] [22m    at SQLiteSelectBase._prepare [90m(/Users/deepak/Downloads/Projects/StackLens-AI-Deploy/[39mnode_modules/[4msrc[24m/sqlite-core/query-builders/select.ts:865:85[90m)[39m
[2m[WebServer] [22m    at SQLiteSelectBase.all [90m(/Users/deepak/Downloads/Projects/StackLens-AI-Deploy/[39mnode_modules/[4msrc[24m/sqlite-core/query-builders/select.ts:884:15[90m)[39m
[2m[WebServer] [22m    at SQLiteSelectBase.execute [90m(/Users/deepak/Downloads/Projects/StackLens-AI-Deploy/[39mnode_modules/[4msrc[24m/sqlite-core/query-builders/select.ts:896:15[90m)[39m
[2m[WebServer] [22m    at SQLiteSelectBase.then [90m(/Users/deepak/Downloads/Projects/StackLens-AI-Deploy/[39mnode_modules/[4msrc[24m/query-promise.ts:31:15[90m)[39m
[2m[WebServer] [22m[90m    at process.processTicksAndRejections (node:internal/process/task_queues:105:5)[39m {
[2m[WebServer] [22m  code: [32m'SQLITE_ERROR'[39m
[2m[WebServer] [22m}
[2m[WebServer] [22mGet errors failed: SqliteError: no such column: error_logs.notes
[2m[WebServer] [22m    at Database.prepare [90m(/Users/deepak/Downloads/Projects/StackLens-AI-Deploy/[39mnode_modules/[4mbetter-sqlite3[24m/lib/methods/wrappers.js:5:21[90m)[39m
[2m[WebServer] [22m    at BetterSQLiteSession.prepareQuery [90m(/Users/deepak/Downloads/Projects/StackLens-AI-Deploy/[39mnode_modules/[4msrc[24m/better-sqlite3/session.ts:50:28[90m)[39m
[2m[WebServer] [22m    at BetterSQLiteSession.prepareOneTimeQuery [90m(/Users/deepak/Downloads/Projects/StackLens-AI-Deploy/[39mnode_modules/[4msrc[24m/sqlite-core/session.ts:135:15[90m)[39m
[2m[WebServer] [22m    at SQLiteSelectBase._prepare [90m(/Users/deepak/Downloads/Projects/StackLens-AI-Deploy/[39mnode_modules/[4msrc[24m/sqlite-core/query-builders/select.ts:865:85[90m)[39m
[2m[WebServer] [22m    at SQLiteSelectBase.all [90m(/Users/deepak/Downloads/Projects/StackLens-AI-Deploy/[39mnode_modules/[4msrc[24m/sqlite-core/query-builders/select.ts:884:15[90m)[39m
[2m[WebServer] [22m    at SQLiteSelectBase.execute [90m(/Users/deepak/Downloads/Projects/StackLens-AI-Deploy/[39mnode_modules/[4msrc[24m/sqlite-core/query-builders/select.ts:896:15[90m)[39m
[2m[WebServer] [22m    at SQLiteSelectBase.then [90m(/Users/deepak/Downloads/Projects/StackLens-AI-Deploy/[39mnode_modules/[4msrc[24m/query-promise.ts:31:15[90m)[39m
[2m[WebServer] [22m[90m    at process.processTicksAndRejections (node:internal/process/task_queues:105:5)[39m {
[2m[WebServer] [22m  code: [32m'SQLITE_ERROR'[39m
[2m[WebServer] [22m}
[2m[WebServer] [22mGet errors failed: SqliteError: no such column: error_logs.notes
[2m[WebServer] [22m    at Database.prepare [90m(/Users/deepak/Downloads/Projects/StackLens-AI-Deploy/[39mnode_modules/[4mbetter-sqlite3[24m/lib/methods/wrappers.js:5:21[90m)[39m
[2m[WebServer] [22m    at BetterSQLiteSession.prepareQuery [90m(/Users/deepak/Downloads/Projects/StackLens-AI-Deploy/[39mnode_modules/[4msrc[24m/better-sqlite3/session.ts:50:28[90m)[39m
[2m[WebServer] [22m    at BetterSQLiteSession.prepareOneTimeQuery [90m(/Users/deepak/Downloads/Projects/StackLens-AI-Deploy/[39mnode_modules/[4msrc[24m/sqlite-core/session.ts:135:15[90m)[39m
[2m[WebServer] [22m    at SQLiteSelectBase._prepare [90m(/Users/deepak/Downloads/Projects/StackLens-AI-Deploy/[39mnode_modules/[4msrc[24m/sqlite-core/query-builders/select.ts:865:85[90m)[39m
[2m[WebServer] [22m    at SQLiteSelectBase.all [90m(/Users/deepak/Downloads/Projects/StackLens-AI-Deploy/[39mnode_modules/[4msrc[24m/sqlite-core/query-builders/select.ts:884:15[90m)[39m
[2m[WebServer] [22m    at SQLiteSelectBase.execute [90m(/Users/deepak/Downloads/Projects/StackLens-AI-Deploy/[39mnode_modules/[4msrc[24m/sqlite-core/query-builders/select.ts:896:15[90m)[39m
[2m[WebServer] [22m    at SQLiteSelectBase.then [90m(/Users/deepak/Downloads/Projects/StackLens-AI-Deploy/[39mnode_modules/[4msrc[24m/query-promise.ts:31:15[90m)[39m
[2m[WebServer] [22m[90m    at process.processTicksAndRejections (node:internal/process/task_queues:105:5)[39m {
[2m[WebServer] [22m  code: [32m'SQLITE_ERROR'[39m
[2m[WebServer] [22m}
[2m[WebServer] [22mGet errors failed: SqliteError: no such column: error_logs.notes
[2m[WebServer] [22m    at Database.prepare [90m(/Users/deepak/Downloads/Projects/StackLens-AI-Deploy/[39mnode_modules/[4mbetter-sqlite3[24m/lib/methods/wrappers.js:5:21[90m)[39m
[2m[WebServer] [22m    at BetterSQLiteSession.prepareQuery [90m(/Users/deepak/Downloads/Projects/StackLens-AI-Deploy/[39mnode_modules/[4msrc[24m/better-sqlite3/session.ts:50:28[90m)[39m
[2m[WebServer] [22m    at BetterSQLiteSession.prepareOneTimeQuery [90m(/Users/deepak/Downloads/Projects/StackLens-AI-Deploy/[39mnode_modules/[4msrc[24m/sqlite-core/session.ts:135:15[90m)[39m
[2m[WebServer] [22m    at SQLiteSelectBase._prepare [90m(/Users/deepak/Downloads/Projects/StackLens-AI-Deploy/[39mnode_modules/[4msrc[24m/sqlite-core/query-builders/select.ts:865:85[90m)[39m
[2m[WebServer] [22m    at SQLiteSelectBase.all [90m(/Users/deepak/Downloads/Projects/StackLens-AI-Deploy/[39mnode_modules/[4msrc[24m/sqlite-core/query-builders/select.ts:884:15[90m)[39m
[2m[WebServer] [22m    at SQLiteSelectBase.execute [90m(/Users/deepak/Downloads/Projects/StackLens-AI-Deploy/[39mnode_modules/[4msrc[24m/sqlite-core/query-builders/select.ts:896:15[90m)[39m
[2m[WebServer] [22m    at SQLiteSelectBase.then [90m(/Users/deepak/Downloads/Projects/StackLens-AI-Deploy/[39mnode_modules/[4msrc[24m/query-promise.ts:31:15[90m)[39m
[2m[WebServer] [22m[90m    at process.processTicksAndRejections (node:internal/process/task_queues:105:5)[39m {
[2m[WebServer] [22m  code: [32m'SQLITE_ERROR'[39m
[2m[WebServer] [22m}
[2m[WebServer] [22mGet errors failed: SqliteError: no such column: error_logs.notes
[2m[WebServer] [22m    at Database.prepare [90m(/Users/deepak/Downloads/Projects/StackLens-AI-Deploy/[39mnode_modules/[4mbetter-sqlite3[24m/lib/methods/wrappers.js:5:21[90m)[39m
[2m[WebServer] [22m    at BetterSQLiteSession.prepareQuery [90m(/Users/deepak/Downloads/Projects/StackLens-AI-Deploy/[39mnode_modules/[4msrc[24m/better-sqlite3/session.ts:50:28[90m)[39m
[2m[WebServer] [22m    at BetterSQLiteSession.prepareOneTimeQuery [90m(/Users/deepak/Downloads/Projects/StackLens-AI-Deploy/[39mnode_modules/[4msrc[24m/sqlite-core/session.ts:135:15[90m)[39m
[2m[WebServer] [22m    at SQLiteSelectBase._prepare [90m(/Users/deepak/Downloads/Projects/StackLens-AI-Deploy/[39mnode_modules/[4msrc[24m/sqlite-core/query-builders/select.ts:865:85[90m)[39m
[2m[WebServer] [22m    at SQLiteSelectBase.all [90m(/Users/deepak/Downloads/Projects/StackLens-AI-Deploy/[39mnode_modules/[4msrc[24m/sqlite-core/query-builders/select.ts:884:15[90m)[39m
[2m[WebServer] [22m    at SQLiteSelectBase.execute [90m(/Users/deepak/Downloads/Projects/StackLens-AI-Deploy/[39mnode_modules/[4msrc[24m/sqlite-core/query-builders/select.ts:896:15[90m)[39m
[2m[WebServer] [22m    at SQLiteSelectBase.then [90m(/Users/deepak/Downloads/Projects/StackLens-AI-Deploy/[39mnode_modules/[4msrc[24m/query-promise.ts:31:15[90m)[39m
[2m[WebServer] [22m[90m    at process.processTicksAndRejections (node:internal/process/task_queues:105:5)[39m {
[2m[WebServer] [22m  code: [32m'SQLITE_ERROR'[39m
[2m[WebServer] [22m}
[2m[WebServer] [22mGet errors failed: SqliteError: no such column: error_logs.notes
[2m[WebServer] [22m    at Database.prepare [90m(/Users/deepak/Downloads/Projects/StackLens-AI-Deploy/[39mnode_modules/[4mbetter-sqlite3[24m/lib/methods/wrappers.js:5:21[90m)[39m
[2m[WebServer] [22m    at BetterSQLiteSession.prepareQuery [90m(/Users/deepak/Downloads/Projects/StackLens-AI-Deploy/[39mnode_modules/[4msrc[24m/better-sqlite3/session.ts:50:28[90m)[39m
[2m[WebServer] [22m    at BetterSQLiteSession.prepareOneTimeQuery [90m(/Users/deepak/Downloads/Projects/StackLens-AI-Deploy/[39mnode_modules/[4msrc[24m/sqlite-core/session.ts:135:15[90m)[39m
[2m[WebServer] [22m    at SQLiteSelectBase._prepare [90m(/Users/deepak/Downloads/Projects/StackLens-AI-Deploy/[39mnode_modules/[4msrc[24m/sqlite-core/query-builders/select.ts:865:85[90m)[39m
[2m[WebServer] [22m    at SQLiteSelectBase.all [90m(/Users/deepak/Downloads/Projects/StackLens-AI-Deploy/[39mnode_modules/[4msrc[24m/sqlite-core/query-builders/select.ts:884:15[90m)[39m
[2m[WebServer] [22m    at SQLiteSelectBase.execute [90m(/Users/deepak/Downloads/Projects/StackLens-AI-Deploy/[39mnode_modules/[4msrc[24m/sqlite-core/query-builders/select.ts:896:15[90m)[39m
[2m[WebServer] [22m    at SQLiteSelectBase.then [90m(/Users/deepak/Downloads/Projects/StackLens-AI-Deploy/[39mnode_modules/[4msrc[24m/query-promise.ts:31:15[90m)[39m
[2m[WebServer] [22m[90m    at process.processTicksAndRejections (node:internal/process/task_queues:105:5)[39m {
[2m[WebServer] [22m  code: [32m'SQLITE_ERROR'[39m
[2m[WebServer] [22m}
[2m[WebServer] [22mGet errors failed: SqliteError: no such column: error_logs.notes
[2m[WebServer] [22m    at Database.prepare [90m(/Users/deepak/Downloads/Projects/StackLens-AI-Deploy/[39mnode_modules/[4mbetter-sqlite3[24m/lib/methods/wrappers.js:5:21[90m)[39m
[2m[WebServer] [22m    at BetterSQLiteSession.prepareQuery [90m(/Users/deepak/Downloads/Projects/StackLens-AI-Deploy/[39mnode_modules/[4msrc[24m/better-sqlite3/session.ts:50:28[90m)[39m
[2m[WebServer] [22m    at BetterSQLiteSession.prepareOneTimeQuery [90m(/Users/deepak/Downloads/Projects/StackLens-AI-Deploy/[39mnode_modules/[4msrc[24m/sqlite-core/session.ts:135:15[90m)[39m
[2m[WebServer] [22m    at SQLiteSelectBase._prepare [90m(/Users/deepak/Downloads/Projects/StackLens-AI-Deploy/[39mnode_modules/[4msrc[24m/sqlite-core/query-builders/select.ts:865:85[90m)[39m
[2m[WebServer] [22m    at SQLiteSelectBase.all [90m(/Users/deepak/Downloads/Projects/StackLens-AI-Deploy/[39mnode_modules/[4msrc[24m/sqlite-core/query-builders/select.ts:884:15[90m)[39m
[2m[WebServer] [22m    at SQLiteSelectBase.execute [90m(/Users/deepak/Downloads/Projects/StackLens-AI-Deploy/[39mnode_modules/[4msrc[24m/sqlite-core/query-builders/select.ts:896:15[90m)[39m
[2m[WebServer] [22m    at SQLiteSelectBase.then [90m(/Users/deepak/Downloads/Projects/StackLens-AI-Deploy/[39mnode_modules/[4msrc[24m/query-promise.ts:31:15[90m)[39m
[2m[WebServer] [22m[90m    at process.processTicksAndRejections (node:internal/process/task_queues:105:5)[39m {
[2m[WebServer] [22m  code: [32m'SQLITE_ERROR'[39m
[2m[WebServer] [22m}
[2m[WebServer] [22mGet errors failed: SqliteError: no such column: error_logs.notes
[2m[WebServer] [22m    at Database.prepare [90m(/Users/deepak/Downloads/Projects/StackLens-AI-Deploy/[39mnode_modules/[4mbetter-sqlite3[24m/lib/methods/wrappers.js:5:21[90m)[39m
[2m[WebServer] [22m    at BetterSQLiteSession.prepareQuery [90m(/Users/deepak/Downloads/Projects/StackLens-AI-Deploy/[39mnode_modules/[4msrc[24m/better-sqlite3/session.ts:50:28[90m)[39m
[2m[WebServer] [22m    at BetterSQLiteSession.prepareOneTimeQuery [90m(/Users/deepak/Downloads/Projects/StackLens-AI-Deploy/[39mnode_modules/[4msrc[24m/sqlite-core/session.ts:135:15[90m)[39m
[2m[WebServer] [22m    at SQLiteSelectBase._prepare [90m(/Users/deepak/Downloads/Projects/StackLens-AI-Deploy/[39mnode_modules/[4msrc[24m/sqlite-core/query-builders/select.ts:865:85[90m)[39m
[2m[WebServer] [22m    at SQLiteSelectBase.all [90m(/Users/deepak/Downloads/Projects/StackLens-AI-Deploy/[39mnode_modules/[4msrc[24m/sqlite-core/query-builders/select.ts:884:15[90m)[39m
[2m[WebServer] [22m    at SQLiteSelectBase.execute [90m(/Users/deepak/Downloads/Projects/StackLens-AI-Deploy/[39mnode_modules/[4msrc[24m/sqlite-core/query-builders/select.ts:896:15[90m)[39m
[2m[WebServer] [22m    at SQLiteSelectBase.then [90m(/Users/deepak/Downloads/Projects/StackLens-AI-Deploy/[39mnode_modules/[4msrc[24m/query-promise.ts:31:15[90m)[39m
[2m[WebServer] [22m[90m    at process.processTicksAndRejections (node:internal/process/task_queues:105:5)[39m {
[2m[WebServer] [22m  code: [32m'SQLITE_ERROR'[39m
[2m[WebServer] [22m}
[2m[WebServer] [22mGet errors failed: SqliteError: no such column: error_logs.notes
[2m[WebServer] [22m    at Database.prepare [90m(/Users/deepak/Downloads/Projects/StackLens-AI-Deploy/[39mnode_modules/[4mbetter-sqlite3[24m/lib/methods/wrappers.js:5:21[90m)[39m
[2m[WebServer] [22m    at BetterSQLiteSession.prepareQuery [90m(/Users/deepak/Downloads/Projects/StackLens-AI-Deploy/[39mnode_modules/[4msrc[24m/better-sqlite3/session.ts:50:28[90m)[39m
[2m[WebServer] [22m    at BetterSQLiteSession.prepareOneTimeQuery [90m(/Users/deepak/Downloads/Projects/StackLens-AI-Deploy/[39mnode_modules/[4msrc[24m/sqlite-core/session.ts:135:15[90m)[39m
[2m[WebServer] [22m    at SQLiteSelectBase._prepare [90m(/Users/deepak/Downloads/Projects/StackLens-AI-Deploy/[39mnode_modules/[4msrc[24m/sqlite-core/query-builders/select.ts:865:85[90m)[39m
[2m[WebServer] [22m    at SQLiteSelectBase.all [90m(/Users/deepak/Downloads/Projects/StackLens-AI-Deploy/[39mnode_modules/[4msrc[24m/sqlite-core/query-builders/select.ts:884:15[90m)[39m
[2m[WebServer] [22m    at SQLiteSelectBase.execute [90m(/Users/deepak/Downloads/Projects/StackLens-AI-Deploy/[39mnode_modules/[4msrc[24m/sqlite-core/query-builders/select.ts:896:15[90m)[39m
[2m[WebServer] [22m    at SQLiteSelectBase.then [90m(/Users/deepak/Downloads/Projects/StackLens-AI-Deploy/[39mnode_modules/[4msrc[24m/query-promise.ts:31:15[90m)[39m
[2m[WebServer] [22m[90m    at process.processTicksAndRejections (node:internal/process/task_queues:105:5)[39m {
[2m[WebServer] [22m  code: [32m'SQLITE_ERROR'[39m
[2m[WebServer] [22m}
[2m[WebServer] [22mGet errors failed: SqliteError: no such column: error_logs.notes
[2m[WebServer] [22m    at Database.prepare [90m(/Users/deepak/Downloads/Projects/StackLens-AI-Deploy/[39mnode_modules/[4mbetter-sqlite3[24m/lib/methods/wrappers.js:5:21[90m)[39m
[2m[WebServer] [22m    at BetterSQLiteSession.prepareQuery [90m(/Users/deepak/Downloads/Projects/StackLens-AI-Deploy/[39mnode_modules/[4msrc[24m/better-sqlite3/session.ts:50:28[90m)[39m
[2m[WebServer] [22m    at BetterSQLiteSession.prepareOneTimeQuery [90m(/Users/deepak/Downloads/Projects/StackLens-AI-Deploy/[39mnode_modules/[4msrc[24m/sqlite-core/session.ts:135:15[90m)[39m
[2m[WebServer] [22m    at SQLiteSelectBase._prepare [90m(/Users/deepak/Downloads/Projects/StackLens-AI-Deploy/[39mnode_modules/[4msrc[24m/sqlite-core/query-builders/select.ts:865:85[90m)[39m
[2m[WebServer] [22m    at SQLiteSelectBase.all [90m(/Users/deepak/Downloads/Projects/StackLens-AI-Deploy/[39mnode_modules/[4msrc[24m/sqlite-core/query-builders/select.ts:884:15[90m)[39m
[2m[WebServer] [22m    at SQLiteSelectBase.execute [90m(/Users/deepak/Downloads/Projects/StackLens-AI-Deploy/[39mnode_modules/[4msrc[24m/sqlite-core/query-builders/select.ts:896:15[90m)[39m
[2m[WebServer] [22m    at SQLiteSelectBase.then [90m(/Users/deepak/Downloads/Projects/StackLens-AI-Deploy/[39mnode_modules/[4msrc[24m/query-promise.ts:31:15[90m)[39m
[2m[WebServer] [22m[90m    at process.processTicksAndRejections (node:internal/process/task_queues:105:5)[39m {
[2m[WebServer] [22m  code: [32m'SQLITE_ERROR'[39m
[2m[WebServer] [22m}
[2m[WebServer] [22mGet errors failed: SqliteError: no such column: error_logs.notes
[2m[WebServer] [22m    at Database.prepare [90m(/Users/deepak/Downloads/Projects/StackLens-AI-Deploy/[39mnode_modules/[4mbetter-sqlite3[24m/lib/methods/wrappers.js:5:21[90m)[39m
[2m[WebServer] [22m    at BetterSQLiteSession.prepareQuery [90m(/Users/deepak/Downloads/Projects/StackLens-AI-Deploy/[39mnode_modules/[4msrc[24m/better-sqlite3/session.ts:50:28[90m)[39m
[2m[WebServer] [22m    at BetterSQLiteSession.prepareOneTimeQuery [90m(/Users/deepak/Downloads/Projects/StackLens-AI-Deploy/[39mnode_modules/[4msrc[24m/sqlite-core/session.ts:135:15[90m)[39m
[2m[WebServer] [22m    at SQLiteSelectBase._prepare [90m(/Users/deepak/Downloads/Projects/StackLens-AI-Deploy/[39mnode_modules/[4msrc[24m/sqlite-core/query-builders/select.ts:865:85[90m)[39m
[2m[WebServer] [22m    at SQLiteSelectBase.all [90m(/Users/deepak/Downloads/Projects/StackLens-AI-Deploy/[39mnode_modules/[4msrc[24m/sqlite-core/query-builders/select.ts:884:15[90m)[39m
[2m[WebServer] [22m    at SQLiteSelectBase.execute [90m(/Users/deepak/Downloads/Projects/StackLens-AI-Deploy/[39mnode_modules/[4msrc[24m/sqlite-core/query-builders/select.ts:896:15[90m)[39m
[2m[WebServer] [22m    at SQLiteSelectBase.then [90m(/Users/deepak/Downloads/Projects/StackLens-AI-Deploy/[39mnode_modules/[4msrc[24m/query-promise.ts:31:15[90m)[39m
[2m[WebServer] [22m[90m    at process.processTicksAndRejections (node:internal/process/task_queues:105:5)[39m {
[2m[WebServer] [22m  code: [32m'SQLITE_ERROR'[39m
[2m[WebServer] [22m}
[2m[WebServer] [22mGet errors failed: SqliteError: no such column: error_logs.notes
[2m[WebServer] [22m    at Database.prepare [90m(/Users/deepak/Downloads/Projects/StackLens-AI-Deploy/[39mnode_modules/[4mbetter-sqlite3[24m/lib/methods/wrappers.js:5:21[90m)[39m
[2m[WebServer] [22m    at BetterSQLiteSession.prepareQuery [90m(/Users/deepak/Downloads/Projects/StackLens-AI-Deploy/[39mnode_modules/[4msrc[24m/better-sqlite3/session.ts:50:28[90m)[39m
[2m[WebServer] [22m    at BetterSQLiteSession.prepareOneTimeQuery [90m(/Users/deepak/Downloads/Projects/StackLens-AI-Deploy/[39mnode_modules/[4msrc[24m/sqlite-core/session.ts:135:15[90m)[39m
[2m[WebServer] [22m    at SQLiteSelectBase._prepare [90m(/Users/deepak/Downloads/Projects/StackLens-AI-Deploy/[39mnode_modules/[4msrc[24m/sqlite-core/query-builders/select.ts:865:85[90m)[39m
[2m[WebServer] [22m    at SQLiteSelectBase.all [90m(/Users/deepak/Downloads/Projects/StackLens-AI-Deploy/[39mnode_modules/[4msrc[24m/sqlite-core/query-builders/select.ts:884:15[90m)[39m
[2m[WebServer] [22m    at SQLiteSelectBase.execute [90m(/Users/deepak/Downloads/Projects/StackLens-AI-Deploy/[39mnode_modules/[4msrc[24m/sqlite-core/query-builders/select.ts:896:15[90m)[39m
[2m[WebServer] [22m    at SQLiteSelectBase.then [90m(/Users/deepak/Downloads/Projects/StackLens-AI-Deploy/[39mnode_modules/[4msrc[24m/query-promise.ts:31:15[90m)[39m
[2m[WebServer] [22m[90m    at process.processTicksAndRejections (node:internal/process/task_queues:105:5)[39m {
[2m[WebServer] [22m  code: [32m'SQLITE_ERROR'[39m
[2m[WebServer] [22m}
[2m[WebServer] [22mGet errors failed: SqliteError: no such column: error_logs.notes
[2m[WebServer] [22m    at Database.prepare [90m(/Users/deepak/Downloads/Projects/StackLens-AI-Deploy/[39mnode_modules/[4mbetter-sqlite3[24m/lib/methods/wrappers.js:5:21[90m)[39m
[2m[WebServer] [22m    at BetterSQLiteSession.prepareQuery [90m(/Users/deepak/Downloads/Projects/StackLens-AI-Deploy/[39mnode_modules/[4msrc[24m/better-sqlite3/session.ts:50:28[90m)[39m
[2m[WebServer] [22m    at BetterSQLiteSession.prepareOneTimeQuery [90m(/Users/deepak/Downloads/Projects/StackLens-AI-Deploy/[39mnode_modules/[4msrc[24m/sqlite-core/session.ts:135:15[90m)[39m
[2m[WebServer] [22m    at SQLiteSelectBase._prepare [90m(/Users/deepak/Downloads/Projects/StackLens-AI-Deploy/[39mnode_modules/[4msrc[24m/sqlite-core/query-builders/select.ts:865:85[90m)[39m
[2m[WebServer] [22m    at SQLiteSelectBase.all [90m(/Users/deepak/Downloads/Projects/StackLens-AI-Deploy/[39mnode_modules/[4msrc[24m/sqlite-core/query-builders/select.ts:884:15[90m)[39m
[2m[WebServer] [22m    at SQLiteSelectBase.execute [90m(/Users/deepak/Downloads/Projects/StackLens-AI-Deploy/[39mnode_modules/[4msrc[24m/sqlite-core/query-builders/select.ts:896:15[90m)[39m
[2m[WebServer] [22m    at SQLiteSelectBase.then [90m(/Users/deepak/Downloads/Projects/StackLens-AI-Deploy/[39mnode_modules/[4msrc[24m/query-promise.ts:31:15[90m)[39m
[2m[WebServer] [22m[90m    at process.processTicksAndRejections (node:internal/process/task_queues:105:5)[39m {
[2m[WebServer] [22m  code: [32m'SQLITE_ERROR'[39m
[2m[WebServer] [22m}
[2m[WebServer] [22mGet errors failed: SqliteError: no such column: error_logs.notes
[2m[WebServer] [22m    at Database.prepare [90m(/Users/deepak/Downloads/Projects/StackLens-AI-Deploy/[39mnode_modules/[4mbetter-sqlite3[24m/lib/methods/wrappers.js:5:21[90m)[39m
[2m[WebServer] [22m    at BetterSQLiteSession.prepareQuery [90m(/Users/deepak/Downloads/Projects/StackLens-AI-Deploy/[39mnode_modules/[4msrc[24m/better-sqlite3/session.ts:50:28[90m)[39m
[2m[WebServer] [22m    at BetterSQLiteSession.prepareOneTimeQuery [90m(/Users/deepak/Downloads/Projects/StackLens-AI-Deploy/[39mnode_modules/[4msrc[24m/sqlite-core/session.ts:135:15[90m)[39m
[2m[WebServer] [22m    at SQLiteSelectBase._prepare [90m(/Users/deepak/Downloads/Projects/StackLens-AI-Deploy/[39mnode_modules/[4msrc[24m/sqlite-core/query-builders/select.ts:865:85[90m)[39m
[2m[WebServer] [22m    at SQLiteSelectBase.all [90m(/Users/deepak/Downloads/Projects/StackLens-AI-Deploy/[39mnode_modules/[4msrc[24m/sqlite-core/query-builders/select.ts:884:15[90m)[39m
[2m[WebServer] [22m    at SQLiteSelectBase.execute [90m(/Users/deepak/Downloads/Projects/StackLens-AI-Deploy/[39mnode_modules/[4msrc[24m/sqlite-core/query-builders/select.ts:896:15[90m)[39m
[2m[WebServer] [22m    at SQLiteSelectBase.then [90m(/Users/deepak/Downloads/Projects/StackLens-AI-Deploy/[39mnode_modules/[4msrc[24m/query-promise.ts:31:15[90m)[39m
[2m[WebServer] [22m[90m    at process.processTicksAndRejections (node:internal/process/task_queues:105:5)[39m {
[2m[WebServer] [22m  code: [32m'SQLITE_ERROR'[39m
[2m[WebServer] [22m}
[2m[WebServer] [22mGet errors failed: SqliteError: no such column: error_logs.notes
[2m[WebServer] [22m    at Database.prepare [90m(/Users/deepak/Downloads/Projects/StackLens-AI-Deploy/[39mnode_modules/[4mbetter-sqlite3[24m/lib/methods/wrappers.js:5:21[90m)[39m
[2m[WebServer] [22m    at BetterSQLiteSession.prepareQuery [90m(/Users/deepak/Downloads/Projects/StackLens-AI-Deploy/[39mnode_modules/[4msrc[24m/better-sqlite3/session.ts:50:28[90m)[39m
[2m[WebServer] [22m    at BetterSQLiteSession.prepareOneTimeQuery [90m(/Users/deepak/Downloads/Projects/StackLens-AI-Deploy/[39mnode_modules/[4msrc[24m/sqlite-core/session.ts:135:15[90m)[39m
[2m[WebServer] [22m    at SQLiteSelectBase._prepare [90m(/Users/deepak/Downloads/Projects/StackLens-AI-Deploy/[39mnode_modules/[4msrc[24m/sqlite-core/query-builders/select.ts:865:85[90m)[39m
[2m[WebServer] [22m    at SQLiteSelectBase.all [90m(/Users/deepak/Downloads/Projects/StackLens-AI-Deploy/[39mnode_modules/[4msrc[24m/sqlite-core/query-builders/select.ts:884:15[90m)[39m
[2m[WebServer] [22m    at SQLiteSelectBase.execute [90m(/Users/deepak/Downloads/Projects/StackLens-AI-Deploy/[39mnode_modules/[4msrc[24m/sqlite-core/query-builders/select.ts:896:15[90m)[39m
[2m[WebServer] [22m    at SQLiteSelectBase.then [90m(/Users/deepak/Downloads/Projects/StackLens-AI-Deploy/[39mnode_modules/[4msrc[24m/query-promise.ts:31:15[90m)[39m
[2m[WebServer] [22m[90m    at process.processTicksAndRejections (node:internal/process/task_queues:105:5)[39m {
[2m[WebServer] [22m  code: [32m'SQLITE_ERROR'[39m
[2m[WebServer] [22m}
[2m[WebServer] [22mGet errors failed: SqliteError: no such column: error_logs.notes
[2m[WebServer] [22m    at Database.prepare [90m(/Users/deepak/Downloads/Projects/StackLens-AI-Deploy/[39mnode_modules/[4mbetter-sqlite3[24m/lib/methods/wrappers.js:5:21[90m)[39m
[2m[WebServer] [22m    at BetterSQLiteSession.prepareQuery [90m(/Users/deepak/Downloads/Projects/StackLens-AI-Deploy/[39mnode_modules/[4msrc[24m/better-sqlite3/session.ts:50:28[90m)[39m
[2m[WebServer] [22m    at BetterSQLiteSession.prepareOneTimeQuery [90m(/Users/deepak/Downloads/Projects/StackLens-AI-Deploy/[39mnode_modules/[4msrc[24m/sqlite-core/session.ts:135:15[90m)[39m
[2m[WebServer] [22m    at SQLiteSelectBase._prepare [90m(/Users/deepak/Downloads/Projects/StackLens-AI-Deploy/[39mnode_modules/[4msrc[24m/sqlite-core/query-builders/select.ts:865:85[90m)[39m
[2m[WebServer] [22m    at SQLiteSelectBase.all [90m(/Users/deepak/Downloads/Projects/StackLens-AI-Deploy/[39mnode_modules/[4msrc[24m/sqlite-core/query-builders/select.ts:884:15[90m)[39m
[2m[WebServer] [22m    at SQLiteSelectBase.execute [90m(/Users/deepak/Downloads/Projects/StackLens-AI-Deploy/[39mnode_modules/[4msrc[24m/sqlite-core/query-builders/select.ts:896:15[90m)[39m
[2m[WebServer] [22m    at SQLiteSelectBase.then [90m(/Users/deepak/Downloads/Projects/StackLens-AI-Deploy/[39mnode_modules/[4msrc[24m/query-promise.ts:31:15[90m)[39m
[2m[WebServer] [22m[90m    at process.processTicksAndRejections (node:internal/process/task_queues:105:5)[39m {
[2m[WebServer] [22m  code: [32m'SQLITE_ERROR'[39m
[2m[WebServer] [22m}
[2m[WebServer] [22mGet errors failed: SqliteError: no such column: error_logs.notes
[2m[WebServer] [22m    at Database.prepare [90m(/Users/deepak/Downloads/Projects/StackLens-AI-Deploy/[39mnode_modules/[4mbetter-sqlite3[24m/lib/methods/wrappers.js:5:21[90m)[39m
[2m[WebServer] [22m    at BetterSQLiteSession.prepareQuery [90m(/Users/deepak/Downloads/Projects/StackLens-AI-Deploy/[39mnode_modules/[4msrc[24m/better-sqlite3/session.ts:50:28[90m)[39m
[2m[WebServer] [22m    at BetterSQLiteSession.prepareOneTimeQuery [90m(/Users/deepak/Downloads/Projects/StackLens-AI-Deploy/[39mnode_modules/[4msrc[24m/sqlite-core/session.ts:135:15[90m)[39m
[2m[WebServer] [22m    at SQLiteSelectBase._prepare [90m(/Users/deepak/Downloads/Projects/StackLens-AI-Deploy/[39mnode_modules/[4msrc[24m/sqlite-core/query-builders/select.ts:865:85[90m)[39m
[2m[WebServer] [22m    at SQLiteSelectBase.all [90m(/Users/deepak/Downloads/Projects/StackLens-AI-Deploy/[39mnode_modules/[4msrc[24m/sqlite-core/query-builders/select.ts:884:15[90m)[39m
[2m[WebServer] [22m    at SQLiteSelectBase.execute [90m(/Users/deepak/Downloads/Projects/StackLens-AI-Deploy/[39mnode_modules/[4msrc[24m/sqlite-core/query-builders/select.ts:896:15[90m)[39m
[2m[WebServer] [22m    at SQLiteSelectBase.then [90m(/Users/deepak/Downloads/Projects/StackLens-AI-Deploy/[39mnode_modules/[4msrc[24m/query-promise.ts:31:15[90m)[39m
[2m[WebServer] [22m[90m    at process.processTicksAndRejections (node:internal/process/task_queues:105:5)[39m {
[2m[WebServer] [22m  code: [32m'SQLITE_ERROR'[39m
[2m[WebServer] [22m}
[2m[WebServer] [22mGet errors failed: SqliteError: no such column: error_logs.notes
[2m[WebServer] [22m    at Database.prepare [90m(/Users/deepak/Downloads/Projects/StackLens-AI-Deploy/[39mnode_modules/[4mbetter-sqlite3[24m/lib/methods/wrappers.js:5:21[90m)[39m
[2m[WebServer] [22m    at BetterSQLiteSession.prepareQuery [90m(/Users/deepak/Downloads/Projects/StackLens-AI-Deploy/[39mnode_modules/[4msrc[24m/better-sqlite3/session.ts:50:28[90m)[39m
[2m[WebServer] [22m    at BetterSQLiteSession.prepareOneTimeQuery [90m(/Users/deepak/Downloads/Projects/StackLens-AI-Deploy/[39mnode_modules/[4msrc[24m/sqlite-core/session.ts:135:15[90m)[39m
[2m[WebServer] [22m    at SQLiteSelectBase._prepare [90m(/Users/deepak/Downloads/Projects/StackLens-AI-Deploy/[39mnode_modules/[4msrc[24m/sqlite-core/query-builders/select.ts:865:85[90m)[39m
[2m[WebServer] [22m    at SQLiteSelectBase.all [90m(/Users/deepak/Downloads/Projects/StackLens-AI-Deploy/[39mnode_modules/[4msrc[24m/sqlite-core/query-builders/select.ts:884:15[90m)[39m
[2m[WebServer] [22m    at SQLiteSelectBase.execute [90m(/Users/deepak/Downloads/Projects/StackLens-AI-Deploy/[39mnode_modules/[4msrc[24m/sqlite-core/query-builders/select.ts:896:15[90m)[39m
[2m[WebServer] [22m    at SQLiteSelectBase.then [90m(/Users/deepak/Downloads/Projects/StackLens-AI-Deploy/[39mnode_modules/[4msrc[24m/query-promise.ts:31:15[90m)[39m
[2m[WebServer] [22m[90m    at process.processTicksAndRejections (node:internal/process/task_queues:105:5)[39m {
[2m[WebServer] [22m  code: [32m'SQLITE_ERROR'[39m
[2m[WebServer] [22m}
[2m[WebServer] [22mGet errors failed: SqliteError: no such column: error_logs.notes
[2m[WebServer] [22m    at Database.prepare [90m(/Users/deepak/Downloads/Projects/StackLens-AI-Deploy/[39mnode_modules/[4mbetter-sqlite3[24m/lib/methods/wrappers.js:5:21[90m)[39m
[2m[WebServer] [22m    at BetterSQLiteSession.prepareQuery [90m(/Users/deepak/Downloads/Projects/StackLens-AI-Deploy/[39mnode_modules/[4msrc[24m/better-sqlite3/session.ts:50:28[90m)[39m
[2m[WebServer] [22m    at BetterSQLiteSession.prepareOneTimeQuery [90m(/Users/deepak/Downloads/Projects/StackLens-AI-Deploy/[39mnode_modules/[4msrc[24m/sqlite-core/session.ts:135:15[90m)[39m
[2m[WebServer] [22m    at SQLiteSelectBase._prepare [90m(/Users/deepak/Downloads/Projects/StackLens-AI-Deploy/[39mnode_modules/[4msrc[24m/sqlite-core/query-builders/select.ts:865:85[90m)[39m
[2m[WebServer] [22m    at SQLiteSelectBase.all [90m(/Users/deepak/Downloads/Projects/StackLens-AI-Deploy/[39mnode_modules/[4msrc[24m/sqlite-core/query-builders/select.ts:884:15[90m)[39m
[2m[WebServer] [22m    at SQLiteSelectBase.execute [90m(/Users/deepak/Downloads/Projects/StackLens-AI-Deploy/[39mnode_modules/[4msrc[24m/sqlite-core/query-builders/select.ts:896:15[90m)[39m
[2m[WebServer] [22m    at SQLiteSelectBase.then [90m(/Users/deepak/Downloads/Projects/StackLens-AI-Deploy/[39mnode_modules/[4msrc[24m/query-promise.ts:31:15[90m)[39m
[2m[WebServer] [22m[90m    at process.processTicksAndRejections (node:internal/process/task_queues:105:5)[39m {
[2m[WebServer] [22m  code: [32m'SQLITE_ERROR'[39m
[2m[WebServer] [22m}
[2m[WebServer] [22mGet errors failed: SqliteError: no such column: error_logs.notes
[2m[WebServer] [22m    at Database.prepare [90m(/Users/deepak/Downloads/Projects/StackLens-AI-Deploy/[39mnode_modules/[4mbetter-sqlite3[24m/lib/methods/wrappers.js:5:21[90m)[39m
[2m[WebServer] [22m    at BetterSQLiteSession.prepareQuery [90m(/Users/deepak/Downloads/Projects/StackLens-AI-Deploy/[39mnode_modules/[4msrc[24m/better-sqlite3/session.ts:50:28[90m)[39m
[2m[WebServer] [22m    at BetterSQLiteSession.prepareOneTimeQuery [90m(/Users/deepak/Downloads/Projects/StackLens-AI-Deploy/[39mnode_modules/[4msrc[24m/sqlite-core/session.ts:135:15[90m)[39m
[2m[WebServer] [22m    at SQLiteSelectBase._prepare [90m(/Users/deepak/Downloads/Projects/StackLens-AI-Deploy/[39mnode_modules/[4msrc[24m/sqlite-core/query-builders/select.ts:865:85[90m)[39m
[2m[WebServer] [22m    at SQLiteSelectBase.all [90m(/Users/deepak/Downloads/Projects/StackLens-AI-Deploy/[39mnode_modules/[4msrc[24m/sqlite-core/query-builders/select.ts:884:15[90m)[39m
[2m[WebServer] [22m    at SQLiteSelectBase.execute [90m(/Users/deepak/Downloads/Projects/StackLens-AI-Deploy/[39mnode_modules/[4msrc[24m/sqlite-core/query-builders/select.ts:896:15[90m)[39m
[2m[WebServer] [22m    at SQLiteSelectBase.then [90m(/Users/deepak/Downloads/Projects/StackLens-AI-Deploy/[39mnode_modules/[4msrc[24m/query-promise.ts:31:15[90m)[39m
[2m[WebServer] [22m[90m    at process.processTicksAndRejections (node:internal/process/task_queues:105:5)[39m {
[2m[WebServer] [22m  code: [32m'SQLITE_ERROR'[39m
[2m[WebServer] [22m}
[2m[WebServer] [22mGet errors failed: SqliteError: no such column: error_logs.notes
[2m[WebServer] [22m    at Database.prepare [90m(/Users/deepak/Downloads/Projects/StackLens-AI-Deploy/[39mnode_modules/[4mbetter-sqlite3[24m/lib/methods/wrappers.js:5:21[90m)[39m
[2m[WebServer] [22m    at BetterSQLiteSession.prepareQuery [90m(/Users/deepak/Downloads/Projects/StackLens-AI-Deploy/[39mnode_modules/[4msrc[24m/better-sqlite3/session.ts:50:28[90m)[39m
[2m[WebServer] [22m    at BetterSQLiteSession.prepareOneTimeQuery [90m(/Users/deepak/Downloads/Projects/StackLens-AI-Deploy/[39mnode_modules/[4msrc[24m/sqlite-core/session.ts:135:15[90m)[39m
[2m[WebServer] [22m    at SQLiteSelectBase._prepare [90m(/Users/deepak/Downloads/Projects/StackLens-AI-Deploy/[39mnode_modules/[4msrc[24m/sqlite-core/query-builders/select.ts:865:85[90m)[39m
[2m[WebServer] [22m    at SQLiteSelectBase.all [90m(/Users/deepak/Downloads/Projects/StackLens-AI-Deploy/[39mnode_modules/[4msrc[24m/sqlite-core/query-builders/select.ts:884:15[90m)[39m
[2m[WebServer] [22m    at SQLiteSelectBase.execute [90m(/Users/deepak/Downloads/Projects/StackLens-AI-Deploy/[39mnode_modules/[4msrc[24m/sqlite-core/query-builders/select.ts:896:15[90m)[39m
[2m[WebServer] [22m    at SQLiteSelectBase.then [90m(/Users/deepak/Downloads/Projects/StackLens-AI-Deploy/[39mnode_modules/[4msrc[24m/query-promise.ts:31:15[90m)[39m
[2m[WebServer] [22m[90m    at process.processTicksAndRejections (node:internal/process/task_queues:105:5)[39m {
[2m[WebServer] [22m  code: [32m'SQLITE_ERROR'[39m
[2m[WebServer] [22m}
  ✘   92 [api-tests] › tests/api/comprehensive.test.ts:1041:5 › API Tests - Rate Limiting › should implement rate limiting (460ms)
[dotenv@17.2.3] injecting env (0) from .env -- tip: ⚙️  enable debug logging with { debug: true }
[2m[WebServer] [22mGet errors failed: SqliteError: no such column: error_logs.notes
[2m[WebServer] [22m    at Database.prepare [90m(/Users/deepak/Downloads/Projects/StackLens-AI-Deploy/[39mnode_modules/[4mbetter-sqlite3[24m/lib/methods/wrappers.js:5:21[90m)[39m
[2m[WebServer] [22m    at BetterSQLiteSession.prepareQuery [90m(/Users/deepak/Downloads/Projects/StackLens-AI-Deploy/[39mnode_modules/[4msrc[24m/better-sqlite3/session.ts:50:28[90m)[39m
[2m[WebServer] [22m    at BetterSQLiteSession.prepareOneTimeQuery [90m(/Users/deepak/Downloads/Projects/StackLens-AI-Deploy/[39mnode_modules/[4msrc[24m/sqlite-core/session.ts:135:15[90m)[39m
[2m[WebServer] [22m    at SQLiteSelectBase._prepare [90m(/Users/deepak/Downloads/Projects/StackLens-AI-Deploy/[39mnode_modules/[4msrc[24m/sqlite-core/query-builders/select.ts:865:85[90m)[39m
[2m[WebServer] [22m    at SQLiteSelectBase.all [90m(/Users/deepak/Downloads/Projects/StackLens-AI-Deploy/[39mnode_modules/[4msrc[24m/sqlite-core/query-builders/select.ts:884:15[90m)[39m
[2m[WebServer] [22m    at SQLiteSelectBase.execute [90m(/Users/deepak/Downloads/Projects/StackLens-AI-Deploy/[39mnode_modules/[4msrc[24m/sqlite-core/query-builders/select.ts:896:15[90m)[39m
[2m[WebServer] [22m    at SQLiteSelectBase.then [90m(/Users/deepak/Downloads/Projects/StackLens-AI-Deploy/[39mnode_modules/[4msrc[24m/query-promise.ts:31:15[90m)[39m
[2m[WebServer] [22m[90m    at process.processTicksAndRejections (node:internal/process/task_queues:105:5)[39m {
[2m[WebServer] [22m  code: [32m'SQLITE_ERROR'[39m
[2m[WebServer] [22m}
  ✘   97 [api-tests] › tests/api/comprehensive.test.ts:1112:5 › API Tests - Pagination Edge Cases › should handle limit=0 (97ms)
[dotenv@17.2.3] injecting env (0) from .env -- tip: ⚙️  override existing env vars with { override: true }
[dotenv@17.2.3] injecting env (0) from .env -- tip: 🔐 prevent committing .env to code: https://dotenvx.com/precommit
[2m[WebServer] [22mError creating error: SqliteError: table error_logs has no column named notes
[2m[WebServer] [22m    at Database.prepare [90m(/Users/deepak/Downloads/Projects/StackLens-AI-Deploy/[39mnode_modules/[4mbetter-sqlite3[24m/lib/methods/wrappers.js:5:21[90m)[39m
[2m[WebServer] [22m    at BetterSQLiteSession.prepareQuery [90m(/Users/deepak/Downloads/Projects/StackLens-AI-Deploy/[39mnode_modules/[4msrc[24m/better-sqlite3/session.ts:50:28[90m)[39m
[2m[WebServer] [22m    at BetterSQLiteSession.prepareOneTimeQuery [90m(/Users/deepak/Downloads/Projects/StackLens-AI-Deploy/[39mnode_modules/[4msrc[24m/sqlite-core/session.ts:135:15[90m)[39m
[2m[WebServer] [22m    at QueryPromise._prepare [90m(/Users/deepak/Downloads/Projects/StackLens-AI-Deploy/[39mnode_modules/[4msrc[24m/sqlite-core/query-builders/insert.ts:379:78[90m)[39m
[2m[WebServer] [22m    at QueryPromise.all [90m(/Users/deepak/Downloads/Projects/StackLens-AI-Deploy/[39mnode_modules/[4msrc[24m/sqlite-core/query-builders/insert.ts:396:15[90m)[39m
[2m[WebServer] [22m    at QueryPromise.execute [90m(/Users/deepak/Downloads/Projects/StackLens-AI-Deploy/[39mnode_modules/[4msrc[24m/sqlite-core/query-builders/insert.ts:408:40[90m)[39m
[2m[WebServer] [22m    at QueryPromise.then [90m(/Users/deepak/Downloads/Projects/StackLens-AI-Deploy/[39mnode_modules/[4msrc[24m/query-promise.ts:31:15[90m)[39m
[2m[WebServer] [22m[90m    at process.processTicksAndRejections (node:internal/process/task_queues:105:5)[39m {
[2m[WebServer] [22m  code: [32m'SQLITE_ERROR'[39m
[2m[WebServer] [22m}
[2m[WebServer] [22mError creating error: SqliteError: table error_logs has no column named notes
[2m[WebServer] [22m    at Database.prepare [90m(/Users/deepak/Downloads/Projects/StackLens-AI-Deploy/[39mnode_modules/[4mbetter-sqlite3[24m/lib/methods/wrappers.js:5:21[90m)[39m
[2m[WebServer] [22m    at BetterSQLiteSession.prepareQuery [90m(/Users/deepak/Downloads/Projects/StackLens-AI-Deploy/[39mnode_modules/[4msrc[24m/better-sqlite3/session.ts:50:28[90m)[39m
[2m[WebServer] [22m    at BetterSQLiteSession.prepareOneTimeQuery [90m(/Users/deepak/Downloads/Projects/StackLens-AI-Deploy/[39mnode_modules/[4msrc[24m/sqlite-core/session.ts:135:15[90m)[39m
[2m[WebServer] [22m    at QueryPromise._prepare [90m(/Users/deepak/Downloads/Projects/StackLens-AI-Deploy/[39mnode_modules/[4msrc[24m/sqlite-core/query-builders/insert.ts:379:78[90m)[39m
[2m[WebServer] [22m    at QueryPromise.all [90m(/Users/deepak/Downloads/Projects/StackLens-AI-Deploy/[39mnode_modules/[4msrc[24m/sqlite-core/query-builders/insert.ts:396:15[90m)[39m
[2m[WebServer] [22m    at QueryPromise.execute [90m(/Users/deepak/Downloads/Projects/StackLens-AI-Deploy/[39mnode_modules/[4msrc[24m/sqlite-core/query-builders/insert.ts:408:40[90m)[39m
[2m[WebServer] [22m    at QueryPromise.then [90m(/Users/deepak/Downloads/Projects/StackLens-AI-Deploy/[39mnode_modules/[4msrc[24m/query-promise.ts:31:15[90m)[39m
[2m[WebServer] [22m[90m    at process.processTicksAndRejections (node:internal/process/task_queues:105:5)[39m {
[2m[WebServer] [22m  code: [32m'SQLITE_ERROR'[39m
[2m[WebServer] [22m}
[2m[WebServer] [22mError creating error: SqliteError: table error_logs has no column named notes
[2m[WebServer] [22m    at Database.prepare [90m(/Users/deepak/Downloads/Projects/StackLens-AI-Deploy/[39mnode_modules/[4mbetter-sqlite3[24m/lib/methods/wrappers.js:5:21[90m)[39m
[2m[WebServer] [22m    at BetterSQLiteSession.prepareQuery [90m(/Users/deepak/Downloads/Projects/StackLens-AI-Deploy/[39mnode_modules/[4msrc[24m/better-sqlite3/session.ts:50:28[90m)[39m
[2m[WebServer] [22m    at BetterSQLiteSession.prepareOneTimeQuery [90m(/Users/deepak/Downloads/Projects/StackLens-AI-Deploy/[39mnode_modules/[4msrc[24m/sqlite-core/session.ts:135:15[90m)[39m
[2m[WebServer] [22m    at QueryPromise._prepare [90m(/Users/deepak/Downloads/Projects/StackLens-AI-Deploy/[39mnode_modules/[4msrc[24m/sqlite-core/query-builders/insert.ts:379:78[90m)[39m
[2m[WebServer] [22m    at QueryPromise.all [90m(/Users/deepak/Downloads/Projects/StackLens-AI-Deploy/[39mnode_modules/[4msrc[24m/sqlite-core/query-builders/insert.ts:396:15[90m)[39m
[2m[WebServer] [22m    at QueryPromise.execute [90m(/Users/deepak/Downloads/Projects/StackLens-AI-Deploy/[39mnode_modules/[4msrc[24m/sqlite-core/query-builders/insert.ts:408:40[90m)[39m
[2m[WebServer] [22m    at QueryPromise.then [90m(/Users/deepak/Downloads/Projects/StackLens-AI-Deploy/[39mnode_modules/[4msrc[24m/query-promise.ts:31:15[90m)[39m
[2m[WebServer] [22m[90m    at process.processTicksAndRejections (node:internal/process/task_queues:105:5)[39m {
[2m[WebServer] [22m  code: [32m'SQLITE_ERROR'[39m
[2m[WebServer] [22m}
[2m[WebServer] [22mError creating error: SqliteError: table error_logs has no column named notes
[2m[WebServer] [22m    at Database.prepare [90m(/Users/deepak/Downloads/Projects/StackLens-AI-Deploy/[39mnode_modules/[4mbetter-sqlite3[24m/lib/methods/wrappers.js:5:21[90m)[39m
[2m[WebServer] [22m    at BetterSQLiteSession.prepareQuery [90m(/Users/deepak/Downloads/Projects/StackLens-AI-Deploy/[39mnode_modules/[4msrc[24m/better-sqlite3/session.ts:50:28[90m)[39m
[2m[WebServer] [22m    at BetterSQLiteSession.prepareOneTimeQuery [90m(/Users/deepak/Downloads/Projects/StackLens-AI-Deploy/[39mnode_modules/[4msrc[24m/sqlite-core/session.ts:135:15[90m)[39m
[2m[WebServer] [22m    at QueryPromise._prepare [90m(/Users/deepak/Downloads/Projects/StackLens-AI-Deploy/[39mnode_modules/[4msrc[24m/sqlite-core/query-builders/insert.ts:379:78[90m)[39m
[2m[WebServer] [22m    at QueryPromise.all [90m(/Users/deepak/Downloads/Projects/StackLens-AI-Deploy/[39mnode_modules/[4msrc[24m/sqlite-core/query-builders/insert.ts:396:15[90m)[39m
[2m[WebServer] [22m    at QueryPromise.execute [90m(/Users/deepak/Downloads/Projects/StackLens-AI-Deploy/[39mnode_modules/[4msrc[24m/sqlite-core/query-builders/insert.ts:408:40[90m)[39m
[2m[WebServer] [22m    at QueryPromise.then [90m(/Users/deepak/Downloads/Projects/StackLens-AI-Deploy/[39mnode_modules/[4msrc[24m/query-promise.ts:31:15[90m)[39m
[2m[WebServer] [22m[90m    at process.processTicksAndRejections (node:internal/process/task_queues:105:5)[39m {
[2m[WebServer] [22m  code: [32m'SQLITE_ERROR'[39m
[2m[WebServer] [22m}
[2m[WebServer] [22mError creating error: SqliteError: table error_logs has no column named notes
[2m[WebServer] [22m    at Database.prepare [90m(/Users/deepak/Downloads/Projects/StackLens-AI-Deploy/[39mnode_modules/[4mbetter-sqlite3[24m/lib/methods/wrappers.js:5:21[90m)[39m
[2m[WebServer] [22m    at BetterSQLiteSession.prepareQuery [90m(/Users/deepak/Downloads/Projects/StackLens-AI-Deploy/[39mnode_modules/[4msrc[24m/better-sqlite3/session.ts:50:28[90m)[39m
[2m[WebServer] [22m    at BetterSQLiteSession.prepareOneTimeQuery [90m(/Users/deepak/Downloads/Projects/StackLens-AI-Deploy/[39mnode_modules/[4msrc[24m/sqlite-core/session.ts:135:15[90m)[39m
[2m[WebServer] [22m    at QueryPromise._prepare [90m(/Users/deepak/Downloads/Projects/StackLens-AI-Deploy/[39mnode_modules/[4msrc[24m/sqlite-core/query-builders/insert.ts:379:78[90m)[39m
[2m[WebServer] [22m    at QueryPromise.all [90m(/Users/deepak/Downloads/Projects/StackLens-AI-Deploy/[39mnode_modules/[4msrc[24m/sqlite-core/query-builders/insert.ts:396:15[90m)[39m
[2m[WebServer] [22m    at QueryPromise.execute [90m(/Users/deepak/Downloads/Projects/StackLens-AI-Deploy/[39mnode_modules/[4msrc[24m/sqlite-core/query-builders/insert.ts:408:40[90m)[39m
[2m[WebServer] [22m    at QueryPromise.then [90m(/Users/deepak/Downloads/Projects/StackLens-AI-Deploy/[39mnode_modules/[4msrc[24m/query-promise.ts:31:15[90m)[39m
[2m[WebServer] [22m[90m    at process.processTicksAndRejections (node:internal/process/task_queues:105:5)[39m {
[2m[WebServer] [22m  code: [32m'SQLITE_ERROR'[39m
[2m[WebServer] [22m}
[2m[WebServer] [22mError creating error: SqliteError: table error_logs has no column named notes
[2m[WebServer] [22m    at Database.prepare [90m(/Users/deepak/Downloads/Projects/StackLens-AI-Deploy/[39mnode_modules/[4mbetter-sqlite3[24m/lib/methods/wrappers.js:5:21[90m)[39m
[2m[WebServer] [22m    at BetterSQLiteSession.prepareQuery [90m(/Users/deepak/Downloads/Projects/StackLens-AI-Deploy/[39mnode_modules/[4msrc[24m/better-sqlite3/session.ts:50:28[90m)[39m
[2m[WebServer] [22m    at BetterSQLiteSession.prepareOneTimeQuery [90m(/Users/deepak/Downloads/Projects/StackLens-AI-Deploy/[39mnode_modules/[4msrc[24m/sqlite-core/session.ts:135:15[90m)[39m
[2m[WebServer] [22m    at QueryPromise._prepare [90m(/Users/deepak/Downloads/Projects/StackLens-AI-Deploy/[39mnode_modules/[4msrc[24m/sqlite-core/query-builders/insert.ts:379:78[90m)[39m
[2m[WebServer] [22m    at QueryPromise.all [90m(/Users/deepak/Downloads/Projects/StackLens-AI-Deploy/[39mnode_modules/[4msrc[24m/sqlite-core/query-builders/insert.ts:396:15[90m)[39m
[2m[WebServer] [22m    at QueryPromise.execute [90m(/Users/deepak/Downloads/Projects/StackLens-AI-Deploy/[39mnode_modules/[4msrc[24m/sqlite-core/query-builders/insert.ts:408:40[90m)[39m
[2m[WebServer] [22m    at QueryPromise.then [90m(/Users/deepak/Downloads/Projects/StackLens-AI-Deploy/[39mnode_modules/[4msrc[24m/query-promise.ts:31:15[90m)[39m
[2m[WebServer] [22m[90m    at process.processTicksAndRejections (node:internal/process/task_queues:105:5)[39m {
[2m[WebServer] [22m  code: [32m'SQLITE_ERROR'[39m
[2m[WebServer] [22m}
[2m[WebServer] [22mError creating error: SqliteError: table error_logs has no column named notes
[2m[WebServer] [22m    at Database.prepare [90m(/Users/deepak/Downloads/Projects/StackLens-AI-Deploy/[39mnode_modules/[4mbetter-sqlite3[24m/lib/methods/wrappers.js:5:21[90m)[39m
[2m[WebServer] [22m    at BetterSQLiteSession.prepareQuery [90m(/Users/deepak/Downloads/Projects/StackLens-AI-Deploy/[39mnode_modules/[4msrc[24m/better-sqlite3/session.ts:50:28[90m)[39m
[2m[WebServer] [22m    at BetterSQLiteSession.prepareOneTimeQuery [90m(/Users/deepak/Downloads/Projects/StackLens-AI-Deploy/[39mnode_modules/[4msrc[24m/sqlite-core/session.ts:135:15[90m)[39m
[2m[WebServer] [22m    at QueryPromise._prepare [90m(/Users/deepak/Downloads/Projects/StackLens-AI-Deploy/[39mnode_modules/[4msrc[24m/sqlite-core/query-builders/insert.ts:379:78[90m)[39m
[2m[WebServer] [22m    at QueryPromise.all [90m(/Users/deepak/Downloads/Projects/StackLens-AI-Deploy/[39mnode_modules/[4msrc[24m/sqlite-core/query-builders/insert.ts:396:15[90m)[39m
[2m[WebServer] [22m    at QueryPromise.execute [90m(/Users/deepak/Downloads/Projects/StackLens-AI-Deploy/[39mnode_modules/[4msrc[24m/sqlite-core/query-builders/insert.ts:408:40[90m)[39m
[2m[WebServer] [22m    at QueryPromise.then [90m(/Users/deepak/Downloads/Projects/StackLens-AI-Deploy/[39mnode_modules/[4msrc[24m/query-promise.ts:31:15[90m)[39m
[2m[WebServer] [22m[90m    at process.processTicksAndRejections (node:internal/process/task_queues:105:5)[39m {
[2m[WebServer] [22m  code: [32m'SQLITE_ERROR'[39m
[2m[WebServer] [22m}
[2m[WebServer] [22mError creating error: SqliteError: table error_logs has no column named notes
[2m[WebServer] [22m    at Database.prepare [90m(/Users/deepak/Downloads/Projects/StackLens-AI-Deploy/[39mnode_modules/[4mbetter-sqlite3[24m/lib/methods/wrappers.js:5:21[90m)[39m
[2m[WebServer] [22m    at BetterSQLiteSession.prepareQuery [90m(/Users/deepak/Downloads/Projects/StackLens-AI-Deploy/[39mnode_modules/[4msrc[24m/better-sqlite3/session.ts:50:28[90m)[39m
[2m[WebServer] [22m    at BetterSQLiteSession.prepareOneTimeQuery [90m(/Users/deepak/Downloads/Projects/StackLens-AI-Deploy/[39mnode_modules/[4msrc[24m/sqlite-core/session.ts:135:15[90m)[39m
[2m[WebServer] [22m    at QueryPromise._prepare [90m(/Users/deepak/Downloads/Projects/StackLens-AI-Deploy/[39mnode_modules/[4msrc[24m/sqlite-core/query-builders/insert.ts:379:78[90m)[39m
[2m[WebServer] [22m    at QueryPromise.all [90m(/Users/deepak/Downloads/Projects/StackLens-AI-Deploy/[39mnode_modules/[4msrc[24m/sqlite-core/query-builders/insert.ts:396:15[90m)[39m
[2m[WebServer] [22m    at QueryPromise.execute [90m(/Users/deepak/Downloads/Projects/StackLens-AI-Deploy/[39mnode_modules/[4msrc[24m/sqlite-core/query-builders/insert.ts:408:40[90m)[39m
[2m[WebServer] [22m    at QueryPromise.then [90m(/Users/deepak/Downloads/Projects/StackLens-AI-Deploy/[39mnode_modules/[4msrc[24m/query-promise.ts:31:15[90m)[39m
[2m[WebServer] [22m[90m    at process.processTicksAndRejections (node:internal/process/task_queues:105:5)[39m {
[2m[WebServer] [22m  code: [32m'SQLITE_ERROR'[39m
[2m[WebServer] [22m}
[2m[WebServer] [22mError creating error: SqliteError: table error_logs has no column named notes
[2m[WebServer] [22m    at Database.prepare [90m(/Users/deepak/Downloads/Projects/StackLens-AI-Deploy/[39mnode_modules/[4mbetter-sqlite3[24m/lib/methods/wrappers.js:5:21[90m)[39m
[2m[WebServer] [22m    at BetterSQLiteSession.prepareQuery [90m(/Users/deepak/Downloads/Projects/StackLens-AI-Deploy/[39mnode_modules/[4msrc[24m/better-sqlite3/session.ts:50:28[90m)[39m
[2m[WebServer] [22m    at BetterSQLiteSession.prepareOneTimeQuery [90m(/Users/deepak/Downloads/Projects/StackLens-AI-Deploy/[39mnode_modules/[4msrc[24m/sqlite-core/session.ts:135:15[90m)[39m
[2m[WebServer] [22m    at QueryPromise._prepare [90m(/Users/deepak/Downloads/Projects/StackLens-AI-Deploy/[39mnode_modules/[4msrc[24m/sqlite-core/query-builders/insert.ts:379:78[90m)[39m
[2m[WebServer] [22m    at QueryPromise.all [90m(/Users/deepak/Downloads/Projects/StackLens-AI-Deploy/[39mnode_modules/[4msrc[24m/sqlite-core/query-builders/insert.ts:396:15[90m)[39m
[2m[WebServer] [22m    at QueryPromise.execute [90m(/Users/deepak/Downloads/Projects/StackLens-AI-Deploy/[39mnode_modules/[4msrc[24m/sqlite-core/query-builders/insert.ts:408:40[90m)[39m
[2m[WebServer] [22m    at QueryPromise.then [90m(/Users/deepak/Downloads/Projects/StackLens-AI-Deploy/[39mnode_modules/[4msrc[24m/query-promise.ts:31:15[90m)[39m
[2m[WebServer] [22m[90m    at process.processTicksAndRejections (node:internal/process/task_queues:105:5)[39m {
[2m[WebServer] [22m  code: [32m'SQLITE_ERROR'[39m
[2m[WebServer] [22m}
[2m[WebServer] [22mError creating error: SqliteError: table error_logs has no column named notes
[2m[WebServer] [22m    at Database.prepare [90m(/Users/deepak/Downloads/Projects/StackLens-AI-Deploy/[39mnode_modules/[4mbetter-sqlite3[24m/lib/methods/wrappers.js:5:21[90m)[39m
[2m[WebServer] [22m    at BetterSQLiteSession.prepareQuery [90m(/Users/deepak/Downloads/Projects/StackLens-AI-Deploy/[39mnode_modules/[4msrc[24m/better-sqlite3/session.ts:50:28[90m)[39m
[2m[WebServer] [22m    at BetterSQLiteSession.prepareOneTimeQuery [90m(/Users/deepak/Downloads/Projects/StackLens-AI-Deploy/[39mnode_modules/[4msrc[24m/sqlite-core/session.ts:135:15[90m)[39m
[2m[WebServer] [22m    at QueryPromise._prepare [90m(/Users/deepak/Downloads/Projects/StackLens-AI-Deploy/[39mnode_modules/[4msrc[24m/sqlite-core/query-builders/insert.ts:379:78[90m)[39m
[2m[WebServer] [22m    at QueryPromise.all [90m(/Users/deepak/Downloads/Projects/StackLens-AI-Deploy/[39mnode_modules/[4msrc[24m/sqlite-core/query-builders/insert.ts:396:15[90m)[39m
[2m[WebServer] [22m    at QueryPromise.execute [90m(/Users/deepak/Downloads/Projects/StackLens-AI-Deploy/[39mnode_modules/[4msrc[24m/sqlite-core/query-builders/insert.ts:408:40[90m)[39m
[2m[WebServer] [22m    at QueryPromise.then [90m(/Users/deepak/Downloads/Projects/StackLens-AI-Deploy/[39mnode_modules/[4msrc[24m/query-promise.ts:31:15[90m)[39m
[2m[WebServer] [22m[90m    at process.processTicksAndRejections (node:internal/process/task_queues:105:5)[39m {
[2m[WebServer] [22m  code: [32m'SQLITE_ERROR'[39m
[2m[WebServer] [22m}
[2m[WebServer] [22mError creating error: SqliteError: table error_logs has no column named notes
[2m[WebServer] [22m    at Database.prepare [90m(/Users/deepak/Downloads/Projects/StackLens-AI-Deploy/[39mnode_modules/[4mbetter-sqlite3[24m/lib/methods/wrappers.js:5:21[90m)[39m
[2m[WebServer] [22m    at BetterSQLiteSession.prepareQuery [90m(/Users/deepak/Downloads/Projects/StackLens-AI-Deploy/[39mnode_modules/[4msrc[24m/better-sqlite3/session.ts:50:28[90m)[39m
[2m[WebServer] [22m    at BetterSQLiteSession.prepareOneTimeQuery [90m(/Users/deepak/Downloads/Projects/StackLens-AI-Deploy/[39mnode_modules/[4msrc[24m/sqlite-core/session.ts:135:15[90m)[39m
[2m[WebServer] [22m    at QueryPromise._prepare [90m(/Users/deepak/Downloads/Projects/StackLens-AI-Deploy/[39mnode_modules/[4msrc[24m/sqlite-core/query-builders/insert.ts:379:78[90m)[39m
[2m[WebServer] [22m    at QueryPromise.all [90m(/Users/deepak/Downloads/Projects/StackLens-AI-Deploy/[39mnode_modules/[4msrc[24m/sqlite-core/query-builders/insert.ts:396:15[90m)[39m
[2m[WebServer] [22m    at QueryPromise.execute [90m(/Users/deepak/Downloads/Projects/StackLens-AI-Deploy/[39mnode_modules/[4msrc[24m/sqlite-core/query-builders/insert.ts:408:40[90m)[39m
[2m[WebServer] [22m    at QueryPromise.then [90m(/Users/deepak/Downloads/Projects/StackLens-AI-Deploy/[39mnode_modules/[4msrc[24m/query-promise.ts:31:15[90m)[39m
[2m[WebServer] [22m[90m    at process.processTicksAndRejections (node:internal/process/task_queues:105:5)[39m {
[2m[WebServer] [22m  code: [32m'SQLITE_ERROR'[39m
[2m[WebServer] [22m}
  ✘   99 [api-tests] › tests/api/comprehensive.test.ts:1143:5 › API Tests - Concurrent Operations › should handle concurrent writes with proper isolation (159ms)
  ✘   98 [api-tests] › tests/api/comprehensive.test.ts:1160:5 › API Tests - Concurrent Operations › should prevent race conditions on updates (202ms)
[2m[WebServer] [22mGet errors failed: SqliteError: no such column: error_logs.notes
[2m[WebServer] [22m    at Database.prepare [90m(/Users/deepak/Downloads/Projects/StackLens-AI-Deploy/[39mnode_modules/[4mbetter-sqlite3[24m/lib/methods/wrappers.js:5:21[90m)[39m
[2m[WebServer] [22m    at BetterSQLiteSession.prepareQuery [90m(/Users/deepak/Downloads/Projects/StackLens-AI-Deploy/[39mnode_modules/[4msrc[24m/better-sqlite3/session.ts:50:28[90m)[39m
[2m[WebServer] [22m    at BetterSQLiteSession.prepareOneTimeQuery [90m(/Users/deepak/Downloads/Projects/StackLens-AI-Deploy/[39mnode_modules/[4msrc[24m/sqlite-core/session.ts:135:15[90m)[39m
[2m[WebServer] [22m    at SQLiteSelectBase._prepare [90m(/Users/deepak/Downloads/Projects/StackLens-AI-Deploy/[39mnode_modules/[4msrc[24m/sqlite-core/query-builders/select.ts:865:85[90m)[39m
[2m[WebServer] [22m    at SQLiteSelectBase.all [90m(/Users/deepak/Downloads/Projects/StackLens-AI-Deploy/[39mnode_modules/[4msrc[24m/sqlite-core/query-builders/select.ts:884:15[90m)[39m
[2m[WebServer] [22m    at SQLiteSelectBase.execute [90m(/Users/deepak/Downloads/Projects/StackLens-AI-Deploy/[39mnode_modules/[4msrc[24m/sqlite-core/query-builders/select.ts:896:15[90m)[39m
[2m[WebServer] [22m    at SQLiteSelectBase.then [90m(/Users/deepak/Downloads/Projects/StackLens-AI-Deploy/[39mnode_modules/[4msrc[24m/query-promise.ts:31:15[90m)[39m
[2m[WebServer] [22m[90m    at process.processTicksAndRejections (node:internal/process/task_queues:105:5)[39m {
[2m[WebServer] [22m  code: [32m'SQLITE_ERROR'[39m
[2m[WebServer] [22m}
  ✘   93 [api-tests] › tests/api/comprehensive.test.ts:1071:5 › API Tests - Rate Limiting › should reset rate limits after time window (1.3s)
[dotenv@17.2.3] injecting env (0) from .env -- tip: 🔐 prevent building .env in docker: https://dotenvx.com/prebuild
[2m[WebServer] [22mGet errors failed: SqliteError: no such column: error_logs.notes
[2m[WebServer] [22m    at Database.prepare [90m(/Users/deepak/Downloads/Projects/StackLens-AI-Deploy/[39mnode_modules/[4mbetter-sqlite3[24m/lib/methods/wrappers.js:5:21[90m)[39m
[2m[WebServer] [22m    at BetterSQLiteSession.prepareQuery [90m(/Users/deepak/Downloads/Projects/StackLens-AI-Deploy/[39mnode_modules/[4msrc[24m/better-sqlite3/session.ts:50:28[90m)[39m
[2m[WebServer] [22m    at BetterSQLiteSession.prepareOneTimeQuery [90m(/Users/deepak/Downloads/Projects/StackLens-AI-Deploy/[39mnode_modules/[4msrc[24m/sqlite-core/session.ts:135:15[90m)[39m
[2m[WebServer] [22m    at SQLiteSelectBase._prepare [90m(/Users/deepak/Downloads/Projects/StackLens-AI-Deploy/[39mnode_modules/[4msrc[24m/sqlite-core/query-builders/select.ts:865:85[90m)[39m
[2m[WebServer] [22m    at SQLiteSelectBase.all [90m(/Users/deepak/Downloads/Projects/StackLens-AI-Deploy/[39mnode_modules/[4msrc[24m/sqlite-core/query-builders/select.ts:884:15[90m)[39m
[2m[WebServer] [22m    at SQLiteSelectBase.execute [90m(/Users/deepak/Downloads/Projects/StackLens-AI-Deploy/[39mnode_modules/[4msrc[24m/sqlite-core/query-builders/select.ts:896:15[90m)[39m
[2m[WebServer] [22m    at SQLiteSelectBase.then [90m(/Users/deepak/Downloads/Projects/StackLens-AI-Deploy/[39mnode_modules/[4msrc[24m/query-promise.ts:31:15[90m)[39m
[2m[WebServer] [22m[90m    at process.processTicksAndRejections (node:internal/process/task_queues:105:5)[39m {
[2m[WebServer] [22m  code: [32m'SQLITE_ERROR'[39m
[2m[WebServer] [22m}
  ✓  100 [api-tests] › tests/api/comprehensive.test.ts:1193:5 › API Tests - Cache Control › should include appropriate cache headers (96ms)
[dotenv@17.2.3] injecting env (0) from .env -- tip: ⚙️  write to custom object with { processEnv: myObject }
[2m[WebServer] [22mGet errors failed: SqliteError: no such column: error_logs.notes
[2m[WebServer] [22m    at Database.prepare [90m(/Users/deepak/Downloads/Projects/StackLens-AI-Deploy/[39mnode_modules/[4mbetter-sqlite3[24m/lib/methods/wrappers.js:5:21[90m)[39m
[2m[WebServer] [22m    at BetterSQLiteSession.prepareQuery [90m(/Users/deepak/Downloads/Projects/StackLens-AI-Deploy/[39mnode_modules/[4msrc[24m/better-sqlite3/session.ts:50:28[90m)[39m
[2m[WebServer] [22m    at BetterSQLiteSession.prepareOneTimeQuery [90m(/Users/deepak/Downloads/Projects/StackLens-AI-Deploy/[39mnode_modules/[4msrc[24m/sqlite-core/session.ts:135:15[90m)[39m
[2m[WebServer] [22m    at SQLiteSelectBase._prepare [90m(/Users/deepak/Downloads/Projects/StackLens-AI-Deploy/[39mnode_modules/[4msrc[24m/sqlite-core/query-builders/select.ts:865:85[90m)[39m
[2m[WebServer] [22m    at SQLiteSelectBase.all [90m(/Users/deepak/Downloads/Projects/StackLens-AI-Deploy/[39mnode_modules/[4msrc[24m/sqlite-core/query-builders/select.ts:884:15[90m)[39m
[2m[WebServer] [22m    at SQLiteSelectBase.execute [90m(/Users/deepak/Downloads/Projects/StackLens-AI-Deploy/[39mnode_modules/[4msrc[24m/sqlite-core/query-builders/select.ts:896:15[90m)[39m
[2m[WebServer] [22m    at SQLiteSelectBase.then [90m(/Users/deepak/Downloads/Projects/StackLens-AI-Deploy/[39mnode_modules/[4msrc[24m/query-promise.ts:31:15[90m)[39m
[2m[WebServer] [22m[90m    at process.processTicksAndRejections (node:internal/process/task_queues:105:5)[39m {
[2m[WebServer] [22m  code: [32m'SQLITE_ERROR'[39m
[2m[WebServer] [22m}
[2m[WebServer] [22mGet errors failed: SqliteError: no such column: error_logs.notes
[2m[WebServer] [22m    at Database.prepare [90m(/Users/deepak/Downloads/Projects/StackLens-AI-Deploy/[39mnode_modules/[4mbetter-sqlite3[24m/lib/methods/wrappers.js:5:21[90m)[39m
[2m[WebServer] [22m    at BetterSQLiteSession.prepareQuery [90m(/Users/deepak/Downloads/Projects/StackLens-AI-Deploy/[39mnode_modules/[4msrc[24m/better-sqlite3/session.ts:50:28[90m)[39m
[2m[WebServer] [22m    at BetterSQLiteSession.prepareOneTimeQuery [90m(/Users/deepak/Downloads/Projects/StackLens-AI-Deploy/[39mnode_modules/[4msrc[24m/sqlite-core/session.ts:135:15[90m)[39m
[2m[WebServer] [22m    at SQLiteSelectBase._prepare [90m(/Users/deepak/Downloads/Projects/StackLens-AI-Deploy/[39mnode_modules/[4msrc[24m/sqlite-core/query-builders/select.ts:865:85[90m)[39m
[2m[WebServer] [22m    at SQLiteSelectBase.all [90m(/Users/deepak/Downloads/Projects/StackLens-AI-Deploy/[39mnode_modules/[4msrc[24m/sqlite-core/query-builders/select.ts:884:15[90m)[39m
[2m[WebServer] [22m    at SQLiteSelectBase.execute [90m(/Users/deepak/Downloads/Projects/StackLens-AI-Deploy/[39mnode_modules/[4msrc[24m/sqlite-core/query-builders/select.ts:896:15[90m)[39m
[2m[WebServer] [22m    at SQLiteSelectBase.then [90m(/Users/deepak/Downloads/Projects/StackLens-AI-Deploy/[39mnode_modules/[4msrc[24m/query-promise.ts:31:15[90m)[39m
[2m[WebServer] [22m[90m    at process.processTicksAndRejections (node:internal/process/task_queues:105:5)[39m {
[2m[WebServer] [22m  code: [32m'SQLITE_ERROR'[39m
[2m[WebServer] [22m}
  ✘  101 [api-tests] › tests/api/comprehensive.test.ts:1204:5 › API Tests - Cache Control › should respect If-None-Match for conditional requests (93ms)
[dotenv@17.2.3] injecting env (0) from .env -- tip: 🔐 encrypt with Dotenvx: https://dotenvx.com
[2m[WebServer] [22mGet errors failed: SqliteError: no such column: error_logs.notes
[2m[WebServer] [22m    at Database.prepare [90m(/Users/deepak/Downloads/Projects/StackLens-AI-Deploy/[39mnode_modules/[4mbetter-sqlite3[24m/lib/methods/wrappers.js:5:21[90m)[39m
[2m[WebServer] [22m    at BetterSQLiteSession.prepareQuery [90m(/Users/deepak/Downloads/Projects/StackLens-AI-Deploy/[39mnode_modules/[4msrc[24m/better-sqlite3/session.ts:50:28[90m)[39m
[2m[WebServer] [22m    at BetterSQLiteSession.prepareOneTimeQuery [90m(/Users/deepak/Downloads/Projects/StackLens-AI-Deploy/[39mnode_modules/[4msrc[24m/sqlite-core/session.ts:135:15[90m)[39m
[2m[WebServer] [22m    at SQLiteSelectBase._prepare [90m(/Users/deepak/Downloads/Projects/StackLens-AI-Deploy/[39mnode_modules/[4msrc[24m/sqlite-core/query-builders/select.ts:865:85[90m)[39m
[2m[WebServer] [22m    at SQLiteSelectBase.all [90m(/Users/deepak/Downloads/Projects/StackLens-AI-Deploy/[39mnode_modules/[4msrc[24m/sqlite-core/query-builders/select.ts:884:15[90m)[39m
[2m[WebServer] [22m    at SQLiteSelectBase.execute [90m(/Users/deepak/Downloads/Projects/StackLens-AI-Deploy/[39mnode_modules/[4msrc[24m/sqlite-core/query-builders/select.ts:896:15[90m)[39m
[2m[WebServer] [22m    at SQLiteSelectBase.then [90m(/Users/deepak/Downloads/Projects/StackLens-AI-Deploy/[39mnode_modules/[4msrc[24m/query-promise.ts:31:15[90m)[39m
[2m[WebServer] [22m[90m    at process.processTicksAndRejections (node:internal/process/task_queues:105:5)[39m {
[2m[WebServer] [22m  code: [32m'SQLITE_ERROR'[39m
[2m[WebServer] [22m}
  ✘  102 [api-tests] › tests/api/comprehensive.test.ts:1219:5 › API Tests - Cache Control › should support If-Modified-Since (68ms)


  1) [api-tests] › tests/api/auth-upload.test.ts:11:5 › Authentication API › POST /api/auth/firebase-signin - should authenticate user 

    ReferenceError: request is not defined

      10 |
      11 |     test('POST /api/auth/firebase-signin - should authenticate user', async ({ apiContext }) => {
    > 12 |         const response = await request.post('/api/auth/firebase-signin', {
         |                          ^
      13 |             data: {
      14 |                 idToken: process.env.TEST_FIREBASE_TOKEN,
      15 |                 email: 'test@stacklens.app',
        at /Users/deepak/Downloads/Projects/StackLens-AI-Deploy/tests/api/auth-upload.test.ts:12:26

  2) [api-tests] › tests/api/auth-upload.test.ts:27:5 › Authentication API › POST /api/auth/firebase-verify - should verify token 

    ReferenceError: request is not defined

      27 |     test('POST /api/auth/firebase-verify - should verify token', async ({ apiContext }) => {
      28 |
    > 29 |         const response = await request.post('/api/auth/firebase-verify', {
         |                          ^
      30 |             data: {
      31 |                 idToken: process.env.TEST_FIREBASE_TOKEN,
      32 |             },
        at /Users/deepak/Downloads/Projects/StackLens-AI-Deploy/tests/api/auth-upload.test.ts:29:26

  3) [api-tests] › tests/api/auth-upload.test.ts:54:5 › Authentication API › POST /api/auth/firebase-signin - should reject invalid token 

    ReferenceError: request is not defined

      54 |     test('POST /api/auth/firebase-signin - should reject invalid token', async ({ apiContext }) => {
      55 |
    > 56 |         const response = await request.post('/api/auth/firebase-signin', {
         |                          ^
      57 |             data: {
      58 |                 idToken: 'invalid-token',
      59 |             },
        at /Users/deepak/Downloads/Projects/StackLens-AI-Deploy/tests/api/auth-upload.test.ts:56:26

  4) [api-tests] › tests/api/auth-upload.test.ts:84:5 › File Upload API › POST /api/upload - should upload Excel file 

    Error: [2mexpect([22m[31mreceived[39m[2m).[22mtoBe[2m([22m[32mexpected[39m[2m) // Object.is equality[22m

    Expected: [32m200[39m
    Received: [31m400[39m

      94 |         });
      95 |
    > 96 |         expect(response.status()).toBe(200);
         |                                   ^
      97 |
      98 |         const data = await response.json();
      99 |         expect(data).toHaveProperty('fileId');
        at /Users/deepak/Downloads/Projects/StackLens-AI-Deploy/tests/api/auth-upload.test.ts:96:35

  5) [api-tests] › tests/api/auth-upload.test.ts:104:5 › File Upload API › POST /api/upload - should upload CSV file 

    Error: [2mexpect([22m[31mreceived[39m[2m).[22mtoBe[2m([22m[32mexpected[39m[2m) // Object.is equality[22m

    Expected: [32m200[39m
    Received: [31m400[39m

      114 |         });
      115 |
    > 116 |         expect(response.status()).toBe(200);
          |                                   ^
      117 |     });
      118 |
      119 |     test('POST /api/upload - should reject invalid file type', async ({ apiContext }) => {
        at /Users/deepak/Downloads/Projects/StackLens-AI-Deploy/tests/api/auth-upload.test.ts:116:35

  6) [api-tests] › tests/api/auth-upload.test.ts:119:5 › File Upload API › POST /api/upload - should reject invalid file type 

    Error: [2mexpect([22m[31mreceived[39m[2m).[22mtoContain[2m([22m[32mexpected[39m[2m) // indexOf[22m

    Expected substring: [32m"Invalid file type"[39m
    Received string:    [31m"No file uploaded"[39m

      133 |         const data = await response.json();
      134 |         expect(data).toHaveProperty('message');
    > 135 |         expect(data.message).toContain('Invalid file type');
          |                              ^
      136 |     });
      137 |
      138 |     test('GET /api/files - should list uploaded files', async ({ apiContext }) => {
        at /Users/deepak/Downloads/Projects/StackLens-AI-Deploy/tests/api/auth-upload.test.ts:135:30

  7) [api-tests] › tests/api/auth-upload.test.ts:138:5 › File Upload API › GET /api/files - should list uploaded files 

    Error: [2mexpect([22m[31mreceived[39m[2m).[22mtoBe[2m([22m[32mexpected[39m[2m) // Object.is equality[22m

    Expected: [32mtrue[39m
    Received: [31mfalse[39m

      143 |
      144 |         const data = await response.json();
    > 145 |         expect(Array.isArray(data)).toBe(true);
          |                                     ^
      146 |
      147 |         if (data.length > 0) {
      148 |             expect(data[0]).toHaveProperty('id');
        at /Users/deepak/Downloads/Projects/StackLens-AI-Deploy/tests/api/auth-upload.test.ts:145:37

  8) [api-tests] › tests/api/auth-upload.test.ts:154:5 › File Upload API › GET /api/files/:id - should get file details 

    Error: [2mexpect([22m[31mreceived[39m[2m).[22mtoBe[2m([22m[32mexpected[39m[2m) // Object.is equality[22m

    Expected: [32m200[39m
    Received: [31m400[39m

      170 |         const response = await apiContext.get(`/api/files/${fileId}`);
      171 |
    > 172 |         expect(response.status()).toBe(200);
          |                                   ^
      173 |
      174 |         const data = await response.json();
      175 |         expect(data).toHaveProperty('id', fileId);
        at /Users/deepak/Downloads/Projects/StackLens-AI-Deploy/tests/api/auth-upload.test.ts:172:35

  9) [api-tests] › tests/api/auth-upload.test.ts:179:5 › File Upload API › DELETE /api/files/:id - should delete file 

    Error: [2mexpect([22m[31mreceived[39m[2m).[22mtoBe[2m([22m[32mexpected[39m[2m) // Object.is equality[22m

    Expected: [32m200[39m
    Received: [31m400[39m

      195 |         const response = await apiContext.delete(`/api/files/${fileId}`);
      196 |
    > 197 |         expect(response.status()).toBe(200);
          |                                   ^
      198 |
      199 |         const data = await response.json();
      200 |         expect(data).toHaveProperty('message', 'File deleted successfully');
        at /Users/deepak/Downloads/Projects/StackLens-AI-Deploy/tests/api/auth-upload.test.ts:197:35

  10) [api-tests] › tests/api/comprehensive.test.ts:5:9 › API Tests - Error Management Endpoints › GET /api/errors › should retrieve all errors 

    Error: [2mexpect([22m[31mreceived[39m[2m).[22mtoBeTruthy[2m()[22m

    Received: [31mfalse[39m

       6 |             const response = await apiContext.get('/api/errors');
       7 |
    >  8 |             expect(response.ok()).toBeTruthy();
         |                                   ^
       9 |             const data = await response.json();
      10 |             expect(Array.isArray(data.errors)).toBeTruthy();
      11 |         });
        at /Users/deepak/Downloads/Projects/StackLens-AI-Deploy/tests/api/comprehensive.test.ts:8:35

  11) [api-tests] › tests/api/comprehensive.test.ts:13:9 › API Tests - Error Management Endpoints › GET /api/errors › should support pagination 

    Error: [2mexpect([22m[31mreceived[39m[2m).[22mtoBeTruthy[2m()[22m

    Received: [31mfalse[39m

      14 |             const response = await apiContext.get('/api/errors?page=1&limit=10');
      15 |
    > 16 |             expect(response.ok()).toBeTruthy();
         |                                   ^
      17 |             const data = await response.json();
      18 |             expect(data).toHaveProperty('errors');
      19 |             expect(data).toHaveProperty('total');
        at /Users/deepak/Downloads/Projects/StackLens-AI-Deploy/tests/api/comprehensive.test.ts:16:35

  12) [api-tests] › tests/api/comprehensive.test.ts:25:9 › API Tests - Error Management Endpoints › GET /api/errors › should filter by severity 

    Error: [2mexpect([22m[31mreceived[39m[2m).[22mtoBeTruthy[2m()[22m

    Received: [31mfalse[39m

      26 |             const response = await apiContext.get('/api/errors?severity=critical');
      27 |
    > 28 |             expect(response.ok()).toBeTruthy();
         |                                   ^
      29 |             const data = await response.json();
      30 |             expect(Array.isArray(data.errors)).toBeTruthy();
      31 |             data.errors.forEach((error: any) => {
        at /Users/deepak/Downloads/Projects/StackLens-AI-Deploy/tests/api/comprehensive.test.ts:28:35

  13) [api-tests] › tests/api/comprehensive.test.ts:36:9 › API Tests - Error Management Endpoints › GET /api/errors › should filter by error type 

    Error: [2mexpect([22m[31mreceived[39m[2m).[22mtoBeTruthy[2m()[22m

    Received: [31mfalse[39m

      37 |             const response = await apiContext.get('/api/errors?errorType=Runtime');
      38 |
    > 39 |             expect(response.ok()).toBeTruthy();
         |                                   ^
      40 |             const data = await response.json();
      41 |             expect(Array.isArray(data.errors)).toBeTruthy();
      42 |             data.errors.forEach((error: any) => {
        at /Users/deepak/Downloads/Projects/StackLens-AI-Deploy/tests/api/comprehensive.test.ts:39:35

  14) [api-tests] › tests/api/comprehensive.test.ts:47:9 › API Tests - Error Management Endpoints › GET /api/errors › should filter by date range 

    Error: [2mexpect([22m[31mreceived[39m[2m).[22mtoBeTruthy[2m()[22m

    Received: [31mfalse[39m

      53 |             );
      54 |
    > 55 |             expect(response.ok()).toBeTruthy();
         |                                   ^
      56 |         });
      57 |
      58 |         test('should search by message', async ({ apiContext }) => {
        at /Users/deepak/Downloads/Projects/StackLens-AI-Deploy/tests/api/comprehensive.test.ts:55:35

  15) [api-tests] › tests/api/comprehensive.test.ts:58:9 › API Tests - Error Management Endpoints › GET /api/errors › should search by message 

    Error: [2mexpect([22m[31mreceived[39m[2m).[22mtoBeTruthy[2m()[22m

    Received: [31mfalse[39m

      59 |             const response = await apiContext.get('/api/errors?search=database');
      60 |
    > 61 |             expect(response.ok()).toBeTruthy();
         |                                   ^
      62 |             const data = await response.json();
      63 |             expect(Array.isArray(data.errors)).toBeTruthy();
      64 |             data.errors.forEach((error: any) => {
        at /Users/deepak/Downloads/Projects/StackLens-AI-Deploy/tests/api/comprehensive.test.ts:61:35

  16) [api-tests] › tests/api/comprehensive.test.ts:69:9 › API Tests - Error Management Endpoints › GET /api/errors › should filter by resolved status 

    Error: [2mexpect([22m[31mreceived[39m[2m).[22mtoBeTruthy[2m()[22m

    Received: [31mfalse[39m

      70 |             const response = await apiContext.get('/api/errors?resolved=false');
      71 |
    > 72 |             expect(response.ok()).toBeTruthy();
         |                                   ^
      73 |             const data = await response.json();
      74 |             expect(Array.isArray(data.errors)).toBeTruthy();
      75 |             data.errors.forEach((error: any) => {
        at /Users/deepak/Downloads/Projects/StackLens-AI-Deploy/tests/api/comprehensive.test.ts:72:35

  17) [api-tests] › tests/api/comprehensive.test.ts:80:9 › API Tests - Error Management Endpoints › GET /api/errors › should filter by store 

    Error: [2mexpect([22m[31mreceived[39m[2m).[22mtoBeTruthy[2m()[22m

    Received: [31mfalse[39m

      81 |             const response = await apiContext.get('/api/errors?store=STORE-0001');
      82 |
    > 83 |             expect(response.ok()).toBeTruthy();
         |                                   ^
      84 |             const data = await response.json();
      85 |             expect(Array.isArray(data.errors)).toBeTruthy();
      86 |             data.errors.forEach((error: any) => {
        at /Users/deepak/Downloads/Projects/StackLens-AI-Deploy/tests/api/comprehensive.test.ts:83:35

  18) [api-tests] › tests/api/comprehensive.test.ts:91:9 › API Tests - Error Management Endpoints › GET /api/errors › should support sorting 

    Error: [2mexpect([22m[31mreceived[39m[2m).[22mtoBeTruthy[2m()[22m

    Received: [31mfalse[39m

      92 |             const response = await apiContext.get('/api/errors?sortBy=timestamp&order=desc');
      93 |
    > 94 |             expect(response.ok()).toBeTruthy();
         |                                   ^
      95 |             const errors = await response.json();
      96 |
      97 |             // Verify descending order
        at /Users/deepak/Downloads/Projects/StackLens-AI-Deploy/tests/api/comprehensive.test.ts:94:35

  19) [api-tests] › tests/api/comprehensive.test.ts:115:9 › API Tests - Error Management Endpoints › POST /api/errors › should create new error 

    Error: [2mexpect([22m[31mreceived[39m[2m).[22mtoBeTruthy[2m()[22m

    Received: [31mfalse[39m

      127 |             });
      128 |
    > 129 |             expect(response.ok()).toBeTruthy();
          |                                   ^
      130 |             const created = await response.json();
      131 |             expect(created).toHaveProperty('id');
      132 |             expect(created.message).toBe(newError.message);
        at /Users/deepak/Downloads/Projects/StackLens-AI-Deploy/tests/api/comprehensive.test.ts:129:35

  20) [api-tests] › tests/api/comprehensive.test.ts:165:9 › API Tests - Error Management Endpoints › POST /api/errors › should set default values for optional fields 

    Error: [2mexpect([22m[31mreceived[39m[2m).[22mtoBeTruthy[2m()[22m

    Received: [31mfalse[39m

      174 |             });
      175 |
    > 176 |             expect(response.ok()).toBeTruthy();
          |                                   ^
      177 |             const created = await response.json();
      178 |             expect(created).toHaveProperty('timestamp');
      179 |             expect(created).toHaveProperty('resolved');
        at /Users/deepak/Downloads/Projects/StackLens-AI-Deploy/tests/api/comprehensive.test.ts:176:35

  21) [api-tests] › tests/api/comprehensive.test.ts:185:9 › API Tests - Error Management Endpoints › GET /api/errors/:id › should retrieve specific error by ID 

    Error: [2mexpect([22m[31mreceived[39m[2m).[22mtoBeTruthy[2m()[22m

    Received: [31mfalse[39m

      199 |             // Retrieve the error
      200 |             const getResponse = await apiContext.get(`/api/errors/${created.id}`);
    > 201 |             expect(getResponse.ok()).toBeTruthy();
          |                                      ^
      202 |
      203 |             const error = await getResponse.json();
      204 |             expect(error.id).toBe(created.id);
        at /Users/deepak/Downloads/Projects/StackLens-AI-Deploy/tests/api/comprehensive.test.ts:201:38

  22) [api-tests] › tests/api/comprehensive.test.ts:208:9 › API Tests - Error Management Endpoints › GET /api/errors/:id › should return 404 for non-existent error 

    Error: [2mexpect([22m[31mreceived[39m[2m).[22mtoBe[2m([22m[32mexpected[39m[2m) // Object.is equality[22m

    Expected: [32m404[39m
    Received: [31m500[39m

      208 |         test('should return 404 for non-existent error', async ({ apiContext }) => {
      209 |             const response = await apiContext.get('/api/errors/99999999');
    > 210 |             expect(response.status()).toBe(404);
          |                                       ^
      211 |         });
      212 |
      213 |         test('should return 400 for invalid ID format', async ({ apiContext }) => {
        at /Users/deepak/Downloads/Projects/StackLens-AI-Deploy/tests/api/comprehensive.test.ts:210:39

  23) [api-tests] › tests/api/comprehensive.test.ts:220:9 › API Tests - Error Management Endpoints › PATCH /api/errors/:id › should update error fields 

    Error: [2mexpect([22m[31mreceived[39m[2m).[22mtoBeTruthy[2m()[22m

    Received: [31mfalse[39m

      243 |             });
      244 |
    > 245 |             expect(updateResponse.ok()).toBeTruthy();
          |                                         ^
      246 |
      247 |             const updated = await updateResponse.json();
      248 |             expect(updated.severity).toBe('high');
        at /Users/deepak/Downloads/Projects/StackLens-AI-Deploy/tests/api/comprehensive.test.ts:245:41

  24) [api-tests] › tests/api/comprehensive.test.ts:271:9 › API Tests - Error Management Endpoints › PATCH /api/errors/:id › should return 404 when updating non-existent error 

    Error: [2mexpect([22m[31mreceived[39m[2m).[22mtoBe[2m([22m[32mexpected[39m[2m) // Object.is equality[22m

    Expected: [32m404[39m
    Received: [31m500[39m

      274 |             });
      275 |
    > 276 |             expect(response.status()).toBe(404);
          |                                       ^
      277 |         });
      278 |     });
      279 |
        at /Users/deepak/Downloads/Projects/StackLens-AI-Deploy/tests/api/comprehensive.test.ts:276:39

  25) [api-tests] › tests/api/comprehensive.test.ts:281:9 › API Tests - Error Management Endpoints › DELETE /api/errors/:id › should delete error 

    Error: [2mexpect([22m[31mreceived[39m[2m).[22mtoBeTruthy[2m()[22m

    Received: [31mfalse[39m

      295 |             // Delete error
      296 |             const deleteResponse = await apiContext.delete(`/api/errors/${created.id}`);
    > 297 |             expect(deleteResponse.ok()).toBeTruthy();
          |                                         ^
      298 |
      299 |             // Verify deletion
      300 |             const getResponse = await apiContext.get(`/api/errors/${created.id}`);
        at /Users/deepak/Downloads/Projects/StackLens-AI-Deploy/tests/api/comprehensive.test.ts:297:41

  26) [api-tests] › tests/api/comprehensive.test.ts:311:9 › API Tests - Error Management Endpoints › POST /api/errors/bulk › should create multiple errors in bulk 

    Error: [2mexpect([22m[31mreceived[39m[2m).[22mtoBeTruthy[2m()[22m

    Received: [31mfalse[39m

      320 |             });
      321 |
    > 322 |             expect(response.ok()).toBeTruthy();
          |                                   ^
      323 |             const result = await response.json();
      324 |             expect(result).toHaveProperty('created');
      325 |             expect(result.created).toBe(3);
        at /Users/deepak/Downloads/Projects/StackLens-AI-Deploy/tests/api/comprehensive.test.ts:322:35

  27) [api-tests] › tests/api/comprehensive.test.ts:330:9 › API Tests - Error Management Endpoints › POST /api/errors/bulk › should handle validation errors in bulk creation 

    Error: [2mexpect([22m[31mreceived[39m[2m).[22mtoBe[2m([22m[32mexpected[39m[2m) // Object.is equality[22m

    Expected: [32m400[39m
    Received: [31m500[39m

      338 |             });
      339 |
    > 340 |             expect(response.status()).toBe(400);
          |                                       ^
      341 |             const error = await response.json();
      342 |             expect(error).toHaveProperty('invalidIndices');
      343 |         });
        at /Users/deepak/Downloads/Projects/StackLens-AI-Deploy/tests/api/comprehensive.test.ts:340:39

  28) [api-tests] › tests/api/comprehensive.test.ts:347:9 › API Tests - Error Management Endpoints › GET /api/errors/stats › should retrieve error statistics 

    Error: [2mexpect([22m[31mreceived[39m[2m).[22mtoBeTruthy[2m()[22m

    Received: [31mfalse[39m

      348 |             const response = await apiContext.get('/api/errors/stats');
      349 |
    > 350 |             expect(response.ok()).toBeTruthy();
          |                                   ^
      351 |             const stats = await response.json();
      352 |             expect(stats).toHaveProperty('total');
      353 |             expect(stats).toHaveProperty('bySeverity');
        at /Users/deepak/Downloads/Projects/StackLens-AI-Deploy/tests/api/comprehensive.test.ts:350:35

  29) [api-tests] › tests/api/comprehensive.test.ts:359:9 › API Tests - Error Management Endpoints › GET /api/errors/stats › should filter statistics by date range 

    Error: [2mexpect([22m[31mreceived[39m[2m).[22mtoBeTruthy[2m()[22m

    Received: [31mfalse[39m

      362 |             );
      363 |
    > 364 |             expect(response.ok()).toBeTruthy();
          |                                   ^
      365 |             const stats = await response.json();
      366 |             expect(stats).toHaveProperty('dateRange');
      367 |         });
        at /Users/deepak/Downloads/Projects/StackLens-AI-Deploy/tests/api/comprehensive.test.ts:364:35

  30) [api-tests] › tests/api/comprehensive.test.ts:369:9 › API Tests - Error Management Endpoints › GET /api/errors/stats › should provide statistics by store 

    Error: [2mexpect([22m[31mreceived[39m[2m).[22mtoBeTruthy[2m()[22m

    Received: [31mfalse[39m

      370 |             const response = await apiContext.get('/api/errors/stats/by-store');
      371 |
    > 372 |             expect(response.ok()).toBeTruthy();
          |                                   ^
      373 |             const stats = await response.json();
      374 |             expect(Array.isArray(stats)).toBeTruthy();
      375 |         });
        at /Users/deepak/Downloads/Projects/StackLens-AI-Deploy/tests/api/comprehensive.test.ts:372:35

  31) [api-tests] › tests/api/comprehensive.test.ts:501:9 › API Tests - Store & Kiosk Management › POST /api/kiosks › should create new kiosk 

    Error: [2mexpect([22m[31mreceived[39m[2m).[22mtoBeTruthy[2m()[22m

    Received: [31mfalse[39m

      510 |             });
      511 |
    > 512 |             expect(response.ok()).toBeTruthy();
          |                                   ^
      513 |             const created = await response.json();
      514 |             expect(created.kioskNumber).toBe(newKiosk.kioskNumber);
      515 |         });
        at /Users/deepak/Downloads/Projects/StackLens-AI-Deploy/tests/api/comprehensive.test.ts:512:35

  32) [api-tests] › tests/api/comprehensive.test.ts:707:9 › API Tests - File Upload & Processing › POST /api/upload › should handle Excel file upload 

    Error: [2mexpect([22m[31mreceived[39m[2m).[22mtoBeTruthy[2m()[22m

    Received: [31mfalse[39m

      718 |             });
      719 |
    > 720 |             expect(response.ok()).toBeTruthy();
          |                                   ^
      721 |             const result = await response.json();
      722 |             expect(result).toHaveProperty('fileId');
      723 |             expect(result).toHaveProperty('filename');
        at /Users/deepak/Downloads/Projects/StackLens-AI-Deploy/tests/api/comprehensive.test.ts:720:35

  33) [api-tests] › tests/api/comprehensive.test.ts:726:9 › API Tests - File Upload & Processing › POST /api/upload › should reject files exceeding size limit 

    Error: [2mexpect([22m[31mreceived[39m[2m).[22mtoBe[2m([22m[32mexpected[39m[2m) // Object.is equality[22m

    Expected: [32m413[39m
    Received: [31m400[39m

      737 |             });
      738 |
    > 739 |             expect(response.status()).toBe(413); // Payload Too Large
          |                                       ^
      740 |         });
      741 |
      742 |         test('should reject unsupported file types', async ({ apiContext }) => {
        at /Users/deepak/Downloads/Projects/StackLens-AI-Deploy/tests/api/comprehensive.test.ts:739:39

  34) [api-tests] › tests/api/comprehensive.test.ts:760:9 › API Tests - File Upload & Processing › GET /api/uploads/:fileId › should retrieve upload status 

    Error: [2mexpect([22m[31mreceived[39m[2m).[22mtoBeTruthy[2m()[22m

    Received: [31mfalse[39m

      771 |             // Check status
      772 |             const statusResponse = await apiContext.get(`/api/uploads/${upload.fileId}`);
    > 773 |             expect(statusResponse.ok()).toBeTruthy();
          |                                         ^
      774 |
      775 |             const status = await statusResponse.json();
      776 |             expect(status).toHaveProperty('fileId');
        at /Users/deepak/Downloads/Projects/StackLens-AI-Deploy/tests/api/comprehensive.test.ts:773:41

  35) [api-tests] › tests/api/comprehensive.test.ts:785:9 › API Tests - Authentication & Authorization › POST /api/auth/firebase › should authenticate with valid Firebase token 

    Error: [2mexpect([22m[31mreceived[39m[2m).[22mtoBeTruthy[2m()[22m

    Received: [31mfalse[39m

      790 |             });
      791 |
    > 792 |             expect(response.ok()).toBeTruthy();
          |                                   ^
      793 |             const auth = await response.json();
      794 |             expect(auth).toHaveProperty('userId');
      795 |             expect(auth).toHaveProperty('email');
        at /Users/deepak/Downloads/Projects/StackLens-AI-Deploy/tests/api/comprehensive.test.ts:792:35

  36) [api-tests] › tests/api/comprehensive.test.ts:811:9 › API Tests - Authentication & Authorization › POST /api/auth/logout › should logout user 

    Error: [2mexpect([22m[31mreceived[39m[2m).[22mtoBeTruthy[2m()[22m

    Received: [31mfalse[39m

      824 |             });
      825 |
    > 826 |             expect(logoutResponse.ok()).toBeTruthy();
          |                                         ^
      827 |         });
      828 |     });
      829 |
        at /Users/deepak/Downloads/Projects/StackLens-AI-Deploy/tests/api/comprehensive.test.ts:826:41

  37) [api-tests] › tests/api/comprehensive.test.ts:893:5 › API Tests - Request Validation › should enforce maximum payload size 

    Error: [2mexpect([22m[31mreceived[39m[2m).[22mtoContain[2m([22m[32mexpected[39m[2m) // indexOf[22m

    Expected value: [32m500[39m
    Received array: [31m[413, 400][39m

      902 |         });
      903 |
    > 904 |         expect([413, 400]).toContain(response.status());
          |                            ^
      905 |     });
      906 |
      907 |     test('should validate required headers', async ({ apiContext }) => {
        at /Users/deepak/Downloads/Projects/StackLens-AI-Deploy/tests/api/comprehensive.test.ts:904:28

  38) [api-tests] › tests/api/comprehensive.test.ts:907:5 › API Tests - Request Validation › should validate required headers 

    Error: [2mexpect([22m[31mreceived[39m[2m).[22mtoContain[2m([22m[32mexpected[39m[2m) // indexOf[22m

    Expected value: [32m500[39m
    Received array: [31m[200, 400][39m

      913 |
      914 |         // Should still work or return specific error
    > 915 |         expect([200, 400]).toContain(response.status());
          |                            ^
      916 |     });
      917 |
      918 |     test('should handle missing request body', async ({ apiContext }) => {
        at /Users/deepak/Downloads/Projects/StackLens-AI-Deploy/tests/api/comprehensive.test.ts:915:28

  39) [api-tests] › tests/api/comprehensive.test.ts:924:5 › API Tests - Request Validation › should validate URL parameter formats 

    Error: [2mexpect([22m[31mreceived[39m[2m).[22mtoContain[2m([22m[32mexpected[39m[2m) // indexOf[22m

    Expected value: [32m500[39m
    Received array: [31m[400, 422][39m

      925 |         const response = await apiContext.get('/api/errors?page=invalid');
      926 |
    > 927 |         expect([400, 422]).toContain(response.status());
          |                            ^
      928 |     });
      929 |
      930 |     test('should handle special characters in query params', async ({ apiContext }) => {
        at /Users/deepak/Downloads/Projects/StackLens-AI-Deploy/tests/api/comprehensive.test.ts:927:28

  40) [api-tests] › tests/api/comprehensive.test.ts:930:5 › API Tests - Request Validation › should handle special characters in query params 

    Error: [2mexpect([22m[31mreceived[39m[2m).[22mtoContain[2m([22m[32mexpected[39m[2m) // indexOf[22m

    Expected value: [32m500[39m
    Received array: [31m[200, 400][39m

      934 |         );
      935 |
    > 936 |         expect([200, 400]).toContain(response.status());
          |                            ^
      937 |     });
      938 | });
      939 |
        at /Users/deepak/Downloads/Projects/StackLens-AI-Deploy/tests/api/comprehensive.test.ts:936:28

  41) [api-tests] › tests/api/comprehensive.test.ts:959:5 › API Tests - Response Format Validation › should return consistent error response format 

    Error: [2mexpect([22m[31mreceived[39m[2m).[22mtoBe[2m([22m[32mexpected[39m[2m) // Object.is equality[22m

    Expected: [32m404[39m
    Received: [31m500[39m

      960 |         const response = await apiContext.get('/api/errors/999999');
      961 |
    > 962 |         expect(response.status()).toBe(404);
          |                                   ^
      963 |         const error = await response.json();
      964 |
      965 |         expect(error).toHaveProperty('error');
        at /Users/deepak/Downloads/Projects/StackLens-AI-Deploy/tests/api/comprehensive.test.ts:962:35

  42) [api-tests] › tests/api/comprehensive.test.ts:969:5 › API Tests - Response Format Validation › should include pagination metadata 

    Error: [2mexpect([22m[31mreceived[39m[2m).[22mtoBeTruthy[2m()[22m

    Received: [31mfalse[39m

      970 |         const response = await apiContext.get('/api/errors?page=1&limit=5');
      971 |
    > 972 |         expect(response.ok()).toBeTruthy();
          |                               ^
      973 |         const data = await response.json();
      974 |
      975 |         expect(data).toHaveProperty('page');
        at /Users/deepak/Downloads/Projects/StackLens-AI-Deploy/tests/api/comprehensive.test.ts:972:31

  43) [api-tests] › tests/api/comprehensive.test.ts:981:5 › API Tests - Response Format Validation › should return timestamps in ISO format 

    Error: [2mexpect([22m[31mreceived[39m[2m).[22mtoBeTruthy[2m()[22m

    Received: [31mfalse[39m

      982 |         const response = await apiContext.get('/api/errors');
      983 |
    > 984 |         expect(response.ok()).toBeTruthy();
          |                               ^
      985 |         const errors = await response.json();
      986 |
      987 |         if (errors.length > 0 && errors[0].timestamp) {
        at /Users/deepak/Downloads/Projects/StackLens-AI-Deploy/tests/api/comprehensive.test.ts:984:31

  44) [api-tests] › tests/api/comprehensive.test.ts:1015:5 › API Tests - Error Handling › should provide helpful error messages 

    Error: [2mexpect([22m[31mreceived[39m[2m).[22mtoBeTruthy[2m()[22m

    Received: [31mundefined[39m

      1021 |         const error = await response.json();
      1022 |
    > 1023 |         expect(error.message).toBeTruthy();
           |                               ^
      1024 |         expect(error.message.length).toBeGreaterThan(0);
      1025 |     });
      1026 |
        at /Users/deepak/Downloads/Projects/StackLens-AI-Deploy/tests/api/comprehensive.test.ts:1023:31

  45) [api-tests] › tests/api/comprehensive.test.ts:1027:5 › API Tests - Error Handling › should handle concurrent request failures 

    Error: [2mexpect([22m[31mreceived[39m[2m).[22mtoBe[2m([22m[32mexpected[39m[2m) // Object.is equality[22m

    Expected: [32m404[39m
    Received: [31m500[39m

      1033 |
      1034 |         responses.forEach(response => {
    > 1035 |             expect(response.status()).toBe(404);
           |                                       ^
      1036 |         });
      1037 |     });
      1038 | });
        at forEach (/Users/deepak/Downloads/Projects/StackLens-AI-Deploy/tests/api/comprehensive.test.ts:1035:39)
        at /Users/deepak/Downloads/Projects/StackLens-AI-Deploy/tests/api/comprehensive.test.ts:1034:19

  46) [api-tests] › tests/api/comprehensive.test.ts:1041:5 › API Tests - Rate Limiting › should implement rate limiting 

    Error: [2mexpect([22m[31mreceived[39m[2m).[22mtoBe[2m([22m[32mexpected[39m[2m) // Object.is equality[22m

    Expected: [32m150[39m
    Received: [31m0[39m

      1050 |         const successful = responses.filter(r => r.ok());
      1051 |
    > 1052 |         expect(successful.length + rateLimited.length).toBe(150);
           |                                                        ^
      1053 |     });
      1054 |
      1055 |     test('should include rate limit headers', async ({ apiContext }) => {
        at /Users/deepak/Downloads/Projects/StackLens-AI-Deploy/tests/api/comprehensive.test.ts:1052:56

  47) [api-tests] › tests/api/comprehensive.test.ts:1071:5 › API Tests - Rate Limiting › should reset rate limits after time window 

    Error: [2mexpect([22m[31mreceived[39m[2m).[22mtoContain[2m([22m[32mexpected[39m[2m) // indexOf[22m

    Expected value: [32m500[39m
    Received array: [31m[200, 429][39m

      1082 |         // Should be able to make requests again
      1083 |         const response = await apiContext.get('/api/errors');
    > 1084 |         expect([200, 429]).toContain(response.status());
           |                            ^
      1085 |     });
      1086 | });
      1087 |
        at /Users/deepak/Downloads/Projects/StackLens-AI-Deploy/tests/api/comprehensive.test.ts:1084:28

  48) [api-tests] › tests/api/comprehensive.test.ts:1089:5 › API Tests - Pagination Edge Cases › should handle page=0 

    Error: [2mexpect([22m[31mreceived[39m[2m).[22mtoContain[2m([22m[32mexpected[39m[2m) // indexOf[22m

    Expected value: [32m500[39m
    Received array: [31m[200, 400][39m

      1091 |
      1092 |         // Should either default to page 1 or return error
    > 1093 |         expect([200, 400]).toContain(response.status());
           |                            ^
      1094 |     });
      1095 |
      1096 |     test('should handle negative page numbers', async ({ apiContext }) => {
        at /Users/deepak/Downloads/Projects/StackLens-AI-Deploy/tests/api/comprehensive.test.ts:1093:28

  49) [api-tests] › tests/api/comprehensive.test.ts:1102:5 › API Tests - Pagination Edge Cases › should handle excessive page numbers 

    Error: [2mexpect([22m[31mreceived[39m[2m).[22mtoBeTruthy[2m()[22m

    Received: [31mfalse[39m

      1103 |         const response = await apiContext.get('/api/errors?page=999999&limit=10');
      1104 |
    > 1105 |         expect(response.ok()).toBeTruthy();
           |                               ^
      1106 |         const data = await response.json();
      1107 |
      1108 |         // Should return empty array for pages beyond data
        at /Users/deepak/Downloads/Projects/StackLens-AI-Deploy/tests/api/comprehensive.test.ts:1105:31

  50) [api-tests] › tests/api/comprehensive.test.ts:1112:5 › API Tests - Pagination Edge Cases › should handle limit=0 

    Error: [2mexpect([22m[31mreceived[39m[2m).[22mtoContain[2m([22m[32mexpected[39m[2m) // indexOf[22m

    Expected value: [32m500[39m
    Received array: [31m[400, 422][39m

      1113 |         const response = await apiContext.get('/api/errors?page=1&limit=0');
      1114 |
    > 1115 |         expect([400, 422]).toContain(response.status());
           |                            ^
      1116 |     });
      1117 |
      1118 |     test('should enforce maximum limit', async ({ apiContext }) => {
        at /Users/deepak/Downloads/Projects/StackLens-AI-Deploy/tests/api/comprehensive.test.ts:1115:28

  51) [api-tests] › tests/api/comprehensive.test.ts:1132:5 › API Tests - Concurrent Operations › should handle concurrent reads safely 

    Error: [2mexpect([22m[31mreceived[39m[2m).[22mtoBeTruthy[2m()[22m

    Received: [31mfalse[39m

      1138 |
      1139 |         const allSuccessful = responses.every(r => r.ok());
    > 1140 |         expect(allSuccessful).toBeTruthy();
           |                               ^
      1141 |     });
      1142 |
      1143 |     test('should handle concurrent writes with proper isolation', async ({ apiContext }) => {
        at /Users/deepak/Downloads/Projects/StackLens-AI-Deploy/tests/api/comprehensive.test.ts:1140:31

  52) [api-tests] › tests/api/comprehensive.test.ts:1143:5 › API Tests - Concurrent Operations › should handle concurrent writes with proper isolation 

    Error: [2mexpect([22m[31mreceived[39m[2m).[22mtoBeTruthy[2m()[22m

    Received: [31mfalse[39m

      1155 |
      1156 |         const allSuccessful = responses.every((r: any) => r.ok());
    > 1157 |         expect(allSuccessful).toBeTruthy();
           |                               ^
      1158 |     });
      1159 |
      1160 |     test('should prevent race conditions on updates', async ({ apiContext }) => {
        at /Users/deepak/Downloads/Projects/StackLens-AI-Deploy/tests/api/comprehensive.test.ts:1157:31

  53) [api-tests] › tests/api/comprehensive.test.ts:1160:5 › API Tests - Concurrent Operations › should prevent race conditions on updates 

    Error: [2mexpect([22m[31mreceived[39m[2m).[22mtoContain[2m([22m[32mexpected[39m[2m) // indexOf[22m

    Expected value: [32m404[39m
    Received array: [31m[200, 409][39m

      1185 |         // All should succeed or have proper conflict handling
      1186 |         responses.forEach(r => {
    > 1187 |             expect([200, 409]).toContain(r.status());
           |                                ^
      1188 |         });
      1189 |     });
      1190 | });
        at forEach (/Users/deepak/Downloads/Projects/StackLens-AI-Deploy/tests/api/comprehensive.test.ts:1187:32)
        at /Users/deepak/Downloads/Projects/StackLens-AI-Deploy/tests/api/comprehensive.test.ts:1186:19

  54) [api-tests] › tests/api/comprehensive.test.ts:1204:5 › API Tests - Cache Control › should respect If-None-Match for conditional requests 

    Error: [2mexpect([22m[31mreceived[39m[2m).[22mtoContain[2m([22m[32mexpected[39m[2m) // indexOf[22m

    Expected value: [32m500[39m
    Received array: [31m[200, 304][39m

      1213 |             });
      1214 |
    > 1215 |             expect([200, 304]).toContain(response2.status());
           |                                ^
      1216 |         }
      1217 |     });
      1218 |
        at /Users/deepak/Downloads/Projects/StackLens-AI-Deploy/tests/api/comprehensive.test.ts:1215:32

  55) [api-tests] › tests/api/comprehensive.test.ts:1219:5 › API Tests - Cache Control › should support If-Modified-Since 

    Error: [2mexpect([22m[31mreceived[39m[2m).[22mtoContain[2m([22m[32mexpected[39m[2m) // indexOf[22m

    Expected value: [32m500[39m
    Received array: [31m[200, 304][39m

      1226 |         });
      1227 |
    > 1228 |         expect([200, 304]).toContain(response.status());
           |                            ^
      1229 |     });
      1230 | });
      1231 |
        at /Users/deepak/Downloads/Projects/StackLens-AI-Deploy/tests/api/comprehensive.test.ts:1228:28

  55 failed
    [api-tests] › tests/api/auth-upload.test.ts:11:5 › Authentication API › POST /api/auth/firebase-signin - should authenticate user 
    [api-tests] › tests/api/auth-upload.test.ts:27:5 › Authentication API › POST /api/auth/firebase-verify - should verify token 
    [api-tests] › tests/api/auth-upload.test.ts:54:5 › Authentication API › POST /api/auth/firebase-signin - should reject invalid token 
    [api-tests] › tests/api/auth-upload.test.ts:84:5 › File Upload API › POST /api/upload - should upload Excel file 
    [api-tests] › tests/api/auth-upload.test.ts:104:5 › File Upload API › POST /api/upload - should upload CSV file 
    [api-tests] › tests/api/auth-upload.test.ts:119:5 › File Upload API › POST /api/upload - should reject invalid file type 
    [api-tests] › tests/api/auth-upload.test.ts:138:5 › File Upload API › GET /api/files - should list uploaded files 
    [api-tests] › tests/api/auth-upload.test.ts:154:5 › File Upload API › GET /api/files/:id - should get file details 
    [api-tests] › tests/api/auth-upload.test.ts:179:5 › File Upload API › DELETE /api/files/:id - should delete file 
    [api-tests] › tests/api/comprehensive.test.ts:5:9 › API Tests - Error Management Endpoints › GET /api/errors › should retrieve all errors 
    [api-tests] › tests/api/comprehensive.test.ts:13:9 › API Tests - Error Management Endpoints › GET /api/errors › should support pagination 
    [api-tests] › tests/api/comprehensive.test.ts:25:9 › API Tests - Error Management Endpoints › GET /api/errors › should filter by severity 
    [api-tests] › tests/api/comprehensive.test.ts:36:9 › API Tests - Error Management Endpoints › GET /api/errors › should filter by error type 
    [api-tests] › tests/api/comprehensive.test.ts:47:9 › API Tests - Error Management Endpoints › GET /api/errors › should filter by date range 
    [api-tests] › tests/api/comprehensive.test.ts:58:9 › API Tests - Error Management Endpoints › GET /api/errors › should search by message 
    [api-tests] › tests/api/comprehensive.test.ts:69:9 › API Tests - Error Management Endpoints › GET /api/errors › should filter by resolved status 
    [api-tests] › tests/api/comprehensive.test.ts:80:9 › API Tests - Error Management Endpoints › GET /api/errors › should filter by store 
    [api-tests] › tests/api/comprehensive.test.ts:91:9 › API Tests - Error Management Endpoints › GET /api/errors › should support sorting 
    [api-tests] › tests/api/comprehensive.test.ts:115:9 › API Tests - Error Management Endpoints › POST /api/errors › should create new error 
    [api-tests] › tests/api/comprehensive.test.ts:165:9 › API Tests - Error Management Endpoints › POST /api/errors › should set default values for optional fields 
    [api-tests] › tests/api/comprehensive.test.ts:185:9 › API Tests - Error Management Endpoints › GET /api/errors/:id › should retrieve specific error by ID 
    [api-tests] › tests/api/comprehensive.test.ts:208:9 › API Tests - Error Management Endpoints › GET /api/errors/:id › should return 404 for non-existent error 
    [api-tests] › tests/api/comprehensive.test.ts:220:9 › API Tests - Error Management Endpoints › PATCH /api/errors/:id › should update error fields 
    [api-tests] › tests/api/comprehensive.test.ts:271:9 › API Tests - Error Management Endpoints › PATCH /api/errors/:id › should return 404 when updating non-existent error 
    [api-tests] › tests/api/comprehensive.test.ts:281:9 › API Tests - Error Management Endpoints › DELETE /api/errors/:id › should delete error 
    [api-tests] › tests/api/comprehensive.test.ts:311:9 › API Tests - Error Management Endpoints › POST /api/errors/bulk › should create multiple errors in bulk 
    [api-tests] › tests/api/comprehensive.test.ts:330:9 › API Tests - Error Management Endpoints › POST /api/errors/bulk › should handle validation errors in bulk creation 
    [api-tests] › tests/api/comprehensive.test.ts:347:9 › API Tests - Error Management Endpoints › GET /api/errors/stats › should retrieve error statistics 
    [api-tests] › tests/api/comprehensive.test.ts:359:9 › API Tests - Error Management Endpoints › GET /api/errors/stats › should filter statistics by date range 
    [api-tests] › tests/api/comprehensive.test.ts:369:9 › API Tests - Error Management Endpoints › GET /api/errors/stats › should provide statistics by store 
    [api-tests] › tests/api/comprehensive.test.ts:501:9 › API Tests - Store & Kiosk Management › POST /api/kiosks › should create new kiosk 
    [api-tests] › tests/api/comprehensive.test.ts:707:9 › API Tests - File Upload & Processing › POST /api/upload › should handle Excel file upload 
    [api-tests] › tests/api/comprehensive.test.ts:726:9 › API Tests - File Upload & Processing › POST /api/upload › should reject files exceeding size limit 
    [api-tests] › tests/api/comprehensive.test.ts:760:9 › API Tests - File Upload & Processing › GET /api/uploads/:fileId › should retrieve upload status 
    [api-tests] › tests/api/comprehensive.test.ts:785:9 › API Tests - Authentication & Authorization › POST /api/auth/firebase › should authenticate with valid Firebase token 
    [api-tests] › tests/api/comprehensive.test.ts:811:9 › API Tests - Authentication & Authorization › POST /api/auth/logout › should logout user 
    [api-tests] › tests/api/comprehensive.test.ts:893:5 › API Tests - Request Validation › should enforce maximum payload size 
    [api-tests] › tests/api/comprehensive.test.ts:907:5 › API Tests - Request Validation › should validate required headers 
    [api-tests] › tests/api/comprehensive.test.ts:924:5 › API Tests - Request Validation › should validate URL parameter formats 
    [api-tests] › tests/api/comprehensive.test.ts:930:5 › API Tests - Request Validation › should handle special characters in query params 
    [api-tests] › tests/api/comprehensive.test.ts:959:5 › API Tests - Response Format Validation › should return consistent error response format 
    [api-tests] › tests/api/comprehensive.test.ts:969:5 › API Tests - Response Format Validation › should include pagination metadata 
    [api-tests] › tests/api/comprehensive.test.ts:981:5 › API Tests - Response Format Validation › should return timestamps in ISO format 
    [api-tests] › tests/api/comprehensive.test.ts:1015:5 › API Tests - Error Handling › should provide helpful error messages 
    [api-tests] › tests/api/comprehensive.test.ts:1027:5 › API Tests - Error Handling › should handle concurrent request failures 
    [api-tests] › tests/api/comprehensive.test.ts:1041:5 › API Tests - Rate Limiting › should implement rate limiting 
    [api-tests] › tests/api/comprehensive.test.ts:1071:5 › API Tests - Rate Limiting › should reset rate limits after time window 
    [api-tests] › tests/api/comprehensive.test.ts:1089:5 › API Tests - Pagination Edge Cases › should handle page=0 
    [api-tests] › tests/api/comprehensive.test.ts:1102:5 › API Tests - Pagination Edge Cases › should handle excessive page numbers 
    [api-tests] › tests/api/comprehensive.test.ts:1112:5 › API Tests - Pagination Edge Cases › should handle limit=0 
    [api-tests] › tests/api/comprehensive.test.ts:1132:5 › API Tests - Concurrent Operations › should handle concurrent reads safely 
    [api-tests] › tests/api/comprehensive.test.ts:1143:5 › API Tests - Concurrent Operations › should handle concurrent writes with proper isolation 
    [api-tests] › tests/api/comprehensive.test.ts:1160:5 › API Tests - Concurrent Operations › should prevent race conditions on updates 
    [api-tests] › tests/api/comprehensive.test.ts:1204:5 › API Tests - Cache Control › should respect If-None-Match for conditional requests 
    [api-tests] › tests/api/comprehensive.test.ts:1219:5 › API Tests - Cache Control › should support If-Modified-Since 
  47 passed (28.0s)

[36m  Serving HTML report at http://localhost:9323. Press Ctrl+C to quit.[39m
